08-20 22:41:59.585   312   346 W ActivityManager: Slow operation: 467ms so far, now at startProcess: done updating pids map
08-20 22:41:59.585   312   346 W ActivityManager: Slow operation: 442ms so far, now at startProcess: asking zygote to start proc
08-20 22:41:59.588   312   336 W NineDSpaceManager: warning: no space9d service
08-20 22:41:59.590   312   638 I ActivityManager: Force stopping com.android.settings appid=1000 user=0: from pid 1074
08-20 22:41:59.590   312   638 I ActivityManager: Killing 640:com.android.settings/1000 (adj 199): stop com.android.settings
08-20 22:41:59.600   312   638 W ActivityTaskManager: Force removing ActivityRecord{da0cc9f u0 com.android.settings/.FallbackHome t1 f}: app died, no saved state
08-20 22:41:59.605   312   336 W NineDSpaceManager: warning: no space9d service
08-20 22:41:59.629   312   312 V SettingsProvider: Notifying for 0: content://settings/secure/location_providers_allowed
08-20 22:41:59.629   312   312 W Looper  : Slow dispatch took 172ms main h=com.android.providers.settings.SettingsProvider$SettingsRegistry$MyHandler c=null m=1
08-20 22:41:59.634   312  1046 V BackupManagerConstants: getKeyValueBackupIntervalMilliseconds(...) returns 43200000
08-20 22:41:59.635   312  1046 V BackupManagerConstants: getKeyValueBackupFuzzMilliseconds(...) returns 600000
08-20 22:41:59.635   312  1046 V BackupManagerConstants: getKeyValueBackupRequiredNetworkType(...) returns 1
08-20 22:41:59.635   312  1046 V BackupManagerConstants: getKeyValueBackupRequireCharging(...) returns true
08-20 22:41:59.635   312  1046 V KeyValueBackupJob: Scheduling k/v pass in 726 minutes
08-20 22:41:59.636  1109  1109 W Space   : readMapFile: /data/misc/mock/battery.prop: open failed: ENOENT (No such file or directory)
08-20 22:41:59.651  1109  1109 W Space   : readMapFile: /data/misc/mock/bluetooth.prop: open failed: ENOENT (No such file or directory)
08-20 22:41:59.651  1109  1109 W Space   : readMapFile: /data/misc/mock/connectivity.prop: open failed: ENOENT (No such file or directory)
08-20 22:41:59.651  1109  1109 W Space   : readMapFile: /data/misc/mock/vpn.prop: open failed: ENOENT (No such file or directory)
08-20 22:41:59.651  1109  1109 W Space   : readMapFile: /data/misc/mock/wifi.prop: open failed: ENOENT (No such file or directory)
08-20 22:41:59.665   312   638 W NineDSpaceManager: warning: no space9d service
08-20 22:41:59.666   312   638 W Telecom : : registerPhoneAccount not allowed on non-voice capable device.: TSI.rPA@AC0
08-20 22:41:59.671   620   620 I TelecomFramework: AccountEntry: Registered phoneAccount: [[ ] PhoneAccount: ComponentInfo{com.android.phone/com.android.services.telephony.TelephonyConnectionService}, ***, UserHandle{0} Capabilities: CallProvider MultiUser PlaceEmerg SimSub  Audio Routes: BESW Schemes: tel voicemail  Extras: Bundle[{android.telecom.extra.SUPPORTS_VIDEO_CALLING_FALLBACK=true}] GroupId: ***] with handle: ComponentInfo{com.android.phone/com.android.services.telephony.TelephonyConnectionService}, ***, UserHandle{0}
08-20 22:41:59.671   620   620 I TelecomFramework: PstnIncomingCallNotifier: Registering: Handler (com.android.internal.telephony.GsmCdmaPhone) {ec1cad0}
08-20 22:41:59.676   312   337 W Looper  : Slow dispatch took 187ms android.ui h=com.android.server.am.ActivityManagerService$UiHandler c=null m=53
08-20 22:41:59.684   312   346 W NineDSpaceManager: warning: no space9d service
08-20 22:41:59.684   312   346 W ActivityManager: Slow operation: 541ms so far, now at startProcess: returned from zygote!
08-20 22:41:59.686   312  1177 I WindowManager: WIN DEATH: Window{552f279 u0 com.android.settings/com.android.settings.FallbackHome}
08-20 22:41:59.687   312   337 W NineDSpaceManager: warning: no space9d service
08-20 22:41:59.700   312   439 I BackupManagerService: Backup enabled => true
08-20 22:41:59.700   312   346 W ActivityManager: Slow operation: 557ms so far, now at startProcess: done updating battery stats
08-20 22:41:59.700   312   346 W ActivityManager: Slow operation: 557ms so far, now at startProcess: building log message
08-20 22:41:59.700   312   346 I ActivityManager: Start proc 1182:com.android.deskclock/u0a96 for broadcast {com.android.deskclock/com.android.deskclock.AlarmInitReceiver}
08-20 22:41:59.700   312   346 W ActivityManager: Slow operation: 557ms so far, now at startProcess: starting to update pids map
08-20 22:41:59.700   312   346 W ActivityManager: Slow operation: 557ms so far, now at startProcess: done updating pids map
08-20 22:41:59.700   312   346 W ActivityManager: Slow operation: 455ms so far, now at startProcess: asking zygote to start proc
08-20 22:41:59.709   620   620 I TelecomFramework: PstnPhoneCapabilitiesNotifier: handleVideoCapabilitesChanged. Video capability - false
08-20 22:41:59.731   620   620 I chatty  : uid=1001(radio) com.android.phone identical 4 lines
08-20 22:41:59.731   620   620 I TelecomFramework: PstnPhoneCapabilitiesNotifier: handleVideoCapabilitesChanged. Video capability - false
08-20 22:41:59.734   312   439 V BackupManagerConstants: getFullBackupIntervalMilliseconds(...) returns 86400000
08-20 22:41:59.734   312   439 V BackupManagerConstants: getFullBackupRequiredNetworkType(...) returns 2
08-20 22:41:59.734   312   439 V BackupManagerConstants: getFullBackupRequireCharging(...) returns true
08-20 22:41:59.747   312  1073 W NineDSpaceManager: warning: no space9d service
08-20 22:41:59.757   620   620 I TelecomFramework: PstnPhoneCapabilitiesNotifier: handleVideoCapabilitesChanged. Video capability - false
08-20 22:41:59.770   620   620 I TelecomFramework: PstnPhoneCapabilitiesNotifier: handleVideoCapabilitesChanged. Video capability - false
08-20 22:41:59.771   312   393 W NineDSpaceManager: warning: no space9d service
08-20 22:41:59.783   312   744 I ConditionProviders:  Allowing condition provider com.android.server/public class com.android.server.component.NotificationService
08-20 22:41:59.783   312   744 I NotificationListeners:  Allowing notification listener com.android.server/public class com.android.server.component.NotificationService
08-20 22:41:59.783   312   744 V NotificationListeners: enabling notification listener for 0: ComponentInfo{com.android.launcher3/com.android.launcher3.notification.NotificationListener}
08-20 22:41:59.783   312   744 V NotificationListeners: Not registering ComponentInfo{com.android.launcher3/com.android.launcher3.notification.NotificationListener} is already bound
08-20 22:41:59.783   312   744 W NotificationListeners: Not binding notification listener service ComponentInfo{com.android.server/public class com.android.server.component.NotificationService}: service not found
08-20 22:41:59.783   312   744 V NotificationListeners: enabling notification listener for 0: ComponentInfo{com.android.server/com.android.server.component.NotificationService}
08-20 22:41:59.783   312   744 V NotificationListeners: Not registering ComponentInfo{com.android.server/com.android.server.component.NotificationService} is already bound
08-20 22:41:59.807  1109  1109 D Space   : onStart: addService space
08-20 22:41:59.809   312   312 V NotificationListeners: 0 notification listener service connected: ComponentInfo{com.android.server/com.android.server.component.NotificationService}
08-20 22:41:59.810  1109  1109 V Space   : onListenerConnected
08-20 22:41:59.833   312   346 W ActivityManager: Slow operation: 588ms so far, now at startProcess: returned from zygote!
08-20 22:41:59.860   312   346 W ActivityManager: Slow operation: 615ms so far, now at startProcess: done updating battery stats
08-20 22:41:59.860   312   346 W ActivityManager: Slow operation: 615ms so far, now at startProcess: building log message
08-20 22:41:59.860   312   346 I ActivityManager: Start proc 1211:com.android.printspooler/u0a65 for service {com.android.printspooler/com.android.printspooler.model.PrintSpoolerService}
08-20 22:41:59.860   312   346 W ActivityManager: Slow operation: 615ms so far, now at startProcess: starting to update pids map
08-20 22:41:59.860   312   346 W ActivityManager: Slow operation: 616ms so far, now at startProcess: done updating pids map
08-20 22:41:59.860   312   346 W ActivityManager: Slow operation: 275ms so far, now at startProcess: asking zygote to start proc
08-20 22:41:59.922   312   769 W Telecom : : registerPhoneAccount not allowed on non-voice capable device.: TSI.rPA@ADA
08-20 22:41:59.939  1109  1259 V Space   : s9_sock-----handleClient-Received message: prop:0
08-20 22:41:59.939  1109  1259 W Space   : send warn: remove ? android.net.LocalSocket@d2b9e7f impl:android.net.LocalSocketImpl@b175e4c fd:java.io.FileDescriptor@2767e95
08-20 22:42:00.013   312   408 W WindowManager: Failed looking up window callers=com.android.server.wm.InputManagerCallback.interceptKeyBeforeDispatching:182 com.android.server.input.InputManagerService.interceptKeyBeforeDispatching:1910 <bottom of call stack> 
08-20 22:42:00.078   312   393 D ConnectivityService: registerNetworkAgent NetworkAgentInfo{ ni{[type: MOBILE[LTE], state: CONNECTED/CONNECTED, reason: connected, extra: fast.t-mobile.com, failover: false, available: true, roaming: false]}  network{101}  nethandle{437197393933}  lp{{InterfaceName: radio0 LinkAddresses: [ 223.107.202.11/32 ] DnsAddresses: [ /114.114.114.114 ] Domains: null MTU: 1500 TcpBufferSizes: 524288,1048576,2097152,262144,524288,1048576 Routes: [ 0.0.0.0/0 -> 10.0.3.1 radio0,223.107.202.11/32 -> 0.0.0.0 radio0 ]}}  nc{[ Transports: CELLULAR Capabilities: SUPL&IA&INTERNET&NOT_RESTRICTED&TRUSTED&NOT_VPN&NOT_ROAMING&FOREGROUND&NOT_CONGESTED&NOT_SUSPENDED LinkUpBandwidth>=14Kbps LinkDnBandwidth>=14Kbps Specifier: <2>]}  Score{10}  everValidated{false}  lastValidated{false}  created{false} lingering{false} explicitlySelected{false} acceptUnvalidated{false} everCaptivePortalDetected{false} lastCaptivePortalDetected{false} captivePortalValidationPending{false} partialConnectivity{false} acceptPartialConnectivity{false} clat{mBaseIface: null, mIface: null, mState: IDLE} }
08-20 22:42:00.103   312   312 W Looper  : Slow dispatch took 104ms main h=android.app.ActivityThread$H c=android.app.-$$Lambda$LoadedApk$ReceiverDispatcher$Args$_BumDX2UKsnxLVrE6UJsJZkotuA@4d86103 m=0
08-20 22:42:00.138   312   423 D ConnectivityService: NetworkAgentInfo [MOBILE (LTE) - 101] EVENT_NETWORK_INFO_CHANGED, going from null to CONNECTED
08-20 22:42:00.158   312   423 W DnsManager: updatePrivateDns(101, PrivateDnsConfig{true:/[]})
08-20 22:42:00.158   312   423 D ConnectivityService: Setting DNS servers for network 101 to [/114.114.114.114]
08-20 22:42:00.158   312   423 D DnsManager: setDnsConfigurationForNetwork(101, [114.114.114.114], [], 1800, 25, 8, 64, 0, 0, , [114.114.114.114])
08-20 22:42:00.167   312   423 D ConnectivityService: Adding iface radio0 to network 101
08-20 22:42:00.172   312   312 I Telecom : PhoneAccountRegistrar: getSimCallManager: SimCallManager for subId 2 queried, returning: null: TSI.gSCMFU@ADE
08-20 22:42:00.187   312   423 E ConnectivityService: Exception adding interface: java.lang.IllegalStateException: android.os.ServiceSpecificException: No such process (code 3)
08-20 22:42:00.213   312   423 E ConnectivityService: exception in setMtu()java.lang.IllegalStateException: android.os.ServiceSpecificException: Remote I/O error (code 121)
08-20 22:42:00.215   312   423 E ConnectivityService: Exception in addRoute for non-gateway: java.lang.IllegalStateException: android.os.ServiceSpecificException: No such device (code 19)
08-20 22:42:00.223   312   336 W Looper  : Slow dispatch took 212ms android.fg h=com.android.server.location.GnssLocationProvider$ProviderHandler c=android.app.-$$Lambda$LoadedApk$ReceiverDispatcher$Args$_BumDX2UKsnxLVrE6UJsJZkotuA@22f0641 m=0
08-20 22:42:00.248   312   423 E ConnectivityService: Exception in addRoute for gateway: java.lang.IllegalStateException: android.os.ServiceSpecificException: No such device (code 19)
08-20 22:42:00.248   312   423 D ConnectivityService: Setting DNS servers for network 101 to [/114.114.114.114]
08-20 22:42:00.248   312   423 D DnsManager: setDnsConfigurationForNetwork(101, [114.114.114.114], [], 1800, 25, 8, 64, 0, 0, , [114.114.114.114])
08-20 22:42:00.371   312  1307 D SettingsProvider: ftrace:settings(method:PUT_secure, name:user_setup_complete)
08-20 22:42:00.414   312   417 W NetworkStats: problem registering for global alert: java.lang.IllegalStateException: android.os.ServiceSpecificException: No such file or directory (code 2)
08-20 22:42:00.421   620   620 I TelecomFramework: : Carrier-config changed, checking for phone account updates.
08-20 22:42:00.453   312   423 D ConnectivityService: NetworkAgentInfo [MOBILE (LTE) - 101] validation passed
08-20 22:42:00.454   312   423 D ConnectivityService: Setting DNS servers for network 101 to [/114.114.114.114]
08-20 22:42:00.454   312   423 D DnsManager: setDnsConfigurationForNetwork(101, [114.114.114.114], [], 1800, 25, 8, 64, 0, 0, , [114.114.114.114])
08-20 22:42:00.488   620   620 I TelecomFramework: AccountEntry: reRegisterPstnPhoneAccount: subId: 2 - no change
08-20 22:42:00.671   312   744 W Telecom : PhoneAccountRegistrar: Trying to set nonexistent default outgoing ComponentInfo{com.android.phone/com.android.services.telephony.TelephonyConnectionService}, ***, UserHandle{0}: TSI.sUSOPA@ADQ
08-20 22:42:00.855   312   339 W ActivityManager: setHasOverlayUi called on unknown pid: 640
08-20 22:42:00.946  1109  1259 V Space   : closeClient: android.net.LocalSocket@d2b9e7f impl:android.net.LocalSocketImpl@b175e4c fd:java.io.FileDescriptor@2767e95, reason: reached the end
08-20 22:42:00.953   312   346 W ActivityManager: Slow operation: 1367ms so far, now at startProcess: returned from zygote!
08-20 22:42:00.953   312   346 W ActivityManager: Slow operation: 1367ms so far, now at startProcess: done updating battery stats
08-20 22:42:00.953   312   346 W ActivityManager: Slow operation: 1368ms so far, now at startProcess: building log message
08-20 22:42:00.953   312   346 I ActivityManager: Start proc 1346:com.google.process.gapps/u0a49 for content provider {com.google.android.gsf/com.google.android.gsf.settings.GoogleSettingsProvider}
08-20 22:42:00.953   312   346 W ActivityManager: Slow operation: 1368ms so far, now at startProcess: starting to update pids map
08-20 22:42:00.953   312   346 W ActivityManager: Slow operation: 1368ms so far, now at startProcess: done updating pids map
08-20 22:42:00.953   312   346 W ActivityManager: Slow operation: 1206ms so far, now at startProcess: asking zygote to start proc
08-20 22:42:00.961  1109  1363 V Space   : s9_sock-----handleClient-Received message: prop:0
08-20 22:42:00.961  1109  1363 W Space   : send warn: remove ? android.net.LocalSocket@2e5a39b impl:android.net.LocalSocketImpl@8821338 fd:java.io.FileDescriptor@68d6f11
08-20 22:42:01.113  1031  1293 W PackageParser: Unknown element under <manifest>: queries at /data/user_de/0/com.google.android.gms/app_chimera/m/0000002a/dl-Pay.optional_242865100400.apk Binary XML file line #11
08-20 22:42:01.155   312   423 D ConnectivityService: releasing NetworkRequest [ TRACK_DEFAULT id=14, [ Capabilities: INTERNET&NOT_RESTRICTED&TRUSTED Uid: 1001] ] (release request)
08-20 22:42:01.190  1031  1293 W PackageParser: Unknown element under <manifest>: queries at /data/user_de/0/com.google.android.gms/app_chimera/m/00000032/AdsDynamite.uncompressed.apk Binary XML file line #15
08-20 22:42:01.245  1031  1293 W PackageParser: Unknown element under <manifest>: queries at /data/user_de/0/com.google.android.gms/app_chimera/m/00000036/DynamiteModulesC.uncompressed.apk Binary XML file line #15
08-20 22:42:01.343  1031  1293 W PackageParser: Unknown element under <manifest>: queries at /data/user_de/0/com.google.android.gms/app_chimera/m/0000001c/dl-AdsFdrDynamite.integ_242402501100000.apk Binary XML file line #15
08-20 22:42:01.600   312   332 D ConnectivityService: Returning BLOCKED NetworkInfo to uid=10041
08-20 22:42:01.603   312  1310 D ConnectivityService: requestNetwork for uid/pid:10041/749 NetworkRequest [ TRACK_DEFAULT id=16, [ Capabilities: INTERNET&NOT_RESTRICTED&TRUSTED Uid: 10041] ]
08-20 22:42:01.980  1109  1363 V Space   : closeClient: android.net.LocalSocket@2e5a39b impl:android.net.LocalSocketImpl@8821338 fd:java.io.FileDescriptor@68d6f11, reason: reached the end
08-20 22:42:01.998   312   346 W ActivityManager: Slow operation: 2251ms so far, now at startProcess: returned from zygote!
08-20 22:42:01.999   312   346 W ActivityManager: Slow operation: 2251ms so far, now at startProcess: done updating battery stats
08-20 22:42:01.999   312   346 W ActivityManager: Slow operation: 2251ms so far, now at startProcess: building log message
08-20 22:42:01.999   312   346 I ActivityManager: Start proc 1404:com.android.smspush/u0a62 for service {com.android.smspush/com.android.smspush.WapPushManager}
08-20 22:42:01.999   312   346 W ActivityManager: Slow operation: 2251ms so far, now at startProcess: starting to update pids map
08-20 22:42:01.999   312   346 W ActivityManager: Slow operation: 2251ms so far, now at startProcess: done updating pids map
08-20 22:42:01.999   312   346 W ActivityManager: Slow operation: 1826ms so far, now at startProcess: asking zygote to start proc
08-20 22:42:02.006  1109  1411 V Space   : s9_sock-----handleClient-Received message: CNCT
08-20 22:42:02.006  1109  1411 V Space   : s9_sock-----handleClient-Received message: {"opType":"screenOrientation"}
08-20 22:42:02.020  1109  1412 V Space   : s9_sock-----handleClient-Received message: prop:0
08-20 22:42:02.020  1109  1412 W Space   : send warn: remove ? android.net.LocalSocket@1e12ae4 impl:android.net.LocalSocketImpl@848eb4d fd:java.io.FileDescriptor@94bd602
08-20 22:42:02.111  1031  1304 W PackageParser: Unknown element under <manifest>: queries at /data/user_de/0/com.google.android.gms/app_chimera/m/0000002a/dl-Pay.optional_242865100400.apk Binary XML file line #11
08-20 22:42:02.210   312   769 D ConnectivityService: requestNetwork for uid/pid:10049/930 NetworkRequest [ TRACK_DEFAULT id=18, [ Capabilities: INTERNET&NOT_RESTRICTED&TRUSTED Uid: 10049] ]
08-20 22:42:02.260   312   769 W ActivityManager: Unable to start service Intent { act=com.google.android.gms.credential.manager.tasks.PasswordSharingSubscriptionTaskBoundService.ACTION_TASK_READY pkg=com.google.android.gms } U=0: not found
08-20 22:42:02.949   312   769 W OverlayManager: service 'idmap' died
08-20 22:42:03.022  1109  1412 V Space   : closeClient: android.net.LocalSocket@1e12ae4 impl:android.net.LocalSocketImpl@848eb4d fd:java.io.FileDescriptor@94bd602, reason: reached the end
08-20 22:42:03.075   312   346 W ActivityManager: Slow operation: 2902ms so far, now at startProcess: returned from zygote!
08-20 22:42:03.075   312   346 W ActivityManager: Slow operation: 2903ms so far, now at startProcess: done updating battery stats
08-20 22:42:03.075   312   346 W ActivityManager: Slow operation: 2903ms so far, now at startProcess: building log message
08-20 22:42:03.075   312   346 I ActivityManager: Start proc 1488:android.process.acore/u0a40 for content provider {com.android.providers.blockednumber/com.android.providers.blockednumber.BlockedNumberProvider}
08-20 22:42:03.075   312   346 W ActivityManager: Slow operation: 2903ms so far, now at startProcess: starting to update pids map
08-20 22:42:03.076   312   346 W ActivityManager: Slow operation: 2903ms so far, now at startProcess: done updating pids map
08-20 22:42:03.076   312   346 W ActivityManager: Slow operation: 2668ms so far, now at startProcess: asking zygote to start proc
08-20 22:42:03.113  1109  1259 V Space   : s9_sock-----handleClient-Received message: prop:0
08-20 22:42:03.113  1109  1259 W Space   : send warn: remove ? android.net.LocalSocket@80aeb13 impl:android.net.LocalSocketImpl@3f81150 fd:java.io.FileDescriptor@9c5ef49
08-20 22:42:03.241   312   769 D CountryDetector: The first listener is added
08-20 22:42:03.252  1488  1488 D ActivityThread: Loading provider contacts;com.android.contacts: com.android.providers.contacts.ContactsProvider2
08-20 22:42:03.366   312   312 W Looper  : Slow dispatch took 3194ms main h=android.app.ActivityThread$H c=android.app.-$$Lambda$LoadedApk$ReceiverDispatcher$Args$_BumDX2UKsnxLVrE6UJsJZkotuA@819498d m=0
08-20 22:42:03.366   312   312 W Looper  : Slow delivery took 3366ms main h=android.os.Handler c=<recycled PooledLambda@73b7742> m=0
08-20 22:42:03.370   312   312 V NotificationListeners: 0 notification listener service connected: ComponentInfo{com.android.launcher3/com.android.launcher3.notification.NotificationListener}
08-20 22:42:03.425   312   312 V SettingsProvider: Notifying for 0: content://settings/secure/location_providers_allowed
08-20 22:42:03.435   312   453 W SyncManager: Clock is valid now.
08-20 22:42:03.441   312   312 W Looper  : Drained
08-20 22:42:03.583  1109  1109 V Space   : onNotificationPosted: StatusBarNotification(pkg=com.android.deskclock user=UserHandle{0} id=2147483646 tag=null key=0|com.android.deskclock|2147483646|null|10096: Notification(channel=deskclock_stop_watch pri=2 contentView=com.android.deskclock/0x7f0d0024 vibrate=null sound=null defaults=0x0 flags=0x102 color=0xff1a237e groupKey=3 actions=2 vis=PRIVATE))
08-20 22:42:03.583  1109  1109 V Space   : s9_sock---sendTracking: post_notification ({"opType":"post_notification","resultCode":0,"package":"com.android.deskclock","text":""})
08-20 22:42:03.583  1109  1109 V Space   : s9_sock------send sock_num=0 message={"opType":"post_notification","resultCode":0,"package":"com.android.deskclock","text":""}
08-20 22:42:03.791   312  1173 D ConnectivityService: requestNetwork for uid/pid:10049/930 NetworkRequest [ TRACK_DEFAULT id=20, [ Capabilities: INTERNET&NOT_RESTRICTED&TRUSTED Uid: 10049] ]
08-20 22:42:04.046   312  1073 W ProcessStats: Tracking association SourceState{bec2855 com.google.android.gms.persistent/10049 ImpFg #437} whose proc state 2 is better than process ProcessState{e95426a com.google.android.gms/10049 pkg=com.google.android.gms} proc state 3 (0 skipped)
08-20 22:42:04.055  1031  1304 W PackageParser: Unknown element under <manifest>: queries at /data/user_de/0/com.google.android.gms/app_chimera/m/00000036/DynamiteModulesC.uncompressed.apk Binary XML file line #15
08-20 22:42:04.115  1109  1259 V Space   : closeClient: android.net.LocalSocket@80aeb13 impl:android.net.LocalSocketImpl@3f81150 fd:java.io.FileDescriptor@9c5ef49, reason: reached the end
08-20 22:42:04.142   312   346 W ActivityManager: Slow operation: 3735ms so far, now at startProcess: returned from zygote!
08-20 22:42:04.143   312   346 W ActivityManager: Slow operation: 3735ms so far, now at startProcess: done updating battery stats
08-20 22:42:04.143   312   346 W ActivityManager: Slow operation: 3735ms so far, now at startProcess: building log message
08-20 22:42:04.143   312   346 I ActivityManager: Start proc 1610:com.android.keychain/1000 for service {com.android.keychain/com.android.keychain.KeyChainService}
08-20 22:42:04.143   312   346 W ActivityManager: Slow operation: 3735ms so far, now at startProcess: starting to update pids map
08-20 22:42:04.143   312   346 W ActivityManager: Slow operation: 3736ms so far, now at startProcess: done updating pids map
08-20 22:42:04.143   312   346 W ActivityManager: Slow operation: 1977ms so far, now at startProcess: asking zygote to start proc
08-20 22:42:04.183  1109  1363 V Space   : s9_sock-----handleClient-Received message: prop:0
08-20 22:42:04.183  1109  1363 W Space   : send warn: remove ? android.net.LocalSocket@d0a235a impl:android.net.LocalSocketImpl@5b2a98b fd:java.io.FileDescriptor@93cba68
08-20 22:42:04.194   312   744 D ConnectivityService: requestNetwork for uid/pid:10049/1031 NetworkRequest [ TRACK_DEFAULT id=21, [ Capabilities: INTERNET&NOT_RESTRICTED&TRUSTED Uid: 10049] ]
08-20 22:42:04.337   312   344 W ProcessCpuTracker: Failed to stat(/proc/1651): android.system.ErrnoException: stat failed: ENOENT (No such file or directory)
08-20 22:42:04.337   312   344 W ProcessCpuTracker: Skipping unknown process pid 1651
08-20 22:42:04.615  1031  1304 W PackageParser: Unknown element under <manifest>: queries at /data/user_de/0/com.google.android.gms/app_chimera/m/00000040/dl-Pay.optional_243137100400.apk Binary XML file line #11
08-20 22:42:04.746   312   423 D ConnectivityService: Blocked status changed to false for 10041(16) on netId 100
08-20 22:42:04.746   312   423 D ConnectivityService: Blocked status changed to false for 10041(17) on netId 100
08-20 22:42:04.777   312   769 D ConnectivityService: Returning UNBLOCKED NetworkInfo to uid=10041
08-20 22:42:04.780   312   769 D ConnectivityService: requestNetwork for uid/pid:10041/749 NetworkRequest [ TRACK_DEFAULT id=23, [ Capabilities: INTERNET&NOT_RESTRICTED&TRUSTED Uid: 10041] ]
08-20 22:42:04.860   312   423 D ConnectivityService: Blocked status changed to true for 10041(16) on netId 100
08-20 22:42:04.860   312   423 D ConnectivityService: Blocked status changed to true for 10041(17) on netId 100
08-20 22:42:04.861   312   423 D ConnectivityService: Blocked status changed to true for 10041(23) on netId 100
08-20 22:42:04.926   312   423 D ConnectivityService: releasing NetworkRequest [ TRACK_DEFAULT id=23, [ Capabilities: INTERNET&NOT_RESTRICTED&TRUSTED Uid: 10041] ] (release request)
08-20 22:42:05.191  1109  1363 V Space   : closeClient: android.net.LocalSocket@d0a235a impl:android.net.LocalSocketImpl@5b2a98b fd:java.io.FileDescriptor@93cba68, reason: reached the end
08-20 22:42:05.213   312   346 W ActivityManager: Slow operation: 3046ms so far, now at startProcess: returned from zygote!
08-20 22:42:05.213   312   346 W ActivityManager: Slow operation: 3046ms so far, now at startProcess: done updating battery stats
08-20 22:42:05.213   312   346 W ActivityManager: Slow operation: 3046ms so far, now at startProcess: building log message
08-20 22:42:05.213   312   346 I ActivityManager: Start proc 1698:android.process.media/u0a35 for broadcast {com.android.providers.downloads/com.android.providers.downloads.DownloadReceiver}
08-20 22:42:05.213   312   346 W ActivityManager: Slow operation: 3046ms so far, now at startProcess: starting to update pids map
08-20 22:42:05.213   312   346 W ActivityManager: Slow operation: 3046ms so far, now at startProcess: done updating pids map
08-20 22:42:05.213   312   346 W ActivityManager: Slow operation: 2627ms so far, now at startProcess: asking zygote to start proc
08-20 22:42:05.275  1109  1412 V Space   : s9_sock-----handleClient-Received message: prop:0
08-20 22:42:05.275  1109  1412 W Space   : send warn: remove ? android.net.LocalSocket@4173e81 impl:android.net.LocalSocketImpl@bb71b26 fd:java.io.FileDescriptor@ca05367
08-20 22:42:05.787   312  1725 I DropBoxManagerService: add tag=SYSTEM_BOOT isTagEnabled=true flags=0x2
08-20 22:42:05.802   312  1725 I BootReceiver: Copying audit failures to DropBox
08-20 22:42:05.805   312  1725 I BootReceiver: Checking for fsck errors
08-20 22:42:06.274  1109  1412 V Space   : closeClient: android.net.LocalSocket@4173e81 impl:android.net.LocalSocketImpl@bb71b26 fd:java.io.FileDescriptor@ca05367, reason: reached the end
08-20 22:42:06.283   312   346 W ActivityManager: Slow operation: 3698ms so far, now at startProcess: returned from zygote!
08-20 22:42:06.284   312   346 W ActivityManager: Slow operation: 3698ms so far, now at startProcess: done updating battery stats
08-20 22:42:06.284   312   346 W ActivityManager: Slow operation: 3698ms so far, now at startProcess: building log message
08-20 22:42:06.284   312   346 I ActivityManager: Start proc 1727:com.android.localtransport/1000 for service {com.android.localtransport/com.android.localtransport.LocalTransportService}
08-20 22:42:06.284   312   346 W ActivityManager: Slow operation: 3698ms so far, now at startProcess: starting to update pids map
08-20 22:42:06.285   312   346 W ActivityManager: Slow operation: 3698ms so far, now at startProcess: done updating pids map
08-20 22:42:06.285   312   346 W ActivityManager: Slow operation: 492ms so far, now at startProcess: asking zygote to start proc
08-20 22:42:06.320  1109  1259 V Space   : s9_sock-----handleClient-Received message: prop:0
08-20 22:42:06.320  1109  1259 W Space   : send warn: remove ? android.net.LocalSocket@2571514 impl:android.net.LocalSocketImpl@8f841bd fd:java.io.FileDescriptor@ae9c3b2
08-20 22:42:06.384   312   312 I TransportClient: LocalTransportService#0: Notifying [TransportManager.registerTransport()] transport = IBackupTransport
08-20 22:42:06.396   312  1046 D BackupTransportManager: Transport com.android.localtransport/.LocalTransportService registered
08-20 22:42:06.396   312  1046 D BackupManagerService: Transport com.android.localtransport/.LocalTransport registered 6948ms after first request (delay = 3000ms)
08-20 22:42:06.420  1031  1304 W PackageParser: Unknown element under <manifest>: queries at /data/user_de/0/com.google.android.gms/app_chimera/m/0000001c/dl-AdsFdrDynamite.integ_242402501100000.apk Binary XML file line #15
08-20 22:42:06.443   312   312 I TransportClient: D2dTransportService#1: Notifying [TransportManager.registerTransport()] transport = IBackupTransport
08-20 22:42:06.451   312  1046 D BackupTransportManager: Transport com.google.android.gms/.backup.component.D2dTransportService registered
08-20 22:42:06.451   312  1046 D BackupManagerService: Transport com.google.android.gms/.backup.migrate.service.D2dTransport registered 7004ms after first request (delay = 3000ms)
08-20 22:42:06.493   312   312 I TransportClient: BackupTransportService#2: Notifying [TransportManager.registerTransport()] transport = IBackupTransport
08-20 22:42:06.523   312  1046 D BackupTransportManager: Transport com.google.android.gms/.backup.BackupTransportService registered
08-20 22:42:06.523   312  1046 D BackupManagerService: Transport com.google.android.gms/.backup.BackupTransportService registered 7075ms after first request (delay = 3000ms)
08-20 22:42:06.539   312  1046 I BackupManagerService: Found stale backup journal, scheduling
08-20 22:42:06.566   312  1046 I chatty  : uid=1000(system) backup-0 identical 216 lines
08-20 22:42:06.566   312  1046 I BackupManagerService: Found stale backup journal, scheduling
08-20 22:42:06.820  1031  1304 W PackageParser: Unknown element under <manifest>: queries at /data/user_de/0/com.google.android.gms/app_chimera/m/00000032/AdsDynamite.uncompressed.apk Binary XML file line #15
08-20 22:42:06.943   312   423 D ConnectivityService: Blocked status changed to false for 10041(16) on netId 100
08-20 22:42:06.943   312   423 D ConnectivityService: Blocked status changed to false for 10041(17) on netId 100
08-20 22:42:06.969   312   332 D ConnectivityService: requestNetwork for uid/pid:10041/749 NetworkRequest [ TRACK_DEFAULT id=24, [ Capabilities: INTERNET&NOT_RESTRICTED&TRUSTED Uid: 10041] ]
08-20 22:42:07.340  1109  1259 V Space   : closeClient: android.net.LocalSocket@2571514 impl:android.net.LocalSocketImpl@8f841bd fd:java.io.FileDescriptor@ae9c3b2, reason: reached the end
08-20 22:42:07.363   312   346 W ActivityManager: Slow operation: 1570ms so far, now at startProcess: returned from zygote!
08-20 22:42:07.370   312   346 W ActivityManager: Slow operation: 1577ms so far, now at startProcess: done updating battery stats
08-20 22:42:07.370   312   346 W ActivityManager: Slow operation: 1577ms so far, now at startProcess: building log message
08-20 22:42:07.370   312   346 I ActivityManager: Start proc 1762:com.android.dialer/u0a105 for broadcast {com.android.dialer/com.android.dialer.app.calllog.CallLogReceiver}
08-20 22:42:07.370   312   346 W ActivityManager: Slow operation: 1577ms so far, now at startProcess: starting to update pids map
08-20 22:42:07.370   312   346 W ActivityManager: Slow operation: 1577ms so far, now at startProcess: done updating pids map
08-20 22:42:07.529   312   312 I Telecom : DefaultDialerCache: Refreshing default dialer for user 0: now null: DDC.oR@ADk
08-20 22:42:07.529   312   312 I Telecom : MissedCallNotifierImpl: reloadAfterBootComplete: user=0: TSBCR.oR@ADo
08-20 22:42:07.543   312   332 W ActivityManager: Unable to start service Intent { act=android.service.carrier.CarrierService pkg=com.android.carrierconfig } U=0: not found
08-20 22:42:07.588   312   312 I Telecom : PhoneAccountRegistrar: getSimCallManager: SimCallManager for subId 2 queried, returning: null: TSI.gSCMFU@ADs
08-20 22:42:07.597  1109  1363 V Space   : s9_sock-----handleClient-Received message: prop:1
08-20 22:42:07.597  1109  1363 W Space   : send warn: remove ? android.net.LocalSocket@cd4bf03 impl:android.net.LocalSocketImpl@81a6e80 fd:java.io.FileDescriptor@7ec3cb9
08-20 22:42:07.610   620   620 I TelecomFramework: : Carrier-config changed, checking for phone account updates.
08-20 22:42:07.637   620   620 I TelecomFramework: AccountEntry: reRegisterPstnPhoneAccount: subId: 2 - no change
08-20 22:42:07.652  1031  1304 W PackageParser: Unknown element under <manifest>: queries at /data/user_de/0/com.google.android.gms/app_chimera/m/0000002a/dl-Pay.optional_242865100400.apk Binary XML file line #11
08-20 22:42:07.658   312   417 W NetworkStats: problem registering for global alert: java.lang.IllegalStateException: android.os.ServiceSpecificException: No such file or directory (code 2)
08-20 22:42:07.673  1031  1304 W PackageParser: Unknown element under <manifest>: queries at /data/user_de/0/com.google.android.gms/app_chimera/m/00000032/AdsDynamite.uncompressed.apk Binary XML file line #15
08-20 22:42:07.689  1031  1304 W PackageParser: Unknown element under <manifest>: queries at /data/user_de/0/com.google.android.gms/app_chimera/m/00000036/DynamiteModulesC.uncompressed.apk Binary XML file line #15
08-20 22:42:07.700  1031  1304 W PackageParser: Unknown element under <manifest>: queries at /data/user_de/0/com.google.android.gms/app_chimera/m/0000001c/dl-AdsFdrDynamite.integ_242402501100000.apk Binary XML file line #15
08-20 22:42:08.620  1109  1363 V Space   : closeClient: android.net.LocalSocket@cd4bf03 impl:android.net.LocalSocketImpl@81a6e80 fd:java.io.FileDescriptor@7ec3cb9, reason: reached the end
08-20 22:42:08.626   312   346 W ActivityManager: Slow operation: 1050ms so far, now at startProcess: returned from zygote!
08-20 22:42:08.626   312   346 W ActivityManager: Slow operation: 1050ms so far, now at startProcess: done updating battery stats
08-20 22:42:08.626   312   346 W ActivityManager: Slow operation: 1050ms so far, now at startProcess: building log message
08-20 22:42:08.626   312   346 I ActivityManager: Start proc 1794:com.gopfz/u0a100 for broadcast {com.gopfz/com.cyjh.elfin.broadcast.BootBroadcast}
08-20 22:42:08.626   312   346 W ActivityManager: Slow operation: 1050ms so far, now at startProcess: starting to update pids map
08-20 22:42:08.626   312   346 W ActivityManager: Slow operation: 1050ms so far, now at startProcess: done updating pids map
08-20 22:42:08.913   312   346 I ActivityManager: Start proc 1840:com.android.webview:sandboxed_process0:org.chromium.content.app.SandboxedProcessService0/u0ai9000 for  {com.gopfz/org.chromium.content.app.SandboxedProcessService0}
08-20 22:42:09.031   312   332 D ConnectivityService: requestNetwork for uid/pid:10100/1794 NetworkRequest [ TRACK_DEFAULT id=25, [ Capabilities: INTERNET&NOT_RESTRICTED&TRUSTED Uid: 10100] ]
08-20 22:42:09.171   312  1073 W ActivityManager: Background start not allowed: service Intent { cmp=com.gopfz/com.cyjh.mq.service.IpcService } to com.gopfz/com.cyjh.mq.service.IpcService from pid=1794 uid=10100 pkg=com.gopfz startFg?=false
--------- beginning of crash
08-20 22:42:09.172  1794  1794 E AndroidRuntime: FATAL EXCEPTION: main
08-20 22:42:09.172  1794  1794 E AndroidRuntime: Process: com.gopfz, PID: 1794
08-20 22:42:09.172  1794  1794 E AndroidRuntime: java.lang.RuntimeException: Unable to create application com.cyjh.elfin.base.AppContext: java.lang.IllegalStateException: Not allowed to start service Intent { cmp=com.gopfz/com.cyjh.mq.service.IpcService }: app is in background uid UidRecord{7cf97d5 u0a100 RCVR idle change:uncached procs:1 seq(0,0,0)}
08-20 22:42:09.172  1794  1794 E AndroidRuntime: 	at android.app.ActivityThread.handleBindApplication(ActivityThread.java:6547)
08-20 22:42:09.172  1794  1794 E AndroidRuntime: 	at android.app.ActivityThread.access$1300(ActivityThread.java:229)
08-20 22:42:09.172  1794  1794 E AndroidRuntime: 	at android.app.ActivityThread$H.handleMessage(ActivityThread.java:1869)
08-20 22:42:09.172  1794  1794 E AndroidRuntime: 	at android.os.Handler.dispatchMessage(Handler.java:107)
08-20 22:42:09.172  1794  1794 E AndroidRuntime: 	at android.os.Looper.loop(Looper.java:214)
08-20 22:42:09.172  1794  1794 E AndroidRuntime: 	at android.app.ActivityThread.main(ActivityThread.java:7438)
08-20 22:42:09.172  1794  1794 E AndroidRuntime: 	at java.lang.reflect.Method.invoke(Native Method)
08-20 22:42:09.172  1794  1794 E AndroidRuntime: 	at com.android.internal.os.RuntimeInit$MethodAndArgsCaller.run(RuntimeInit.java:492)
08-20 22:42:09.172  1794  1794 E AndroidRuntime: 	at com.android.internal.os.ZygoteInit.main(ZygoteInit.java:930)
08-20 22:42:09.172  1794  1794 E AndroidRuntime: Caused by: java.lang.IllegalStateException: Not allowed to start service Intent { cmp=com.gopfz/com.cyjh.mq.service.IpcService }: app is in background uid UidRecord{7cf97d5 u0a100 RCVR idle change:uncached procs:1 seq(0,0,0)}
08-20 22:42:09.172  1794  1794 E AndroidRuntime: 	at android.app.ContextImpl.startServiceCommon(ContextImpl.java:1616)
08-20 22:42:09.172  1794  1794 E AndroidRuntime: 	at android.app.ContextImpl.startService(ContextImpl.java:1571)
08-20 22:42:09.172  1794  1794 E AndroidRuntime: 	at android.content.ContextWrapper.startService(ContextWrapper.java:669)
08-20 22:42:09.172  1794  1794 E AndroidRuntime: 	at com.cyjh.mq.sdk.MqBridge.init(Unknown Source:29)
08-20 22:42:09.172  1794  1794 E AndroidRuntime: 	at com.cyjh.elfin.floatingwindowprocess.d.b.a(Unknown Source:86)
08-20 22:42:09.172  1794  1794 E AndroidRuntime: 	at com.cyjh.elfin.base.AppContext.onCreate(Unknown Source:150)
08-20 22:42:09.172  1794  1794 E AndroidRuntime: 	at android.app.Instrumentation.callApplicationOnCreate(Instrumentation.java:1189)
08-20 22:42:09.172  1794  1794 E AndroidRuntime: 	at android.app.ActivityThread.handleBindApplication(ActivityThread.java:6542)
08-20 22:42:09.172  1794  1794 E AndroidRuntime: 	... 8 more
08-20 22:42:09.177  1109  1124 V Space   : s9_sock---sendTracking: app_crash ({"opType":"app_crash","resultCode":0,"package":"com.gopfz","process":"com.gopfz","crash_type":"crash"})
08-20 22:42:09.177  1109  1124 V Space   : s9_sock------send sock_num=0 message={"opType":"app_crash","resultCode":0,"package":"com.gopfz","process":"com.gopfz","crash_type":"crash"}
08-20 22:42:09.189   312  1884 I DropBoxManagerService: add tag=data_app_crash isTagEnabled=true flags=0x2
08-20 22:42:09.191  1109  1412 V Space   : s9_sock-----handleClient-Received message: prop:0
08-20 22:42:09.191  1109  1412 W Space   : send warn: remove ? android.net.LocalSocket@a2c68fe impl:android.net.LocalSocketImpl@f5a485f fd:java.io.FileDescriptor@3f7f2ac
08-20 22:42:09.244   312   744 D ConnectivityService: ConnectivityService NetworkRequestInfo binderDied(NetworkRequest [ LISTEN id=26, [ Capabilities: INTERNET&NOT_RESTRICTED&TRUSTED Uid: 10100] ], android.os.BinderProxy@1778f9f)
08-20 22:42:09.244   312  1177 D ConnectivityService: ConnectivityService NetworkRequestInfo binderDied(NetworkRequest [ TRACK_DEFAULT id=25, [ Capabilities: INTERNET&NOT_RESTRICTED&TRUSTED Uid: 10100] ], android.os.BinderProxy@1a4c8ec)
08-20 22:42:09.245   312  1178 I ActivityManager: Process com.gopfz (pid 1794) has died: cch+15 CEM 
08-20 22:42:09.247   312  1178 I ActivityManager: Killing 1840:com.android.webview:sandboxed_process0:org.chromium.content.app.SandboxedProcessService0/u0a100i0 (adj 0): isolated not needed
08-20 22:42:09.245   312   423 D ConnectivityService: releasing NetworkRequest [ TRACK_DEFAULT id=25, [ Capabilities: INTERNET&NOT_RESTRICTED&TRUSTED Uid: 10100] ] (release request)
08-20 22:42:09.265   312   350 W KernelCpuProcStringReader: File not found. It's normal if not implemented: /proc/uid_time_in_state
08-20 22:42:09.265   312   350 W KernelCpuProcStringReader: File not found. It's normal if not implemented: /proc/uid_concurrent_active_time
08-20 22:42:09.265   312   350 W KernelCpuProcStringReader: File not found. It's normal if not implemented: /proc/uid_concurrent_policy_time
08-20 22:42:10.194  1109  1412 V Space   : closeClient: android.net.LocalSocket@a2c68fe impl:android.net.LocalSocketImpl@f5a485f fd:java.io.FileDescriptor@3f7f2ac, reason: reached the end
08-20 22:42:10.212   312   346 W ActivityManager: Slow operation: 1024ms so far, now at startProcess: returned from zygote!
08-20 22:42:10.213   312   346 W ActivityManager: Slow operation: 1024ms so far, now at startProcess: done updating battery stats
08-20 22:42:10.213   312   346 W ActivityManager: Slow operation: 1024ms so far, now at startProcess: building log message
08-20 22:42:10.213   312   346 I ActivityManager: Start proc 1943:com.android.calendar/u0a98 for broadcast {com.android.calendar/com.android.calendar.alerts.AlertReceiver}
08-20 22:42:10.213   312   346 W ActivityManager: Slow operation: 1024ms so far, now at startProcess: starting to update pids map
08-20 22:42:10.213   312   346 W ActivityManager: Slow operation: 1024ms so far, now at startProcess: done updating pids map
08-20 22:42:10.291  1109  1259 V Space   : s9_sock-----handleClient-Received message: prop:0
08-20 22:42:10.291  1109  1259 W Space   : send warn: remove ? android.net.LocalSocket@98aeb75 impl:android.net.LocalSocketImpl@562170a fd:java.io.FileDescriptor@9850b7b
08-20 22:42:11.313  1109  1259 V Space   : closeClient: android.net.LocalSocket@98aeb75 impl:android.net.LocalSocketImpl@562170a fd:java.io.FileDescriptor@9850b7b, reason: reached the end
08-20 22:42:11.335   312   346 W ActivityManager: Slow operation: 1047ms so far, now at startProcess: returned from zygote!
08-20 22:42:11.335   312   346 W ActivityManager: Slow operation: 1047ms so far, now at startProcess: done updating battery stats
08-20 22:42:11.335   312   346 W ActivityManager: Slow operation: 1047ms so far, now at startProcess: building log message
08-20 22:42:11.335   312   346 I ActivityManager: Start proc 2041:com.android.contacts/u0a88 for broadcast {com.android.contacts/com.android.contacts.interactions.OnBootOrUpgradeReceiver}
08-20 22:42:11.335   312   346 W ActivityManager: Slow operation: 1047ms so far, now at startProcess: starting to update pids map
08-20 22:42:11.335   312   346 W ActivityManager: Slow operation: 1047ms so far, now at startProcess: done updating pids map
08-20 22:42:11.439  1109  1363 V Space   : s9_sock-----handleClient-Received message: prop:0
08-20 22:42:11.439  1109  1363 W Space   : send warn: remove ? android.net.LocalSocket@3478d98 impl:android.net.LocalSocketImpl@e2bc9f1 fd:java.io.FileDescriptor@19299d6
08-20 22:42:12.467  1109  1363 V Space   : closeClient: android.net.LocalSocket@3478d98 impl:android.net.LocalSocketImpl@e2bc9f1 fd:java.io.FileDescriptor@19299d6, reason: reached the end
08-20 22:42:12.480   312   346 W ActivityManager: Slow operation: 1047ms so far, now at startProcess: returned from zygote!
08-20 22:42:12.480   312   346 W ActivityManager: Slow operation: 1047ms so far, now at startProcess: done updating battery stats
08-20 22:42:12.481   312   346 W ActivityManager: Slow operation: 1047ms so far, now at startProcess: building log message
08-20 22:42:12.481   312   346 I ActivityManager: Start proc 2063:com.android.dynsystem/1000 for broadcast {com.android.dynsystem/com.android.dynsystem.BootCompletedReceiver}
08-20 22:42:12.481   312   346 W ActivityManager: Slow operation: 1047ms so far, now at startProcess: starting to update pids map
08-20 22:42:12.481   312   346 W ActivityManager: Slow operation: 1047ms so far, now at startProcess: done updating pids map
08-20 22:42:12.522   312   390 D DynamicSystemService: GsiService is not ready, wait for 64ms
08-20 22:42:12.589   312   747 W DynamicSystemService: gsiservice died; reconnecting
08-20 22:42:12.599  1109  1412 V Space   : s9_sock-----handleClient-Received message: prop:0
08-20 22:42:12.599  1109  1412 W Space   : send warn: remove ? android.net.LocalSocket@7cee457 impl:android.net.LocalSocketImpl@ef3eb44 fd:java.io.FileDescriptor@a22142d
08-20 22:42:12.989  1109  1411 V Space   : s9_sock-----handleClient-Received message: {"opType":"heart_beat","resultCode":0,"resultInfo":"success"}
08-20 22:42:13.607  1109  1412 V Space   : closeClient: android.net.LocalSocket@7cee457 impl:android.net.LocalSocketImpl@ef3eb44 fd:java.io.FileDescriptor@a22142d, reason: reached the end
08-20 22:42:13.613   312   346 W ActivityManager: Slow operation: 1017ms so far, now at startProcess: returned from zygote!
08-20 22:42:13.613   312   346 W ActivityManager: Slow operation: 1017ms so far, now at startProcess: done updating battery stats
08-20 22:42:13.613   312   346 W ActivityManager: Slow operation: 1017ms so far, now at startProcess: building log message
08-20 22:42:13.613   312   346 I ActivityManager: Start proc 2084:com.android.managedprovisioning/u0a53 for broadcast {com.android.managedprovisioning/com.android.managedprovisioning.preprovisioning.BootReminder}
08-20 22:42:13.613   312   346 W ActivityManager: Slow operation: 1017ms so far, now at startProcess: starting to update pids map
08-20 22:42:13.613   312   346 W ActivityManager: Slow operation: 1017ms so far, now at startProcess: done updating pids map
08-20 22:42:13.670  1109  1259 V Space   : s9_sock-----handleClient-Received message: prop:0
08-20 22:42:13.670  1109  1259 W Space   : send warn: remove ? android.net.LocalSocket@a767d62 impl:android.net.LocalSocketImpl@a736ef3 fd:java.io.FileDescriptor@1e677b0
08-20 22:42:14.673  1109  1259 V Space   : closeClient: android.net.LocalSocket@a767d62 impl:android.net.LocalSocketImpl@a736ef3 fd:java.io.FileDescriptor@1e677b0, reason: reached the end
08-20 22:42:14.681   312   346 W ActivityManager: Slow operation: 1015ms so far, now at startProcess: returned from zygote!
08-20 22:42:14.681   312   346 W ActivityManager: Slow operation: 1015ms so far, now at startProcess: done updating battery stats
08-20 22:42:14.681   312   346 W ActivityManager: Slow operation: 1015ms so far, now at startProcess: building log message
08-20 22:42:14.681   312   346 I ActivityManager: Start proc 2102:com.android.messaging/u0a103 for broadcast {com.android.messaging/com.android.messaging.receiver.BootAndPackageReplacedReceiver}
08-20 22:42:14.681   312   346 W ActivityManager: Slow operation: 1015ms so far, now at startProcess: starting to update pids map
08-20 22:42:14.681   312   346 W ActivityManager: Slow operation: 1015ms so far, now at startProcess: done updating pids map
08-20 22:42:14.767  1109  1363 V Space   : s9_sock-----handleClient-Received message: prop:0
08-20 22:42:14.767  1109  1363 W Space   : send warn: remove ? android.net.LocalSocket@9b8c629 impl:android.net.LocalSocketImpl@cc30dae fd:java.io.FileDescriptor@fcc074f
08-20 22:42:14.773   312   747 D MmsServiceBroker: getCarrierConfigValues() by com.android.messaging
08-20 22:42:14.773   312   747 W MmsServiceBroker: MmsService not connected. Try connecting...
08-20 22:42:14.773   312   312 I MmsServiceBroker: Connecting to MmsService
08-20 22:42:14.774   312   312 W ContextImpl: Calling a method in the system process without a qualified user: android.app.ContextImpl.bindService:1649 com.android.server.MmsServiceBroker.tryConnecting:242 com.android.server.MmsServiceBroker.access$000:54 com.android.server.MmsServiceBroker$1.handleMessage:84 android.os.Handler.dispatchMessage:107 
08-20 22:42:14.780   312   312 I MmsServiceBroker: MmsService connected
08-20 22:42:14.804   312  1175 D MmsServiceBroker: getCarrierConfigValues() by com.android.messaging
08-20 22:42:14.807   312  1175 D MmsServiceBroker: getCarrierConfigValues() by com.android.messaging
08-20 22:42:15.793  1109  1363 V Space   : closeClient: android.net.LocalSocket@9b8c629 impl:android.net.LocalSocketImpl@cc30dae fd:java.io.FileDescriptor@fcc074f, reason: reached the end
08-20 22:42:15.806   312   346 W ActivityManager: Slow operation: 1042ms so far, now at startProcess: returned from zygote!
08-20 22:42:15.806   312   346 W ActivityManager: Slow operation: 1042ms so far, now at startProcess: done updating battery stats
08-20 22:42:15.806   312   346 W ActivityManager: Slow operation: 1042ms so far, now at startProcess: building log message
08-20 22:42:15.806   312   346 I ActivityManager: Start proc 2133:com.android.onetimeinitializer/u0a89 for broadcast {com.android.onetimeinitializer/com.android.onetimeinitializer.OneTimeInitializerReceiver}
08-20 22:42:15.806   312   346 W ActivityManager: Slow operation: 1042ms so far, now at startProcess: starting to update pids map
08-20 22:42:15.806   312   346 W ActivityManager: Slow operation: 1042ms so far, now at startProcess: done updating pids map
08-20 22:42:15.859  1109  1412 V Space   : s9_sock-----handleClient-Received message: prop:0
08-20 22:42:15.859  1109  1412 W Space   : send warn: remove ? android.net.LocalSocket@a335edc impl:android.net.LocalSocketImpl@8ee9be5 fd:java.io.FileDescriptor@93656ba
08-20 22:42:16.866  1109  1412 V Space   : closeClient: android.net.LocalSocket@a335edc impl:android.net.LocalSocketImpl@8ee9be5 fd:java.io.FileDescriptor@93656ba, reason: reached the end
08-20 22:42:16.869   312   346 W ActivityManager: Slow operation: 1014ms so far, now at startProcess: returned from zygote!
08-20 22:42:16.870   312   346 W ActivityManager: Slow operation: 1014ms so far, now at startProcess: done updating battery stats
