--------- beginning of system
08-20 22:41:49.231    36    36 I vold    : Vold 3.0 (the awakening) firing up
08-20 22:41:49.231    36    36 D vold    : Detected support for: ext4 f2fs vfat
08-20 22:41:49.232    36    36 E vold    : Failed open: No such file or directory
08-20 22:41:49.233    36    36 D vold    : VoldNativeService::start() completed OK
08-20 22:41:49.322    36    36 I Checkpoint: cp_prepareCheckpoint called
08-20 22:41:49.524    36    36 D vold    : fscrypt_init_user0
08-20 22:41:49.524    36    36 D vold    : fscrypt_prepare_user_storage for volume null, user 0, serial 0, flags 1
08-20 22:41:49.524    36    36 D vold    : Preparing: /data/system/users/0
08-20 22:41:49.524    36    36 D vold    : Preparing: /data/misc/profiles/cur/0
08-20 22:41:49.524    36    36 D vold    : Preparing: /data/system_de/0
08-20 22:41:49.524    36    36 D vold    : Preparing: /data/misc_de/0
08-20 22:41:49.524    36    36 D vold    : Preparing: /data/vendor_de/0
08-20 22:41:49.524    36    36 D vold    : Preparing: /data/user_de/0
08-20 22:41:49.524    36    36 D vold    : /system/bin/vold_prepare_subdirs
08-20 22:41:49.524    36    36 D vold    :     prepare
08-20 22:41:49.524    36    36 D vold    :     
08-20 22:41:49.524    36    36 D vold    :     0
08-20 22:41:49.524    36    36 D vold    :     1
08-20 22:41:49.541    36    36 D vold    : fscrypt_unlock_user_key 0 serial=0 token_present=0
08-20 22:41:49.908    96    96 I android.hardware.wifi@1.0-service: Wifi Hal is booting up...
08-20 22:41:50.017    96    96 I ServiceManagement: Registered android.hardware.wifi@1.3::IWifi/default (start delay of 231ms)
08-20 22:41:50.735   214   214 I wificond: wificond is starting up...
08-20 22:41:50.991   203   203 I installd: installd firing up
08-20 22:41:50.995   216   216 D DrmService: ----------------running drmservice---------------
08-20 22:41:50.995   216   216 E DrmService: rknand_sys_storage open fail
08-20 22:41:50.995   216   216 D DrmService: Get HID data:
08-20 22:41:51.010   216   216 E DrmService: ----vendor read sn error,try drmboot----
08-20 22:41:51.011   216   216 E DrmService: rknand_sys_storage open fail
08-20 22:41:51.011   216   216 D DrmService: verify: save serialno:  (0)
08-20 22:41:51.066   216   216 E DrmService: Unable to open path (/sys/class/android_usb/android0/iSerial),error is(No such file or directory)
08-20 22:41:51.066   216   216 E DrmService: try /config/usb_gadget/g1/strings/0x409/serialnumber
08-20 22:41:51.066   216   216 E DrmService: Unable to open path (/config/usb_gadget/g1/strings/0x409/serialnumber),error is(No such file or directory)
08-20 22:41:51.103   213   274 W storaged: health: invalid battery status
08-20 22:41:52.033   312   312 I SystemServer: InitBeforeStartServices
08-20 22:41:52.034   312   312 I SystemServer: Entered the Android system server!
08-20 22:41:52.075    44   318 D BootAnimation: BootAnimationShownTiming start time: 2432382168ms
08-20 22:41:52.174   312   312 I SystemServer: StartServices
08-20 22:41:52.174   312   312 I SystemServer: StartWatchdog
08-20 22:41:52.185   312   312 I SystemServer: Reading configuration...
08-20 22:41:52.185   312   312 I SystemServer: ReadingSystemConfig
08-20 22:41:52.185   312   312 I SystemServer: StartInstaller
08-20 22:41:52.185   312   312 I SystemServiceManager: Starting com.android.server.pm.Installer
08-20 22:41:52.195   312   312 I SystemServer: DeviceIdentifiersPolicyService
08-20 22:41:52.195   312   312 I SystemServiceManager: Starting com.android.server.os.DeviceIdentifiersPolicyService
08-20 22:41:52.196   312   343 I SystemConfig: Adding association: com.google.android.as <- com.android.bluetooth
08-20 22:41:52.196   312   343 I SystemConfig: Adding association: com.google.android.as <- com.android.providers.contacts
08-20 22:41:52.196   312   343 I SystemConfig: Adding association: com.google.android.as <- com.android.providers.media
08-20 22:41:52.196   312   343 I SystemConfig: Adding association: com.google.android.as <- com.android.providers.telephony
08-20 22:41:52.196   312   343 I SystemConfig: Adding association: com.google.android.as <- com.android.systemui
08-20 22:41:52.196   312   343 I SystemConfig: Adding association: com.google.android.as <- com.google.android.gms
08-20 22:41:52.196   312   343 I SystemConfig: Adding association: com.google.android.as <- com.google.android.gsf
08-20 22:41:52.196   312   343 I SystemConfig: Adding association: com.google.android.as <- com.google.android.providers.media.module
08-20 22:41:52.196   312   343 W SystemConfig: Tag app-data-isolation-whitelisted-app is unknown in /system/etc/sysconfig/google.xml at START_TAG (empty) <app-data-isolation-whitelisted-app package='com.google.android.gms'>@114:76 in java.io.FileReader@f11b452
08-20 22:41:52.196   312   343 W SystemConfig: Tag rollback-whitelisted-app is unknown in /system/etc/sysconfig/google.xml at START_TAG (empty) <rollback-whitelisted-app package='com.android.vending'>@117:63 in java.io.FileReader@f11b452
08-20 22:41:52.197   312   312 I SystemServer: UriGrantsManagerService
08-20 22:41:52.197   312   312 I SystemServiceManager: Starting com.android.server.uri.UriGrantsManagerService$Lifecycle
08-20 22:41:52.198   312   312 I SystemServer: StartActivityManager
08-20 22:41:52.198   312   312 I SystemServiceManager: Starting com.android.server.wm.ActivityTaskManagerService$Lifecycle
08-20 22:41:52.198   312   312 I SystemServiceManager: Starting com.android.server.am.ActivityManagerService$Lifecycle
08-20 22:41:52.211   312   312 I ActivityManager: Memory class: 192
08-20 22:41:52.242   312   343 I SystemConfig: Adding association: com.google.android.as <- com.android.providers.contacts
08-20 22:41:52.242   312   343 I SystemConfig: Adding association: com.google.android.as <- com.android.providers.media
08-20 22:41:52.242   312   343 I SystemConfig: Adding association: com.google.android.as <- com.android.providers.telephony
08-20 22:41:52.242   312   343 I SystemConfig: Adding association: com.google.android.as <- com.android.systemui
08-20 22:41:52.242   312   343 I SystemConfig: Adding association: com.google.android.as <- com.google.android.gms
08-20 22:41:52.242   312   343 I SystemConfig: Adding association: com.google.android.as <- com.google.android.gsf
08-20 22:41:52.250   312   343 W SystemConfig: No directory /product_services/etc/sysconfig, skipping
08-20 22:41:52.251   312   343 W SystemConfig: No directory /product_services/etc/permissions, skipping
08-20 22:41:52.253   312   312 D BatteryStatsImpl: Reading daily items from /data/system/batterystats-daily.xml
08-20 22:41:52.274   312   350 E KernelCpuUidFreqTimeReader: Failed to read /proc/uid_time_in_state: java.nio.file.NoSuchFileException: /proc/uid_time_in_state
08-20 22:41:52.321   312   350 W KernelCpuProcStringReader: File not found. It's normal if not implemented: /proc/uid_time_in_state
08-20 22:41:52.321   312   350 W KernelCpuProcStringReader: File not found. It's normal if not implemented: /proc/uid_concurrent_active_time
08-20 22:41:52.321   312   350 W KernelCpuProcStringReader: File not found. It's normal if not implemented: /proc/uid_concurrent_policy_time
08-20 22:41:52.323   312   350 W KernelMemoryBandwidthStats: No kernel memory bandwidth stats available
08-20 22:41:52.343   312   312 I IntentFirewall: Read new rules (A:0 B:0 S:0)
08-20 22:41:52.348   312   312 D AppOps  : AppOpsService published
08-20 22:41:52.348   312   312 I SystemServer: StartPowerManager
08-20 22:41:52.348   312   312 I SystemServiceManager: Starting com.android.server.power.PowerManagerService
08-20 22:41:52.369   312   312 I SystemServer: StartThermalManager
08-20 22:41:52.369   312   312 I SystemServiceManager: Starting com.android.server.power.ThermalManagerService
08-20 22:41:52.369   312   312 I SystemServer: InitPowerManagement
08-20 22:41:52.370   312   312 I SystemServer: StartRecoverySystemService
08-20 22:41:52.370   312   312 I SystemServiceManager: Starting com.android.server.RecoverySystemService
08-20 22:41:52.371   312   312 I SystemServer: StartLightsService
08-20 22:41:52.371   312   312 I SystemServiceManager: Starting com.android.server.lights.LightsService
08-20 22:41:52.381   312   350 E KernelCpuUidFreqTimeReader: Failed to read /proc/uid_time_in_state: java.nio.file.NoSuchFileException: /proc/uid_time_in_state
08-20 22:41:52.399   312   312 I SystemServer: StartSidekickService
08-20 22:41:52.399   312   312 I SystemServer: StartDisplayManager
08-20 22:41:52.399   312   312 I SystemServiceManager: Starting com.android.server.display.DisplayManagerService
08-20 22:41:52.409   312   312 I SystemServer: WaitForDisplay
08-20 22:41:52.409   312   312 I SystemServiceManager: Starting phase 100
08-20 22:41:52.411   312   339 I DisplayManagerService: Display device added: DisplayDeviceInfo{"Built-in Screen": uniqueId="local:0", 720 x 1280, modeId 1, defaultModeId 1, supportedModes [{id=1, width=720, height=1280, fps=60.000004}], colorMode 0, supportedColorModes [0], HdrCapabilities android.view.Display$HdrCapabilities@40f16308, density 320, 320.0 x 320.0 dpi, appVsyncOff 1000000, presDeadline 16666666, touch INTERNAL, rotation 0, type BUILT_IN, address {port=0}, state UNKNOWN, FLAG_DEFAULT_DISPLAY, FLAG_ROTATES_WITH_CONTENT, FLAG_SECURE, FLAG_SUPPORTS_PROTECTED_BUFFERS}
08-20 22:41:52.420   312   339 I DisplayManagerService: Display device added: DisplayDeviceInfo{"HDMI Screen": uniqueId="local:1", 1024 x 768, modeId 2, defaultModeId 2, supportedModes [{id=2, width=1024, height=768, fps=60.000004}], colorMode 0, supportedColorModes [0], HdrCapabilities android.view.Display$HdrCapabilities@40f16308, density 227, 227.0 x 227.0 dpi, appVsyncOff 1000000, presDeadline 16666666, touch EXTERNAL, rotation 0, type HDMI, address {port=1}, state UNKNOWN, FLAG_SECURE, FLAG_SUPPORTS_PROTECTED_BUFFERS, FLAG_PRESENTATION}
08-20 22:41:52.420   312   339 I DisplayManagerService: Display device changed state: "Built-in Screen", ON
08-20 22:41:52.420   312   339 I DisplayManagerService: Display device changed state: "HDMI Screen", ON
08-20 22:41:52.420   312   312 I SystemServer: StartPackageManagerService
08-20 22:41:52.421   312   312 I Watchdog: Pausing HandlerChecker: main thread for reason: packagemanagermain. Pause count: 1
08-20 22:41:52.441   312   312 D SELinuxMMAC: Using policy file /system/etc/selinux/plat_mac_permissions.xml
08-20 22:41:52.442   312   312 D SELinuxMMAC: Using policy file /vendor/etc/selinux/vendor_mac_permissions.xml
08-20 22:41:52.529   312   312 D PackageManager: Keeping known cache 3c31c9af43b691a189a825266d4dd34f40753210
08-20 22:41:52.560   312   312 W PackageManager: Failed to parse /system/framework/oat: Missing base APK in /system/framework/oat
08-20 22:41:52.561   312   312 W PackageManager: Failed to parse /system/framework/arm64: Missing base APK in /system/framework/arm64
08-20 22:41:52.562   312   312 W PackageManager: Failed to parse /system/framework/arm: Missing base APK in /system/framework/arm
08-20 22:41:52.579   312   312 W PackageManager: Failed to scan /system/priv-app/Gboard: Package com.google.android.inputmethod.latin at /system/priv-app/Gboard ignored: updated version 147678846 better than this 141527433
08-20 22:41:52.591   312   312 W PackageManager: Failed to scan /system/priv-app/Phonesky: Package com.android.vending at /system/priv-app/Phonesky ignored: updated version 84222720 better than this 83032110
08-20 22:41:52.607   312   312 W PackageManager: Failed to scan /system/priv-app/com.google.android.apps.nbu.files: Package com.google.android.apps.nbu.files at /system/priv-app/com.google.android.apps.nbu.files ignored: updated version 954655 better than this 766642
08-20 22:41:52.607   312   312 W PackageManager: Failed to scan /system/priv-app/com.google.android.gms: Package com.google.android.gms at /system/priv-app/com.google.android.gms ignored: updated version 242865022 better than this 240713022
08-20 22:41:52.620   312   312 W PackageManager: Failed to scan /system/app/GoogleTTS: Package com.google.android.tts at /system/app/GoogleTTS ignored: updated version 210497894 better than this 210361249
08-20 22:41:52.629   312   312 I PackageManager: /product/priv-app/Launcher3QuickStep changed; collecting certs
08-20 22:41:52.631   312   312 W PackageManager: Failed to scan /product/priv-app/Launcher3QuickStep: Application package com.android.launcher3 already installed.  Skipping duplicate.
08-20 22:41:52.636   312   312 W PackageManager: Skipping provider name androidx.lifecycle.process.lifecycle-process (in package com.android.systemui): name already used by com.android.settings
08-20 22:41:52.651   312   312 I PackageManager: Finished scanning system apps. Time: 123 ms, packageCount: 126 , timePerPackage: 0 , cached: 132
08-20 22:41:52.658   312   312 W PackageManager: Relax SCAN_REQUIRE_KNOWN requirement for package com.google.android.tts
08-20 22:41:52.665   312   312 W PackageManager: Skipping provider name com.com.xcgop.fileprovider (in package com.com.xcgop): name already used by com.com.xcgop
08-20 22:41:52.665   312   312 W PackageManager: Relax SCAN_REQUIRE_KNOWN requirement for package com.android.vending
08-20 22:41:52.667   312   312 W PackageManager: Relax SCAN_REQUIRE_KNOWN requirement for package com.google.android.inputmethod.latin
08-20 22:41:52.672   312   312 W PackageManager: Relax SCAN_REQUIRE_KNOWN requirement for package com.google.android.apps.nbu.files
08-20 22:41:52.676   312   312 W PackageManager: Relax SCAN_REQUIRE_KNOWN requirement for package com.google.android.gms
08-20 22:41:52.693   312   312 I PackageManager: Finished scanning non-system apps. Time: 42 ms, packageCount: 9 , timePerPackage: 4 , cached: 9
08-20 22:41:52.694   312   312 E PackageManager: There should probably be exactly one storage manager; found 2: matches=[ResolveInfo{7ce9fea com.google.android.apps.nbu.files/.home.HomeActivity p=100 m=0x108000}, ResolveInfo{af92db com.android.storagemanager/.deletionhelper.DeletionHelperActivity m=0x108000}]
08-20 22:41:52.695   312   312 W NineDSpaceManager: warning: no space9d service
08-20 22:41:52.697   312   312 I PackageManager: Time to scan packages: 0.168 seconds
08-20 22:41:52.698   312   312 I PackageManager: Un-granting permission com.google.android.googleapps.permission.GOOGLE_AUTH from package com.android.providers.calendar (protectionLevel=2 flags=0x30083e45)
08-20 22:41:52.698   312   312 I PackageManager: Un-granting permission com.google.android.googleapps.permission.GOOGLE_AUTH.cl from package com.android.providers.calendar (protectionLevel=2 flags=0x30083e45)
08-20 22:41:52.698   312   312 I PackageManager: Un-granting permission android.permission.GLOBAL_SEARCH from package com.android.quicksearchbox (protectionLevel=18 flags=0x3008be45)
08-20 22:41:52.698   312   312 I PackageManager: Un-granting permission android.permission.WRITE_MEDIA_STORAGE from package com.android.soundrecorder (protectionLevel=18 flags=0x3008be45)
08-20 22:41:52.698   312   312 I PackageManager: Un-granting permission android.permission.MOUNT_UNMOUNT_FILESYSTEMS from package com.android.soundrecorder (protectionLevel=18 flags=0x3008be45)
08-20 22:41:52.704   312   312 I PackageManager: Un-granting permission com.google.android.googleapps.permission.GOOGLE_AUTH.mail from package com.android.calendar (protectionLevel=2 flags=0x2009be45)
08-20 22:41:52.705   312   312 I PackageManager: Un-granting permission android.permission.REQUEST_INSTALL_PACKAGES from package com.google.android.apps.nbu.files (protectionLevel=66 flags=0x30cbbec5)
08-20 22:41:52.705   312   312 I PackageManager: Un-granting permission android.permission.REQUEST_INSTALL_PACKAGES from package com.android.chrome (protectionLevel=66 flags=0xa04bbe45)
08-20 22:41:52.706   312   312 I PackageManager: Un-granting permission android.permission.HIDE_NON_SYSTEM_OVERLAY_WINDOWS from package com.google.android.packageinstaller (protectionLevel=258 flags=0x30483e45)
08-20 22:41:52.706   312   312 I PackageManager: Un-granting permission android.permission.MANAGE_APP_OPS_MODES from package com.google.android.packageinstaller (protectionLevel=770 flags=0x30483e45)
08-20 22:41:52.706   312   312 I PackageManager: Un-granting permission android.permission.INTERACT_ACROSS_USERS_FULL from package com.google.android.packageinstaller (protectionLevel=258 flags=0x30483e45)
08-20 22:41:52.717   312   312 I PackageManager: Un-granting permission android.permission.UPDATE_APP_OPS_STATS from package com.google.android.tts (protectionLevel=274 flags=0x344bbec5)
08-20 22:41:52.717   312   312 I PackageManager: Un-granting permission android.permission.START_ACTIVITIES_FROM_BACKGROUND from package com.google.android.tts (protectionLevel=49682 flags=0x344bbec5)
08-20 22:41:52.717   312   312 I PackageManager: Un-granting permission android.permission.MOUNT_UNMOUNT_FILESYSTEMS from package com.com.xcgop (protectionLevel=18 flags=0x3848be44)
08-20 22:41:52.717   312   312 I PackageManager: Un-granting permission android.permission.INTERACT_ACROSS_USERS_FULL from package com.com.xcgop (protectionLevel=258 flags=0x3848be44)
08-20 22:41:52.717   312   312 I PackageManager: Un-granting permission android.permission.WRITE_SETTINGS from package com.com.xcgop (protectionLevel=1218 flags=0x3848be44)
08-20 22:41:52.717   312   312 I PackageManager: Un-granting permission android.permission.ACCESS_MOCK_LOCATION from package com.com.xcgop (protectionLevel=2 flags=0x3848be44)
08-20 22:41:52.717   312   312 I PackageManager: Un-granting permission android.permission.REQUEST_INSTALL_PACKAGES from package com.com.xcgop (protectionLevel=66 flags=0x3848be44)
08-20 22:41:52.717   312   312 I PackageManager: Un-granting permission android.permission.READ_PRIVILEGED_PHONE_STATE from package com.com.xcgop (protectionLevel=18 flags=0x3848be44)
08-20 22:41:52.717   312   312 I PackageManager: Un-granting permission android.permission.DIAGNOSTIC from package com.com.xcgop (protectionLevel=2 flags=0x3848be44)
08-20 22:41:52.717   312   312 I PackageManager: Un-granting permission android.permission.ACCESS_CACHE_FILESYSTEM from package com.com.xcgop (protectionLevel=18 flags=0x3848be44)
08-20 22:41:52.718   312   312 I PackageManager: Un-granting permission android.permission.MOUNT_UNMOUNT_FILESYSTEMS from package com.gopfz (protectionLevel=18 flags=0x3848be44)
08-20 22:41:52.718   312   312 I PackageManager: Un-granting permission android.permission.INTERACT_ACROSS_USERS_FULL from package com.gopfz (protectionLevel=258 flags=0x3848be44)
08-20 22:41:52.718   312   312 I PackageManager: Un-granting permission android.permission.WRITE_SETTINGS from package com.gopfz (protectionLevel=1218 flags=0x3848be44)
08-20 22:41:52.718   312   312 I PackageManager: Un-granting permission android.permission.ACCESS_MOCK_LOCATION from package com.gopfz (protectionLevel=2 flags=0x3848be44)
08-20 22:41:52.718   312   312 I PackageManager: Un-granting permission android.permission.REQUEST_INSTALL_PACKAGES from package com.gopfz (protectionLevel=66 flags=0x3848be44)
08-20 22:41:52.718   312   312 I PackageManager: Un-granting permission android.permission.READ_PRIVILEGED_PHONE_STATE from package com.gopfz (protectionLevel=18 flags=0x3848be44)
08-20 22:41:52.718   312   312 I PackageManager: Un-granting permission android.permission.DIAGNOSTIC from package com.gopfz (protectionLevel=2 flags=0x3848be44)
08-20 22:41:52.718   312   312 I PackageManager: Un-granting permission android.permission.ACCESS_CACHE_FILESYSTEM from package com.gopfz (protectionLevel=18 flags=0x3848be44)
08-20 22:41:52.720   312   312 V PackageManager: reconcileAppsData for null u0 0x3 migrateAppData=true
08-20 22:41:52.738   312   312 V PackageManager: reconcileAppsData finished 19 packages
08-20 22:41:52.877   312   312 I Watchdog: Resuming HandlerChecker: main thread for reason: packagemanagermain. Pause count: 0
08-20 22:41:52.878   312   312 I SystemServer: StartOtaDexOptService
08-20 22:41:52.878   312   312 I Watchdog: Pausing HandlerChecker: main thread for reason: moveab. Pause count: 1
08-20 22:41:52.878   312   312 D OTADexopt: No upgrade, skipping A/B artifacts check.
08-20 22:41:52.878   312   312 I Watchdog: Resuming HandlerChecker: main thread for reason: moveab. Pause count: 0
08-20 22:41:52.878   312   312 I SystemServer: StartUserManagerService
08-20 22:41:52.878   312   312 I SystemServiceManager: Starting com.android.server.pm.UserManagerService$LifeCycle
08-20 22:41:52.878   312   312 I SystemServer: InitAttributerCache
08-20 22:41:52.878   312   312 I SystemServer: SetSystemProcess
08-20 22:41:52.885   312   312 I SystemServer: InitWatchdog
08-20 22:41:52.887   312   312 I SystemServer: StartOverlayManagerService
08-20 22:41:52.897   213   274 I storaged: storaged: Start
08-20 22:41:52.946   312   312 I SystemServer: StartSensorPrivacyService
08-20 22:41:52.947   312   312 I SystemServer: StartBatteryService
08-20 22:41:52.947   312   312 I SystemServiceManager: Starting com.android.server.BatteryService
08-20 22:41:52.983   312   350 E KernelCpuUidFreqTimeReader: Failed to read /proc/uid_time_in_state: java.nio.file.NoSuchFileException: /proc/uid_time_in_state
08-20 22:41:52.984   312   350 E KernelCpuUidFreqTimeReader: Failed to read /proc/uid_time_in_state: java.nio.file.NoSuchFileException: /proc/uid_time_in_state
08-20 22:41:52.990   312   312 I HealthServiceWrapper: health: HealthServiceWrapper listening to instance default
08-20 22:41:52.990   312   312 I BatteryService: health: Waited 0ms and received the update.
08-20 22:41:52.999   312   312 I SystemServer: StartUsageService
08-20 22:41:52.999   312   312 I SystemServiceManager: Starting com.android.server.usage.UsageStatsService
08-20 22:41:53.013   312   388 I PackageManager: Deferred reconcileAppsData finished 116 packages
08-20 22:41:53.027   312   312 I UsageStatsService: User[0] Rollover scheduled @ 2024-08-21 21:30:40(1724247040681)
08-20 22:41:53.028   312   312 I SystemServer: StartWebViewUpdateService
08-20 22:41:53.028   312   312 I SystemServiceManager: Starting com.android.server.webkit.WebViewUpdateService
08-20 22:41:53.033   312   312 I SystemServer: StartCachedDeviceStateService
08-20 22:41:53.033   312   312 I SystemServiceManager: Starting com.android.server.CachedDeviceStateService
08-20 22:41:53.033   312   312 I SystemServer: StartBinderCallsStatsService
08-20 22:41:53.033   312   312 I SystemServiceManager: Starting com.android.server.BinderCallsStatsService$LifeCycle
08-20 22:41:53.033   312   312 I SystemServer: StartLooperStatsService
08-20 22:41:53.033   312   312 I SystemServiceManager: Starting com.android.server.LooperStatsService$Lifecycle
08-20 22:41:53.034   312   312 I SystemServer: StartRollbackManagerService
08-20 22:41:53.034   312   312 I SystemServiceManager: Starting com.android.server.rollback.RollbackManagerService
08-20 22:41:53.039   312   312 I SystemServer: StartBugreportManagerService
08-20 22:41:53.039   312   312 I SystemServiceManager: Starting com.android.server.os.BugreportManagerService
08-20 22:41:53.039   312   312 I SystemServer: GpuService
08-20 22:41:53.039   312   312 I SystemServiceManager: Starting com.android.server.gpu.GpuService
08-20 22:41:53.039   312   312 I SystemServer: StartKeyAttestationApplicationIdProviderService
08-20 22:41:53.039   312   401 I SystemServer: SecondaryZygotePreload
08-20 22:41:53.041   312   312 I SystemServer: StartKeyChainSystemService
08-20 22:41:53.041   312   312 I SystemServiceManager: Starting com.android.server.security.KeyChainSystemService
08-20 22:41:53.041   312   312 I SystemServer: StartSchedulingPolicyService
08-20 22:41:53.042   312   312 I SystemServer: StartTelecomLoaderService
08-20 22:41:53.042   312   312 I SystemServiceManager: Starting com.android.server.telecom.TelecomLoaderService
08-20 22:41:53.042   312   312 I SystemServer: StartTelephonyRegistry
08-20 22:41:53.042   312   312 I SystemServer: StartEntropyMixer
08-20 22:41:53.043   312   312 I EntropyMixer: Writing entropy...
08-20 22:41:53.057   312   312 I SystemServer: StartAccountManagerService
08-20 22:41:53.057   312   312 I SystemServiceManager: Starting com.android.server.accounts.AccountManagerService$Lifecycle
08-20 22:41:53.060   312   312 I SystemServer: StartContentService
08-20 22:41:53.060   312   312 I SystemServiceManager: Starting com.android.server.content.ContentService$Lifecycle
08-20 22:41:53.062   312   312 I SystemServer: InstallSystemProviders
08-20 22:41:53.095   312   312 I SettingsState: No settings state /data/system/users/0/settings_ssaid.xml
08-20 22:41:53.095   312   312 I SettingsState: directory info for directory/file /data/system/users/0/settings_ssaid.xml with stacktrace 
08-20 22:41:53.095   312   312 I SettingsState: java.lang.Exception
08-20 22:41:53.095   312   312 I SettingsState: 	at com.android.providers.settings.SettingsState.logSettingsDirectoryInformation(SettingsState.java:753)
08-20 22:41:53.095   312   312 I SettingsState: 	at com.android.providers.settings.SettingsState.readStateSyncLocked(SettingsState.java:852)
08-20 22:41:53.095   312   312 I SettingsState: 	at com.android.providers.settings.SettingsState.<init>(SettingsState.java:277)
08-20 22:41:53.095   312   312 I SettingsState: 	at com.android.providers.settings.SettingsProvider$SettingsRegistry.ensureSettingsStateLocked(SettingsProvider.java:2631)
08-20 22:41:53.095   312   312 I SettingsState: 	at com.android.providers.settings.SettingsProvider$SettingsRegistry.ensureSettingsForUserLocked(SettingsProvider.java:2619)
08-20 22:41:53.095   312   312 I SettingsState: 	at com.android.providers.settings.SettingsProvider$SettingsRegistry.peekSettingsStateLocked(SettingsProvider.java:2909)
08-20 22:41:53.095   312   312 I SettingsState: 	at com.android.providers.settings.SettingsProvider$SettingsRegistry.getSettingsNamesLocked(SettingsProvider.java:2561)
08-20 22:41:53.095   312   312 I SettingsState: 	at com.android.providers.settings.SettingsProvider$SettingsRegistry.syncSsaidTableOnStart(SettingsProvider.java:2543)
08-20 22:41:53.095   312   312 I SettingsState: 	at com.android.providers.settings.SettingsProvider$SettingsRegistry.<init>(SettingsProvider.java:2439)
08-20 22:41:53.095   312   312 I SettingsState: 	at com.android.providers.settings.SettingsProvider.onCreate(SettingsProvider.java:333)
08-20 22:41:53.095   312   312 I SettingsState: 	at android.content.ContentProvider.attachInfo(ContentProvider.java:2092)
08-20 22:41:53.095   312   312 I SettingsState: 	at android.content.ContentProvider.attachInfo(ContentProvider.java:2066)
08-20 22:41:53.095   312   312 I SettingsState: 	at android.app.ActivityThread.installProvider(ActivityThread.java:7065)
08-20 22:41:53.095   312   312 I SettingsState: 	at android.app.ActivityThread.installContentProviders(ActivityThread.java:6610)
08-20 22:41:53.095   312   312 I SettingsState: 	at android.app.ActivityThread.installSystemProviders(ActivityThread.java:7251)
08-20 22:41:53.095   312   312 I SettingsState: 	at com.android.server.am.ActivityManagerService.installSystemProviders(ActivityManagerService.java:7659)
08-20 22:41:53.095   312   312 I SettingsState: 	at com.android.server.SystemServer.startOtherServices(SystemServer.java:984)
08-20 22:41:53.095   312   312 I SettingsState: 	at com.android.server.SystemServer.run(SystemServer.java:514)
08-20 22:41:53.095   312   312 I SettingsState: 	at com.android.server.SystemServer.main(SystemServer.java:351)
08-20 22:41:53.095   312   312 I SettingsState: 	at java.lang.reflect.Method.invoke(Native Method)
08-20 22:41:53.095   312   312 I SettingsState: 	at com.android.internal.os.RuntimeInit$MethodAndArgsCaller.run(RuntimeInit.java:492)
08-20 22:41:53.095   312   312 I SettingsState: 	at com.android.internal.os.ZygoteInit.main(ZygoteInit.java:908)
08-20 22:41:53.095   312   312 I SettingsState: ancestor directory /data/system/users/0 exists
08-20 22:41:53.095   312   312 I SettingsState: ancestor directory /data/system/users/0 permissions: r: true w: true x: true
08-20 22:41:53.095   312   312 I SettingsState: ancestor's parent directory /data/system/users permissions: r: true w: true x: true
08-20 22:41:53.098   312   312 W NineDSpaceManager: warning: no space9d service
08-20 22:41:53.128   312   312 I chatty  : uid=1000 system_server identical 42 lines
08-20 22:41:53.128   312   312 W NineDSpaceManager: warning: no space9d service
08-20 22:41:53.128   312   312 I SystemServer: StartDropBoxManager
08-20 22:41:53.128   312   312 I SystemServiceManager: Starting com.android.server.DropBoxManagerService
08-20 22:41:53.128   312   312 I SystemServer: StartVibratorService
08-20 22:41:53.137   312   312 I SystemServer: StartDynamicSystemService
08-20 22:41:53.138   312   312 I SystemServer: StartConsumerIrService
08-20 22:41:53.138   312   312 I SystemServer: StartAlarmManagerService
08-20 22:41:53.152   312   312 I SystemServer: StartInputManagerService
08-20 22:41:53.153   312   312 I InputManager: Initializing input manager, mUseDevInputEventForAudioJack=false
08-20 22:41:53.155   312   312 I SystemServer: StartWindowManagerService
08-20 22:41:53.157   312   339 I WindowManager: No existing display settings, starting empty
08-20 22:41:53.159   312   339 W NineDSpaceManager: warning: no space9d service
08-20 22:41:53.174   312   339 I chatty  : uid=1000(system) android.display identical 6 lines
08-20 22:41:53.174   312   339 W NineDSpaceManager: warning: no space9d service
08-20 22:41:53.178   312   312 I SystemServer: SetWindowManagerService
08-20 22:41:53.192   312   312 W NineDSpaceManager: warning: no space9d service
08-20 22:41:53.197   312   312 I chatty  : uid=1000 system_server identical 1 line
08-20 22:41:53.199   312   312 W NineDSpaceManager: warning: no space9d service
08-20 22:41:53.260   312   312 I SystemServer: WindowManagerServiceOnInitReady
08-20 22:41:53.264   312   337 W NineDSpaceManager: warning: no space9d service
08-20 22:41:53.271   312   337 I chatty  : uid=1000(system) android.ui identical 14 lines
08-20 22:41:53.271   312   337 W NineDSpaceManager: warning: no space9d service
08-20 22:41:53.280   312   312 I SystemServer: StartInputManager
08-20 22:41:53.280   312   312 I InputManager: Starting input manager
08-20 22:41:53.282   312   312 W NineDSpaceManager: warning: no space9d service
08-20 22:41:53.285   312   312 I chatty  : uid=1000 system_server identical 3 lines
08-20 22:41:53.285   312   312 W NineDSpaceManager: warning: no space9d service
08-20 22:41:53.286   312   312 I SystemServer: DisplayManagerWindowManagerAndInputReady
08-20 22:41:53.286   312   312 I SystemServer: StartBluetoothService
08-20 22:41:53.286   312   312 I SystemServiceManager: Starting com.android.server.BluetoothService
08-20 22:41:53.288   312   312 D BluetoothManagerService: Loading stored name and address
08-20 22:41:53.290   312   312 W NineDSpaceManager: warning: no space9d service
08-20 22:41:53.290   312   312 W NineDSpaceManager: warning: no space9d service
08-20 22:41:53.290   312   312 D BluetoothManagerService: Stored bluetooth Name=null,Address=null
08-20 22:41:53.292   312   312 W NineDSpaceManager: warning: no space9d service
08-20 22:41:53.293   312   312 D BluetoothManagerService: Bluetooth persisted state: 0
08-20 22:41:53.293   312   312 W NineDSpaceManager: warning: no space9d service
08-20 22:41:53.293   312   312 D BluetoothManagerService: Detected SystemUiUid: 10086
08-20 22:41:53.293   312   312 I SystemServer: IpConnectivityMetrics
08-20 22:41:53.293   312   312 I SystemServiceManager: Starting com.android.server.connectivity.IpConnectivityMetrics
08-20 22:41:53.294   312   312 W NineDSpaceManager: warning: no space9d service
08-20 22:41:53.294   312   312 I SystemServer: NetworkWatchlistService
08-20 22:41:53.294   312   312 I SystemServiceManager: Starting com.android.server.net.watchlist.NetworkWatchlistService$Lifecycle
08-20 22:41:53.301   312   312 W NineDSpaceManager: warning: no space9d service
08-20 22:41:53.306   312   312 I WatchlistSettings: Reload watchlist settings done
08-20 22:41:53.315   312   312 I SystemServer: PinnerService
08-20 22:41:53.315   312   312 I SystemServiceManager: Starting com.android.server.PinnerService
08-20 22:41:53.315   312   411 W NineDSpaceManager: warning: no space9d service
08-20 22:41:53.315   312   411 I WatchlistLoggingHandler: No need to aggregate record yet.
08-20 22:41:53.315   312   411 I WatchlistLoggingHandler: Milliseconds spent on tryAggregateRecords(): 4
08-20 22:41:53.316   312   312 I SystemServer: SignedConfigService
08-20 22:41:53.319   312   312 W NineDSpaceManager: warning: no space9d service
08-20 22:41:53.319   312   312 I SystemServer: StartInputMethodManagerLifecycle
08-20 22:41:53.319   312   312 I SystemServiceManager: Starting com.android.server.inputmethod.InputMethodManagerService$Lifecycle
08-20 22:41:53.335   312   312 W NineDSpaceManager: warning: no space9d service
08-20 22:41:53.338   312   312 I SystemServer: StartAccessibilityManagerService
08-20 22:41:53.338   312   312 I SystemServiceManager: Starting com.android.server.accessibility.AccessibilityManagerService$Lifecycle
08-20 22:41:53.342   312   312 I SystemServer: MakeDisplayReady
08-20 22:41:53.345   312   312 W NineDSpaceManager: warning: no space9d service
08-20 22:41:53.347   312   312 I chatty  : uid=1000 system_server identical 1 line
08-20 22:41:53.351   312   312 W NineDSpaceManager: warning: no space9d service
08-20 22:41:53.357   312   312 I ActivityTaskManager: Config changes=20005df8 {1.0 ?mcc?mnc [en_US] ldltr sw360dp w360dp h616dp 320dpi nrml long port ?uimode ?night finger -keyb/v/h -nav/h winConfig={ mBounds=Rect(0, 0 - 720, 1280) mAppBounds=Rect(0, 0 - 720, 1280) mWindowingMode=fullscreen mDisplayWindowingMode=fullscreen mActivityType=undefined mAlwaysOnTop=undefined mRotation=ROTATION_0} s.2}
08-20 22:41:53.358   312   312 W NineDSpaceManager: warning: no space9d service
08-20 22:41:53.361   312   312 I ActivityTaskManager: Override config changes=60007dfc {1.0 ?mcc?mnc [en_US] ldltr sw360dp w360dp h616dp 320dpi nrml long port ?uimode ?night finger -keyb/v/h -nav/h winConfig={ mBounds=Rect(0, 0 - 720, 1280) mAppBounds=Rect(0, 0 - 720, 1280) mWindowingMode=fullscreen mDisplayWindowingMode=fullscreen mActivityType=undefined mAlwaysOnTop=undefined mRotation=ROTATION_0} s.2} for displayId=0
08-20 22:41:53.367   312   312 W LocalDisplayAdapter: Requested mode ID 0 not available, dropping from allowed set.
08-20 22:41:53.370   312   312 I SystemServer: StartStorageManagerService
08-20 22:41:53.370   312   312 I SystemServiceManager: Starting com.android.server.StorageManagerService$Lifecycle
08-20 22:41:53.419   312   412 D StorageManagerService: Thinking about init, mBootCompleted=false, mDaemonConnected=true
08-20 22:41:53.419   312   412 D StorageManagerService: Thinking about reset, mBootCompleted=false, mDaemonConnected=true
08-20 22:41:53.419   312   312 I SystemServer: StartStorageStatsService
08-20 22:41:53.419   312   312 I SystemServiceManager: Starting com.android.server.usage.StorageStatsService$Lifecycle
08-20 22:41:53.424   312   312 I SystemServer: StartUiModeManager
08-20 22:41:53.424   312   312 I SystemServiceManager: Starting com.android.server.UiModeManagerService
08-20 22:41:53.424   312   338 W NineDSpaceManager: warning: no space9d service
08-20 22:41:53.424   312   312 W NineDSpaceManager: warning: no space9d service
08-20 22:41:53.425   312   312 I chatty  : uid=1000 system_server identical 1 line
08-20 22:41:53.430   312   312 W NineDSpaceManager: warning: no space9d service
08-20 22:41:53.432   312   312 I SystemServer: UpdatePackagesIfNeeded
08-20 22:41:53.432   312   312 I Watchdog: Pausing HandlerChecker: main thread for reason: dexopt. Pause count: 1
08-20 22:41:53.432   312   312 I Watchdog: Resuming HandlerChecker: main thread for reason: dexopt. Pause count: 0
08-20 22:41:53.432   312   312 I SystemServer: PerformFstrimIfNeeded
08-20 22:41:53.437   312   413 I ActivityTaskManager: Config changes=200 {1.0 ?mcc?mnc [en_US] ldltr sw360dp w360dp h616dp 320dpi nrml long port finger -keyb/v/h -nav/h winConfig={ mBounds=Rect(0, 0 - 720, 1280) mAppBounds=Rect(0, 0 - 720, 1280) mWindowingMode=fullscreen mDisplayWindowingMode=fullscreen mActivityType=undefined mAlwaysOnTop=undefined mRotation=ROTATION_0} s.4}
08-20 22:41:53.440   312   312 W NineDSpaceManager: warning: no space9d service
08-20 22:41:53.440   312   312 I SystemServer: StartLockSettingsService
08-20 22:41:53.440   312   312 I SystemServiceManager: Starting com.android.server.locksettings.LockSettingsService$Lifecycle
08-20 22:41:53.454   312   312 W NineDSpaceManager: warning: no space9d service
08-20 22:41:53.463   312   312 I SystemServer: StartTestHarnessMode
08-20 22:41:53.463   312   312 I SystemServiceManager: Starting com.android.server.testharness.TestHarnessModeService
08-20 22:41:53.465   312   413 I ActivityTaskManager: Override config changes=200 {1.0 ?mcc?mnc [en_US] ldltr sw360dp w360dp h616dp 320dpi nrml long port finger -keyb/v/h -nav/h winConfig={ mBounds=Rect(0, 0 - 720, 1280) mAppBounds=Rect(0, 0 - 720, 1280) mWindowingMode=fullscreen mDisplayWindowingMode=fullscreen mActivityType=undefined mAlwaysOnTop=undefined mRotation=ROTATION_0} s.4} for displayId=0
08-20 22:41:53.473   312   312 I OemLock : OemLock HAL not present on device
08-20 22:41:53.473   312   312 I SystemServer: StartDeviceIdleController
08-20 22:41:53.473   312   312 I SystemServiceManager: Starting com.android.server.DeviceIdleController
08-20 22:41:53.474   312   312 W NineDSpaceManager: warning: no space9d service
08-20 22:41:53.475   312   312 I SystemServer: StartDevicePolicyManager
08-20 22:41:53.475   312   312 I SystemServiceManager: Starting com.android.server.devicepolicy.DevicePolicyManagerService$Lifecycle
08-20 22:41:53.476   312   312 W NineDSpaceManager: warning: no space9d service
08-20 22:41:53.478   312   312 I SystemServer: StartStatusBarManagerService
08-20 22:41:53.479   312   312 W NineDSpaceManager: warning: no space9d service
08-20 22:41:53.479   312   312 D SystemServer: ContentCaptureService disabled because resource is not overlaid
08-20 22:41:53.479   312   312 D SystemServer: AttentionService is not configured on this device
08-20 22:41:53.479   312   312 D SystemServer: SystemCaptionsManagerService disabled because resource is not overlaid
08-20 22:41:53.479   312   312 D SystemServer: AppPredictionService not defined by OEM
08-20 22:41:53.479   312   312 D SystemServer: ContentSuggestionsService not defined by OEM
08-20 22:41:53.479   312   312 I SystemServer: InitNetworkStackClient
08-20 22:41:53.479   312   312 I SystemServer: StartNetworkManagementService
08-20 22:41:53.486   312   312 I SystemServer: StartIpSecService
08-20 22:41:53.488   312   312 I SystemServer: StartTextServicesManager
08-20 22:41:53.488   312   312 I SystemServiceManager: Starting com.android.server.textservices.TextServicesManagerService$Lifecycle
08-20 22:41:53.493   312   312 I SystemServer: StartTextClassificationManagerService
08-20 22:41:53.493   312   312 I SystemServiceManager: Starting com.android.server.textclassifier.TextClassificationManagerService$Lifecycle
08-20 22:41:53.494   312   312 I SystemServer: StartNetworkScoreService
08-20 22:41:53.495   312   312 I SystemServiceManager: Starting com.android.server.NetworkScoreService$Lifecycle
08-20 22:41:53.496   312   312 I SystemServer: StartNetworkStatsService
08-20 22:41:53.502   312   312 I SystemServer: StartNetworkPolicyManagerService
08-20 22:41:53.506   312   312 I SystemServer: StartWifi
08-20 22:41:53.507   312   312 I SystemServiceManager: Starting com.android.server.wifi.WifiService
08-20 22:41:53.535   312   312 W NineDSpaceManager: warning: no space9d service
08-20 22:41:53.659   312   312 I chatty  : uid=1000 system_server identical 26 lines
08-20 22:41:53.660   312   312 W NineDSpaceManager: warning: no space9d service
08-20 22:41:53.663   312   312 I SystemServer: StartWifiScanning
08-20 22:41:53.663   312   312 I SystemServiceManager: Starting com.android.server.wifi.scanner.WifiScanningService
08-20 22:41:53.664   312   312 I SystemServer: StartWifiP2P
08-20 22:41:53.665   312   312 I SystemServiceManager: Starting com.android.server.wifi.p2p.WifiP2pService
08-20 22:41:53.668   312   312 I SystemServer: StartEthernet
08-20 22:41:53.669   312   312 I SystemServiceManager: Starting com.android.server.ethernet.EthernetService
08-20 22:41:53.669   312   312 I SystemServer: StartConnectivityService
08-20 22:41:53.670   312   312 D ConnectivityService: ConnectivityService starting up
08-20 22:41:53.671   312   312 W NineDSpaceManager: warning: no space9d service
08-20 22:41:53.672   312   312 D ConnectivityService: wifiOnly=false
08-20 22:41:53.673   312   312 W NineDSpaceManager: warning: no space9d service
08-20 22:41:53.683   312   312 I chatty  : uid=1000 system_server identical 3 lines
08-20 22:41:53.683   312   312 W NineDSpaceManager: warning: no space9d service
08-20 22:41:53.685   312   312 I SystemServer: StartNsdService
08-20 22:41:53.687   312   312 W NineDSpaceManager: warning: no space9d service
08-20 22:41:53.687   312   312 D NsdService: Network service discovery is enabled
08-20 22:41:53.688   312   312 I SystemServer: StartSystemUpdateManagerService
08-20 22:41:53.688   312   312 I SystemUpdateManagerService: No existing info file /data/system/system-update-info.xml
08-20 22:41:53.688   312   312 I SystemServer: StartUpdateLockService
08-20 22:41:53.739   312   312 I SystemServer: StartNotificationManager
08-20 22:41:53.739   312   312 I SystemServiceManager: Starting com.android.server.notification.NotificationManagerService
08-20 22:41:53.741   312   312 W NineDSpaceManager: warning: no space9d service
08-20 22:41:53.742   312   312 D ConditionProviders.SCP: new ScheduleConditionProvider()
08-20 22:41:53.743   312   312 W NineDSpaceManager: warning: no space9d service
08-20 22:41:53.743   312   312 I chatty  : uid=1000 system_server identical 1 line
08-20 22:41:53.744   312   312 W NineDSpaceManager: warning: no space9d service
08-20 22:41:53.746   312   312 I NotificationListeners: Read notification listener permissions from xml
08-20 22:41:53.746   312   312 I NotificationAssistants: Read notification assistant permissions from xml
08-20 22:41:53.746   312   312 I ConditionProviders: Read condition provider permissions from xml
08-20 22:41:53.746   312   312 I ConditionProviders: Read condition provider permissions from xml
08-20 22:41:53.746   312   312 D NotificationAssistants: Approving default notification assistant for user 0
08-20 22:41:53.746   312   312 W NineDSpaceManager: warning: no space9d service
08-20 22:41:53.746   312   312 I ConditionProviders:  Allowing condition provider android.ext.services/android.ext.services.notification.Assistant
08-20 22:41:53.746   312   312 D NotificationService: Set default NAS to be android.ext.services/android.ext.services.notification.Assistant in 0
08-20 22:41:53.747   312   312 W NineDSpaceManager: warning: no space9d service
08-20 22:41:53.747   312   312 W NineDSpaceManager: warning: no space9d service
08-20 22:41:53.750   312   312 I SystemServer: StartDeviceMonitor
08-20 22:41:53.750   312   312 I SystemServiceManager: Starting com.android.server.storage.DeviceStorageMonitorService
08-20 22:41:53.752   312   338 W NineDSpaceManager: warning: no space9d service
08-20 22:41:53.753   312   338 I chatty  : uid=1000(system) android.io identical 1 line
08-20 22:41:53.753   312   338 W NineDSpaceManager: warning: no space9d service
08-20 22:41:53.755   312   312 I SystemServer: StartLocationManagerService
08-20 22:41:53.755   312   431 W NineDSpaceManager: warning: no space9d service
08-20 22:41:53.755   312   312 I SystemServer: StartCountryDetectorService
08-20 22:41:53.755   312   431 W NineDSpaceManager: warning: no space9d service
08-20 22:41:53.755   312   312 I SystemServer: StartTimeDetectorService
08-20 22:41:53.755   312   312 I SystemServiceManager: Starting com.android.server.timedetector.TimeDetectorService$Lifecycle
08-20 22:41:53.755   312   431 W NineDSpaceManager: warning: no space9d service
08-20 22:41:53.755   312   312 I SystemServer: StartSearchManagerService
08-20 22:41:53.755   312   312 I SystemServiceManager: Starting com.android.server.search.SearchManagerService$Lifecycle
08-20 22:41:53.756   312   312 I SystemServer: StartWallpaperManagerService
08-20 22:41:53.756   312   312 I SystemServiceManager: Starting com.android.server.wallpaper.WallpaperManagerService$Lifecycle
08-20 22:41:53.757   312   312 I SystemServer: StartAudioService
08-20 22:41:53.757   312   312 I SystemServiceManager: Starting com.android.server.audio.AudioService$Lifecycle
08-20 22:41:53.766   312   338 W NineDSpaceManager: warning: no space9d service
08-20 22:41:53.767   312   338 I chatty  : uid=1000(system) android.io identical 1 line
08-20 22:41:53.767   312   338 W NineDSpaceManager: warning: no space9d service
08-20 22:41:53.768   312   312 W NineDSpaceManager: warning: no space9d service
08-20 22:41:53.840   312   312 I chatty  : uid=1000 system_server identical 273 lines
08-20 22:41:53.840   312   312 W NineDSpaceManager: warning: no space9d service
08-20 22:41:53.859   312   312 I SystemServer: StartDockObserver
08-20 22:41:53.859   312   312 I SystemServiceManager: Starting com.android.server.DockObserver
08-20 22:41:53.859   312   312 W DockObserver: This kernel does not have dock station support
08-20 22:41:53.859   312   312 I SystemServer: StartWiredAccessoryManager
08-20 22:41:53.860   312   312 W WiredAccessoryManager: This kernel does not have wired headset support
08-20 22:41:53.860   312   312 W WiredAccessoryManager: This kernel does not have usb audio support
08-20 22:41:53.860   312   312 W WiredAccessoryManager: This kernel does not have HDMI audio support
08-20 22:41:53.860   312   312 I SystemServer: StartAdbService
08-20 22:41:53.860   312   312 I SystemServiceManager: Starting com.android.server.adb.AdbService$Lifecycle
08-20 22:41:53.861   312   312 I SystemServer: StartUsbService
08-20 22:41:53.862   312   312 I SystemServiceManager: Starting com.android.server.usb.UsbService$Lifecycle
08-20 22:41:53.863   312   312 E UsbDeviceManager: failed to write to /sys/class/android_usb/android0/f_rndis/ethaddr
08-20 22:41:53.864   312   312 I UsbDeviceManager: USB GADGET HAL not present in the device
08-20 22:41:53.864   312   312 I UsbDeviceManager: java.util.NoSuchElementException
08-20 22:41:53.864   312   312 I UsbDeviceManager: 	at android.os.HwBinder.getService(Native Method)
08-20 22:41:53.864   312   312 I UsbDeviceManager: 	at android.hardware.usb.gadget.V1_0.IUsbGadget.getService(IUsbGadget.java:55)
08-20 22:41:53.864   312   312 I UsbDeviceManager: 	at android.hardware.usb.gadget.V1_0.IUsbGadget.getService(IUsbGadget.java:62)
08-20 22:41:53.864   312   312 I UsbDeviceManager: 	at com.android.server.usb.UsbDeviceManager.<init>(UsbDeviceManager.java:262)
08-20 22:41:53.864   312   312 I UsbDeviceManager: 	at com.android.server.usb.UsbService.<init>(UsbService.java:150)
08-20 22:41:53.864   312   312 I UsbDeviceManager: 	at com.android.server.usb.UsbService$Lifecycle.onStart(UsbService.java:84)
08-20 22:41:53.864   312   312 I UsbDeviceManager: 	at com.android.server.SystemServiceManager.startService(SystemServiceManager.java:130)
08-20 22:41:53.864   312   312 I UsbDeviceManager: 	at com.android.server.SystemServiceManager.startService(SystemServiceManager.java:117)
08-20 22:41:53.864   312   312 I UsbDeviceManager: 	at com.android.server.SystemServiceManager.startService(SystemServiceManager.java:76)
08-20 22:41:53.864   312   312 I UsbDeviceManager: 	at com.android.server.SystemServer.startOtherServices(SystemServer.java:1559)
08-20 22:41:53.864   312   312 I UsbDeviceManager: 	at com.android.server.SystemServer.run(SystemServer.java:514)
08-20 22:41:53.864   312   312 I UsbDeviceManager: 	at com.android.server.SystemServer.main(SystemServer.java:351)
08-20 22:41:53.864   312   312 I UsbDeviceManager: 	at java.lang.reflect.Method.invoke(Native Method)
08-20 22:41:53.864   312   312 I UsbDeviceManager: 	at com.android.internal.os.RuntimeInit$MethodAndArgsCaller.run(RuntimeInit.java:492)
08-20 22:41:53.864   312   312 I UsbDeviceManager: 	at com.android.internal.os.ZygoteInit.main(ZygoteInit.java:908)
08-20 22:41:53.864   312   312 E UsbDeviceManager: Failed to open control for mtp
08-20 22:41:53.864   312   312 E UsbDeviceManager: Failed to open control for ptp
08-20 22:41:53.877   312   312 W StorageManagerService: No primary storage defined yet; hacking together a stub
08-20 22:41:53.879   312   312 E UsbDeviceManager: Error initializing UsbHandler
08-20 22:41:53.879   312   312 E UsbDeviceManager: java.io.FileNotFoundException: /sys/class/android_usb/android0/state: open failed: ENOENT (No such file or directory)
08-20 22:41:53.879   312   312 E UsbDeviceManager: 	at libcore.io.IoBridge.open(IoBridge.java:496)
08-20 22:41:53.879   312   312 E UsbDeviceManager: 	at java.io.FileInputStream.<init>(FileInputStream.java:159)
08-20 22:41:53.879   312   312 E UsbDeviceManager: 	at android.os.FileUtils.readTextFile(FileUtils.java:614)
08-20 22:41:53.879   312   312 E UsbDeviceManager: 	at com.android.server.usb.UsbDeviceManager$UsbHandlerLegacy.<init>(UsbDeviceManager.java:1372)
08-20 22:41:53.879   312   312 E UsbDeviceManager: 	at com.android.server.usb.UsbDeviceManager.<init>(UsbDeviceManager.java:286)
08-20 22:41:53.879   312   312 E UsbDeviceManager: 	at com.android.server.usb.UsbService.<init>(UsbService.java:150)
08-20 22:41:53.879   312   312 E UsbDeviceManager: 	at com.android.server.usb.UsbService$Lifecycle.onStart(UsbService.java:84)
08-20 22:41:53.879   312   312 E UsbDeviceManager: 	at com.android.server.SystemServiceManager.startService(SystemServiceManager.java:130)
