08-20 22:42:16.870   312   346 W ActivityManager: Slow operation: 1014ms so far, now at startProcess: building log message
08-20 22:42:16.870   312   346 I ActivityManager: Start proc 2166:com.android.permissioncontroller/u0a51 for broadcast {com.android.permissioncontroller/com.android.packageinstaller.permission.service.LocationAccessCheck$SetupPeriodicBackgroundLocationAccessCheck}
08-20 22:42:16.870   312   346 W ActivityManager: Slow operation: 1014ms so far, now at startProcess: starting to update pids map
08-20 22:42:16.870   312   346 W ActivityManager: Slow operation: 1014ms so far, now at startProcess: done updating pids map
08-20 22:42:16.962  1109  1259 V Space   : s9_sock-----handleClient-Received message: prop:0
08-20 22:42:16.962  1109  1259 W Space   : send warn: remove ? android.net.LocalSocket@86bc96b impl:android.net.LocalSocketImpl@1058cc8 fd:java.io.FileDescriptor@af21161
08-20 22:42:17.980  1109  1259 V Space   : closeClient: android.net.LocalSocket@86bc96b impl:android.net.LocalSocketImpl@1058cc8 fd:java.io.FileDescriptor@af21161, reason: reached the end
08-20 22:42:17.987   312   346 W ActivityManager: Slow operation: 1030ms so far, now at startProcess: returned from zygote!
08-20 22:42:17.988   312   346 W ActivityManager: Slow operation: 1031ms so far, now at startProcess: done updating battery stats
08-20 22:42:17.988   312   346 W ActivityManager: Slow operation: 1031ms so far, now at startProcess: building log message
08-20 22:42:17.988   312   346 I ActivityManager: Start proc 2186:com.android.providers.calendar/u0a45 for broadcast {com.android.providers.calendar/com.android.providers.calendar.CalendarReceiver}
08-20 22:42:17.988   312   346 W ActivityManager: Slow operation: 1031ms so far, now at startProcess: starting to update pids map
08-20 22:42:17.988   312   346 W ActivityManager: Slow operation: 1031ms so far, now at startProcess: done updating pids map
08-20 22:42:18.106  1109  1363 V Space   : s9_sock-----handleClient-Received message: prop:0
08-20 22:42:18.106  1109  1363 W Space   : send warn: remove ? android.net.LocalSocket@c632486 impl:android.net.LocalSocketImpl@fb9147 fd:java.io.FileDescriptor@54aad74
08-20 22:42:19.127  1109  1363 V Space   : closeClient: android.net.LocalSocket@c632486 impl:android.net.LocalSocketImpl@fb9147 fd:java.io.FileDescriptor@54aad74, reason: reached the end
08-20 22:42:19.144   312   346 W ActivityManager: Slow operation: 1040ms so far, now at startProcess: returned from zygote!
08-20 22:42:19.144   312   346 W ActivityManager: Slow operation: 1040ms so far, now at startProcess: done updating battery stats
08-20 22:42:19.144   312   346 W ActivityManager: Slow operation: 1040ms so far, now at startProcess: building log message
08-20 22:42:19.144   312   346 I ActivityManager: Start proc 2208:com.android.traceur/u0a77 for broadcast {com.android.traceur/com.android.traceur.Receiver}
08-20 22:42:19.144   312   346 W ActivityManager: Slow operation: 1040ms so far, now at startProcess: starting to update pids map
08-20 22:42:19.144   312   346 W ActivityManager: Slow operation: 1040ms so far, now at startProcess: done updating pids map
08-20 22:42:19.209  1109  1412 V Space   : s9_sock-----handleClient-Received message: prop:0
08-20 22:42:19.209  1109  1412 W Space   : send warn: remove ? android.net.LocalSocket@d5d629d impl:android.net.LocalSocketImpl@73d0312 fd:java.io.FileDescriptor@dd5fae3
08-20 22:42:20.224  1109  1412 V Space   : closeClient: android.net.LocalSocket@d5d629d impl:android.net.LocalSocketImpl@73d0312 fd:java.io.FileDescriptor@dd5fae3, reason: reached the end
08-20 22:42:20.230   312   346 W ActivityManager: Slow operation: 1023ms so far, now at startProcess: returned from zygote!
08-20 22:42:20.230   312   346 W ActivityManager: Slow operation: 1023ms so far, now at startProcess: done updating battery stats
08-20 22:42:20.230   312   346 W ActivityManager: Slow operation: 1023ms so far, now at startProcess: building log message
08-20 22:42:20.230   312   346 I ActivityManager: Start proc 2237:com.android.vending/u0a43 for broadcast {com.android.vending/com.google.android.finsky.boothandler.BootCompletedReceiver}
08-20 22:42:20.230   312   346 W ActivityManager: Slow operation: 1023ms so far, now at startProcess: starting to update pids map
08-20 22:42:20.230   312   346 W ActivityManager: Slow operation: 1023ms so far, now at startProcess: done updating pids map
08-20 22:42:20.657  1109  1259 V Space   : s9_sock-----handleClient-Received message: prop:0
08-20 22:42:20.657  1109  1259 W Space   : send warn: remove ? android.net.LocalSocket@51f2ce0 impl:android.net.LocalSocketImpl@3328b99 fd:java.io.FileDescriptor@4643e5e
08-20 22:42:20.657   312   747 D ConnectivityService: requestNetwork for uid/pid:10043/2237 NetworkRequest [ TRACK_DEFAULT id=27, [ Capabilities: INTERNET&NOT_RESTRICTED&TRUSTED Uid: 10043] ]
08-20 22:42:20.764   312   747 D ConnectivityService: requestNetwork for uid/pid:10043/2237 NetworkRequest [ TRACK_DEFAULT id=29, [ Capabilities: INTERNET&NOT_RESTRICTED&TRUSTED Uid: 10043] ]
08-20 22:42:21.667  1109  1259 V Space   : closeClient: android.net.LocalSocket@51f2ce0 impl:android.net.LocalSocketImpl@3328b99 fd:java.io.FileDescriptor@4643e5e, reason: reached the end
08-20 22:42:21.690   312   346 W ActivityManager: Slow operation: 1054ms so far, now at startProcess: returned from zygote!
08-20 22:42:21.690   312   346 W ActivityManager: Slow operation: 1054ms so far, now at startProcess: done updating battery stats
08-20 22:42:21.690   312   346 W ActivityManager: Slow operation: 1054ms so far, now at startProcess: building log message
08-20 22:42:21.690   312   346 I ActivityManager: Start proc 2350:com.google.android.apps.nbu.files/u0a54 for broadcast {com.google.android.apps.nbu.files/com.google.android.apps.nbu.files.gateway.pdf.EnablePdfPreviewActivityReceiver_Receiver}
08-20 22:42:21.690   312   346 W ActivityManager: Slow operation: 1054ms so far, now at startProcess: starting to update pids map
08-20 22:42:21.690   312   346 W ActivityManager: Slow operation: 1054ms so far, now at startProcess: done updating pids map
08-20 22:42:22.120  1109  1363 V Space   : s9_sock-----handleClient-Received message: prop:0
08-20 22:42:22.120  1109  1363 W Space   : send warn: remove ? android.net.LocalSocket@463623f impl:android.net.LocalSocketImpl@1fa370c fd:java.io.FileDescriptor@3974855
08-20 22:42:22.925   312  1173 I ActivityManager: Killing 1610:com.android.keychain/1000 (adj 985): empty #17
08-20 22:42:22.941  1109  1363 V Space   : closeClient: android.net.LocalSocket@463623f impl:android.net.LocalSocketImpl@1fa370c fd:java.io.FileDescriptor@3974855, reason: reached the end
08-20 22:42:22.955   312   346 W ActivityManager: Slow operation: 844ms so far, now at startProcess: returned from zygote!
08-20 22:42:22.955   312   346 W ActivityManager: Slow operation: 844ms so far, now at startProcess: done updating battery stats
08-20 22:42:22.955   312   346 W ActivityManager: Slow operation: 844ms so far, now at startProcess: building log message
08-20 22:42:22.955   312   346 I ActivityManager: Start proc 2419:com.google.android.apps.turbo/u0a57 for broadcast {com.google.android.apps.turbo/com.google.android.apps.turbo.deadline.library.BootReceiver}
08-20 22:42:22.955   312   346 W ActivityManager: Slow operation: 844ms so far, now at startProcess: starting to update pids map
08-20 22:42:22.955   312   346 W ActivityManager: Slow operation: 844ms so far, now at startProcess: done updating pids map
08-20 22:42:22.992  1109  1411 V Space   : s9_sock-----handleClient-Received message: {"opType":"heart_beat","resultCode":0,"resultInfo":"success"}
08-20 22:42:23.155   312  1890 I ActivityManager: Killing 1211:com.android.printspooler/u0a65 (adj 985): empty #17
08-20 22:42:23.181  1109  1412 V Space   : s9_sock-----handleClient-Received message: prop:0
08-20 22:42:23.181  1109  1412 W Space   : send warn: remove ? android.net.LocalSocket@631e26a impl:android.net.LocalSocketImpl@e35e35b fd:java.io.FileDescriptor@b99b7f8
08-20 22:42:24.193  1109  1412 V Space   : closeClient: android.net.LocalSocket@631e26a impl:android.net.LocalSocketImpl@e35e35b fd:java.io.FileDescriptor@b99b7f8, reason: reached the end
08-20 22:42:24.201   312   346 W ActivityManager: Slow operation: 1047ms so far, now at startProcess: returned from zygote!
08-20 22:42:24.201   312   346 W ActivityManager: Slow operation: 1048ms so far, now at startProcess: done updating battery stats
08-20 22:42:24.202   312   346 W ActivityManager: Slow operation: 1048ms so far, now at startProcess: building log message
08-20 22:42:24.202   312   346 I ActivityManager: Start proc 2442:com.google.android.apps.turbo:aab/u0a57 for broadcast {com.google.android.apps.turbo/com.google.android.libraries.smartbattery.appusage.library.BootReceiver}
08-20 22:42:24.202   312   346 W ActivityManager: Slow operation: 1048ms so far, now at startProcess: starting to update pids map
08-20 22:42:24.202   312   346 W ActivityManager: Slow operation: 1048ms so far, now at startProcess: done updating pids map
08-20 22:42:24.397   312  1310 I ActivityManager: Killing 1727:com.android.localtransport/1000 (adj 985): empty #17
08-20 22:42:24.411  1109  1259 V Space   : s9_sock-----handleClient-Received message: prop:0
08-20 22:42:24.411  1109  1259 W Space   : send warn: remove ? android.net.LocalSocket@85114d1 impl:android.net.LocalSocketImpl@983bb36 fd:java.io.FileDescriptor@1e55a37
08-20 22:42:24.437  1109  1259 V Space   : closeClient: android.net.LocalSocket@85114d1 impl:android.net.LocalSocketImpl@983bb36 fd:java.io.FileDescriptor@1e55a37, reason: reached the end
08-20 22:42:24.446   312   346 W ActivityManager: Slow operation: 55ms so far, now at startProcess: returned from zygote!
08-20 22:42:24.446   312   346 W ActivityManager: Slow operation: 56ms so far, now at startProcess: done updating battery stats
08-20 22:42:24.446   312   346 W ActivityManager: Slow operation: 56ms so far, now at startProcess: building log message
08-20 22:42:24.446   312   346 I ActivityManager: Start proc 2471:com.google.android.apps.turbo:ssb/u0a57 for broadcast {com.google.android.apps.turbo/com.google.android.libraries.smartbattery.brightness.library.BootReceiver}
08-20 22:42:24.446   312   346 W ActivityManager: Slow operation: 56ms so far, now at startProcess: starting to update pids map
08-20 22:42:24.446   312   346 W ActivityManager: Slow operation: 56ms so far, now at startProcess: done updating pids map
08-20 22:42:24.523  1109  1124 V Space   : s9_sock---sendTracking: brightness_chanaged ({"opType":"brightness_chanaged","resultCode":0,"brightness":0.47058824})
08-20 22:42:24.523  1109  1124 V Space   : s9_sock------send sock_num=0 message={"opType":"brightness_chanaged","resultCode":0,"brightness":0.47058824}
08-20 22:42:24.524   312  1310 I ActivityManager: Killing 1943:com.android.calendar/u0a98 (adj 985): empty #17
08-20 22:42:24.755  1109  1363 V Space   : s9_sock-----handleClient-Received message: prop:0
08-20 22:42:24.755  1109  1363 W Space   : send warn: remove ? android.net.LocalSocket@dae5ba4 impl:android.net.LocalSocketImpl@8012d0d fd:java.io.FileDescriptor@94854c2
08-20 22:42:25.776  1109  1363 V Space   : closeClient: android.net.LocalSocket@dae5ba4 impl:android.net.LocalSocketImpl@8012d0d fd:java.io.FileDescriptor@94854c2, reason: reached the end
08-20 22:42:25.802   312   346 W ActivityManager: Slow operation: 1052ms so far, now at startProcess: returned from zygote!
08-20 22:42:25.803   312   346 W ActivityManager: Slow operation: 1052ms so far, now at startProcess: done updating battery stats
08-20 22:42:25.803   312   346 W ActivityManager: Slow operation: 1052ms so far, now at startProcess: building log message
08-20 22:42:25.803   312   346 I ActivityManager: Start proc 2529:com.google.android.packageinstaller/u0a48 for broadcast {com.google.android.packageinstaller/com.android.packageinstaller.TemporaryFileManager}
08-20 22:42:25.803   312   346 W ActivityManager: Slow operation: 1052ms so far, now at startProcess: starting to update pids map
08-20 22:42:25.803   312   346 W ActivityManager: Slow operation: 1052ms so far, now at startProcess: done updating pids map
08-20 22:42:25.860   312  1310 I ActivityManager: Killing 2041:com.android.contacts/u0a88 (adj 985): empty #17
08-20 22:42:25.868  1109  1412 V Space   : s9_sock-----handleClient-Received message: prop:0
08-20 22:42:25.868  1109  1412 W Space   : send warn: remove ? android.net.LocalSocket@dab62d3 impl:android.net.LocalSocketImpl@c478e10 fd:java.io.FileDescriptor@8208d09
08-20 22:42:25.902  1109  1412 V Space   : closeClient: android.net.LocalSocket@dab62d3 impl:android.net.LocalSocketImpl@c478e10 fd:java.io.FileDescriptor@8208d09, reason: reached the end
08-20 22:42:25.940   312   346 W ActivityManager: Slow operation: 80ms so far, now at startProcess: returned from zygote!
08-20 22:42:25.951   312   346 W ActivityManager: Slow operation: 91ms so far, now at startProcess: done updating battery stats
08-20 22:42:25.952   312   346 W ActivityManager: Slow operation: 92ms so far, now at startProcess: building log message
08-20 22:42:25.952   312   346 I ActivityManager: Start proc 2554:com.google.android.tts/u0a66 for broadcast {com.google.android.tts/androidx.work.impl.background.systemalarm.RescheduleReceiver}
08-20 22:42:25.952   312   346 W ActivityManager: Slow operation: 92ms so far, now at startProcess: starting to update pids map
08-20 22:42:25.952   312   346 W ActivityManager: Slow operation: 92ms so far, now at startProcess: done updating pids map
08-20 22:42:26.393   312  1173 I ActivityManager: Killing 1182:com.android.deskclock/u0a96 (adj 985): empty #17
08-20 22:42:26.407  1109  1259 V Space   : s9_sock-----handleClient-Received message: prop:0
08-20 22:42:26.407  1109  1259 W Space   : send warn: remove ? android.net.LocalSocket@ecafb0e impl:android.net.LocalSocketImpl@fbf592f fd:java.io.FileDescriptor@aff7b3c
08-20 22:42:26.436  1109  1259 V Space   : closeClient: android.net.LocalSocket@ecafb0e impl:android.net.LocalSocketImpl@fbf592f fd:java.io.FileDescriptor@aff7b3c, reason: reached the end
08-20 22:42:26.453   312   346 W ActivityManager: Slow operation: 60ms so far, now at startProcess: returned from zygote!
08-20 22:42:26.454   312   346 W ActivityManager: Slow operation: 61ms so far, now at startProcess: done updating battery stats
08-20 22:42:26.454   312   346 W ActivityManager: Slow operation: 61ms so far, now at startProcess: building log message
08-20 22:42:26.454   312   346 I ActivityManager: Start proc 2608:com.youdagames.gop3multiplayer/u0a104 for broadcast {com.youdagames.gop3multiplayer/com.unity.androidnotifications.UnityNotificationRestartReceiver}
08-20 22:42:26.454   312   346 W ActivityManager: Slow operation: 61ms so far, now at startProcess: starting to update pids map
08-20 22:42:26.454   312   346 W ActivityManager: Slow operation: 62ms so far, now at startProcess: done updating pids map
08-20 22:42:26.550   312   747 D BackupTransportManager: Transport com.google.android.gms/.backup.BackupTransportService updated its attributes
08-20 22:42:26.765  1109  1363 V Space   : s9_sock-----handleClient-Received message: prop:0
08-20 22:42:26.765  1109  1363 W Space   : send warn: remove ? android.net.LocalSocket@2bbf0c5 impl:android.net.LocalSocketImpl@abfba1a fd:java.io.FileDescriptor@872594b
08-20 22:42:26.855   312   390 D ConnectivityService: requestNetwork for uid/pid:10104/2608 NetworkRequest [ TRACK_DEFAULT id=30, [ Capabilities: INTERNET&NOT_RESTRICTED&TRUSTED Uid: 10104] ]
08-20 22:42:26.935   312   747 I ActivityManager: Finished processing BOOT_COMPLETED for u0
08-20 22:42:26.935   312   747 W BroadcastQueue: Background execution not allowed: receiving Intent { act=android.location.PROVIDERS_CHANGED flg=0x10 (has extras) } to com.google.android.gms/.chimera.GmsIntentOperationService$PersistentTrustedReceiver
08-20 22:42:26.939   312   747 I ActivityManager: Killing 1762:com.android.dialer/u0a105 (adj 985): empty #17
08-20 22:42:26.939   312   345 W BroadcastQueue: Background execution not allowed: receiving Intent { act=android.location.PROVIDERS_CHANGED flg=0x10 (has extras) } to com.google.android.gms/.chimera.GmsIntentOperationService$PersistentTrustedReceiver
08-20 22:42:26.998  1109  1363 V Space   : closeClient: android.net.LocalSocket@2bbf0c5 impl:android.net.LocalSocketImpl@abfba1a fd:java.io.FileDescriptor@872594b, reason: reached the end
08-20 22:42:27.007   312  1306 W BroadcastQueue: Background execution not allowed: receiving Intent { act=android.intent.action.DROPBOX_ENTRY_ADDED flg=0x10 (has extras) } to com.google.android.gms/.stats.service.DropBoxEntryAddedReceiver
08-20 22:42:27.047   312   346 W ActivityManager: Slow operation: 287ms so far, now at startProcess: returned from zygote!
08-20 22:42:27.047   312  1310 W BroadcastQueue: Background execution not allowed: receiving Intent { act=android.intent.action.DROPBOX_ENTRY_ADDED flg=0x10 (has extras) } to com.google.android.gms/.stats.service.DropBoxEntryAddedReceiver
08-20 22:42:27.048   312  1146 W ActivityManager: Slow operation: 288ms so far, now at startProcess: done updating battery stats
08-20 22:42:27.048   312  1146 W ActivityManager: Slow operation: 288ms so far, now at startProcess: building log message
08-20 22:42:27.048   312  1146 I ActivityManager: Start proc 2709:com.google.android.gms.unstable/u0a49 for service {com.google.android.gms/com.google.android.gms.droidguard.DroidGuardService}
08-20 22:42:27.048   312  1146 W ActivityManager: Slow operation: 288ms so far, now at startProcess: starting to update pids map
08-20 22:42:27.048   312  1146 W ActivityManager: Slow operation: 289ms so far, now at startProcess: done updating pids map
08-20 22:42:27.054   312   346 W ActivityManager: Slow operation: 135ms so far, now at startProcess: asking zygote to start proc
08-20 22:42:27.056   312   345 W BroadcastQueue: Background execution not allowed: receiving Intent { act=android.location.PROVIDERS_CHANGED flg=0x10 (has extras) } to com.google.android.gms/.chimera.GmsIntentOperationService$PersistentTrustedReceiver
08-20 22:42:27.056   312   345 W BroadcastQueue: Background execution not allowed: receiving Intent { act=android.location.PROVIDERS_CHANGED flg=0x10 (has extras) } to com.google.android.gms/.chimera.GmsIntentOperationService$PersistentTrustedReceiver
08-20 22:42:27.056   312   345 W BroadcastQueue: Background execution not allowed: receiving Intent { act=android.intent.action.DROPBOX_ENTRY_ADDED flg=0x10 (has extras) } to com.google.android.gms/.stats.service.DropBoxEntryAddedReceiver
08-20 22:42:27.056   312   345 W BroadcastQueue: Background execution not allowed: receiving Intent { act=android.intent.action.DROPBOX_ENTRY_ADDED flg=0x10 (has extras) } to com.google.android.gms/.stats.service.DropBoxEntryAddedReceiver
08-20 22:42:27.087  1109  1412 V Space   : s9_sock-----handleClient-Received message: prop:0
08-20 22:42:27.088  1109  1412 W Space   : send warn: remove ? android.net.LocalSocket@ae70f28 impl:android.net.LocalSocketImpl@befd441 fd:java.io.FileDescriptor@30f5de6
08-20 22:42:27.242  1109  1124 V Space   : s9_sock---sendTracking: brightness_chanaged ({"opType":"brightness_chanaged","resultCode":0,"brightness":0.47058824})
08-20 22:42:27.242  1109  1124 V Space   : s9_sock------send sock_num=0 message={"opType":"brightness_chanaged","resultCode":0,"brightness":0.47058824}
08-20 22:42:27.704   312   312 V SettingsProvider: Notifying for 0: content://settings/global/Phenotype_boot_count
08-20 22:42:27.786   312   747 D ConnectivityService: requestNetwork for uid/pid:10049/2709 NetworkRequest [ TRACK_DEFAULT id=32, [ Capabilities: INTERNET&NOT_RESTRICTED&TRUSTED Uid: 10049] ]
08-20 22:42:28.087  1109  1412 V Space   : closeClient: android.net.LocalSocket@ae70f28 impl:android.net.LocalSocketImpl@befd441 fd:java.io.FileDescriptor@30f5de6, reason: reached the end
08-20 22:42:28.101   312   346 W ActivityManager: Slow operation: 1181ms so far, now at startProcess: returned from zygote!
08-20 22:42:28.101   312   346 W ActivityManager: Slow operation: 1182ms so far, now at startProcess: done updating battery stats
08-20 22:42:28.101   312   346 W ActivityManager: Slow operation: 1182ms so far, now at startProcess: building log message
08-20 22:42:28.101   312   346 I ActivityManager: Start proc 2778:com.android.keychain/1000 for service {com.android.keychain/com.android.keychain.KeyChainService}
08-20 22:42:28.101   312   346 W ActivityManager: Slow operation: 1182ms so far, now at startProcess: starting to update pids map
08-20 22:42:28.101   312   346 W ActivityManager: Slow operation: 1182ms so far, now at startProcess: done updating pids map
08-20 22:42:28.248   312  1146 I ActivityManager: Killing 2063:com.android.dynsystem/1000 (adj 985): empty #17
08-20 22:42:28.288   312  1146 D ConnectivityService: requestNetwork for uid/pid:10049/930 NetworkRequest [ TRACK_DEFAULT id=34, [ Capabilities: INTERNET&NOT_RESTRICTED&TRUSTED Uid: 10049] ]
08-20 22:42:28.623   312  1146 I ActivityManager: Killing 2084:com.android.managedprovisioning/u0a53 (adj 985): empty #17
08-20 22:42:30.813  1109  1259 V Space   : s9_sock-----handleClient-Received message: prop:0
08-20 22:42:30.813  1109  1259 W Space   : send warn: remove ? android.net.LocalSocket@20b3f27 impl:android.net.LocalSocketImpl@b31f5d4 fd:java.io.FileDescriptor@324737d
08-20 22:42:31.820  1109  1259 V Space   : closeClient: android.net.LocalSocket@20b3f27 impl:android.net.LocalSocketImpl@b31f5d4 fd:java.io.FileDescriptor@324737d, reason: reached the end
08-20 22:42:31.828   312   346 W ActivityManager: Slow operation: 1021ms so far, now at startProcess: returned from zygote!
08-20 22:42:31.828   312   346 W ActivityManager: Slow operation: 1021ms so far, now at startProcess: done updating battery stats
08-20 22:42:31.828   312   346 W ActivityManager: Slow operation: 1021ms so far, now at startProcess: building log message
08-20 22:42:31.828   312   346 I ActivityManager: Start proc 2847:com.android.vending:background/u0a43 for service {com.android.vending/com.google.frameworks.client.data.android.server.play.BackgroundProcessEndpointService}
08-20 22:42:31.828   312   346 W ActivityManager: Slow operation: 1021ms so far, now at startProcess: starting to update pids map
08-20 22:42:31.828   312   346 W ActivityManager: Slow operation: 1021ms so far, now at startProcess: done updating pids map
08-20 22:42:32.010   312  1178 I ActivityManager: Killing 1488:android.process.acore/u0a40 (adj 985): empty #17
08-20 22:42:32.069   312   769 D CountryDetector: No listener is left
08-20 22:42:32.103   312   747 D ConnectivityService: requestNetwork for uid/pid:10043/2847 NetworkRequest [ TRACK_DEFAULT id=36, [ Capabilities: INTERNET&NOT_RESTRICTED&TRUSTED Uid: 10043] ]
08-20 22:42:32.991  1109  1411 V Space   : s9_sock-----handleClient-Received message: {"opType":"heart_beat","resultCode":0,"resultInfo":"success"}
08-20 22:42:36.874   312   312 I RoleManagerService: Granting default permissions...
08-20 22:42:36.912   312   312 I Telecom : DefaultDialerCache: Refreshing default dialer for user 0: now null: DDC.oR@AD8
08-20 22:42:37.033    36    36 D vold    : Remounting 10103 as mode default
08-20 22:42:37.034    36    36 D vold    : Found matching PID 2102
08-20 22:42:37.043    36    36 D vold    : Remounting 10103 as mode default
08-20 22:42:37.044    36    36 D vold    : Found matching PID 2102
08-20 22:42:37.082   312   344 W VoiceInteractionManagerService: no available voice interaction services found for user 0
08-20 22:42:37.351   312   344 I RoleUserState: Wrote roles.xml successfully
08-20 22:42:37.852   312   423 D ConnectivityService: Blocked status changed to true for 10041(16) on netId 100
08-20 22:42:37.852   312   423 D ConnectivityService: Blocked status changed to true for 10041(17) on netId 100
08-20 22:42:37.852   312   423 D ConnectivityService: Blocked status changed to true for 10041(24) on netId 100
08-20 22:42:37.863   312   423 D ConnectivityService: releasing NetworkRequest [ TRACK_DEFAULT id=24, [ Capabilities: INTERNET&NOT_RESTRICTED&TRUSTED Uid: 10041] ] (release request)
08-20 22:42:38.525  1109  1363 V Space   : s9_sock-----handleClient-Received message: prop:0
08-20 22:42:38.525  1109  1363 W Space   : send warn: remove ? android.net.LocalSocket@1637272 impl:android.net.LocalSocketImpl@a62a6c3 fd:java.io.FileDescriptor@8a29b40
08-20 22:42:39.527  1109  1363 V Space   : closeClient: android.net.LocalSocket@1637272 impl:android.net.LocalSocketImpl@a62a6c3 fd:java.io.FileDescriptor@8a29b40, reason: reached the end
08-20 22:42:39.533   312   346 W ActivityManager: Slow operation: 1011ms so far, now at startProcess: returned from zygote!
08-20 22:42:39.533   312   346 W ActivityManager: Slow operation: 1012ms so far, now at startProcess: done updating battery stats
08-20 22:42:39.533   312   346 W ActivityManager: Slow operation: 1012ms so far, now at startProcess: building log message
08-20 22:42:39.533   312   346 I ActivityManager: Start proc 2932:android.process.acore/u0a40 for content provider {com.android.providers.contacts/com.android.providers.contacts.ContactsProvider2}
08-20 22:42:39.533   312   346 W ActivityManager: Slow operation: 1012ms so far, now at startProcess: starting to update pids map
08-20 22:42:39.533   312   346 W ActivityManager: Slow operation: 1012ms so far, now at startProcess: done updating pids map
08-20 22:42:39.633   312   601 D CountryDetector: The first listener is added
08-20 22:42:39.645  2932  2932 D ActivityThread: Loading provider contacts;com.android.contacts: com.android.providers.contacts.ContactsProvider2
08-20 22:42:42.992  1109  1411 V Space   : s9_sock-----handleClient-Received message: {"opType":"heart_beat","resultCode":0,"resultInfo":"success"}
08-20 22:42:48.221   312   393 D ConnectivityService: requestNetwork for uid/pid:10049/1031 NetworkRequest [ TRACK_DEFAULT id=37, [ Capabilities: INTERNET&NOT_RESTRICTED&TRUSTED Uid: 10049] ]
08-20 22:42:48.241   312   390 W ActivityManager: Unable to start service Intent { act=com.google.android.gms.nearby.discovery:ACTION_INIT_RUNTIME_STATE cmp=com.google.android.gms/.nearby.discovery.service.DiscoveryService } U=0: not found
08-20 22:42:52.993  1109  1411 V Space   : s9_sock-----handleClient-Received message: {"opType":"heart_beat","resultCode":0,"resultInfo":"success"}
08-20 22:42:54.047   312   416 W NetworkStats: problem registering for global alert: java.lang.IllegalStateException: android.os.ServiceSpecificException: No such file or directory (code 2)
08-20 22:42:58.665   312   312 I Telecom : DefaultDialerCache: Refreshing default dialer for user 0: now null: DDC.oR@AEA
08-20 22:42:58.683   312   345 W BroadcastQueue: Background execution not allowed: receiving Intent { act=android.location.PROVIDERS_CHANGED flg=0x10 (has extras) } to com.google.android.gms/.chimera.GmsIntentOperationService$PersistentTrustedReceiver
08-20 22:42:58.688   312   312 V SettingsProvider: Notifying for 0: content://settings/secure/location_providers_allowed
08-20 22:42:58.715   312   345 W BroadcastQueue: Background execution not allowed: receiving Intent { act=android.location.PROVIDERS_CHANGED flg=0x10 (has extras) } to com.google.android.gms/.chimera.GmsIntentOperationService$PersistentTrustedReceiver
08-20 22:42:58.738   312   312 V SettingsProvider: Notifying for 0: content://settings/secure/location_providers_allowed
08-20 22:42:58.739   312   345 W BroadcastQueue: Background execution not allowed: receiving Intent { act=android.location.PROVIDERS_CHANGED flg=0x10 (has extras) } to com.google.android.gms/.chimera.GmsIntentOperationService$PersistentTrustedReceiver
08-20 22:42:58.758   312   345 W BroadcastQueue: Background execution not allowed: receiving Intent { act=android.location.PROVIDERS_CHANGED flg=0x10 (has extras) } to com.google.android.gms/.chimera.GmsIntentOperationService$PersistentTrustedReceiver
08-20 22:42:58.760   312   344 W VoiceInteractionManagerService: no available voice interaction services found for user 0
08-20 22:43:00.899   312   767 I ActivityManager: Killing 2133:com.android.onetimeinitializer/u0a89 (adj 975): empty #17
08-20 22:43:02.995  1109  1411 V Space   : s9_sock-----handleClient-Received message: {"opType":"heart_beat","resultCode":0,"resultInfo":"success"}
08-20 22:43:12.995  1109  1411 V Space   : s9_sock-----handleClient-Received message: {"opType":"heart_beat","resultCode":0,"resultInfo":"success"}
08-20 22:43:20.707  1109  1411 V Space   : s9_sock-----handleClient-Received message: {"opType":"screenOrientation"}
08-20 22:43:22.014   312   747 I ActivityManager: Killing 2208:com.android.traceur/u0a77 (adj 975): empty #17
08-20 22:43:22.052  1109  1411 V Space   : s9_sock-----handleClient-Received message: {"opType":"screenOrientation"}
08-20 22:43:22.997  1109  1411 V Space   : s9_sock-----handleClient-Received message: {"opType":"heart_beat","resultCode":0,"resultInfo":"success"}
08-20 22:43:23.929   312   767 I ActivityTaskManager: START u0 {act=android.intent.action.MAIN cat=[android.intent.category.LAUNCHER] flg=0x10200000 cmp=com.com.xcgop/com.cyjh.elfin.ui.activity.SplashActivity bnds=[28,550][194,793]} from uid 1000
08-20 22:43:23.957  1109  1412 V Space   : s9_sock-----handleClient-Received message: prop:1
08-20 22:43:23.957  1109  1412 W Space   : send warn: remove ? android.net.LocalSocket@c09ca79 impl:android.net.LocalSocketImpl@e7243be fd:java.io.FileDescriptor@a3eec1f
08-20 22:43:24.975   312   346 W ActivityManager: Slow operation: 1025ms so far, now at startProcess: returned from zygote!
08-20 22:43:24.975  1109  1412 V Space   : closeClient: android.net.LocalSocket@c09ca79 impl:android.net.LocalSocketImpl@e7243be fd:java.io.FileDescriptor@a3eec1f, reason: reached the end
08-20 22:43:24.975   312   346 W ActivityManager: Slow operation: 1025ms so far, now at startProcess: done updating battery stats
08-20 22:43:24.975   312   346 W ActivityManager: Slow operation: 1025ms so far, now at startProcess: building log message
08-20 22:43:24.975   312   346 I ActivityManager: Start proc 3237:com.com.xcgop/u0a101 for activity {com.com.xcgop/com.cyjh.elfin.ui.activity.SplashActivity}
08-20 22:43:24.975   312   346 W ActivityManager: Slow operation: 1025ms so far, now at startProcess: starting to update pids map
08-20 22:43:24.976   312   346 W ActivityManager: Slow operation: 1025ms so far, now at startProcess: done updating pids map
08-20 22:43:24.999  1109  1166 V Space   : s9_sock---sendTracking: resume_activity ({"opType":"resume_activity","resultCode":0,"component":"com.com.xcgop\/com.cyjh.elfin.ui.activity.SplashActivity","package":"com.com.xcgop"})
08-20 22:43:24.999  1109  1166 V Space   : s9_sock------send sock_num=0 message={"opType":"resume_activity","resultCode":0,"component":"com.com.xcgop\/com.cyjh.elfin.ui.activity.SplashActivity","package":"com.com.xcgop"}
08-20 22:43:25.018   312   340 W WindowManager: Unable to find process with pid=680 uid=1000
08-20 22:43:25.352  3237  3268 E ActivityThread: Failed to find provider info for com.xiaomi.market.provider.DirectMailProvider
08-20 22:43:25.542   312  1306 W WindowManager: Unable to find process with pid=680 uid=1000
08-20 22:43:25.636   312   346 I ActivityManager: Start proc 3305:com.android.webview:sandboxed_process0:org.chromium.content.app.SandboxedProcessService0/u0i1 for  {com.com.xcgop/org.chromium.content.app.SandboxedProcessService0}
08-20 22:43:25.767   312   767 D ConnectivityService: requestNetwork for uid/pid:10101/3237 NetworkRequest [ TRACK_DEFAULT id=38, [ Capabilities: INTERNET&NOT_RESTRICTED&TRUSTED Uid: 10101] ]
08-20 22:43:26.007  1109  1259 V Space   : s9_sock-----handleClient-Received message: prop:1
08-20 22:43:26.007  1109  1259 W Space   : send warn: remove ? android.net.LocalSocket@7b62b6c impl:android.net.LocalSocketImpl@b539535 fd:java.io.FileDescriptor@60addca
08-20 22:43:26.134   312  1195 D ConnectivityService: requestNetwork for uid/pid:10101/3237 NetworkRequest [ TRACK_DEFAULT id=40, [ Capabilities: INTERNET&NOT_RESTRICTED&TRUSTED Uid: 10101] ]
08-20 22:43:26.572  1109  1166 V Space   : s9_sock---sendTracking: show_keyboard ({"opType":"show_keyboard","resultCode":0,"status":0})
08-20 22:43:26.572  1109  1166 V Space   : s9_sock------send sock_num=0 message={"opType":"show_keyboard","resultCode":0,"status":0}
08-20 22:43:27.011   312   423 D ConnectivityService: releasing NetworkRequest [ TRACK_DEFAULT id=38, [ Capabilities: INTERNET&NOT_RESTRICTED&TRUSTED Uid: 10101] ] (release request)
08-20 22:43:27.021  1109  1259 V Space   : closeClient: android.net.LocalSocket@7b62b6c impl:android.net.LocalSocketImpl@b539535 fd:java.io.FileDescriptor@60addca, reason: reached the end
08-20 22:43:27.030   312   346 W ActivityManager: Slow operation: 1033ms so far, now at startProcess: returned from zygote!
08-20 22:43:27.030   312   346 W ActivityManager: Slow operation: 1033ms so far, now at startProcess: done updating battery stats
08-20 22:43:27.030   312   346 W ActivityManager: Slow operation: 1033ms so far, now at startProcess: building log message
08-20 22:43:27.030   312   346 I ActivityManager: Start proc 3381:com.com.xcgop:enginfloat/u0a101 for service {com.com.xcgop/com.cyjh.mq.service.IpcService}
08-20 22:43:27.030   312   346 W ActivityManager: Slow operation: 1033ms so far, now at startProcess: starting to update pids map
08-20 22:43:27.030   312   346 W ActivityManager: Slow operation: 1033ms so far, now at startProcess: done updating pids map
08-20 22:43:27.160   312  1195 I ActivityTaskManager: START u0 {flg=0x10000000 cmp=com.com.xcgop/com.cyjh.elfin.ui.activity.ElfinFreeActivity} from uid 10101
08-20 22:43:27.174  1109  1166 V Space   : s9_sock---sendTracking: resume_activity ({"opType":"resume_activity","resultCode":0,"component":"com.com.xcgop\/com.cyjh.elfin.ui.activity.ElfinFreeActivity","package":"com.com.xcgop"})
08-20 22:43:27.174  1109  1166 V Space   : s9_sock------send sock_num=0 message={"opType":"resume_activity","resultCode":0,"component":"com.com.xcgop\/com.cyjh.elfin.ui.activity.ElfinFreeActivity","package":"com.com.xcgop"}
08-20 22:43:27.387   312   393 D ConnectivityService: requestNetwork for uid/pid:10101/3237 NetworkRequest [ TRACK_DEFAULT id=42, [ Capabilities: INTERNET&NOT_RESTRICTED&TRUSTED Uid: 10101] ]
08-20 22:43:27.618   312   312 E NotificationService: Error creating vibration waveform with pattern: [0]
08-20 22:43:27.623  1109  1109 V Space   : onNotificationPosted: StatusBarNotification(pkg=com.com.xcgop user=UserHandle{0} id=20140504 tag=null key=0|com.com.xcgop|20140504|null|10101: Notification(channel=createRecordingNotification pri=0 contentView=null vibrate=null sound=null tick defaults=0x0 flags=0x62 color=0x00000000 vis=PRIVATE))
08-20 22:43:27.624  1109  1109 V Space   : s9_sock---sendTracking: post_notification ({"opType":"post_notification","resultCode":0,"package":"com.com.xcgop","text":""})
08-20 22:43:27.624  1109  1109 V Space   : s9_sock------send sock_num=0 message={"opType":"post_notification","resultCode":0,"package":"com.com.xcgop","text":""}
08-20 22:43:29.184   312  1023 E TaskPersister: File error accessing recents directory (directory doesn't exist?).
08-20 22:43:32.998  1109  1411 V Space   : s9_sock-----handleClient-Received message: {"opType":"heart_beat","resultCode":0,"resultInfo":"success"}
08-20 22:43:53.000  1109  1411 I chatty  : uid=1000(system) pool-1-thread-3 identical 2 lines
08-20 22:44:03.001  1109  1411 V Space   : s9_sock-----handleClient-Received message: {"opType":"heart_beat","resultCode":0,"resultInfo":"success"}
08-20 22:44:05.297  1109  1411 V Space   : s9_sock-----handleClient-Received message: {"opType":"screenOrientation"}
08-20 22:44:13.003  1109  1411 V Space   : s9_sock-----handleClient-Received message: {"opType":"heart_beat","resultCode":0,"resultInfo":"success"}
08-20 22:44:23.004  1109  1411 V Space   : s9_sock-----handleClient-Received message: {"opType":"heart_beat","resultCode":0,"resultInfo":"success"}
08-20 22:44:28.008  1109  1411 V Space   : s9_sock-----handleClient-Received message: {"opType":"screenOrientation"}
08-20 22:44:33.007  1109  1411 V Space   : s9_sock-----handleClient-Received message: {"opType":"heart_beat","resultCode":0,"resultInfo":"success"}
08-20 22:45:13.009  1109  1411 I chatty  : uid=1000(system) pool-1-thread-3 identical 4 lines
08-20 22:45:23.010  1109  1411 V Space   : s9_sock-----handleClient-Received message: {"opType":"heart_beat","resultCode":0,"resultInfo":"success"}
08-20 22:45:27.859   312   393 I DropBoxManagerService: add tag=keymaster isTagEnabled=true flags=0x0
08-20 22:45:29.864   312   345 W BroadcastQueue: Background execution not allowed: receiving Intent { act=android.intent.action.DROPBOX_ENTRY_ADDED flg=0x10 (has extras) } to com.google.android.gms/.stats.service.DropBoxEntryAddedReceiver
08-20 22:45:33.012  1109  1411 V Space   : s9_sock-----handleClient-Received message: {"opType":"heart_beat","resultCode":0,"resultInfo":"success"}
08-20 22:46:03.015  1109  1411 I chatty  : uid=1000(system) pool-1-thread-3 identical 3 lines
08-20 22:46:13.017  1109  1411 V Space   : s9_sock-----handleClient-Received message: {"opType":"heart_beat","resultCode":0,"resultInfo":"success"}
08-20 22:46:19.612   312   767 I ActivityManager: Killing 2350:com.google.android.apps.nbu.files/u0a54 (adj 985): empty #17
08-20 22:46:23.018  1109  1411 V Space   : s9_sock-----handleClient-Received message: {"opType":"heart_beat","resultCode":0,"resultInfo":"success"}
08-20 22:47:53.030  1109  1411 I chatty  : uid=1000(system) pool-1-thread-3 identical 9 lines
08-20 22:48:03.031  1109  1411 V Space   : s9_sock-----handleClient-Received message: {"opType":"heart_beat","resultCode":0,"resultInfo":"success"}
08-20 22:48:07.762   312   638 I ActivityManager: Killing 2554:com.google.android.tts/u0a66 (adj 975): empty #17
08-20 22:48:07.762   312   638 I ActivityManager: Killing 2529:com.google.android.packageinstaller/u0a48 (adj 985): empty #18
08-20 22:48:13.032  1109  1411 V Space   : s9_sock-----handleClient-Received message: {"opType":"heart_beat","resultCode":0,"resultInfo":"success"}
08-20 22:48:13.977  1109  1411 V Space   : s9_sock-----handleClient-Received message: {"opType":"screenOrientation"}
08-20 22:48:23.033  1109  1411 V Space   : s9_sock-----handleClient-Received message: {"opType":"heart_beat","resultCode":0,"resultInfo":"success"}
08-20 22:48:26.741  1109  1411 V Space   : s9_sock-----handleClient-Received message: {"opType":"screenOrientation"}
08-20 22:48:33.035  1109  1411 V Space   : s9_sock-----handleClient-Received message: {"opType":"heart_beat","resultCode":0,"resultInfo":"success"}
08-20 22:48:33.210   680   680 W ContextImpl: Calling a method in the system process without a qualified user: android.app.ContextImpl.startActivity:939 android.content.ContextWrapper.startActivity:405 com.android.launcher3.LauncherInitListener.registerAndStartActivity:89 com.android.quickstep.OverviewCommandHelper$RecentsActivityCommand.run:179 android.os.Handler.handleCallback:883 
08-20 22:48:33.217   312   601 I ActivityTaskManager: START u0 {act=android.intent.action.MAIN cat=[android.intent.category.HOME] flg=0x10000000 cmp=com.android.launcher3/.Launcher (has extras)} from uid 1000
08-20 22:48:33.225  1109  1166 V Space   : s9_sock---sendTracking: resume_activity ({"opType":"resume_activity","resultCode":0,"component":"com.android.launcher3\/.Launcher","package":"com.android.launcher3"})
08-20 22:48:33.225  1109  1166 V Space   : s9_sock------send sock_num=0 message={"opType":"resume_activity","resultCode":0,"component":"com.android.launcher3\/.Launcher","package":"com.android.launcher3"}
08-20 22:48:33.302   312   340 W WindowManager: Unable to find process with pid=680 uid=1000
08-20 22:48:33.526   312  1307 W WindowManager: Unable to find process with pid=680 uid=1000
08-20 22:48:35.548   312   337 I ActivityTaskManager: START u0 {act=android.intent.action.MAIN cat=[android.intent.category.HOME] flg=0x10000100 cmp=com.android.launcher3/.Launcher (has extras)} from uid 0
08-20 22:48:37.911  1109  1166 V Space   : s9_sock---sendTracking: resume_activity ({"opType":"resume_activity","resultCode":0,"component":"com.com.xcgop\/com.cyjh.elfin.ui.activity.ElfinFreeActivity","package":"com.com.xcgop"})
08-20 22:48:37.911  1109  1166 V Space   : s9_sock------send sock_num=0 message={"opType":"resume_activity","resultCode":0,"component":"com.com.xcgop\/com.cyjh.elfin.ui.activity.ElfinFreeActivity","package":"com.com.xcgop"}
08-20 22:48:37.931   312   340 W WindowManager: Unable to find process with pid=680 uid=1000
08-20 22:48:38.224   312  1174 W WindowManager: Unable to find process with pid=680 uid=1000
08-20 22:48:40.964   312  1023 E TaskPersister: File error accessing recents directory (directory doesn't exist?).
08-20 22:48:43.037  1109  1411 V Space   : s9_sock-----handleClient-Received message: {"opType":"heart_beat","resultCode":0,"resultInfo":"success"}
08-20 22:48:45.614   312  1307 I ActivityTaskManager: moveTaskToBack: TaskRecord{7292dbc #925 A=com.com.xcgop U=0 StackId=1 sz=1}
08-20 22:48:45.615  1109  1166 V Space   : s9_sock---sendTracking: resume_activity ({"opType":"resume_activity","resultCode":0,"component":"com.android.launcher3\/.Launcher","package":"com.android.launcher3"})
08-20 22:48:45.615  1109  1166 V Space   : s9_sock------send sock_num=0 message={"opType":"resume_activity","resultCode":0,"component":"com.android.launcher3\/.Launcher","package":"com.android.launcher3"}
08-20 22:48:45.686   312   340 W WindowManager: Unable to find process with pid=680 uid=1000
08-20 22:48:45.749   312  1177 W AppOps  : Noting op not finished: uid 10101 pkg com.com.xcgop code 24 time=1724165325742 duration=-1
08-20 22:48:46.064  1109  1109 V Space   : onNotificationPosted: StatusBarNotification(pkg=android user=UserHandle{0} id=0 tag=com.android.server.wm.AlertWindowNotification - com.com.xcgop key=0|android|0|com.android.server.wm.AlertWindowNotification - com.com.xcgop|1000: Notification(channel=com.android.server.wm.AlertWindowNotification - com.com.xcgop pri=0 contentView=null vibrate=null sound=null defaults=0x0 flags=0x102 color=0xff607d8b vis=PRIVATE))
08-20 22:48:46.064  1109  1109 V Space   : s9_sock---sendTracking: post_notification ({"opType":"post_notification","resultCode":0,"package":"android","text":"If you dont want GOP3 to use this feature, tap to open settings and turn it off."})
08-20 22:48:46.064  1109  1109 V Space   : s9_sock------send sock_num=0 message={"opType":"post_notification","resultCode":0,"package":"android","text":"If you dont want GOP3 to use this feature, tap to open settings and turn it off."}
08-20 22:48:46.256   312  1177 W WindowManager: Unable to find process with pid=680 uid=1000
08-20 22:48:48.860   312   350 W KernelCpuProcStringReader: File not found. It's normal if not implemented: /proc/uid_time_in_state
08-20 22:48:48.860   312   350 W KernelCpuProcStringReader: File not found. It's normal if not implemented: /proc/uid_concurrent_active_time
08-20 22:48:48.860   312   350 W KernelCpuProcStringReader: File not found. It's normal if not implemented: /proc/uid_concurrent_policy_time
08-20 22:48:48.861   312   350 D KernelCpuUidUserSysTimeReader: Removing uids 1037-1037
08-20 22:48:48.861   312   350 D KernelCpuUidUserSysTimeReader: Removing uids 99000-99000
08-20 22:48:49.961   312   332 I ActivityTaskManager: START u0 {act=android.intent.action.MAIN cat=[android.intent.category.LAUNCHER] flg=0x10200000 cmp=com.youdagames.gop3multiplayer/com.braze.unity.BrazeUnityPlayerActivity bnds=[360,550][526,793]} from uid 1000
08-20 22:48:50.007   312  1174 W WindowManager: Unable to find process with pid=680 uid=1000
08-20 22:48:50.047   312  1174 I ActivityTaskManager: Config changes=20000480 {1.0 310mcc260mnc [en_US] ldltr sw360dp w640dp h336dp 320dpi nrml long land finger -keyb/v/h -nav/h winConfig={ mBounds=Rect(0, 0 - 1280, 720) mAppBounds=Rect(0, 0 - 1280, 720) mWindowingMode=fullscreen mDisplayWindowingMode=fullscreen mActivityType=undefined mAlwaysOnTop=undefined mRotation=ROTATION_90} s.14}
08-20 22:48:50.088   312  1174 I ActivityTaskManager: Override config changes=20000480 {1.0 310mcc260mnc [en_US] ldltr sw360dp w640dp h336dp 320dpi nrml long land finger -keyb/v/h -nav/h winConfig={ mBounds=Rect(0, 0 - 1280, 720) mAppBounds=Rect(0, 0 - 1280, 720) mWindowingMode=fullscreen mDisplayWindowingMode=fullscreen mActivityType=undefined mAlwaysOnTop=undefined mRotation=ROTATION_90} s.14} for displayId=0
08-20 22:48:50.088   312  1174 W LocalDisplayAdapter: Requested mode ID 0 not available, dropping from allowed set.
08-20 22:48:50.105  1109  1166 V Space   : s9_sock---sendTracking: orientationChanged ({"opType":"orientationChanged","resultCode":0,"ori":"1"})
08-20 22:48:50.105  1109  1166 V Space   : s9_sock------send sock_num=0 message={"opType":"orientationChanged","resultCode":0,"ori":"1"}
08-20 22:48:50.140  1109  1166 V Space   : s9_sock---sendTracking: resume_activity ({"opType":"resume_activity","resultCode":0,"component":"com.youdagames.gop3multiplayer\/com.braze.unity.BrazeUnityPlayerActivity","package":"com.youdagames.gop3multiplayer"})
08-20 22:48:50.140  1109  1166 V Space   : s9_sock------send sock_num=0 message={"opType":"resume_activity","resultCode":0,"component":"com.youdagames.gop3multiplayer\/com.braze.unity.BrazeUnityPlayerActivity","package":"com.youdagames.gop3multiplayer"}
08-20 22:48:50.619  1109  1109 V Space   : onNotificationPosted: StatusBarNotification(pkg=android user=UserHandle{-1} id=19 tag=null key=-1|android|19|null|1000: Notification(channel=PHYSICAL_KEYBOARD pri=0 contentView=null vibrate=null sound=null defaults=0x0 flags=0x0 color=0xff607d8b vis=PRIVATE))
08-20 22:48:50.619  1109  1109 V Space   : s9_sock---sendTracking: post_notification ({"opType":"post_notification","resultCode":0,"package":"android","text":"Tap to select language and layout"})
08-20 22:48:50.619  1109  1109 V Space   : s9_sock------send sock_num=0 message={"opType":"post_notification","resultCode":0,"package":"android","text":"Tap to select language and layout"}
08-20 22:48:51.011   312   744 I WindowManager: Screen frozen for +1s5ms due to Window{4949d6b u0 com.youdagames.gop3multiplayer/com.braze.unity.BrazeUnityPlayerActivity}
08-20 22:48:53.038  1109  1411 V Space   : s9_sock-----handleClient-Received message: {"opType":"heart_beat","resultCode":0,"resultInfo":"success"}
08-20 22:48:54.108   312  1023 E TaskPersister: File error accessing recents directory (directory doesn't exist?).
08-20 22:48:54.685   312  1306 D ConnectivityService: requestNetwork for uid/pid:10049/1031 NetworkRequest [ TRACK_DEFAULT id=44, [ Capabilities: INTERNET&NOT_RESTRICTED&TRUSTED Uid: 10049] ]
--------- beginning of main
08-20 22:48:54.772    87   616 V GpsHal  : sending type:0xff300000 to /data/misc/gps/gps_ctrl
08-20 22:48:54.842   103  1665 W AudioFlinger: createTrack_l(): mismatch between requested flags (00000008) and output flags (00000002)
08-20 22:48:54.843   103  1665 D AudioFlinger: Client defaulted notificationFrames to 1234 for frameCount 2468
08-20 22:48:54.844   103  1665 D AF::TrackHandle: OpPlayAudio: track:60 usage:1 not muted
08-20 22:48:54.904  2608  4881 I chatty  : uid=10104(com.youdagames.gop3multiplayer) FMODAudioDevice expire 2 lines
08-20 22:48:55.287   103   184 D AudioFlinger: mixer(0x787e2da180) throttle end: throttle time(2)
08-20 22:48:56.546  2608  4884 I chatty  : uid=10104(com.youdagames.gop3multiplayer) Loading.Preload expire 3 lines
08-20 22:48:57.087    89   242 E drm_hwc2_gralloc: hwc_get_handle_name:cann't get value from gralloc
08-20 22:48:57.087    89   242 E drm_hwc2_gralloc: hwc_get_handle_name:cann't get value from gralloc
08-20 22:48:57.477   312   344 E memtrack: Couldn't load memtrack module
08-20 22:48:57.477   312   344 W android.os.Debug: failed to get memory consumption info: -1
08-20 22:48:58.059    77  4887 E ResolverController: No valid NAT64 prefix (100, <unspecified>/0)
08-20 22:48:58.492   312  1306 W SensorService: sensor 00000000 already enabled in connection 0x770096f200 (ignoring)
08-20 22:48:59.485    89   242 E drm_hwc2_gralloc: hwc_get_handle_name:cann't get value from gralloc
08-20 22:48:59.485    89   242 E drm_hwc2_gralloc: hwc_get_handle_name:cann't get value from gralloc
08-20 22:49:00.042    95   126 V JWSensorsHal: sending type:0xfff40000 to /data/misc/sensor/sensor_ctrl
08-20 22:49:00.515  2608  4908 I chatty  : uid=10104(com.youdagames.gop3multiplayer) pool-24-thread- expire 1 line
08-20 22:49:00.657   312  1306 D ConnectivityService: requestNetwork for uid/pid:10104/2608 NetworkRequest [ TRACK_DEFAULT id=45, [ Capabilities: INTERNET&NOT_RESTRICTED&TRUSTED Uid: 10104] ]
08-20 22:49:00.658   312   449 D Ethernet: got request NetworkRequest [ TRACK_DEFAULT id=45, [ Capabilities: INTERNET&NOT_RESTRICTED&TRUSTED Uid: 10104] ] with score 70 and serial -1
08-20 22:49:00.658   312   420 D WifiNetworkFactory: got request NetworkRequest [ TRACK_DEFAULT id=45, [ Capabilities: INTERNET&NOT_RESTRICTED&TRUSTED Uid: 10104] ] with score 70 and serial -1
08-20 22:49:00.658   312   420 D UntrustedWifiNetworkFactory: got request NetworkRequest [ TRACK_DEFAULT id=45, [ Capabilities: INTERNET&NOT_RESTRICTED&TRUSTED Uid: 10104] ] with score 70 and serial -1
08-20 22:49:00.663   620   620 D PhoneSwitcherNetworkRequstListener: got request NetworkRequest [ TRACK_DEFAULT id=45, [ Capabilities: INTERNET&NOT_RESTRICTED&TRUSTED Uid: 10104] ] with score 70 and serial -1
08-20 22:49:00.686   620   956 D PhoneInterfaceManager: [PhoneIntfMgr] isDataEnabled: subId=2 phoneId=0
08-20 22:49:00.686   620   956 D PhoneInterfaceManager: [PhoneIntfMgr] isDataEnabled: subId=2 retVal=true
08-20 22:49:00.723   455   455 V KeyguardUpdateMonitor: onSubscriptionInfoChanged()
