08-20 22:53:32.020  2847  2869 I Finsky:background: [235] naw.run(303): Stats for Executor: LightweightExecutor pzy@6ac4017[Running, pool size = 4, active threads = 0, queued tasks = 0, completed tasks = 4]
08-20 22:53:34.785    87   616 V GpsHal  : sending type:0xff300000 to /data/misc/gps/gps_ctrl
08-20 22:53:40.050    95   126 V JWSensorsHal: sending type:0xfff40000 to /data/misc/sensor/sensor_ctrl
08-20 22:53:44.785    87   616 V GpsHal  : sending type:0xff300000 to /data/misc/gps/gps_ctrl
08-20 22:53:50.050    95   126 V JWSensorsHal: sending type:0xfff40000 to /data/misc/sensor/sensor_ctrl
08-20 22:53:52.830   930  5723 I chatty  : uid=10049 com.google.android.gms.persistent expire 2 lines
08-20 22:53:54.785    87   616 V GpsHal  : sending type:0xff300000 to /data/misc/gps/gps_ctrl
08-20 22:53:59.900    77  5926 E ResolverController: No valid NAT64 prefix (100, <unspecified>/0)
08-20 22:54:00.051    95   126 V JWSensorsHal: sending type:0xfff40000 to /data/misc/sensor/sensor_ctrl
08-20 22:54:04.786    87   616 V GpsHal  : sending type:0xff300000 to /data/misc/gps/gps_ctrl
08-20 22:54:10.051    95   126 V JWSensorsHal: sending type:0xfff40000 to /data/misc/sensor/sensor_ctrl
08-20 22:54:14.787    87   616 V GpsHal  : sending type:0xff300000 to /data/misc/gps/gps_ctrl
08-20 22:54:19.866   103   184 D AudioFlinger: mixer(0x787e2da180) throttle end: throttle time(7)
08-20 22:54:20.052    95   126 V JWSensorsHal: sending type:0xfff40000 to /data/misc/sensor/sensor_ctrl
08-20 22:54:20.957   103   184 D AudioFlinger: mixer(0x787e2da180) throttle end: throttle time(5)
08-20 22:54:22.872   930  1367 I chatty  : uid=10049(com.google.android.gms) netscheduler-qu expire 10 lines
08-20 22:54:22.896   930  6014 I chatty  : uid=10049 com.google.android.gms.persistent expire 1 line
08-20 22:54:22.936    77  6017 E ResolverController: No valid NAT64 prefix (100, <unspecified>/0)
08-20 22:54:23.435  1031  1040 I chatty  : uid=10049(com.google.android.gms) Jit thread pool expire 2 lines
08-20 22:54:24.787    87   616 V GpsHal  : sending type:0xff300000 to /data/misc/gps/gps_ctrl
08-20 22:54:25.967  1031  4084 I chatty  : uid=10049(com.google.android.gms) lowpool[10] expire 3 lines
08-20 22:54:26.183   930  6020 I chatty  : uid=10049 com.google.android.gms.persistent expire 1 line
08-20 22:54:26.358   930  6021 I chatty  : uid=10049 com.google.android.gms.persistent expire 1 line
08-20 22:54:26.394   930  5910 I chatty  : uid=10049 com.google.android.gms.persistent expire 1 line
08-20 22:54:29.049   930   947 I chatty  : uid=10049(com.google.android.gms) Binder:930_2 expire 4 lines
08-20 22:54:29.096  1031  4850 I chatty  : uid=10049(com.google.android.gms) expire 4 lines
08-20 22:54:29.137    77  6038 E ResolverController: No valid NAT64 prefix (100, <unspecified>/0)
08-20 22:54:30.052    95   126 V JWSensorsHal: sending type:0xfff40000 to /data/misc/sensor/sensor_ctrl
08-20 22:54:34.789    87   616 V GpsHal  : sending type:0xff300000 to /data/misc/gps/gps_ctrl
08-20 22:54:40.052    95   126 V JWSensorsHal: sending type:0xfff40000 to /data/misc/sensor/sensor_ctrl
08-20 22:54:44.789    87   616 V GpsHal  : sending type:0xff300000 to /data/misc/gps/gps_ctrl
08-20 22:54:49.903   103   184 D AudioFlinger: mixer(0x787e2da180) throttle end: throttle time(5)
08-20 22:54:50.052    95   126 V JWSensorsHal: sending type:0xfff40000 to /data/misc/sensor/sensor_ctrl
08-20 22:54:50.672   103   184 D AudioFlinger: mixer(0x787e2da180) throttle end: throttle time(2)
08-20 22:54:50.808   103   184 D AudioFlinger: mixer(0x787e2da180) throttle end: throttle time(1)
08-20 22:54:33.082  1109  1411 I chatty  : uid=1000(system) pool-1-thread-3 identical 8 lines
08-20 22:54:43.083  1109  1411 V Space   : s9_sock-----handleClient-Received message: {"opType":"heart_beat","resultCode":0,"resultInfo":"success"}
08-20 22:54:51.847   312   350 E KernelCpuUidUserSysTimeReader: Negative user/sys time delta for UID=99001
08-20 22:54:51.847   312   350 E KernelCpuUidUserSysTimeReader: Prev times: u=31390 s=15067 Curr times: u=20235 s=12207
08-20 22:54:51.847   312   350 W KernelCpuProcStringReader: File not found. It's normal if not implemented: /proc/uid_time_in_state
08-20 22:54:51.848   312   350 W KernelCpuProcStringReader: File not found. It's normal if not implemented: /proc/uid_concurrent_active_time
08-20 22:54:51.848   312   350 W KernelCpuProcStringReader: File not found. It's normal if not implemented: /proc/uid_concurrent_policy_time
08-20 22:54:53.086  1109  1411 V Space   : s9_sock-----handleClient-Received message: {"opType":"heart_beat","resultCode":0,"resultInfo":"success"}
08-20 22:54:51.461   103   184 D AudioFlinger: mixer(0x787e2da180) throttle end: throttle time(1)
08-20 22:54:54.790    87   616 V GpsHal  : sending type:0xff300000 to /data/misc/gps/gps_ctrl
08-20 22:55:00.052    95   126 V JWSensorsHal: sending type:0xfff40000 to /data/misc/sensor/sensor_ctrl
08-20 22:55:04.791    87   616 V GpsHal  : sending type:0xff300000 to /data/misc/gps/gps_ctrl
08-20 22:55:10.052    95   126 V JWSensorsHal: sending type:0xfff40000 to /data/misc/sensor/sensor_ctrl
08-20 22:55:14.791    87   616 V GpsHal  : sending type:0xff300000 to /data/misc/gps/gps_ctrl
08-20 22:55:20.053    95   126 V JWSensorsHal: sending type:0xfff40000 to /data/misc/sensor/sensor_ctrl
08-20 22:55:24.791    87   616 V GpsHal  : sending type:0xff300000 to /data/misc/gps/gps_ctrl
08-20 22:55:30.053    95   126 V JWSensorsHal: sending type:0xfff40000 to /data/misc/sensor/sensor_ctrl
08-20 22:55:34.791    87   616 V GpsHal  : sending type:0xff300000 to /data/misc/gps/gps_ctrl
08-20 22:55:40.053    95   126 V JWSensorsHal: sending type:0xfff40000 to /data/misc/sensor/sensor_ctrl
08-20 22:55:44.792    87   616 V GpsHal  : sending type:0xff300000 to /data/misc/gps/gps_ctrl
08-20 22:55:50.055    95   126 V JWSensorsHal: sending type:0xfff40000 to /data/misc/sensor/sensor_ctrl
08-20 22:55:54.792    87   616 V GpsHal  : sending type:0xff300000 to /data/misc/gps/gps_ctrl
08-20 22:56:00.055    95   126 V JWSensorsHal: sending type:0xfff40000 to /data/misc/sensor/sensor_ctrl
08-20 22:56:04.792    87   616 V GpsHal  : sending type:0xff300000 to /data/misc/gps/gps_ctrl
08-20 22:56:10.055    95   126 V JWSensorsHal: sending type:0xfff40000 to /data/misc/sensor/sensor_ctrl
08-20 22:56:14.793    87   616 V GpsHal  : sending type:0xff300000 to /data/misc/gps/gps_ctrl
08-20 22:56:19.980   103   184 D AudioFlinger: mixer(0x787e2da180) throttle end: throttle time(5)
08-20 22:56:20.055    95   126 V JWSensorsHal: sending type:0xfff40000 to /data/misc/sensor/sensor_ctrl
08-20 22:56:24.793    87   616 V GpsHal  : sending type:0xff300000 to /data/misc/gps/gps_ctrl
08-20 22:56:30.055    95   126 V JWSensorsHal: sending type:0xfff40000 to /data/misc/sensor/sensor_ctrl
08-20 22:56:30.119    77  6429 E ResolverController: No valid NAT64 prefix (100, <unspecified>/0)
08-20 22:56:34.793    87   616 V GpsHal  : sending type:0xff300000 to /data/misc/gps/gps_ctrl
08-20 22:56:35.704   103   184 D AudioFlinger: mixer(0x787e2da180) throttle end: throttle time(2)
08-20 22:56:36.098   103   184 D AudioFlinger: mixer(0x787e2da180) throttle end: throttle time(1)
08-20 22:56:40.057    95   126 V JWSensorsHal: sending type:0xfff40000 to /data/misc/sensor/sensor_ctrl
08-20 22:56:44.793    87   616 V GpsHal  : sending type:0xff300000 to /data/misc/gps/gps_ctrl
08-20 22:56:50.057    95   126 V JWSensorsHal: sending type:0xfff40000 to /data/misc/sensor/sensor_ctrl
08-20 22:56:50.759   103   184 D AudioFlinger: mixer(0x787e2da180) throttle end: throttle time(3)
08-20 22:56:53.568   930  1569 I chatty  : uid=10049(com.google.android.gms) Binder:930_A expire 1 line
08-20 22:56:53.571   312   344 E memtrack: Couldn't load memtrack module
08-20 22:56:53.571   312   344 W android.os.Debug: failed to get memory consumption info: -1
08-20 22:56:53.607   930   930 I chatty  : uid=10049 com.google.android.gms.persistent expire 2 lines
08-20 22:56:53.609  1031  4911 I chatty  : uid=10049(com.google.android.gms) expire 2 lines
08-20 22:56:53.644   312   344 E memtrack: Couldn't load memtrack module
08-20 22:56:53.644   312   344 W android.os.Debug: failed to get memory consumption info: -1
08-20 22:56:53.651    77  6515 E ResolverController: No valid NAT64 prefix (100, <unspecified>/0)
08-20 22:56:53.656   312   344 E memtrack: Couldn't load memtrack module
08-20 22:56:53.656   312   344 W android.os.Debug: failed to get memory consumption info: -1
08-20 22:56:53.673   312   344 E memtrack: Couldn't load memtrack module
08-20 22:56:53.673   312   344 W android.os.Debug: failed to get memory consumption info: -1
08-20 22:56:53.682   312   344 E memtrack: Couldn't load memtrack module
08-20 22:56:53.682   312   344 W android.os.Debug: failed to get memory consumption info: -1
08-20 22:56:53.920   930  1569 I chatty  : uid=10049(com.google.android.gms) Binder:930_A expire 1 line
08-20 22:56:43.097  1109  1411 I chatty  : uid=1000(system) pool-1-thread-3 identical 11 lines
08-20 22:56:53.098  1109  1411 V Space   : s9_sock-----handleClient-Received message: {"opType":"heart_beat","resultCode":0,"resultInfo":"success"}
08-20 22:56:54.284   312  1890 I ActivityManager: Process com.android.permissioncontroller (pid 2166) has died: cch+45 CEM 
08-20 22:56:54.285    78    78 I Zygote  : Process 2166 exited due to signal 9 (Killed)
08-20 22:56:54.288   749   749 I AppBase : AppBase.onTrimMemory():439 onTrimMemory(): 15
08-20 22:56:54.288   749   749 I KeyboardDefCache: MemoryFileCache$1.onTrimMemory():126 clearMemory() for trim memory: 15
08-20 22:56:54.288   749   749 I KeyboardDefCache: MemoryFileCache.clearMemory():410 evictAll()
08-20 22:56:54.288   749   749 I GoogleInputMethodService: GoogleInputMethodService.onTrimMemory():4314 onTrimMemory(): 15
08-20 22:56:54.288  2847  2847 I Finsky:background: [1] wta.onTrimMemory(13): Memory trim requested to level 60
08-20 22:56:54.328   106   106 E lowmemorykiller: Kill 'com.android.permissioncontroller' (2166), uid 10051, oom_adj 945 to free 85552kB
08-20 22:56:54.328   106   106 I lowmemorykiller: Reclaimed 85552kB at oom_adj 800
08-20 22:56:54.328   312   347 I libprocessgroup: Successfully killed process cgroup uid 10051 pid 2166 in 43ms
08-20 22:56:54.398   103   184 D AudioFlinger: mixer(0x787e2da180) throttle end: throttle time(1)
08-20 22:56:54.404   106   106 E lowmemorykiller: Kill 'com.android.vending:background' (2847), uid 10043, oom_adj 935 to free 150280kB
08-20 22:56:54.405   106   106 I lowmemorykiller: Reclaimed 150280kB at oom_adj 800
08-20 22:56:54.444   312   769 D ConnectivityService: ConnectivityService NetworkRequestInfo binderDied(NetworkRequest [ TRACK_DEFAULT id=36, [ Capabilities: INTERNET&NOT_RESTRICTED&TRUSTED Uid: 10043] ], android.os.BinderProxy@d1918f7)
08-20 22:56:54.444   312   769 I ActivityManager: Process com.android.vending:background (pid 2847) has died: cch+35 CEM 
08-20 22:56:54.444    78    78 I Zygote  : Process 2847 exited due to signal 9 (Killed)
08-20 22:56:54.446   312   423 D ConnectivityService: releasing NetworkRequest [ TRACK_DEFAULT id=36, [ Capabilities: INTERNET&NOT_RESTRICTED&TRUSTED Uid: 10043] ] (release request)
08-20 22:56:54.446   312   347 I libprocessgroup: Successfully killed process cgroup uid 10043 pid 2847 in 0ms
08-20 22:56:54.452   455   455 V KeyguardUpdateMonitor: onSubscriptionInfoChanged()
08-20 22:56:54.452   455   455 V KeyguardUpdateMonitor: SubInfo:{id=2, iccId=890124019[****] simSlotIndex=0 carrierId=1 displayName=T-Mobile carrierName=T-Mobile nameSource=0 iconTint=-16746133 mNumber=[****] dataRoaming=0 iconBitmap=android.graphics.Bitmap@a945ec4 mcc 310 mnc 260mCountryIso=us isEmbedded false nativeAccessRules null cardString=890124019[****] cardId=-1 isOpportunistic false mGroupUUID=null mIsGroupDisabled=false profileClass=-1 ehplmns = null hplmns = null subscriptionType=0 mGroupOwner=null carrierConfigAccessRules=null}
08-20 22:56:54.457   620   956 D PhoneInterfaceManager: [PhoneIntfMgr] isDataEnabled: subId=2 phoneId=0
08-20 22:56:54.457   620   956 D PhoneInterfaceManager: [PhoneIntfMgr] isDataEnabled: subId=2 retVal=true
08-20 22:56:54.794    87   616 V GpsHal  : sending type:0xff300000 to /data/misc/gps/gps_ctrl
08-20 22:56:57.782   930  6531 I chatty  : uid=10049 com.google.android.gms.persistent expire 2 lines
08-20 22:57:00.060    95   126 V JWSensorsHal: sending type:0xfff40000 to /data/misc/sensor/sensor_ctrl
08-20 22:57:00.239  1031  6532 I chatty  : uid=10049(com.google.android.gms) expire 2 lines
08-20 22:57:03.100  1109  1411 V Space   : s9_sock-----handleClient-Received message: {"opType":"heart_beat","resultCode":0,"resultInfo":"success"}
08-20 22:57:03.544   106   106 E lowmemorykiller: Kill 'com.google.process.gapps' (1346), uid 10049, oom_adj 925 to free 87372kB
08-20 22:57:03.544   106   106 I lowmemorykiller: Reclaimed 87372kB at oom_adj 800
08-20 22:57:03.555   106   106 E lowmemorykiller: Kill 'com.google.process.gservices' (1054), uid 10049, oom_adj 915 to free 91004kB
08-20 22:57:03.555   106   106 I lowmemorykiller: Reclaimed 91004kB at oom_adj 800
08-20 22:57:03.570   106   106 E lowmemorykiller: Kill 'com.google.android.apps.turbo' (2419), uid 10057, oom_adj 905 to free 101192kB
08-20 22:57:03.571   106   106 I lowmemorykiller: Reclaimed 101192kB at oom_adj 800
08-20 22:57:03.576    78    78 I Zygote  : Process 1346 exited due to signal 9 (Killed)
08-20 22:57:03.576   312  1146 I ActivityManager: Process com.google.process.gapps (pid 1346) has died: cch+25 CEM 
08-20 22:57:03.576   312   347 I libprocessgroup: Successfully killed process cgroup uid 10049 pid 1346 in 0ms
08-20 22:57:03.578   749   749 I AppBase : AppBase.onTrimMemory():439 onTrimMemory(): 15
08-20 22:57:03.578   749   749 I KeyboardDefCache: MemoryFileCache$1.onTrimMemory():126 clearMemory() for trim memory: 15
08-20 22:57:03.578   749   749 I KeyboardDefCache: MemoryFileCache.clearMemory():410 evictAll()
08-20 22:57:03.578   749   749 I GoogleInputMethodService: GoogleInputMethodService.onTrimMemory():4314 onTrimMemory(): 15
08-20 22:57:03.589    78    78 I Zygote  : Process 1054 exited due to signal 9 (Killed)
08-20 22:57:03.589   312  1890 I ActivityManager: Process com.google.process.gservices (pid 1054) has died: cch+15 CEM 
08-20 22:57:03.592   312   347 I libprocessgroup: Successfully killed process cgroup uid 10049 pid 1054 in 0ms
08-20 22:57:03.634   312  1073 I ActivityManager: Process com.google.android.apps.turbo (pid 2419) has died: cch+5 CEM 
08-20 22:57:03.642    78    78 I Zygote  : Process 2419 exited due to signal 9 (Killed)
08-20 22:57:03.679   312   347 I libprocessgroup: Successfully killed process cgroup uid 10057 pid 2419 in 44ms
08-20 22:57:04.795    87   616 V GpsHal  : sending type:0xff300000 to /data/misc/gps/gps_ctrl
08-20 22:57:08.675   930   930 I chatty  : uid=10049 com.google.android.gms.persistent expire 1 line
08-20 22:57:08.748   312   326 I system_server: Background concurrent copying GC freed 137092(5606KB) AllocSpace objects, 5(180KB) LOS objects, 42% free, 10MB/18MB, paused 62us total 109.079ms
08-20 22:57:10.060    95   126 V JWSensorsHal: sending type:0xfff40000 to /data/misc/sensor/sensor_ctrl
08-20 22:57:13.101  1109  1411 V Space   : s9_sock-----handleClient-Received message: {"opType":"heart_beat","resultCode":0,"resultInfo":"success"}
08-20 22:57:14.796    87   616 V GpsHal  : sending type:0xff300000 to /data/misc/gps/gps_ctrl
08-20 22:57:16.613    77  6591 E ResolverController: No valid NAT64 prefix (100, <unspecified>/0)
08-20 22:57:20.060    95   126 V JWSensorsHal: sending type:0xfff40000 to /data/misc/sensor/sensor_ctrl
08-20 22:57:24.796    87   616 V GpsHal  : sending type:0xff300000 to /data/misc/gps/gps_ctrl
08-20 22:57:27.120   106   106 I lowmemorykiller: Reclaimed 0kB at oom_adj 800
08-20 22:57:27.120   106   106 I lowmemorykiller: Suppressed 98 failed kill reports
08-20 22:57:27.793  2709  6630 I chatty  : uid=10049 com.google.android.gms.unstable expire 2 lines
08-20 22:57:28.126   106   106 I lowmemorykiller: Reclaimed 0kB at oom_adj 800
08-20 22:57:28.126   106   106 I lowmemorykiller: Suppressed 96 failed kill reports
08-20 22:57:30.060    95   126 V JWSensorsHal: sending type:0xfff40000 to /data/misc/sensor/sensor_ctrl
08-20 22:57:34.796    87   616 V GpsHal  : sending type:0xff300000 to /data/misc/gps/gps_ctrl
08-20 22:57:40.061    95   126 V JWSensorsHal: sending type:0xfff40000 to /data/misc/sensor/sensor_ctrl
08-20 22:57:44.797    87   616 V GpsHal  : sending type:0xff300000 to /data/misc/gps/gps_ctrl
08-20 22:57:50.062    95   126 V JWSensorsHal: sending type:0xfff40000 to /data/misc/sensor/sensor_ctrl
08-20 22:57:50.296   103   184 D AudioFlinger: mixer(0x787e2da180) throttle end: throttle time(1)
08-20 22:57:54.797    87   616 V GpsHal  : sending type:0xff300000 to /data/misc/gps/gps_ctrl
08-20 22:58:00.062    95   126 V JWSensorsHal: sending type:0xfff40000 to /data/misc/sensor/sensor_ctrl
08-20 22:58:04.797    87   616 V GpsHal  : sending type:0xff300000 to /data/misc/gps/gps_ctrl
08-20 22:58:04.859   103   184 D AudioFlinger: mixer(0x787e2da180) throttle end: throttle time(5)
08-20 22:58:05.153   930   942 I chatty  : uid=10049(com.google.android.gms) HeapTaskDaemon expire 1 line
08-20 22:58:10.062    95   126 V JWSensorsHal: sending type:0xfff40000 to /data/misc/sensor/sensor_ctrl
08-20 22:58:10.188  1031  1047 I chatty  : uid=10049(com.google.android.gms) HeapTaskDaemon expire 1 line
08-20 22:58:14.797    87   616 V GpsHal  : sending type:0xff300000 to /data/misc/gps/gps_ctrl
08-20 22:58:20.071    95   126 V JWSensorsHal: sending type:0xfff40000 to /data/misc/sensor/sensor_ctrl
08-20 22:58:24.797    87   616 V GpsHal  : sending type:0xff300000 to /data/misc/gps/gps_ctrl
08-20 22:58:29.336   930  1569 I chatty  : uid=10049(com.google.android.gms) Binder:930_A expire 2 lines
08-20 22:58:29.337   930  1591 I chatty  : uid=10049(com.google.android.gms) Binder:930_D expire 1 line
08-20 22:58:29.357   930   930 I chatty  : uid=10049 com.google.android.gms.persistent expire 2 lines
08-20 22:58:29.363  1031  4807 I chatty  : uid=10049(com.google.android.gms) Games-SnapshotD expire 2 lines
08-20 22:58:29.373  1031  1031 I chatty  : uid=10049(com.google.android.gms) expire 2 lines
08-20 22:58:29.389    77  6836 E ResolverController: No valid NAT64 prefix (100, <unspecified>/0)
08-20 22:58:29.398  1031  1373 I chatty  : uid=10049(com.google.android.gms) Binder:1031_4 expire 1 line
08-20 22:58:29.412  1031  4807 I chatty  : uid=10049(com.google.android.gms) Games-SnapshotD expire 1 line
08-20 22:58:29.475  1031  4951 I chatty  : uid=10049(com.google.android.gms) expire 1 line
08-20 22:58:29.510  1031  4764 I chatty  : uid=10049(com.google.android.gms) GoogleApiHandle expire 26 lines
08-20 22:58:29.523  2608  4720 I Unity   : [LocalStorage/GooglePlayGamesCloudSyncer] Check if has Prefs completed. Result: True
08-20 22:58:29.531  1031  4795 I chatty  : uid=10049(com.google.android.gms) expire 3 lines
08-20 22:58:29.611   930  1591 I chatty  : uid=10049(com.google.android.gms) Binder:930_D expire 1 line
08-20 22:58:30.071    95   126 V JWSensorsHal: sending type:0xfff40000 to /data/misc/sensor/sensor_ctrl
08-20 22:58:34.755  1031  4951 I chatty  : uid=10049(com.google.android.gms) expire 3 lines
08-20 22:58:34.798    87   616 V GpsHal  : sending type:0xff300000 to /data/misc/gps/gps_ctrl
08-20 22:58:34.799  2608  4720 I Unity   : [LocalStorage/GooglePlayGamesCloudSyncer] Read from Prefs...
08-20 22:58:34.808  2608  4720 W Unity   : AndroidJNIHelper.GetSignature: using Byte parameters is obsolete, use SByte parameters instead
08-20 22:58:34.811  2608  4720 W Unity   : AndroidJNIHelper: converting from Byte array is obsolete, use SByte array instead
08-20 22:58:34.818  2608  4720 I Unity   : [LocalStorage/GooglePlayGamesCloudSyncer] Read 1224 from Prefs complete.
08-20 22:58:34.857  2608  4720 I firebase: SetConsent: 37 -> 53
08-20 22:58:34.858  2608  4720 I Unity   : SetConsent: 37 -> 53
08-20 22:58:34.858  2608  4720 I firebase: SetConsent: 41 -> 57
08-20 22:58:34.858  2608  4720 I Unity   : SetConsent: 41 -> 57
08-20 22:58:34.858  2608  4720 I firebase: SetConsent: 33 -> 49
08-20 22:58:34.858  2608  4720 I Unity   : SetConsent: 33 -> 49
08-20 22:58:34.858  2608  4720 I firebase: SetConsent: 37 -> 53
08-20 22:58:34.858  2608  4720 I Unity   : SetConsent: 37 -> 53
08-20 22:58:34.882  2608  4720 I Unity   : SendEvent:boot
08-20 22:58:34.886  2608  4720 I chatty  : uid=10104(com.youdagames.gop3multiplayer) UnityMain identical 23 lines
08-20 22:58:34.886  2608  4720 I Unity   : SendEvent:boot
08-20 22:58:34.909  1031  1031 I chatty  : uid=10049(com.google.android.gms) expire 6 lines
08-20 22:58:34.992  2608  4720 I Unity   : SendEvent:boot
08-20 22:58:34.993  2608  4720 I Unity   : SendEvent:boot
08-20 22:58:35.000  2608  2622 W System  : A resource failed to call close. 
08-20 22:58:35.033  2608  4720 I Unity   : SendEvent:boot
08-20 22:58:35.245  2608  4720 I Unity   : SendEvent:boot
08-20 22:58:35.245  2608  4720 I Unity   : SetCustomKey:Login provider
08-20 22:58:35.245  2608  4720 I Unity   : SendEvent:boot
08-20 22:58:35.245  2608  4720 I Unity   : SendEvent:boot
08-20 22:58:35.306    77  6872 E ResolverController: No valid NAT64 prefix (100, <unspecified>/0)
08-20 22:58:35.491  1031  6873 I chatty  : uid=10049(com.google.android.gms) expire 4 lines
08-20 22:58:35.555   930   930 I chatty  : uid=10049 com.google.android.gms.persistent expire 7 lines
08-20 22:58:35.599   930  6837 I chatty  : uid=10049 com.google.android.gms.persistent expire 10 lines
08-20 22:58:35.718   930  6876 I chatty  : uid=10049 com.google.android.gms.persistent expire 14 lines
08-20 22:58:35.776   930  6721 I chatty  : uid=10049 com.google.android.gms.persistent expire 11 lines
08-20 22:58:40.051  2608  4720 I Unity   : [LocalStorage/GooglePlayGamesCloudSyncer] Commit 1224 bytes to Prefs...
08-20 22:58:40.052  2608  4720 W Unity   : AndroidJNIHelper.GetSignature: using Byte parameters is obsolete, use SByte parameters instead
08-20 22:58:40.052  2608  4720 W Unity   : AndroidJNIHelper: converting Byte array is obsolete, use SByte array instead
08-20 22:58:40.068  1031  4764 I chatty  : uid=10049(com.google.android.gms) GoogleApiHandle expire 8 lines
08-20 22:58:40.073    95   126 V JWSensorsHal: sending type:0xfff40000 to /data/misc/sensor/sensor_ctrl
08-20 22:58:40.203  2608  4720 I Unity   : [LocalStorage/GooglePlayGamesCloudSyncer] Commit 1224 bytes to Prefs complete.
08-20 22:58:41.042   930  1367 I chatty  : uid=10049(com.google.android.gms) netscheduler-qu expire 11 lines
08-20 22:58:44.799    87   616 V GpsHal  : sending type:0xff300000 to /data/misc/gps/gps_ctrl
08-20 22:58:50.076    95   126 V JWSensorsHal: sending type:0xfff40000 to /data/misc/sensor/sensor_ctrl
08-20 22:58:54.799    87   616 V GpsHal  : sending type:0xff300000 to /data/misc/gps/gps_ctrl
08-20 22:59:00.076    95   126 V JWSensorsHal: sending type:0xfff40000 to /data/misc/sensor/sensor_ctrl
08-20 22:59:00.283    77  6954 E ResolverController: No valid NAT64 prefix (100, <unspecified>/0)
08-20 22:59:04.799    87   616 V GpsHal  : sending type:0xff300000 to /data/misc/gps/gps_ctrl
08-20 22:59:08.879   930  6876 I chatty  : uid=10049 com.google.android.gms.persistent expire 2 lines
08-20 22:59:10.076    95   126 V JWSensorsHal: sending type:0xfff40000 to /data/misc/sensor/sensor_ctrl
08-20 22:59:13.318   103   184 D AudioFlinger: mixer(0x787e2da180) throttle end: throttle time(3)
08-20 22:59:14.799    87   616 V GpsHal  : sending type:0xff300000 to /data/misc/gps/gps_ctrl
08-20 22:59:16.384   103   184 D AudioFlinger: mixer(0x787e2da180) throttle end: throttle time(6)
08-20 22:59:20.013   103   184 D AudioFlinger: mixer(0x787e2da180) throttle end: throttle time(1)
08-20 22:59:20.076    95   126 V JWSensorsHal: sending type:0xfff40000 to /data/misc/sensor/sensor_ctrl
08-20 22:59:24.799    87   616 V GpsHal  : sending type:0xff300000 to /data/misc/gps/gps_ctrl
08-20 22:59:30.077    95   126 V JWSensorsHal: sending type:0xfff40000 to /data/misc/sensor/sensor_ctrl
08-20 22:59:34.800    87   616 V GpsHal  : sending type:0xff300000 to /data/misc/gps/gps_ctrl
08-20 22:59:40.077    95   126 V JWSensorsHal: sending type:0xfff40000 to /data/misc/sensor/sensor_ctrl
08-20 22:59:43.511   106   106 I lowmemorykiller: Reclaimed 0kB at oom_adj 800
08-20 22:59:43.511   106   106 I lowmemorykiller: Suppressed 3 failed kill reports
08-20 22:59:44.586   106   106 I lowmemorykiller: Reclaimed 0kB at oom_adj 800
08-20 22:59:44.586   106   106 I lowmemorykiller: Suppressed 93 failed kill reports
08-20 22:59:44.800    87   616 V GpsHal  : sending type:0xff300000 to /data/misc/gps/gps_ctrl
08-20 22:59:45.666   106   106 I lowmemorykiller: Reclaimed 0kB at oom_adj 800
08-20 22:59:45.666   106   106 I lowmemorykiller: Suppressed 94 failed kill reports
08-20 22:59:46.670   106   106 I lowmemorykiller: Reclaimed 0kB at oom_adj 800
08-20 22:59:46.670   106   106 I lowmemorykiller: Suppressed 98 failed kill reports
08-20 22:59:33.118  1109  1411 I chatty  : uid=1000(system) pool-1-thread-3 identical 14 lines
08-20 22:59:43.119  1109  1411 V Space   : s9_sock-----handleClient-Received message: {"opType":"heart_beat","resultCode":0,"resultInfo":"success"}
08-20 22:59:47.845  1109  1411 V Space   : s9_sock-----handleClient-Received message: {"opType":"screenOrientation"}
08-20 22:59:50.080    95   126 V JWSensorsHal: sending type:0xfff40000 to /data/misc/sensor/sensor_ctrl
08-20 22:59:53.120  1109  1411 V Space   : s9_sock-----handleClient-Received message: {"opType":"heart_beat","resultCode":0,"resultInfo":"success"}
08-20 22:59:53.470  2608  4720 I Unity   : SetCustomKey:Restarted
08-20 22:59:54.800    87   616 V GpsHal  : sending type:0xff300000 to /data/misc/gps/gps_ctrl
08-20 22:59:55.014  2608  4720 W Unity   : The referenced script on this Behaviour (Game Object '<null>') is missing!
08-20 22:59:55.015  2608  4720 W Unity   : The referenced script on this Behaviour (Game Object 'Popup - SendUserReport') is missing!
08-20 22:59:55.015  2608  4720 W Unity   : The referenced script on this Behaviour (Game Object 'Popup - SendUserReport') is missing!
08-20 22:59:55.313  2608  4720 W Unity   : The referenced script on this Behaviour (Game Object '<null>') is missing!
08-20 22:59:55.313  2608  4720 W Unity   : The referenced script (iOSHapticController) on this Behaviour is missing!
08-20 22:59:55.313  2608  4720 W Unity   : The referenced script on this Behaviour (Game Object 'iOSHapticController') is missing!
08-20 22:59:55.326  2608  7141 I Unity   : DependenciesAvailable:77240818-394b-4032-abba-e810ea7b03ff
08-20 22:59:55.442  2608  4720 I Unity   : Creating pool: PokerUI
08-20 22:59:55.472  2608  4720 I Unity   : Creating pool: CharacterManager
08-20 22:59:55.476  2608  4720 I Unity   : Creating pool: CardsManager
08-20 22:59:55.477  2608  4720 I Unity   : Creating pool: ChipsManager
08-20 22:59:55.477  2608  4720 I Unity   : Creating pool: ButtonManager
08-20 22:59:55.479  2608  4720 I Unity   : Creating pool: PokerPositions
08-20 22:59:55.489  1031  7151 I chatty  : uid=10049(com.google.android.gms) expire 4 lines
08-20 22:59:55.524  2608  4720 I Unity   : Creating pool: GlobalEventFreeSimple
08-20 22:59:55.527  2608  4720 I Unity   : Creating pool: HintPopup
08-20 22:59:55.535  2608  4720 I Unity   : Creating pool: ItemChipsGoldCurrency
08-20 22:59:55.542  2608  4720 I Unity   : Creating pool: GopClubItem
08-20 22:59:55.546  2608  4720 I Unity   : Creating pool: FreeGopClubItem
08-20 22:59:55.548  2608  4720 I Unity   : Creating pool: GopClubPerksItem
08-20 22:59:55.558  2608  4720 I Unity   : Creating pool: RecentPrizeWinnerItem
08-20 22:59:55.561  2608  4720 I Unity   : Creating pool: blackjackcard
08-20 22:59:55.563  2608  4720 I Unity   : Creating pool: blackjackcardholder
08-20 22:59:55.569  2608  4720 I Unity   : Creating pool: listObjectTeamMemberLeaderboard
08-20 22:59:55.569  2608  4720 I Unity   : Creating pool: effectAmountLabel
08-20 22:59:55.636  2608  2620 I gop3multiplaye: Background young concurrent copying GC freed 53890(2760KB) AllocSpace objects, 33(808KB) LOS objects, 37% free, 4607KB/7369KB, paused 5.719ms total 59.612ms
08-20 22:59:55.672  2608  4720 I Unity   : Creating pool: FriendsListObject
08-20 22:59:55.785  2608  4720 I Unity   : Creating pool: NotificationMenuListObjects
08-20 22:59:55.788  2608  4720 I Unity   : Creating pool: SlotMachineSaloonUI
08-20 22:59:55.826  2608  4720 I Unity   : SendEvent:boot
08-20 22:59:55.833  2608  4720 I chatty  : uid=10104(com.youdagames.gop3multiplayer) UnityMain identical 63 lines
08-20 22:59:55.833  2608  4720 I Unity   : SendEvent:boot
08-20 22:59:55.833  2608  4720 I Unity   : SetCustomKey:Build platform
08-20 22:59:55.833  2608  4720 I Unity   : SendEvent:boot
08-20 22:59:55.834  2608  4720 I Unity   : SendEvent:boot
08-20 22:59:55.834  2608  4720 I Unity   : SetUserId:13c0681a676071cc72a6530e89434bd4
08-20 22:59:55.834  2608  4720 I Unity   : SendEvent:boot
08-20 22:59:55.835  2608  4720 I Unity   : SendEvent:boot
08-20 22:59:55.979   930  7154 I chatty  : uid=10049 com.google.android.gms.persistent expire 1 line
08-20 22:59:56.096   930  7155 I chatty  : uid=10049 com.google.android.gms.persistent expire 2 lines
08-20 22:59:56.208   930  6242 I chatty  : uid=10049 com.google.android.gms.persistent expire 2 lines
08-20 22:59:56.224  2608  4720 I Unity   : SendEvent:boot
08-20 22:59:56.224  2608  4720 I Unity   : SendEvent:boot
08-20 22:59:56.275    77  7157 E ResolverController: No valid NAT64 prefix (100, <unspecified>/0)
08-20 22:59:56.351  2608  2620 I gop3multiplaye: Background concurrent copying GC freed 62538(3422KB) AllocSpace objects, 54(1584KB) LOS objects, 49% free, 4770KB/9540KB, paused 26us total 129.271ms
08-20 22:59:56.358  2608  2622 W System  : A resource failed to call close. 
08-20 22:59:56.675   930  7154 I chatty  : uid=10049 com.google.android.gms.persistent expire 2 lines
08-20 22:59:56.914   930  7155 I chatty  : uid=10049 com.google.android.gms.persistent expire 13 lines
08-20 22:59:57.065  2608  4720 I Unity   : SendEvent:boot
08-20 22:59:57.065  2608  4720 I Unity   : SendEvent:boot
08-20 22:59:57.117   930  7154 I chatty  : uid=10049 com.google.android.gms.persistent expire 6 lines
08-20 22:59:57.210   930  6242 I chatty  : uid=10049 com.google.android.gms.persistent expire 6 lines
08-20 22:59:58.072  2608  4720 I Unity   : [LocalStorage/GooglePlayGamesCloudSyncer] Check if has Prefs...
08-20 22:59:58.088  1031  4764 I chatty  : uid=10049(com.google.android.gms) GoogleApiHandle expire 16 lines
08-20 22:59:58.100  1031  4795 I chatty  : uid=10049(com.google.android.gms) expire 3 lines
08-20 22:59:58.133  2608  4720 I Unity   : SendEvent:boot
08-20 22:59:58.134  2608  4720 I chatty  : uid=10104(com.youdagames.gop3multiplayer) UnityMain identical 20 lines
08-20 22:59:58.134  2608  4720 I Unity   : SendEvent:boot
08-20 22:59:58.178  1031  4951 I chatty  : uid=10049(com.google.android.gms) expire 1 line
08-20 22:59:58.631  2608  4720 I Unity   : [LocalStorage/GooglePlayGamesCloudSyncer] Check if has Prefs completed. Result: True
08-20 22:59:58.632  2608  4720 I Unity   : SendEvent:boot
08-20 22:59:59.962   930  6242 I chatty  : uid=10049 com.google.android.gms.persistent expire 1 line
08-20 23:00:00.080    95   126 V JWSensorsHal: sending type:0xfff40000 to /data/misc/sensor/sensor_ctrl
08-20 23:00:00.106   930  7174 I chatty  : uid=10049 com.google.android.gms.persistent expire 1 line
08-20 23:00:00.158   930  7154 I chatty  : uid=10049 com.google.android.gms.persistent expire 12 lines
08-20 23:00:00.255   930  6242 I chatty  : uid=10049 com.google.android.gms.persistent expire 10 lines
08-20 23:00:00.408   930  7174 I chatty  : uid=10049 com.google.android.gms.persistent expire 10 lines
08-20 23:00:01.922   930   942 I chatty  : uid=10049(com.google.android.gms) HeapTaskDaemon expire 1 line
08-20 23:00:03.746  1031  4764 I chatty  : uid=10049(com.google.android.gms) GoogleApiHandle expire 10 lines
08-20 23:00:03.758  1031  4951 I chatty  : uid=10049(com.google.android.gms) expire 3 lines
08-20 23:00:03.802  2608  4720 I Unity   : [LocalStorage/GooglePlayGamesCloudSyncer] Read from Prefs...
08-20 23:00:03.803  2608  4720 W Unity   : AndroidJNIHelper.GetSignature: using Byte parameters is obsolete, use SByte parameters instead
08-20 23:00:03.803  2608  4720 W Unity   : AndroidJNIHelper: converting from Byte array is obsolete, use SByte array instead
08-20 23:00:03.821  2608  4720 I Unity   : [LocalStorage/GooglePlayGamesCloudSyncer] Read 1224 from Prefs complete.
08-20 23:00:03.836  2608  4720 I firebase: SetConsent: 37 -> 57
08-20 23:00:03.836  2608  4720 I Unity   : SetConsent: 37 -> 57
08-20 23:00:03.836  2608  4720 I firebase: SetConsent: 41 -> 49
08-20 23:00:03.836  2608  4720 I Unity   : SetConsent: 41 -> 49
08-20 23:00:03.836  2608  4720 I firebase: SetConsent: 33 -> 53
08-20 23:00:03.836  2608  4720 I Unity   : SetConsent: 33 -> 53
08-20 23:00:03.836  2608  4720 I firebase: SetConsent: 37 -> 57
08-20 23:00:03.836  2608  4720 I Unity   : SetConsent: 37 -> 57
08-20 23:00:03.843  2608  4720 I Unity   : SendEvent:boot
08-20 23:00:03.843  2608  4720 I chatty  : uid=10104(com.youdagames.gop3multiplayer) UnityMain identical 21 lines
08-20 23:00:03.844  2608  4720 I Unity   : SendEvent:boot
08-20 23:00:03.887  2608  4720 I Unity   : SendEvent:boot
08-20 23:00:03.888  2608  4720 I Unity   : SendEvent:boot
08-20 23:00:03.901  2608  4720 I Unity   : SendEvent:boot
08-20 23:00:03.937  2608  4720 I Unity   : SendEvent:boot
08-20 23:00:03.988  2608  2620 I gop3multiplaye: Background young concurrent copying GC freed 69877(3691KB) AllocSpace objects, 66(1552KB) LOS objects, 23% free, 7300KB/9540KB, paused 695us total 126.424ms
08-20 23:00:03.990  2608  2622 W System  : A resource failed to call close. 
08-20 23:00:04.042  2608  4720 I Unity   : SendEvent:boot
08-20 23:00:04.042  2608  4720 I Unity   : SendEvent:boot
08-20 23:00:04.042  2608  4720 I Unity   : SetCustomKey:Login provider
08-20 23:00:04.042  2608  4720 I Unity   : SendEvent:boot
08-20 23:00:04.042  2608  4720 I Unity   : SendEvent:boot
08-20 23:00:04.222  2608  2620 I gop3multiplaye: Background concurrent copying GC freed 71336(3850KB) AllocSpace objects, 71(2596KB) LOS objects, 49% free, 4639KB/9278KB, paused 70us total 186.787ms
08-20 23:00:04.800    87   616 V GpsHal  : sending type:0xff300000 to /data/misc/gps/gps_ctrl
08-20 23:00:04.981   930  7154 I chatty  : uid=10049 com.google.android.gms.persistent expire 14 lines
08-20 23:00:05.197   930  7174 I chatty  : uid=10049 com.google.android.gms.persistent expire 14 lines
08-20 23:00:05.495  1031  7151 I chatty  : uid=10049(com.google.android.gms) expire 2 lines
08-20 23:00:05.785   930  6242 I chatty  : uid=10049 com.google.android.gms.persistent expire 1 line
08-20 23:00:06.395   930  7155 I chatty  : uid=10049 com.google.android.gms.persistent expire 13 lines
08-20 23:00:06.985  1031  1047 I chatty  : uid=10049(com.google.android.gms) HeapTaskDaemon expire 1 line
08-20 23:00:07.520  2608  2620 I gop3multiplaye: Background young concurrent copying GC freed 60853(3270KB) AllocSpace objects, 66(1740KB) LOS objects, 57% free, 3924KB/9278KB, paused 101us total 139.987ms
08-20 23:00:07.566   103   184 D AudioFlinger: mixer(0x787e2da180) throttle end: throttle time(13)
08-20 23:00:08.908  1031  4764 I chatty  : uid=10049(com.google.android.gms) GoogleApiHandle expire 12 lines
08-20 23:00:08.959  2608  4720 I Unity   : [LocalStorage/GooglePlayGamesCloudSyncer] Commit 1224 bytes to Prefs...
08-20 23:00:08.959  2608  4720 W Unity   : AndroidJNIHelper.GetSignature: using Byte parameters is obsolete, use SByte parameters instead
08-20 23:00:08.959  2608  4720 W Unity   : AndroidJNIHelper: converting Byte array is obsolete, use SByte array instead
08-20 23:00:09.132  2608  4720 I Unity   : [LocalStorage/GooglePlayGamesCloudSyncer] Commit 1224 bytes to Prefs complete.
08-20 23:00:10.080    95   126 V JWSensorsHal: sending type:0xfff40000 to /data/misc/sensor/sensor_ctrl
08-20 23:00:10.299   930  7154 I chatty  : uid=10049 com.google.android.gms.persistent expire 1 line
08-20 23:00:10.387   930  7174 I chatty  : uid=10049 com.google.android.gms.persistent expire 2 lines
08-20 23:00:10.491   930  7155 I chatty  : uid=10049 com.google.android.gms.persistent expire 11 lines
08-20 23:00:10.775   930  7154 I chatty  : uid=10049 com.google.android.gms.persistent expire 5 lines
08-20 23:00:10.866   930  7174 I chatty  : uid=10049 com.google.android.gms.persistent expire 3 lines
08-20 23:00:10.878  2608  2620 I gop3multiplaye: Background concurrent copying GC freed 80698(4073KB) AllocSpace objects, 68(1360KB) LOS objects, 49% free, 3915KB/7830KB, paused 431us total 111.044ms
08-20 23:00:10.881  2608  2622 W System  : A resource failed to call close. 
08-20 23:00:10.881  2608  2622 W System  : A resource failed to call close. 
08-20 23:00:14.800    87   616 V GpsHal  : sending type:0xff300000 to /data/misc/gps/gps_ctrl
08-20 23:00:15.015   103   184 D AudioFlinger: mixer(0x787e2da180) throttle end: throttle time(4)
08-20 23:00:20.081    95   126 V JWSensorsHal: sending type:0xfff40000 to /data/misc/sensor/sensor_ctrl
08-20 23:00:22.137  1031  1031 I chatty  : uid=10049(com.google.android.gms) expire 6 lines
08-20 23:00:24.801    87   616 V GpsHal  : sending type:0xff300000 to /data/misc/gps/gps_ctrl
08-20 23:00:26.826  1031  2925 I chatty  : uid=10049(com.google.android.gms) lowpool[9] expire 2 lines
08-20 23:00:30.081    95   126 V JWSensorsHal: sending type:0xfff40000 to /data/misc/sensor/sensor_ctrl
08-20 23:00:34.802    87   616 V GpsHal  : sending type:0xff300000 to /data/misc/gps/gps_ctrl
08-20 23:00:40.081    95   126 V JWSensorsHal: sending type:0xfff40000 to /data/misc/sensor/sensor_ctrl
08-20 23:00:44.802    87   616 V GpsHal  : sending type:0xff300000 to /data/misc/gps/gps_ctrl
08-20 23:00:50.087    95   126 V JWSensorsHal: sending type:0xfff40000 to /data/misc/sensor/sensor_ctrl
08-20 23:00:53.993   930  1591 I chatty  : uid=10049(com.google.android.gms) Binder:930_D expire 2 lines
08-20 23:00:53.994   930  1105 I chatty  : uid=10049(com.google.android.gms) Binder:930_5 expire 2 lines
08-20 23:00:54.004   930   930 I chatty  : uid=10049 com.google.android.gms.persistent expire 7 lines
08-20 23:00:54.013  1031  4911 I chatty  : uid=10049(com.google.android.gms) expire 11 lines
08-20 23:00:54.029    77  7350 E ResolverController: No valid NAT64 prefix (100, <unspecified>/0)
08-20 23:00:54.032  1031  2604 I chatty  : uid=10049(com.google.android.gms) Binder:1031_8 expire 1 line
08-20 23:00:54.803    87   616 V GpsHal  : sending type:0xff300000 to /data/misc/gps/gps_ctrl
08-20 23:01:00.087    95   126 V JWSensorsHal: sending type:0xfff40000 to /data/misc/sensor/sensor_ctrl
08-20 23:01:04.803    87   616 V GpsHal  : sending type:0xff300000 to /data/misc/gps/gps_ctrl
08-20 23:01:08.792  2608  4720 I Unity   : SetCustomKey:Restarted
08-20 23:01:10.087    95   126 V JWSensorsHal: sending type:0xfff40000 to /data/misc/sensor/sensor_ctrl
08-20 23:01:10.245  2608  4720 W Unity   : The referenced script on this Behaviour (Game Object '<null>') is missing!
08-20 23:01:10.246  2608  4720 W Unity   : The referenced script on this Behaviour (Game Object 'Popup - SendUserReport') is missing!
08-20 23:01:10.246  2608  4720 W Unity   : The referenced script on this Behaviour (Game Object 'Popup - SendUserReport') is missing!
08-20 23:01:10.539  2608  4720 W Unity   : The referenced script on this Behaviour (Game Object '<null>') is missing!
08-20 23:01:10.539  2608  4720 W Unity   : The referenced script (iOSHapticController) on this Behaviour is missing!
08-20 23:01:10.539  2608  4720 W Unity   : The referenced script on this Behaviour (Game Object 'iOSHapticController') is missing!
08-20 23:01:10.545  2608  7403 I Unity   : DependenciesAvailable:77240818-394b-4032-abba-e810ea7b03ff
08-20 23:01:10.651  1031  7410 I chatty  : uid=10049(com.google.android.gms) expire 4 lines
08-20 23:01:10.672  2608  4720 I Unity   : Creating pool: PokerUI
08-20 23:01:10.679    77  7409 E ResolverController: No valid NAT64 prefix (100, <unspecified>/0)
08-20 23:01:10.703  2608  4720 I Unity   : Creating pool: CharacterManager
08-20 23:01:10.707  2608  4720 I Unity   : Creating pool: CardsManager
08-20 23:01:10.707  2608  4720 I Unity   : Creating pool: ChipsManager
08-20 23:01:10.708  2608  4720 I Unity   : Creating pool: ButtonManager
08-20 23:01:10.711  2608  4720 I Unity   : Creating pool: PokerPositions
08-20 23:01:10.747  2608  4720 I Unity   : Creating pool: GlobalEventFreeSimple
08-20 23:01:10.749  2608  4720 I Unity   : Creating pool: HintPopup
08-20 23:01:10.756  2608  4720 I Unity   : Creating pool: ItemChipsGoldCurrency
08-20 23:01:10.764   103   184 D AudioFlinger: mixer(0x787e2da180) throttle end: throttle time(1)
08-20 23:01:10.769  2608  4720 I Unity   : Creating pool: GopClubItem
08-20 23:01:10.770  2608  4720 I Unity   : Creating pool: FreeGopClubItem
08-20 23:01:10.772  2608  4720 I Unity   : Creating pool: GopClubPerksItem
08-20 23:01:10.787  2608  4720 I Unity   : Creating pool: RecentPrizeWinnerItem
08-20 23:01:10.789  2608  4720 I Unity   : Creating pool: blackjackcard
08-20 23:01:10.796  2608  4720 I Unity   : Creating pool: blackjackcardholder
08-20 23:01:10.802  2608  4720 I Unity   : Creating pool: listObjectTeamMemberLeaderboard
08-20 23:01:10.802  2608  4720 I Unity   : Creating pool: effectAmountLabel
08-20 23:01:10.894  2608  4720 I Unity   : Creating pool: FriendsListObject
08-20 23:01:11.011  2608  4720 I Unity   : Creating pool: NotificationMenuListObjects
08-20 23:01:11.014  2608  4720 I Unity   : Creating pool: SlotMachineSaloonUI
08-20 23:01:11.056  2608  4720 I Unity   : SendEvent:boot
08-20 23:01:11.065  2608  4720 I chatty  : uid=10104(com.youdagames.gop3multiplayer) UnityMain identical 83 lines
08-20 23:01:11.065  2608  4720 I Unity   : SendEvent:boot
08-20 23:01:11.065  2608  4720 I Unity   : SetCustomKey:Build platform
08-20 23:01:11.065  2608  4720 I Unity   : SendEvent:boot
08-20 23:01:11.066  2608  4720 I Unity   : SendEvent:boot
08-20 23:01:11.066  2608  4720 I Unity   : SetUserId:13c0681a676071cc72a6530e89434bd4
08-20 23:01:11.066  2608  4720 I Unity   : SendEvent:boot
08-20 23:01:11.066  2608  4720 I Unity   : SendEvent:boot
08-20 23:01:11.192   930  7414 I chatty  : uid=10049 com.google.android.gms.persistent expire 1 line
08-20 23:01:11.278  2608  4720 I Unity   : SendEvent:boot
08-20 23:01:11.281  2608  4720 I Unity   : SendEvent:boot
08-20 23:01:11.316    77  7417 E ResolverController: No valid NAT64 prefix (100, <unspecified>/0)
08-20 23:01:11.381   930  7413 I chatty  : uid=10049 com.google.android.gms.persistent expire 6 lines
08-20 23:01:11.492   930  7415 I chatty  : uid=10049 com.google.android.gms.persistent expire 8 lines
08-20 23:01:11.569  2608  2620 I gop3multiplaye: Background concurrent copying GC freed 67669(3731KB) AllocSpace objects, 63(2100KB) LOS objects, 49% free, 3684KB/7369KB, paused 76us total 239.922ms
08-20 23:01:12.124  2608  4720 I Unity   : SendEvent:boot
08-20 23:01:12.124  2608  4720 I Unity   : SendEvent:boot
08-20 23:01:12.425   930  7155 I chatty  : uid=10049 com.google.android.gms.persistent expire 1 line
08-20 23:01:12.763  2608  4720 I Unity   : [LocalStorage/GooglePlayGamesCloudSyncer] Check if has Prefs...
08-20 23:01:12.808  1031  4764 I chatty  : uid=10049(com.google.android.gms) GoogleApiHandle expire 16 lines
08-20 23:01:12.814  2608  4720 I Unity   : SendEvent:boot
08-20 23:01:12.815  2608  4720 I Unity   : SendEvent:boot
08-20 23:01:12.842  1031  7432 I chatty  : uid=10049(com.google.android.gms) expire 1 line
08-20 23:01:12.842  1031  7433 I chatty  : uid=10049(com.google.android.gms) expire 3 lines
08-20 23:01:12.863  2608  4720 I Unity   : [LocalStorage/GooglePlayGamesCloudSyncer] Check if has Prefs completed. Result: True
08-20 23:01:13.233   930  7415 I chatty  : uid=10049 com.google.android.gms.persistent expire 17 lines
08-20 23:01:13.325   930  7414 I chatty  : uid=10049 com.google.android.gms.persistent expire 6 lines
08-20 23:01:13.430  2608  4720 I Unity   : SendEvent:boot
08-20 23:01:13.500   930  7413 I chatty  : uid=10049 com.google.android.gms.persistent expire 18 lines
08-20 23:01:14.299   103   184 D AudioFlinger: mixer(0x787e2da180) throttle end: throttle time(4)
08-20 23:01:14.803    87   616 V GpsHal  : sending type:0xff300000 to /data/misc/gps/gps_ctrl
08-20 23:01:15.240  2608  2620 I gop3multiplaye: Background concurrent copying GC freed 54128(2777KB) AllocSpace objects, 43(860KB) LOS objects, 49% free, 3900KB/7800KB, paused 106us total 157.303ms
08-20 23:01:15.266   930  7155 I chatty  : uid=10049 com.google.android.gms.persistent expire 6 lines
08-20 23:01:15.876  1031  1047 I chatty  : uid=10049(com.google.android.gms) HeapTaskDaemon expire 1 line
08-20 23:01:17.751   930  7155 W NetworkScheduler: Error inserting flex_time=3188000 job_id=-1 period=6378000 source=16 requires_charging=0 preferred_network_type=1 target_class=com.google.android.gms.measurement.PackageMeasurementTaskService user_id=0 target_package=com.google.android.gms tag=Measurement.PackageMeasurementTaskService.UPLOAD_TASK_TAG task_type=0 required_idleness_state=0 service_kind=0 source_version=242865000 persistence_level=1 preferred_charging_state=1 required_network_type=0 runtime=1724166077749 retry_strategy={"maximum_backoff_seconds":{"3600":0},"initial_backoff_seconds":{"30":0},"retry_policy":{"0":0}} last_runtime=0 [CONTEXT service_id=218 ]
08-20 23:01:17.751   930  7155 W NetworkScheduler: android.database.sqlite.SQLiteConstraintException: UNIQUE constraint failed: pending_ops.tag, pending_ops.target_class, pending_ops.target_package, pending_ops.user_id (code 2067 SQLITE_CONSTRAINT_UNIQUE)
08-20 23:01:17.751   930  7155 W NetworkScheduler: 	at android.database.sqlite.SQLiteConnection.nativeExecuteForLastInsertedRowId(Native Method)
08-20 23:01:17.751   930  7155 W NetworkScheduler: 	at android.database.sqlite.SQLiteConnection.executeForLastInsertedRowId(SQLiteConnection.java:879)
08-20 23:01:17.751   930  7155 W NetworkScheduler: 	at android.database.sqlite.SQLiteSession.executeForLastInsertedRowId(SQLiteSession.java:790)
08-20 23:01:17.751   930  7155 W NetworkScheduler: 	at android.database.sqlite.SQLiteStatement.executeInsert(SQLiteStatement.java:88)
08-20 23:01:17.751   930  7155 W NetworkScheduler: 	at android.database.sqlite.SQLiteDatabase.insertWithOnConflict(SQLiteDatabase.java:1599)
08-20 23:01:17.751   930  7155 W NetworkScheduler: 	at android.database.sqlite.SQLiteDatabase.insertOrThrow(SQLiteDatabase.java:1494)
08-20 23:01:17.751   930  7155 W NetworkScheduler: 	at cpmb.d(:com.google.android.gms@242865022@24.28.65 (100400-659716260):737)
08-20 23:01:17.751   930  7155 W NetworkScheduler: 	at cpjn.n(:com.google.android.gms@242865022@24.28.65 (100400-659716260):29)
08-20 23:01:17.751   930  7155 W NetworkScheduler: 	at cpjn.u(:com.google.android.gms@242865022@24.28.65 (100400-659716260):360)
08-20 23:01:17.751   930  7155 W NetworkScheduler: 	at cpjn.h(:com.google.android.gms@242865022@24.28.65 (100400-659716260):51)
08-20 23:01:17.751   930  7155 W NetworkScheduler: 	at cpei.run(:com.google.android.gms@242865022@24.28.65 (100400-659716260):72)
08-20 23:01:17.751   930  7155 W NetworkScheduler: 	at aphu.c(:com.google.android.gms@242865022@24.28.65 (100400-659716260):50)
08-20 23:01:17.751   930  7155 W NetworkScheduler: 	at aphu.run(:com.google.android.gms@242865022@24.28.65 (100400-659716260):76)
08-20 23:01:17.751   930  7155 W NetworkScheduler: 	at java.util.concurrent.ThreadPoolExecutor.runWorker(ThreadPoolExecutor.java:1167)
08-20 23:01:17.751   930  7155 W NetworkScheduler: 	at java.util.concurrent.ThreadPoolExecutor$Worker.run(ThreadPoolExecutor.java:641)
08-20 23:01:17.751   930  7155 W NetworkScheduler: 	at apnd.run(:com.google.android.gms@242865022@24.28.65 (100400-659716260):8)
08-20 23:01:17.751   930  7155 W NetworkScheduler: 	at java.lang.Thread.run(Thread.java:919)
08-20 23:01:17.878   930  7415 W NetworkScheduler: Error inserting flex_time=3188000 job_id=-1 period=6377000 source=16 requires_charging=0 preferred_network_type=1 target_class=com.google.android.gms.measurement.PackageMeasurementTaskService user_id=0 target_package=com.google.android.gms tag=Measurement.PackageMeasurementTaskService.UPLOAD_TASK_TAG task_type=0 required_idleness_state=0 service_kind=0 source_version=242865000 persistence_level=1 preferred_charging_state=1 required_network_type=0 runtime=1724166077876 retry_strategy={"maximum_backoff_seconds":{"3600":0},"initial_backoff_seconds":{"30":0},"retry_policy":{"0":0}} last_runtime=0 [CONTEXT service_id=218 ]
08-20 23:01:17.878   930  7415 W NetworkScheduler: android.database.sqlite.SQLiteConstraintException: UNIQUE constraint failed: pending_ops.tag, pending_ops.target_class, pending_ops.target_package, pending_ops.user_id (code 2067 SQLITE_CONSTRAINT_UNIQUE)
08-20 23:01:17.878   930  7415 W NetworkScheduler: 	at android.database.sqlite.SQLiteConnection.nativeExecuteForLastInsertedRowId(Native Method)
08-20 23:01:17.878   930  7415 W NetworkScheduler: 	at android.database.sqlite.SQLiteConnection.executeForLastInsertedRowId(SQLiteConnection.java:879)
08-20 23:01:17.878   930  7415 W NetworkScheduler: 	at android.database.sqlite.SQLiteSession.executeForLastInsertedRowId(SQLiteSession.java:790)
08-20 23:01:17.878   930  7415 W NetworkScheduler: 	at android.database.sqlite.SQLiteStatement.executeInsert(SQLiteStatement.java:88)
08-20 23:01:17.878   930  7415 W NetworkScheduler: 	at android.database.sqlite.SQLiteDatabase.insertWithOnConflict(SQLiteDatabase.java:1599)
08-20 23:01:17.878   930  7415 W NetworkScheduler: 	at android.database.sqlite.SQLiteDatabase.insertOrThrow(SQLiteDatabase.java:1494)
