11-05 01:54:41.532  2401  2401 D HuiYanBaseApi: call huiyan init
11-05 01:54:41.551  2401  2401 D TuringSdkHelper: real init turing: true, false, [turing version]: 2.1.5
11-05 01:54:41.552  2401  2401 D TuringSdkHelper: call turing interface init finish
11-05 01:54:41.552  2401  2960 D TuringSdkImp: turing is open hardware: true
11-05 01:54:41.567  2401  2960 I TuringFdJava: TuringFD v86 (F9C96BA99931400C, mfa, f6c49b9, tss;rfr;ite;rs, wup, compiled 2023_11_29_15_44_39) [url(https://tdid.m.qq.com?mc=2);c(108098)]
11-05 01:54:41.571  2401  2960 I TuringFdNative: TuringFD v86 (F9C96BA99931400C, mfa, f6c49b9, tss;rfr;ite, compiled 2023_11_29_15_44_39) success 
11-05 01:54:41.575  2401  2965 E OkHttpRequest: OkHttpRequest execute!
11-05 01:54:41.597  2401  2960 I turingfacecheck: TuringFaceSDK: V2.1.5,B11,7WCF54SWX5H87QEV,youtu(debug=false,log=false,env=false)
11-05 01:54:41.746  2401  2967 E D108098 : s:67,v:7
11-05 01:54:41.829  2401  2401 E HuiYanSenderHelper: auth tips is empty!
11-05 01:54:41.829  2401  2401 E HuiYanAuthImp: update: customer token: F6BAD425-7CB2-4DD9-B482-C69E2B84CD87
11-05 01:54:41.848  2401  2401 I YTCommonLiveness: [VerifyLicense] app identifier: com.tencent.wework
11-05 01:54:41.848  2401  2401 I YTCommonLiveness: [PrintAuthResult] auth_version: v2.3.5-liveness.12
11-05 01:54:41.848  2401  2401 I YTCommonLiveness: [PrintAuthResult] 授权成功。
11-05 01:54:41.848  2401  2401 I YTCommonLiveness: [PrintSDKList] 已授权SDK: 人脸检测配准SDK(32)、动作活体检测SDK(39)、反光活体检测SDK(40)
11-05 01:54:41.852  2401  2401 E YouTuSdkHelper: initTimeoutCounter: true
11-05 01:54:41.853  2401  2401 D HuiYanSdkImp: useAppContext: true
11-05 01:54:41.853  2401  2980 D d       : 2024-11-05 01:54:41.853 | F6BAD425-7CB2-4DD9-B482-C69E2B84CD87 | initTimeoutCounter: true
11-05 01:54:41.853  2401  2980 D d       : 2024-11-05 01:54:41.853 | F6BAD425-7CB2-4DD9-B482-C69E2B84CD87 | useAppContext: true
11-05 01:54:41.860  2401  2966 W Settings: Setting adb_enabled has moved from android.provider.Settings.Secure to android.provider.Settings.Global.
11-05 01:54:41.861  2401  2966 W Settings: Setting development_settings_enabled has moved from android.provider.Settings.Secure to android.provider.Settings.Global.
11-05 01:54:41.869  2401  2981 E CommonUtils: update you tu config!
11-05 01:54:41.869  2401  2980 D d       : 2024-11-05 01:54:41.869 | F6BAD425-7CB2-4DD9-B482-C69E2B84CD87 | update you tu config!
11-05 01:54:41.869  2401  2981 D YouTuSdkHelper: no need load model!
11-05 01:54:41.869  2401  2980 D d       : 2024-11-05 01:54:41.869 | F6BAD425-7CB2-4DD9-B482-C69E2B84CD87 | no need load model!
11-05 01:54:41.876  2401  2401 W ActivityThread: handleWindowVisibility: no activity for token android.os.BinderProxy@5a7a429
11-05 01:54:41.877  2401  2401 D hardware-info: debug.second-display.pkg is Empty
11-05 01:54:41.878  2401  2401 E Instrumentation: Uninitialized ActivityThread, likely app-created Instrumentation, disabling AppComponentFactory
11-05 01:54:41.878  2401  2401 E Instrumentation: java.lang.Throwable
11-05 01:54:41.878  2401  2401 E Instrumentation:       at android.app.Instrumentation.getFactory(Instrumentation.java:1259)
11-05 01:54:41.878  2401  2401 E Instrumentation:       at android.app.Instrumentation.newActivity(Instrumentation.java:1250)
11-05 01:54:41.878  2401  2401 E Instrumentation:       at android.app.ActivityThread.performLaunchActivity(ActivityThread.java:3192)
11-05 01:54:41.878  2401  2401 E Instrumentation:       at android.app.ActivityThread.handleLaunchActivity(ActivityThread.java:3419)
11-05 01:54:41.878  2401  2401 E Instrumentation:       at android.app.servertransaction.LaunchActivityItem.execute(LaunchActivityItem.java:83)
11-05 01:54:41.878  2401  2401 E Instrumentation:       at android.app.servertransaction.TransactionExecutor.executeCallbacks(TransactionExecutor.java:135)
11-05 01:54:41.878  2401  2401 E Instrumentation:       at android.app.servertransaction.TransactionExecutor.execute(TransactionExecutor.java:95)
11-05 01:54:41.878  2401  2401 E Instrumentation:       at android.app.ActivityThread$H.handleMessage(ActivityThread.java:2026)
11-05 01:54:41.878  2401  2401 E Instrumentation:       at android.os.Handler.dispatchMessage(Handler.java:107)
11-05 01:54:41.878  2401  2401 E Instrumentation:       at android.os.Looper.loop(Looper.java:214)
11-05 01:54:41.878  2401  2401 E Instrumentation:       at android.app.ActivityThread.main(ActivityThread.java:7438)
11-05 01:54:41.878  2401  2401 E Instrumentation:       at java.lang.reflect.Method.invoke(Native Method)
11-05 01:54:41.878  2401  2401 E Instrumentation:       at com.android.internal.os.RuntimeInit$MethodAndArgsCaller.run(RuntimeInit.java:492)
11-05 01:54:41.878  2401  2401 E Instrumentation:       at com.android.internal.os.ZygoteInit.main(ZygoteInit.java:930)
11-05 01:54:41.882  2401  2401 E BaseActivity: attachBaseContext
11-05 01:54:41.882  2401  2401 D LanguageManager: country: CN language: zh
11-05 01:54:41.883  2401  2980 D d       : 2024-11-05 01:54:41.883 | F6BAD425-7CB2-4DD9-B482-C69E2B84CD87 | country: CN language: zh
11-05 01:54:41.889  2401  2401 E BaseActivity: open hardware accelerated!
11-05 01:54:41.914  2401  2401 D AuthingFragment: on attach.
11-05 01:54:41.914  2401  2980 D d       : 2024-11-05 01:54:41.914 | F6BAD425-7CB2-4DD9-B482-C69E2B84CD87 | on attach.
11-05 01:54:41.942  2401  2401 D AuthingFragment: start prepare auth
11-05 01:54:41.942  2401  2401 D AuthingFragment: >>>start prepare event
11-05 01:54:41.942  2401  2980 D d       : 2024-11-05 01:54:41.942 | F6BAD425-7CB2-4DD9-B482-C69E2B84CD87 | start prepare auth
11-05 01:54:41.942  2401  2980 D d       : 2024-11-05 01:54:41.942 | F6BAD425-7CB2-4DD9-B482-C69E2B84CD87 | >>>start prepare event
11-05 01:54:41.942  2401  2401 D AuthingFragment: >>>start auth action
11-05 01:54:41.942  2401  2980 D d       : 2024-11-05 01:54:41.942 | F6BAD425-7CB2-4DD9-B482-C69E2B84CD87 | >>>start auth action
11-05 01:54:41.950   976  2826 I Camera2ClientBase: Camera 1: Opened. Client: com.tencent.wework (PID 2401, UID 10093)
11-05 01:54:41.953  2401  2401 D ApmLog  : onActivityResumed MainAuthActivity
11-05 01:54:41.959  2401  2985 D CameraHolderImp: [ai-camera-debug]row DefaultDisplay rotation:0
11-05 01:54:41.959  2401  2985 D CameraHolderImp: [ai-camera-debug]debug camera orientation is 270 ui degrees is 0 display need change: 90
11-05 01:54:41.959  2401  2980 D d       : 2024-11-05 01:54:41.959 | F6BAD425-7CB2-4DD9-B482-C69E2B84CD87 | [ai-camera-debug]row DefaultDisplay rotation:0
11-05 01:54:41.959  2401  2985 D CameraHolderImp: [ai-camera-debug]cameraFacing: 1 rotateTag: 7
11-05 01:54:41.959  2401  2980 D d       : 2024-11-05 01:54:41.959 | F6BAD425-7CB2-4DD9-B482-C69E2B84CD87 | [ai-camera-debug]debug camera orientation is 270 ui degrees is 0 display need change: 90
11-05 01:54:41.959  2401  2980 D d       : 2024-11-05 01:54:41.959 | F6BAD425-7CB2-4DD9-B482-C69E2B84CD87 | [ai-camera-debug]cameraFacing: 1 rotateTag: 7
11-05 01:54:41.960  2401  2985 E CameraUtil: optimalSize: android.hardware.Camera$Size@13f7860 w: 640 h: 480
11-05 01:54:41.960  2401  2401 D hardware-info: debug.layout is Empty
11-05 01:54:41.960  2401  2985 D CameraHolderImp: using range min: 15000 max: 30000
11-05 01:54:41.961  2401  2985 E CameraHolderImp: scaleX: 1.3333334 scaleY: 0.75
11-05 01:54:41.972  2401  2401 D FrontAnimatorView: onLayout use 1.0f
11-05 01:54:41.980  2401  2401 D hardware-info: debug.layout is Empty
11-05 01:54:41.980  2401  2401 D AuthingFragment: on get camera succeed!
11-05 01:54:41.980  2401  2401 E AuthingFragment: not get config first.
11-05 01:54:41.980  2401  2980 D d       : 2024-11-05 01:54:41.980 | F6BAD425-7CB2-4DD9-B482-C69E2B84CD87 | on get camera succeed!
11-05 01:54:41.980  2401  2980 D d       : 2024-11-05 01:54:41.980 | F6BAD425-7CB2-4DD9-B482-C69E2B84CD87 | not get config first.
11-05 01:54:41.987  2401  2998 I OMXClient: IOmx service obtained
11-05 01:54:41.989  2401  2998 I ACodec  : setupAVCEncoderParameters with [profile: Baseline] [level: Level31]
11-05 01:54:41.990  2401  2998 I ACodec  : [OMX.rk.video_encoder.avc] cannot encode HDR static metadata. Ignoring.
11-05 01:54:41.990  2401  2998 I ACodec  : setupVideoEncoder succeeded
11-05 01:54:42.003  2401  2966 D hardware-info: persist.radio.multisim.config is Empty
11-05 01:54:42.047  2401  2966 D hardware-info: init.svc.vbox86-setup is Empty
11-05 01:54:42.047  2401  2966 D hardware-info: init.svc.droid4x is Empty
11-05 01:54:42.047  2401  2966 D hardware-info: init.svc.qemud is Empty
11-05 01:54:42.047  2401  2966 D hardware-info: init.svc.su_kpbs_daemon is Empty
11-05 01:54:42.047  2401  2966 D hardware-info: init.svc.noxd is Empty
11-05 01:54:42.047  2401  2966 D hardware-info: init.svc.ttVM_x86-setup is Empty
11-05 01:54:42.047  2401  2966 D hardware-info: init.svc.xxkmsg is Empty
11-05 01:54:42.047  2401  2966 D hardware-info: init.svc.microvirtd is Empty
11-05 01:54:42.047  2401  2966 D hardware-info: microvirt.vbox_dpi is Empty
11-05 01:54:42.047  2401  2966 D hardware-info: microvirt.vbox_sdcard_drive is Empty
11-05 01:54:42.047  2401  2966 D hardware-info: nemud.battery.full is Empty
11-05 01:54:42.047  2401  2966 D hardware-info: init.svc.qemu-props is Empty
11-05 01:54:42.059  2401  2972 W Settings: Setting adb_enabled has moved from android.provider.Settings.Secure to android.provider.Settings.Global.
11-05 01:54:42.059  2401  2972 W Settings: Setting development_settings_enabled has moved from android.provider.Settings.Secure to android.provider.Settings.Global.
11-05 01:54:42.081  2401  2972 D hardware-info: persist.radio.multisim.config is Empty
11-05 01:54:42.083  2401  2972 W .tencent.wewor: Accessing hidden field Landroid/net/NetworkCapabilities;->mTransportTypes:J (greylist-max-o, reflection, denied)
11-05 01:54:42.084  2401  2972 D hardware-info: init.svc.vbox86-setup is Empty
11-05 01:54:42.084  2401  2972 D hardware-info: init.svc.droid4x is Empty
11-05 01:54:42.084  2401  2972 D hardware-info: init.svc.qemud is Empty
11-05 01:54:42.084  2401  2972 D hardware-info: init.svc.su_kpbs_daemon is Empty
11-05 01:54:42.084  2401  2972 D hardware-info: init.svc.noxd is Empty
11-05 01:54:42.084  2401  2972 D hardware-info: init.svc.ttVM_x86-setup is Empty
11-05 01:54:42.084  2401  2972 D hardware-info: init.svc.xxkmsg is Empty
11-05 01:54:42.084  2401  2972 D hardware-info: init.svc.microvirtd is Empty
11-05 01:54:42.084  2401  2972 D hardware-info: microvirt.vbox_dpi is Empty
11-05 01:54:42.084  2401  2972 D hardware-info: microvirt.vbox_sdcard_drive is Empty
11-05 01:54:42.084  2401  2972 D hardware-info: nemud.battery.full is Empty
11-05 01:54:42.084  2401  2972 D hardware-info: init.svc.qemu-props is Empty
11-05 01:54:42.090  2401  2972 W .tencent.wewor: Accessing hidden method Landroid/view/Display;->getOwnerUid()I (greylist-max-o, JNI, denied)
11-05 01:54:42.090  2401  2972 W .tencent.wewor: Accessing hidden method Landroid/view/Display;->getOwnerUid()I (greylist-max-o, JNI, denied)
11-05 01:54:42.091  2401  2972 D hardware-info: ro.boot.flash.locked is Empty
11-05 01:54:42.091  2401  2972 D hardware-info: ro.boot.vbmeta.device_state is Empty
11-05 01:54:42.091  2401  2972 D hardware-info: ro.boot.verifiedbootstate is Empty
11-05 01:54:42.091  2401  2972 D hardware-info: ro.boot.veritymode is Empty
11-05 01:54:42.091  2401  2972 D hardware-info: ro.boot.warranty_bit is Empty
11-05 01:54:42.091  2401  2972 D hardware-info: ro.secureboot.lockstate is Empty
11-05 01:54:42.091  2401  2972 D hardware-info: ro.vendor.boot.warranty_bit is Empty
11-05 01:54:42.091  2401  2972 D hardware-info: ro.vendor.warranty_bit is Empty
11-05 01:54:42.091  2401  2972 D hardware-info: ro.warranty_bit is Empty
11-05 01:54:42.091  2401  2972 D hardware-info: vendor.boot.vbmeta.device_state is Empty
11-05 01:54:42.091  2401  2972 D hardware-info: ro.lineage.device is Empty
11-05 01:54:42.091  2401  2972 D hardware-info: ro.dotOS.device is Empty
11-05 01:54:42.091  2401  2972 D hardware-info: nemud.player_package is Empty
11-05 01:54:42.091  2401  2972 D hardware-info: init.svc.nemuinit is Empty
11-05 01:54:42.091  2401  2972 W .tencent.wewor: Accessing hidden field Ljava/lang/reflect/Executable;->accessFlags:I (greylist-max-o, JNI, denied)
11-05 01:54:42.099  2401  2972 W .tencent.wewor: Accessing hidden method Llibcore/io/IoBridge;->open(Ljava/lang/String;I)Ljava/io/FileDescriptor; (blacklist,core-platform-api, JNI, denied)
11-05 01:54:42.113  2401  2972 D TuringSdkHelper: return code: 0, bytes len: 2984
11-05 01:54:42.113  2401  2972 E TuringSdkHelper: get turing face result and remove time out event!
11-05 01:54:42.114  2401  2972 D TuringSdkHelper: turing result cache is not null
11-05 01:54:42.114  2401  2980 D d       : 2024-11-05 01:54:42.114 | F6BAD425-7CB2-4DD9-B482-C69E2B84CD87 | return code: 0, bytes len: 2984
11-05 01:54:42.114  2401  2972 D TuringSdkHelper: turing result data: false
11-05 01:54:42.114  2401  2980 D d       : 2024-11-05 01:54:42.114 | F6BAD425-7CB2-4DD9-B482-C69E2B84CD87 | get turing face result and remove time out event!
11-05 01:54:42.114  2401  2972 D AuthingFragment: WS mode start
11-05 01:54:42.114  2401  2980 D d       : 2024-11-05 01:54:42.114 | F6BAD425-7CB2-4DD9-B482-C69E2B84CD87 | turing result cache is not null
11-05 01:54:42.114  2401  2980 D d       : 2024-11-05 01:54:42.114 | F6BAD425-7CB2-4DD9-B482-C69E2B84CD87 | turing result data: false
11-05 01:54:42.114  2401  2980 D d       : 2024-11-05 01:54:42.114 | F6BAD425-7CB2-4DD9-B482-C69E2B84CD87 | WS mode start
11-05 01:54:42.117  2401  2972 E HuiYanSenderHelper: >>> start get apply token
11-05 01:54:42.117  2401  2980 D d       : 2024-11-05 01:54:42.117 | F6BAD425-7CB2-4DD9-B482-C69E2B84CD87 | >>> start get apply token
11-05 01:54:42.118  2401  2965 E OkHttpRequest: OkHttpRequest execute!
11-05 01:54:42.200  2401  2401 D FrontAnimatorView: onLayout use 1.0f
11-05 01:54:42.272  2401  2401 D HuiYanSenderHelper: get apply token, response is: {"code":0,"data":{"livenessToken":"NT45CEjP7ptPCenuswdtFP+Y2pgBT0t24CRgC7KoAr8=","livenessContext":"AUVWQpAC1D3aykkPxeXpHMhkI9O95d/QwrkSRZ079BLx/PEcENYmPUDfDmJZ75D8iEM6CnbRIyeHVcOzHgogNyVEVIDLaQjK1pcKaCJ1leMeXYJ+uTiqBsJKoO1pr645TzMB5jABQABILIeyjEYJvlW9B2KrbeP4tMeZvEdUcgHpXL+1lxwsyxF4U+1EUk755+Q81KBp64DjlWLrhhW1BLMCHEb34N4P5cbG9vjh/89qZVMOFvqFqYUZpxWkLwvlmCeOwKnwluYCL/cMtRXroIMTKHqMdgGUOqtejiIMn4xDs48UwnVbNEY4kT5NoTOfvsj2qcYnFQFQ8HL1evmt3IFHWNiYXTfmAJU8hJJEy1XwskMAjtT+nu+Qlo5/JE0798eHU6s6hN8LyEiZpi/TmQU08mqPSEFxzz9x5KyKdJS9TKGdu3lsJvCOB279VKZz4GVYD2Rq23MJCWZ+bmLB4Q5LgAMaPzhRMZg5Ftn3O8NJV93ZryLzEDIUxn7aiqmPm6h9FeW/0flaJMe+HCJZXtPTSg7eMDyc4IAq+CYOHGFHXVLUrXF04kk5LuQ28UbBXLsu5teLVi/OX30jcPq7xg3vAxOyja5FPZ0apwb/Dy3KMbU6S1bbQGL/Oxx0c+8dXXC6+Wx0whnKN4xh2vuYF92BGihkHvk3rVnD02tp4Bl7nbBQ3EfcrPRE1RuZG5n2WPpn135a2q9ajHhQeWVhX2IRQX+kKLXeYmpgmJYmUJHqK6AbJUeCho5UmO0vGdIbzI/nqnGa216F4AzLFnOr3iGpmiLfDusqUSLcd239Tcojt7pEazqzjIE9bV/wR4j9TfMESkfQInhg1KzHvjWrOcEBsDFfiBf7aqnrFv2J4FmWRUUPsPXmqVDjuGego8Tg5O3/709Lh8n9tKAG911njrnRmEBYpYuYhdc6kqYCwpIsILhk+hC9KhH7ult1InrPvRHpuaATH0OPEQqFY+oPCVBnpT9DzON6MMCfxVMIK0uoooxq3uvYijQzEFAXWVpkYuObbN+Jhw102twy8GrA7N9uGqF924FeA8p9QWbJeWv1epu9h1rrml5SfHhpvynLjaKagMakh5oPQDHV56K1lMjaDqshhiq2LalKuFXZAfh5tI/tz670cQh99Hsi1+6cvN3qCKIjM2GLDeh8uAA4TlUBmT9B3lgpyZHPq73ZkocbvwJz7fjMZE++ebSsWZZYBa3ibSAIWPcKcHkyX18QInrfglfzQKbUdIugKJ8NSrJd","livenessVersion":"v1.0","livenessUrl":"wss://sdk.faceid.qq.com/yishan_wb"},"message":"success"}
11-05 01:54:42.272  2401  2980 D d       : 2024-11-05 01:54:42.272 | F6BAD425-7CB2-4DD9-B482-C69E2B84CD87 | get apply token, response is: {"code":0,"data":{"livenessToken":"NT45CEjP7ptPCenuswdtFP+Y2pgBT0t24CRgC7KoAr8=","livenessContext":"AUVWQpAC1D3aykkPxeXpHMhkI9O95d/QwrkSRZ079BLx/PEcENYmPUDfDmJZ75D8iEM6CnbRIyeHVcOzHgogNyVEVIDLaQjK1pcKaCJ1leMeXYJ+uTiqBsJKoO1pr645TzMB5jABQABILIeyjEYJvlW9B2KrbeP4tMeZvEdUcgHpXL+1lxwsyxF4U+1EUk755+Q81KBp64DjlWLrhhW1BLMCHEb34N4P5cbG9vjh/89qZVMOFvqFqYUZpxWkLwvlmCeOwKnwluYCL/cMtRXroIMTKHqMdgGUOqtejiIMn4xDs48UwnVbNEY4kT5NoTOfvsj2qcYnFQFQ8HL1evmt3IFHWNiYXTfmAJU8hJJEy1XwskMAjtT+nu+Qlo5/JE0798eHU6s6hN8LyEiZpi/TmQU08mqPSEFxzz9x5KyKdJS9TKGdu3lsJvCOB279VKZz4GVYD2Rq23MJCWZ+bmLB4Q5LgAMaPzhRMZg5Ftn3O8NJV93ZryLzEDIUxn7aiqmPm6h9FeW/0flaJMe+HCJZXtPTSg7eMDyc4IAq+CYOHGFHXVLUrXF04kk5LuQ28UbBXLsu5teLVi/OX30jcPq7xg3vAxOyja5FPZ0apwb/Dy3KMbU6S1bbQGL/Oxx0c+8dXXC6+Wx0whnKN4xh2vuYF92BGihkHvk3rVnD02tp4Bl7nbBQ3EfcrPRE1RuZG5n2WPpn135a2q9ajHhQeWVhX2IRQX+kKLXeYmpgmJYmUJHqK6AbJUeCho5UmO0vGdIbzI/nqnGa216F4AzLFnOr3iGpmiLfDusqUSLcd239Tcojt7pEazqzjIE9bV/wR4j9TfMESkfQInhg1KzHvjWrOcEBsDFfiBf7aqnrFv2J4FmWRUUPsPXmqVDjuGego8Tg5O3/709Lh8n9tKAG911njrnRmEBYpYuYhdc6kqYCwpIsILhk+hC9KhH7ult1InrPvRHpuaATH0OPEQqFY+oPCVBnpT9DzON6MMCfxVMIK0uoooxq3uvYijQzEFAXWVpkYuObbN+Jhw102twy8GrA7N9uGqF924FeA8p9QWbJeWv1epu9h1rrml5SfHhpvynLjaKagMakh5oPQDHV56K1lMjaDqshhiq2LalKuFXZAfh5tI/tz670cQh99Hsi1+6cvN3qCKIjM2GLDeh8uAA4TlUBmT9B3lgpyZHPq73ZkocbvwJz7fjMZE++ebSsWZZYBa3ibSAIWPcKcHkyX18QInrfglfzQKbUdIugKJ8NSrJd","livenessVersion":"v1.0","livenessUrl":"wss://sdk.faceid.qq.com/yishan_wb"},"message":"success"}
11-05 01:54:42.374  2401  2401 D YouTuSdkHelper: [huiyan version]: v2.0.0.5
11-05 01:54:42.374  2401  2401 D YouTuSdkHelper: [yt version]: 1.3.1.169.1
11-05 01:54:42.374  2401  2980 D d       : 2024-11-05 01:54:42.374 | F6BAD425-7CB2-4DD9-B482-C69E2B84CD87 | [huiyan version]: v2.0.0.5
11-05 01:54:42.374  2401  2980 D d       : 2024-11-05 01:54:42.374 | F6BAD425-7CB2-4DD9-B482-C69E2B84CD87 | [yt version]: 1.3.1.169.1
11-05 01:54:42.377  2401  2401 D ApmLog  : onActivityStopped IdentityRecognitionAgreementActivity
11-05 01:54:42.435  2401  3008 D ApmLog  : ga10 ShadowScheduledThreadPool constructor， allowCoreThreadTimeOut true
11-05 01:54:42.437  2401  3008 D YtWebSocketHelper: [YTLog]-[ONLINE]-1730789682437-【WS】WebSocketListener onOpen
11-05 01:54:42.437  2401  2980 D d       : 2024-11-05 01:54:42.437 | F6BAD425-7CB2-4DD9-B482-C69E2B84CD87 | YT_TAG: YtWebSocketHelper, Msg: [YTLog]-[ONLINE]-1730789682437-【WS】WebSocketListener onOpen
11-05 01:54:42.438  2401  3012 D WSNetFetchState: [YTLog]-[ONLINE]-1730789682437-onWebSocketOpened
11-05 01:54:42.438  2401  2980 D d       : 2024-11-05 01:54:42.438 | F6BAD425-7CB2-4DD9-B482-C69E2B84CD87 | YT_TAG: WSNetFetchState, Msg: [YTLog]-[ONLINE]-1730789682437-onWebSocketOpened
11-05 01:54:42.438  2401  3012 D YouTuSdkHelper: youtu ws opened!
11-05 01:54:42.438  2401  3013 D ProtobufDataPrepare: [YTLog]-[ONLINE]-1730789682438-【WS】STEP1 - sendWSInitReq token:NT45CEjP7ptPCenuswdtFP+Y2pgBT0t24CRgC7KoAr8=
11-05 01:54:42.438  2401  2980 D d       : 2024-11-05 01:54:42.438 | F6BAD425-7CB2-4DD9-B482-C69E2B84CD87 | YT_TAG: ProtobufDataPrepare, Msg: [YTLog]-[ONLINE]-1730789682438-【WS】STEP1 - sendWSInitReq token:NT45CEjP7ptPCenuswdtFP+Y2pgBT0t24CRgC7KoAr8=
11-05 01:54:42.439  2401  2980 D d       : 2024-11-05 01:54:42.439 | F6BAD425-7CB2-4DD9-B482-C69E2B84CD87 | youtu ws opened!
11-05 01:54:42.439  2401  3012 E HuiYanSdkImp: <auth event>: START_AUTH
11-05 01:54:42.439  2401  2980 D d       : 2024-11-05 01:54:42.439 | F6BAD425-7CB2-4DD9-B482-C69E2B84CD87 | <auth event>: START_AUTH
11-05 01:54:42.439  2401  3012 D AuthingFragment: >>>start camera preview(get light data ok)
11-05 01:54:42.440  2401  2980 D d       : 2024-11-05 01:54:42.440 | F6BAD425-7CB2-4DD9-B482-C69E2B84CD87 | >>>start camera preview(get light data ok)
11-05 01:54:42.449  2401  2401 E TuringSdkHelper: onPreviewAvailable!
11-05 01:54:42.449  2401  2985 D CameraHolderImp: [ai-camera-debug]start camera preview
11-05 01:54:42.449  2401  2980 D d       : 2024-11-05 01:54:42.449 | F6BAD425-7CB2-4DD9-B482-C69E2B84CD87 | [ai-camera-debug]start camera preview
11-05 01:54:42.454  2401  2985 D CameraHolderImp: [ai-camera-debug]start camera preview success
11-05 01:54:42.454  2401  2985 D AuthingFragment: on preview succeed!
11-05 01:54:42.454  2401  2985 D TuringSdkHelper: start set event first frame time out!
11-05 01:54:42.454  2401  2401 D TimeOutHelper: start count down: 30000
11-05 01:54:42.455  2401  2985 E TimeCostManager: time:{0=3, 1=133, 2=155, 3=69, 4=16}
11-05 01:54:42.455  2401  2985 E TimeCostManager: applyToken:NT45CEjP7ptPCenuswdtFP+Y2pgBT0t24CRgC7KoAr8=
11-05 01:54:42.455  2401  2980 D d       : 2024-11-05 01:54:42.455 | F6BAD425-7CB2-4DD9-B482-C69E2B84CD87 | [ai-camera-debug]start camera preview success
11-05 01:54:42.455  2401  2980 D d       : 2024-11-05 01:54:42.455 | F6BAD425-7CB2-4DD9-B482-C69E2B84CD87 | on preview succeed!
11-05 01:54:42.455  2401  2980 D d       : 2024-11-05 01:54:42.455 | F6BAD425-7CB2-4DD9-B482-C69E2B84CD87 | start set event first frame time out!
11-05 01:54:42.455  2401  2980 D d       : 2024-11-05 01:54:42.455 | F6BAD425-7CB2-4DD9-B482-C69E2B84CD87 | start count down: 30000
11-05 01:54:42.458  2401  2401 D TimeOutHelper: on tick: 29996
11-05 01:54:42.458  2401  3013 D YtWebSocketHelper: [YTLog]-[ONLINE]-1730789682458-【WS】makeMessage 【method】Init message len=1000 methodLength=4 dataLen=1009
11-05 01:54:42.461  2401  2980 D d       : 2024-11-05 01:54:42.461 | F6BAD425-7CB2-4DD9-B482-C69E2B84CD87 | on tick: 29996
11-05 01:54:42.461  2401  2980 D d       : 2024-11-05 01:54:42.461 | F6BAD425-7CB2-4DD9-B482-C69E2B84CD87 | YT_TAG: YtWebSocketHelper, Msg: [YTLog]-[ONLINE]-1730789682458-【WS】makeMessage 【method】Init message len=1000 methodLength=4 dataLen=1009
11-05 01:54:42.494  2401  2985 D TuringSdkHelper: remove first frame time out event!
11-05 01:54:42.494  2401  2980 D d       : 2024-11-05 01:54:42.494 | F6BAD425-7CB2-4DD9-B482-C69E2B84CD87 | remove first frame time out event!
11-05 01:54:42.518  2401  3008 D YtWebSocketHelper: [YTLog]-[ONLINE]-1730789682518-【WS】onMessage method:Init| message len:165
11-05 01:54:42.518  2401  2980 D d       : 2024-11-05 01:54:42.518 | F6BAD425-7CB2-4DD9-B482-C69E2B84CD87 | YT_TAG: YtWebSocketHelper, Msg: [YTLog]-[ONLINE]-1730789682518-【WS】onMessage method:Init| message len:165
11-05 01:54:42.518  2401  3008 D ProtobufDataPrepare: [YTLog]-[ONLINE]-1730789682518-【WS】rsp:Init
11-05 01:54:42.518  2401  2980 D d       : 2024-11-05 01:54:42.518 | F6BAD425-7CB2-4DD9-B482-C69E2B84CD87 | YT_TAG: ProtobufDataPrepare, Msg: [YTLog]-[ONLINE]-1730789682518-【WS】rsp:Init
11-05 01:54:42.520  2401  3012 D ProtobufDataPrepare: [YTLog]-[ONLINE]-1730789682520-【WS】STEP2 - makeInitRsp:# trpc.engine.yishan_websocket.YishanWebsocket$InitRsp@132b88cb
11-05 01:54:42.520  2401  3012 D ProtobufDataPrepare: public_key: "0\201\2370\r\006\t*\206H\206\367\r\001\001\001\005\000\003\201\215\0000\201\211\002\201\201\000\323\356\264\255\331\341\002\v\"4\203H\3455\211\330\233\371)\fx\301EX\236\200B\365$\211\313\276\302S\301\364->b\233\224\357\004\026A\233,\350\273\300\0273\245k\362\322qd\367p\250\002`\031\324|\"o\375U\033\260\340\333\342\330\337\323\027\003\016I\323T\025\b\032j\261Q\307\372\200V\312\307\261\245M\220\'\'\323\253\321uzq\273\375,yMBC-\270\0022<\214\362\002\206h\224!{\002\003\001\000\001"
11-05 01:54:42.520  2401  2980 D d       : 2024-11-05 01:54:42.520 | F6BAD425-7CB2-4DD9-B482-C69E2B84CD87 | YT_TAG: ProtobufDataPrepare, Msg: [YTLog]-[ONLINE]-1730789682520-【WS】STEP2 - makeInitRsp:# trpc.engine.yishan_websocket.YishanWebsocket$InitRsp@132b88cb
11-05 01:54:42.520  2401  2980 D d       : public_key: "0\201\2370\r\006\t*\206H\206\367\r\001\001\001\005\000\003\201\215\0000\201\211\002\201\201\000\323\356\264\255\331\341\002\v\"4\203H\3455\211\330\233\371)\fx\301EX\236\200B\365$\211\313\276\302S\301\364->b\233\224\357\004\026A\233,\350\273\300\0273\245k\362\322qd\367p\250\002`\031\324|\"o\375U\033\260\340\333\342\330\337\323\027\003\016I\323T\025\b\032j\261Q\307\372\200V\312\307\261\245M\220\'\'\323\253\321uzq\273\375,yMBC-\270\0022<\214\362\002\206h\224!{\002\003\001\000\001"
11-05 01:54:42.520  2401  3013 D ProtobufDataPrepare: [YTLog]-[ONLINE]-1730789682520-【WS】STEP3 - sendLiveConfigReq
11-05 01:54:42.520  2401  2980 D d       : 2024-11-05 01:54:42.520 | F6BAD425-7CB2-4DD9-B482-C69E2B84CD87 | YT_TAG: ProtobufDataPrepare, Msg: [YTLog]-[ONLINE]-1730789682520-【WS】STEP3 - sendLiveConfigReq
11-05 01:54:42.522  2401  3013 D YtWebSocketHelper: [YTLog]-[ONLINE]-1730789682522-【WS】makeMessage 【method】LiveConf message len=268 methodLength=8 dataLen=281
11-05 01:54:42.522  2401  2980 D d       : 2024-11-05 01:54:42.522 | F6BAD425-7CB2-4DD9-B482-C69E2B84CD87 | YT_TAG: YtWebSocketHelper, Msg: [YTLog]-[ONLINE]-1730789682522-【WS】makeMessage 【method】LiveConf message len=268 methodLength=8 dataLen=281
11-05 01:54:42.537  2401  3008 D YtWebSocketHelper: [YTLog]-[ONLINE]-1730789682537-【WS】onMessage method:LiveConf| message len:640
11-05 01:54:42.537  2401  3008 D ProtobufDataPrepare: [YTLog]-[ONLINE]-1730789682537-【WS】rsp:LiveConf
11-05 01:54:42.537  2401  2980 D d       : 2024-11-05 01:54:42.537 | F6BAD425-7CB2-4DD9-B482-C69E2B84CD87 | YT_TAG: YtWebSocketHelper, Msg: [YTLog]-[ONLINE]-1730789682537-【WS】onMessage method:LiveConf| message len:640
11-05 01:54:42.537  2401  2980 D d       : 2024-11-05 01:54:42.537 | F6BAD425-7CB2-4DD9-B482-C69E2B84CD87 | YT_TAG: ProtobufDataPrepare, Msg: [YTLog]-[ONLINE]-1730789682537-【WS】rsp:LiveConf
11-05 01:54:42.543  2401  3012 D ProtobufDataPrepare: [YTLog]-[ONLINE]-1730789682543-【WS】STEP4 - makeLiveConfRsp:# trpc.engine.yishan_websocket.YishanWebsocket$LiveConfRsp@a363ca06
11-05 01:54:42.543  2401  3012 D ProtobufDataPrepare: action_res_config {
11-05 01:54:42.543  2401  3012 D ProtobufDataPrepare:   action_seq: "1,2"
11-05 01:54:42.543  2401  3012 D ProtobufDataPrepare: }
11-05 01:54:42.543  2401  3012 D ProtobufDataPrepare: far_close_config {
11-05 01:54:42.543  2401  3012 D ProtobufDataPrepare:   area_match_thres: 0.8
11-05 01:54:42.543  2401  3012 D ProtobufDataPrepare:   centor_x_ratio: 0.5
11-05 01:54:42.543  2401  3012 D ProtobufDataPrepare:   centor_y_ratio: 0.5
11-05 01:54:42.543  2401  3012 D ProtobufDataPrepare:   iou_match_thres: 0.7
11-05 01:54:42.543  2401  3012 D ProtobufDataPrepare:   iou_mode: 2
11-05 01:54:42.543  2401  3012 D ProtobufDataPrepare:   stable_frames: 5
11-05 01:54:42.543  2401  3012 D ProtobufDataPrepare:   width_ratio: 1.0
11-05 01:54:42.543  2401  3012 D ProtobufDataPrepare: }
11-05 01:54:42.543  2401  3012 D ProtobufDataPrepare: front_conf: "{\"actionFrameQuality\":0.95,\"reflectFrameQuality\":0.95,\"unit\":120}"
11-05 01:54:42.543  2401  3012 D ProtobufDataPrepare: reflect_res_config {
11-05 01:54:42.543  2401  3012 D ProtobufDataPrepare:   color_data: "1 120 3 2 2 3 0 1 ;ejEHAAMAAAAAAAAAeAAAAAAAAAAywSlnAAAAAPkeCAAAAAAAAAAATOY1h/I3Hsjy/88M8gMAAAADAAAAAwAAAAUAAAAFAAAABQAAAAUAAAAFAAAABQAAAAUAAAAFAAAABQAAAAUAAAAFAAAABQAAAAUAAAAFAAAABQAAAAUAAAA=;4526f73e3ffaf7c3cf272d3409e4d1b4"
11-05 01:54:42.543  2401  3012 D ProtobufDataPrepare:   is_open: true
11-05 01:54:42.543  2401  3012 D ProtobufDataPrepare: }
11-05 01:54:42.543  2401  3012 D ProtobufDataPrepare: resolution_ratio: "480*640"
11-05 01:54:42.543  2401  3012 D ProtobufDataPrepare: risk_res_config {
11-05 01:54:42.543  2401  3012 D ProtobufDataPrepare:   is_open: true
11-05 01:54:42.543  2401  3012 D ProtobufDataPrepare:   video_risk_param: "us2v14PbC7RDXL6oaeg8yYV8Mll6MNU4gtC/jSYqC19bgOJaDRsWft5iLnjwGrmr+RADt4/0CJPl+RWvUF6k67w0pFi6YEUtIUaPCuE7H612v+81QsvIwGfoiEEwIntVdbpUQW6KpPwwmlu0kf2FlK+en1OvCx3Zl4AjQaCtaCCYJuI+yx7iB55AzEBv/AXIrqd2+t+qX9G4oljQDXh9xShexKvfYowFp0OhcizgnDWKQvmeDO2AUaFqHKp3q+uY9ui7NBTf6F2A68eE"
11-05 01:54:42.543  2401  3012 D ProtobufDataPrepare: }
11-05 01:54:42.543  2401  3012 D ProtobufDataPrepare: 8: "\b\001\020\310\001\035\n\327\243= \001"
11-05 01:54:42.543  2401  2980 D d       : 2024-11-05 01:54:42.543 | F6BAD425-7CB2-4DD9-B482-C69E2B84CD87 | YT_TAG: ProtobufDataPrepare, Msg: [YTLog]-[ONLINE]-1730789682543-【WS】STEP4 - makeLiveConfRsp:# trpc.engine.yishan_websocket.YishanWebsocket$LiveConfRsp@a363ca06
11-05 01:54:42.543  2401  2980 D d       : action_res_config {
11-05 01:54:42.543  2401  2980 D d       :   action_seq: "1,2"
11-05 01:54:42.543  2401  2980 D d       : }
11-05 01:54:42.543  2401  2980 D d       : far_close_config {
11-05 01:54:42.543  2401  2980 D d       :   area_match_thres: 0.8
11-05 01:54:42.543  2401  2980 D d       :   centor_x_ratio: 0.5
11-05 01:54:42.543  2401  2980 D d       :   centor_y_ratio: 0.5
11-05 01:54:42.543  2401  2980 D d       :   iou_match_thres: 0.7
11-05 01:54:42.543  2401  2980 D d       :   iou_mode: 2
11-05 01:54:42.543  2401  2980 D d       :   stable_frames: 5
11-05 01:54:42.543  2401  2980 D d       :   width_ratio: 1.0
11-05 01:54:42.543  2401  2980 D d       : }
11-05 01:54:42.543  2401  2980 D d       : front_conf: "{\"actionFrameQuality\":0.95,\"reflectFrameQuality\":0.95,\"unit\":120}"
11-05 01:54:42.543  2401  2980 D d       : reflect_res_config {
11-05 01:54:42.543  2401  2980 D d       :   color_data: "1 120 3 2 2 3 0 1 ;ejEHAAMAAAAAAAAAeAAAAAAAAAAywSlnAAAAAPkeCAAAAAAAAAAATOY1h/I3Hsjy/88M8gMAAAADAAAAAwAAAAUAAAAFAAAABQAAAAUAAAAFAAAABQAAAAUAAAAFAAAABQAAAAUAAAAFAAAABQAAAAUAAAAFAAAABQAAAAUAAAA=;4526f73e3ffaf7c3cf272d3409e4d1b4"
11-05 01:54:42.543  2401  2980 D d       :   is_open: true
11-05 01:54:42.543  2401  2980 D d       : }
11-05 01:54:42.543  2401  2980 D d       : resolution_ratio: "480*640"
11-05 01:54:42.543  2401  2980 D d       : risk_res_config {
11-05 01:54:42.543  2401  2980 D d       :   is_open: true
11-05 01:54:42.543  2401  2980 D d       :   video_risk_param: "us2v14PbC7RDXL6oaeg8yYV8Mll6MNU4gtC/jSYqC19bgOJaDRsWft5iLnjwGrmr+RADt4/0CJPl+RWvUF6k67w0pFi6YEUtIUaPCuE7H612v+81QsvIwGfoiEEwIntVdbpUQW6KpPwwmlu0kf2FlK+en1OvCx3Zl4AjQaCtaCCYJuI+yx7iB55AzEBv/AXIrqd2+t+qX9G4oljQDXh9xShexKvfYowFp0OhcizgnDWKQvmeDO2AUaFqHKp3q+uY9ui7NBTf6F2A68eE"
11-05 01:54:42.543  2401  2980 D d       : }
11-05 01:54:42.543  2401  2980 D d       : 8: "\b\001\020\310\001\035\n\327\243= \001"
11-05 01:54:42.543  2401  3012 E YouTuSdkHelper: RISK_RES_CONFIG open!
11-05 01:54:42.543  2401  3012 D HuiYanSdkImp: startTuringCameraCheck
11-05 01:54:42.543  2401  2980 D d       : 2024-11-05 01:54:42.543 | F6BAD425-7CB2-4DD9-B482-C69E2B84CD87 | RISK_RES_CONFIG open!
11-05 01:54:42.543  2401  2980 D d       : 2024-11-05 01:54:42.543 | F6BAD425-7CB2-4DD9-B482-C69E2B84CD87 | startTuringCameraCheck
11-05 01:54:43.459  2401  2401 D TimeOutHelper: on tick: 28995
11-05 01:54:43.459  2401  2980 D d       : 2024-11-05 01:54:43.459 | F6BAD425-7CB2-4DD9-B482-C69E2B84CD87 | on tick: 28995
11-05 01:54:44.460  2401  2401 D TimeOutHelper: on tick: 27994
11-05 01:54:44.460  2401  2980 D d       : 2024-11-05 01:54:44.460 | F6BAD425-7CB2-4DD9-B482-C69E2B84CD87 | on tick: 27994
11-05 01:54:45.460  2401  2401 D TimeOutHelper: on tick: 26994
11-05 01:54:45.461  2401  2980 D d       : 2024-11-05 01:54:45.461 | F6BAD425-7CB2-4DD9-B482-C69E2B84CD87 | on tick: 26994
11-05 01:54:46.460  2401  2401 D TimeOutHelper: on tick: 25994
11-05 01:54:46.461  2401  2980 D d       : 2024-11-05 01:54:46.461 | F6BAD425-7CB2-4DD9-B482-C69E2B84CD87 | on tick: 25994
11-05 01:54:47.460  2401  2401 D TimeOutHelper: on tick: 24994
11-05 01:54:47.461  2401  2980 D d       : 2024-11-05 01:54:47.461 | F6BAD425-7CB2-4DD9-B482-C69E2B84CD87 | on tick: 24994
11-05 01:54:48.317  2401  3009 D WSNetFetchState: [YTLog]-[ONLINE]-1730789688317-【WS】STEP5 - testFrame done
11-05 01:54:48.317  2401  2980 D d       : 2024-11-05 01:54:48.317 | F6BAD425-7CB2-4DD9-B482-C69E2B84CD87 | YT_TAG: WSNetFetchState, Msg: [YTLog]-[ONLINE]-1730789688317-【WS】STEP5 - testFrame done
11-05 01:54:48.317  2401  3019 D ProtobufDataPrepare: [YTLog]-[ONLINE]-1730789688317-【WS】STEP6 sendFrameConfReq
11-05 01:54:48.317  2401  2980 D d       : 2024-11-05 01:54:48.317 | F6BAD425-7CB2-4DD9-B482-C69E2B84CD87 | YT_TAG: ProtobufDataPrepare, Msg: [YTLog]-[ONLINE]-1730789688317-【WS】STEP6 sendFrameConfReq
11-05 01:54:48.318  2401  3019 D YtWebSocketHelper: [YTLog]-[ONLINE]-1730789688318-【WS】makeMessage 【method】FrameConf message len=0 methodLength=9 dataLen=14
11-05 01:54:48.318  2401  2980 D d       : 2024-11-05 01:54:48.318 | F6BAD425-7CB2-4DD9-B482-C69E2B84CD87 | YT_TAG: YtWebSocketHelper, Msg: [YTLog]-[ONLINE]-1730789688318-【WS】makeMessage 【method】FrameConf message len=0 methodLength=9 dataLen=14
11-05 01:54:48.332  2401  3008 D YtWebSocketHelper: [YTLog]-[ONLINE]-1730789688332-【WS】onMessage method:FrameConf| message len:10
11-05 01:54:48.332  2401  3008 D ProtobufDataPrepare: [YTLog]-[ONLINE]-1730789688332-【WS】rsp:FrameConf
11-05 01:54:48.333  2401  2980 D d       : 2024-11-05 01:54:48.332 | F6BAD425-7CB2-4DD9-B482-C69E2B84CD87 | YT_TAG: YtWebSocketHelper, Msg: [YTLog]-[ONLINE]-1730789688332-【WS】onMessage method:FrameConf| message len:10
11-05 01:54:48.333  2401  2980 D d       : 2024-11-05 01:54:48.333 | F6BAD425-7CB2-4DD9-B482-C69E2B84CD87 | YT_TAG: ProtobufDataPrepare, Msg: [YTLog]-[ONLINE]-1730789688332-【WS】rsp:FrameConf
11-05 01:54:48.338  2401  3021 D ProtobufDataPrepare: [YTLog]-[ONLINE]-1730789688338-【WS】STEP7 makeFrameConfigRsp:# trpc.engine.yishan_websocket.YishanWebsocket$FrameConfRsp@713ed28f
11-05 01:54:48.338  2401  3021 D ProtobufDataPrepare: action_quality: 0.95
11-05 01:54:48.338  2401  3021 D ProtobufDataPrepare: reflection_quality: 0.95
11-05 01:54:48.338  2401  2980 D d       : 2024-11-05 01:54:48.338 | F6BAD425-7CB2-4DD9-B482-C69E2B84CD87 | YT_TAG: ProtobufDataPrepare, Msg: [YTLog]-[ONLINE]-1730789688338-【WS】STEP7 makeFrameConfigRsp:# trpc.engine.yishan_websocket.YishanWebsocket$FrameConfRsp@713ed28f
11-05 01:54:48.338  2401  2980 D d       : action_quality: 0.95
11-05 01:54:48.338  2401  2980 D d       : reflection_quality: 0.95
11-05 01:54:48.338  2401  3021 D ProtobufDataPrepare: [YTLog]-[ONLINE]-1730789688338-【WS】action_score:95,ref_score:95
11-05 01:54:48.339  2401  2980 D d       : 2024-11-05 01:54:48.338 | F6BAD425-7CB2-4DD9-B482-C69E2B84CD87 | YT_TAG: ProtobufDataPrepare, Msg: [YTLog]-[ONLINE]-1730789688338-【WS】action_score:95,ref_score:95
11-05 01:54:48.339  2401  3021 D YouTuSdkHelper: start net fetch done!
11-05 01:54:48.339  2401  2980 D d       : 2024-11-05 01:54:48.339 | F6BAD425-7CB2-4DD9-B482-C69E2B84CD87 | start net fetch done!
11-05 01:54:48.339  2401  3021 D ProtobufDataPrepare: [YTLog]-[ONLINE]-1730789688339-【WS】makeWSLogInfoByUseTime={"ws_log_type":"ws_log_type_use_time","ws_use_time_state":"ws_net_fetch_state","ws_use_time_ms":5970}
11-05 01:54:48.339  2401  2980 D d       : 2024-11-05 01:54:48.339 | F6BAD425-7CB2-4DD9-B482-C69E2B84CD87 | YT_TAG: ProtobufDataPrepare, Msg: [YTLog]-[ONLINE]-1730789688339-【WS】makeWSLogInfoByUseTime={"ws_log_type":"ws_log_type_use_time","ws_use_time_state":"ws_net_fetch_state","ws_use_time_ms":5970}
11-05 01:54:48.339  2401  3019 D ProtobufDataPrepare: [YTLog]-[ONLINE]-1730789688339-【WS】sendLogReq
11-05 01:54:48.339  2401  3021 D WSNetFetchState: [YTLog]-[ONLINE]-1730789688339-onWSNetFetchDone
11-05 01:54:48.340  2401  3019 D YtWebSocketHelper: [YTLog]-[ONLINE]-1730789688340-【WS】makeMessage 【method】SendLog message len=149 methodLength=7 dataLen=161
11-05 01:54:48.340  2401  2980 D d       : 2024-11-05 01:54:48.340 | F6BAD425-7CB2-4DD9-B482-C69E2B84CD87 | YT_TAG: ProtobufDataPrepare, Msg: [YTLog]-[ONLINE]-1730789688339-【WS】sendLogReq
11-05 01:54:48.340  2401  2980 D d       : 2024-11-05 01:54:48.340 | F6BAD425-7CB2-4DD9-B482-C69E2B84CD87 | YT_TAG: WSNetFetchState, Msg: [YTLog]-[ONLINE]-1730789688339-onWSNetFetchDone
11-05 01:54:48.340  2401  2980 D d       : 2024-11-05 01:54:48.340 | F6BAD425-7CB2-4DD9-B482-C69E2B84CD87 | YT_TAG: YtWebSocketHelper, Msg: [YTLog]-[ONLINE]-1730789688340-【WS】makeMessage 【method】SendLog message len=149 methodLength=7 dataLen=161
11-05 01:54:48.362  2401  3009 E YouTuSdkHelper: timeout_begin: {ui_action=timeout_count_begin, countdown_time=30000, time_out_state_stats=FaceTrackerState}
11-05 01:54:48.362  2401  3009 E HuiYanSdkImp: time:30000 type: 0
11-05 01:54:48.362  2401  3009 D FaceTrackerState: [YTLog]-[ONLINE]-1730789688362-enterFirst
11-05 01:54:48.362  2401  2980 D d       : 2024-11-05 01:54:48.362 | F6BAD425-7CB2-4DD9-B482-C69E2B84CD87 | timeout_begin: {ui_action=timeout_count_begin, countdown_time=30000, time_out_state_stats=FaceTrackerState}
11-05 01:54:48.362  2401  2980 D d       : 2024-11-05 01:54:48.362 | F6BAD425-7CB2-4DD9-B482-C69E2B84CD87 | time:30000 type: 0
11-05 01:54:48.362  2401  2980 D d       : 2024-11-05 01:54:48.362 | F6BAD425-7CB2-4DD9-B482-C69E2B84CD87 | YT_TAG: FaceTrackerState, Msg: [YTLog]-[ONLINE]-1730789688362-enterFirst
11-05 01:54:48.453  2401  3009 D FaceTrackerState: [YTLog]-[ONLINE]-1730789688453-{"TraceType":"FaceTracker","TraceData":"H4sIAAAAAAAAAKtWSkktSU0uiS8CEkpW0YYGOoZAbGJuoGNqbBCro1SckZpTkloUX1ySWJKqZGWoo5SWmJxaDFQaWwsA38vLRj0AAAA="}
11-05 01:54:48.453  2401  2980 D d       : 2024-11-05 01:54:48.453 | F6BAD425-7CB2-4DD9-B482-C69E2B84CD87 | YT_TAG: FaceTrackerState, Msg: [YTLog]-[ONLINE]-1730789688453-{"TraceType":"FaceTracker","TraceData":"H4sIAAAAAAAAAKtWSkktSU0uiS8CEkpW0YYGOoZAbGJuoGNqbBCro1SckZpTkloUX1ySWJKqZGWoo5SWmJxaDFQaWwsA38vLRj0AAAA="}
11-05 01:54:48.462  2401  2401 D TimeOutHelper: on tick: 23992
11-05 01:54:48.463  2401  2980 D d       : 2024-11-05 01:54:48.463 | F6BAD425-7CB2-4DD9-B482-C69E2B84CD87 | on tick: 23992
11-05 01:54:48.514  2401  3009 D FaceTrackerState: [YTLog]-[ONLINE]-1730789688514-{"TraceType":"FaceTracker","TraceData":"H4sIAAAAAAAAAKtWSkktSU0uiS8CEkpW0YYGOoZAbGJuoGNqbBCro1SckZpTkloUX1ySWJKqZGWoo5SWmJxaDFQaWwsA38vLRj0AAAA="}
11-05 01:54:48.514  2401  2980 D d       : 2024-11-05 01:54:48.514 | F6BAD425-7CB2-4DD9-B482-C69E2B84CD87 | YT_TAG: FaceTrackerState, Msg: [YTLog]-[ONLINE]-1730789688514-{"TraceType":"FaceTracker","TraceData":"H4sIAAAAAAAAAKtWSkktSU0uiS8CEkpW0YYGOoZAbGJuoGNqbBCro1SckZpTkloUX1ySWJKqZGWoo5SWmJxaDFQaWwsA38vLRj0AAAA="}
11-05 01:54:48.566  2401  3009 D FaceTrackerState: [YTLog]-[ONLINE]-1730789688566-{"TraceType":"FaceTracker","TraceData":"H4sIAAAAAAAAAKtWSkktSU0uiS8CEkpW0YYGOoZAbGJuoGNqbBCro1SckZpTkloUX1ySWJKqZGWoo5SWmJxaDFQaWwsA38vLRj0AAAA="}
11-05 01:54:48.566  2401  2980 D d       : 2024-11-05 01:54:48.566 | F6BAD425-7CB2-4DD9-B482-C69E2B84CD87 | YT_TAG: FaceTrackerState, Msg: [YTLog]-[ONLINE]-1730789688566-{"TraceType":"FaceTracker","TraceData":"H4sIAAAAAAAAAKtWSkktSU0uiS8CEkpW0YYGOoZAbGJuoGNqbBCro1SckZpTkloUX1ySWJKqZGWoo5SWmJxaDFQaWwsA38vLRj0AAAA="}
11-05 01:54:48.612  2401  3009 D FaceTrackerState: [YTLog]-[ONLINE]-1730789688612-{"TraceType":"FaceTracker","TraceData":"H4sIAAAAAAAAAKtWSkktSU0uiS8CEkpW0YYGOoZAbGJuoGNqbBCro1SckZpTkloUX1ySWJKqZGWoo5SWmJxaDFQaWwsA38vLRj0AAAA="}
11-05 01:54:48.612  2401  2980 D d       : 2024-11-05 01:54:48.612 | F6BAD425-7CB2-4DD9-B482-C69E2B84CD87 | YT_TAG: FaceTrackerState, Msg: [YTLog]-[ONLINE]-1730789688612-{"TraceType":"FaceTracker","TraceData":"H4sIAAAAAAAAAKtWSkktSU0uiS8CEkpW0YYGOoZAbGJuoGNqbBCro1SckZpTkloUX1ySWJKqZGWoo5SWmJxaDFQaWwsA38vLRj0AAAA="}
11-05 01:54:48.717  2401  3009 D FaceTrackerState: [YTLog]-[ONLINE]-1730789688717-{"TraceType":"FaceTracker","TraceData":"H4sIAAAAAAAAAKtWSkktSU0uiS8CEkpW0YYGOoZAbGJuoGNqbBCro1SckZpTkloUX1ySWJKqZGWoo5SWmJxaDFQaWwsA38vLRj0AAAA="}
11-05 01:54:48.717  2401  2980 D d       : 2024-11-05 01:54:48.717 | F6BAD425-7CB2-4DD9-B482-C69E2B84CD87 | YT_TAG: FaceTrackerState, Msg: [YTLog]-[ONLINE]-1730789688717-{"TraceType":"FaceTracker","TraceData":"H4sIAAAAAAAAAKtWSkktSU0uiS8CEkpW0YYGOoZAbGJuoGNqbBCro1SckZpTkloUX1ySWJKqZGWoo5SWmJxaDFQaWwsA38vLRj0AAAA="}
11-05 01:54:48.783  2401  3009 D AuthingFragment: >>>first found the face.
11-05 01:54:48.783  2401  3009 E AuthStateManager: found face!
11-05 01:54:48.783  2401  2401 D TimeOutHelper: start count down: 30000
11-05 01:54:48.783  2401  2401 D TimeOutHelper: on tick: 29999
11-05 01:54:48.784  2401  2980 D d       : 2024-11-05 01:54:48.783 | F6BAD425-7CB2-4DD9-B482-C69E2B84CD87 | >>>first found the face.
11-05 01:54:48.784  2401  2980 D d       : 2024-11-05 01:54:48.784 | F6BAD425-7CB2-4DD9-B482-C69E2B84CD87 | found face!
11-05 01:54:48.784  2401  2980 D d       : 2024-11-05 01:54:48.784 | F6BAD425-7CB2-4DD9-B482-C69E2B84CD87 | start count down: 30000
11-05 01:54:48.785  2401  2980 D d       : 2024-11-05 01:54:48.784 | F6BAD425-7CB2-4DD9-B482-C69E2B84CD87 | on tick: 29999
11-05 01:54:48.786  2401  3009 D FaceTrackerState: [YTLog]-[ONLINE]-1730789688786-{"TraceType":"FaceTracker","TraceData":"H4sIAAAAAAAAAN1Uy27bQAz8lz1vDXLJffkP+g1BYLiJ0hpwk0AWChRB\/r0zK6k9FDn0WsM0xeXwNUv5LTxOy\/SwnGb8hOOdSlSIV4nZ5D6G27fpukzz6baclykcJYan88N0A\/QtPM3n79Pnx3AsMSwzjvkMxO9chmQ9WunRmyPZ68vleWGsJosppaju0KhZckyAaiuwNSZZtXbgxOEveIbfBXaKlhlfo1mC9miqI1\/q8DM3Sg672chlyjgDHnmlIk8FBu3lvuqK+IJ+iC+si76KbHba\/H\/wlqiZF\/nQuwnxkJ6GPzUZeXbbJA+\/aR34ZH3t2VpMGZIg1QcHqUGkjxjtmDGRG9QiV4yjRk9DN105KMSjF\/ZHDryPfIpn6zo4dNHBqWP+BB4dNVjbhbUz9MrfwMO2ClxGzwV+Rx1yQM5LHRxaJZctWmvrHfDukNca4\/KqEWOcZ9f7+Y7b47Y8Sh5xTm0KvlnHuZOYlzvAdcJOKPhy5T1adHCi4MMz7IY5KvjnDjfMYxV65X7YXYbflHjUNPDBXhxxCpv9Ib\/h7jg3axpnJ7+KnvBeJPa57ct271jtH5fb5csVb8gd1pSbKvKXfHD8vwp2d\/u2+DEp\/yig+vz89Tqd5nD8JIfammlvLVeT6ua79xXeehDr\/BSshQlWd3P+xL\/UwU3Gp2rGVlZ\/v3\/\/BdtpEnINBQAA"}
11-05 01:54:48.786  2401  2980 D d       : 2024-11-05 01:54:48.786 | F6BAD425-7CB2-4DD9-B482-C69E2B84CD87 | YT_TAG: FaceTrackerState, Msg: [YTLog]-[ONLINE]-1730789688786-{"TraceType":"FaceTracker","TraceData":"H4sIAAAAAAAAAN1Uy27bQAz8lz1vDXLJffkP+g1BYLiJ0hpwk0AWChRB\/r0zK6k9FDn0WsM0xeXwNUv5LTxOy\/SwnGb8hOOdSlSIV4nZ5D6G27fpukzz6baclykcJYan88N0A\/QtPM3n79Pnx3AsMSwzjvkMxO9chmQ9WunRmyPZ68vleWGsJosppaju0KhZckyAaiuwNSZZtXbgxOEveIbfBXaKlhlfo1mC9miqI1\/q8DM3Sg672chlyjgDHnmlIk8FBu3lvuqK+IJ+iC+si76KbHba\/H\/wlqiZF\/nQuwnxkJ6GPzUZeXbbJA+\/aR34ZH3t2VpMGZIg1QcHqUGkjxjtmDGRG9QiV4yjRk9DN105KMSjF\/ZHDryPfIpn6zo4dNHBqWP+BB4dNVjbhbUz9MrfwMO2ClxGzwV+Rx1yQM5LHRxaJZctWmvrHfDukNca4\/KqEWOcZ9f7+Y7b47Y8Sh5xTm0KvlnHuZOYlzvAdcJOKPhy5T1adHCi4MMz7IY5KvjnDjfMYxV65X7YXYbflHjUNPDBXhxxCpv9Ib\/h7jg3axpnJ7+KnvBeJPa57ct271jtH5fb5csVb8gd1pSbKvKXfHD8vwp2d\/u2+DEp\/yig+vz89Tqd5nD8JIfammlvLVeT6ua79xXeehDr\/BSshQlWd3P+xL\/UwU3Gp2rGVlZ\/v3\/\/BdtpEnINBQAA"}
11-05 01:54:48.786  2401  3009 D FaceQualityForLivenessFlowState: [YTLog]-[ONLINE]-1730789688786-enterFirst
11-05 01:54:48.787  2401  2980 D d       : 2024-11-05 01:54:48.786 | F6BAD425-7CB2-4DD9-B482-C69E2B84CD87 | YT_TAG: FaceQualityForLivenessFlowState, Msg: [YTLog]-[ONLINE]-1730789688786-enterFirst
11-05 01:54:48.787  2401  3009 D FaceDetectHelper: [YTLog]-[ONLINE]-1730789688787-{"TraceType":"FaceQuality","TraceData":{"quality_type":"eye_close","quality_score":"0.012545542,0.015035047","quality_thr":0.2199999988079071}}
11-05 01:54:48.787  2401  2980 D d       : 2024-11-05 01:54:48.787 | F6BAD425-7CB2-4DD9-B482-C69E2B84CD87 | YT_TAG: FaceDetectHelper, Msg: [YTLog]-[ONLINE]-1730789688787-{"TraceType":"FaceQuality","TraceData":{"quality_type":"eye_close","quality_score":"0.012545542,0.015035047","quality_thr":0.2199999988079071}}
11-05 01:54:48.787  2401  3009 E YouTuSdkHelper: timeout_begin: {ui_action=timeout_count_begin, countdown_time=30000, time_out_state_stats=ActionLivenessState}
11-05 01:54:48.787  2401  3009 E HuiYanSdkImp: time:30000 type: 1
11-05 01:54:48.787  2401  3009 D ActionLivenessState: [YTLog]-[ONLINE]-1730789688787-enterFirst
11-05 01:54:48.789  2401  3009 D ActionLivenessState: [YTLog]-[ONLINE]-1730789688789-action check rounds: 0start check pose: 1
11-05 01:54:48.792  2401  2980 D d       : 2024-11-05 01:54:48.792 | F6BAD425-7CB2-4DD9-B482-C69E2B84CD87 | timeout_begin: {ui_action=timeout_count_begin, countdown_time=30000, time_out_state_stats=ActionLivenessState}
11-05 01:54:48.792  2401  2980 D d       : 2024-11-05 01:54:48.792 | F6BAD425-7CB2-4DD9-B482-C69E2B84CD87 | time:30000 type: 1
11-05 01:54:48.792  2401  2980 D d       : 2024-11-05 01:54:48.792 | F6BAD425-7CB2-4DD9-B482-C69E2B84CD87 | YT_TAG: ActionLivenessState, Msg: [YTLog]-[ONLINE]-1730789688787-enterFirst
11-05 01:54:48.792  2401  2980 D d       : 2024-11-05 01:54:48.792 | F6BAD425-7CB2-4DD9-B482-C69E2B84CD87 | YT_TAG: ActionLivenessState, Msg: [YTLog]-[ONLINE]-1730789688789-action check rounds: 0start check pose: 1
11-05 01:54:48.808  2401  2972 D skia    : onFlyCompress
11-05 01:54:48.816  2401  3009 D FaceTrackerState: [YTLog]-[ONLINE]-1730789688816-{"TraceType":"FaceTracker","TraceData":"H4sIAAAAAAAAAN1Uy2obQRD8lz1PxPRjXvqDfIMxQrHXiUCxzWoJGON\/d9XMSpBDyCG3CK1KPd1d\/Zx9nx7ndX5YDwt+pv2dxCB4vMSQLN6H6fJjPq\/zcrisx3We9jFMT8eH+QLT9+lpOf6cvz5O+xKmdcEx\/8PixpWCqAUDmVcB2evL6XmlL49VNYh7UGlBcgLWIDXjPAaNpaM02EWDPuM\/9E6dBEsKfQ1mAvRgyFnJWdvAXDeZ\/jlYbJ3HLHVuccgZ8TP8MviLDrkinyyIBTvobnKxzV46GmJrLoiLfDP5aQefpp1Pa+x+Q\/ab\/mqvhtxFOzIOa9GSey+0wQ\/5WmTNiKE8h6+n4UdkDkTEMRv1GnuW6vD3wScN+s7nwSN7JUDYWQMiVipA2iYg8un2wIKcC\/Xex6fou7EHyKXL4LACP\/ha7zns6uC1ivOUBhYZ+itez692V7+NR1CzYgeI7I+wD7AVgV3mOo16RJE\/eiLogRvmiZ47uLk\/3F3lDnMG0HkdM+hy425L53bUzv1x5uLwE8jMDztnmJ1xvpytS6\/ZOANyM89tX7a5YrV\/nS6nb2fckLvGMuIfn7+o\/6cHF3b7tn8p+zdvtPr4\/P08H5Zp\/0V2eEk081ZLzFUKtmDTvkKbdxkOMQpuPV40GNWmfIMy7nDX+qfWWFos8nH\/8QkPnk\/RDgUAAA=="}
11-05 01:54:48.816  2401  2980 D d       : 2024-11-05 01:54:48.816 | F6BAD425-7CB2-4DD9-B482-C69E2B84CD87 | YT_TAG: FaceTrackerState, Msg: [YTLog]-[ONLINE]-1730789688816-{"TraceType":"FaceTracker","TraceData":"H4sIAAAAAAAAAN1Uy2obQRD8lz1PxPRjXvqDfIMxQrHXiUCxzWoJGON\/d9XMSpBDyCG3CK1KPd1d\/Zx9nx7ndX5YDwt+pv2dxCB4vMSQLN6H6fJjPq\/zcrisx3We9jFMT8eH+QLT9+lpOf6cvz5O+xKmdcEx\/8PixpWCqAUDmVcB2evL6XmlL49VNYh7UGlBcgLWIDXjPAaNpaM02EWDPuM\/9E6dBEsKfQ1mAvRgyFnJWdvAXDeZ\/jlYbJ3HLHVuccgZ8TP8MviLDrkinyyIBTvobnKxzV46GmJrLoiLfDP5aQefpp1Pa+x+Q\/ab\/mqvhtxFOzIOa9GSey+0wQ\/5WmTNiKE8h6+n4UdkDkTEMRv1GnuW6vD3wScN+s7nwSN7JUDYWQMiVipA2iYg8un2wIKcC\/Xex6fou7EHyKXL4LACP\/ha7zns6uC1ivOUBhYZ+itez692V7+NR1CzYgeI7I+wD7AVgV3mOo16RJE\/eiLogRvmiZ47uLk\/3F3lDnMG0HkdM+hy425L53bUzv1x5uLwE8jMDztnmJ1xvpytS6\/ZOANyM89tX7a5YrV\/nS6nb2fckLvGMuIfn7+o\/6cHF3b7tn8p+zdvtPr4\/P08H5Zp\/0V2eEk081ZLzFUKtmDTvkKbdxkOMQpuPV40GNWmfIMy7nDX+qfWWFos8nH\/8QkPnk\/RDgUAAA=="}
11-05 01:54:48.817  2401  3009 D FaceDetectHelper: [YTLog]-[ONLINE]-1730789688816-{"TraceType":"FaceQuality","TraceData":{"quality_type":"eye_close","quality_score":"0.008180721,0.002786635","quality_thr":0.2199999988079071}}
11-05 01:54:48.817  2401  2980 D d       : 2024-11-05 01:54:48.817 | F6BAD425-7CB2-4DD9-B482-C69E2B84CD87 | YT_TAG: FaceDetectHelper, Msg: [YTLog]-[ONLINE]-1730789688816-{"TraceType":"FaceQuality","TraceData":{"quality_type":"eye_close","quality_score":"0.008180721,0.002786635","quality_thr":0.2199999988079071}}
11-05 01:54:48.939  2401  3009 D FaceTrackerState: [YTLog]-[ONLINE]-1730789688939-{"TraceType":"FaceTracker","TraceData":"H4sIAAAAAAAAAO1TW24bMQy8y36rhihSlOgb5AxBYLjJpjXgJsF6UaAIcvcOxd0A+e5vDa\/H1JDDh7jv09O8zo\/racHPdLynnAiPtJwq54c03X7O13VeTrf1vM7TMafp+fw43+D6Pj0v51\/z3dN07GlaFxz7f3h8arVERRI3FzSIvb1eXlaP9eNSSiKpqZAlUgXCvbdhF4SWgloMfhl+Cs46\/Ak2Ja4FfE\/MsD0Fana9YhuqBXaPr8FDhxl5MnQqbIW+Il45UePADl6Rz1rwXk91HjqVwh82I7f7M7k\/9DMPLOZ68O2uT2FX5z1ewr9Ckw3\/aaDnKQXYNHr3mAw+6+iZi59rYpGIc0SN7LPrmAXz6Jd9ZnWLl9AjzIOHXk2SfVYEjPyCHKV2IHppzsf82IDNr82iZlxfEZz7jEoLOzv2qLNb3EHf+uo9enZsFPyO+\/nut8dtOuS1GA9kwj1hRt4vYTcYPVLBzLETxCWJ74ugfu5jfwS1EjRFoUHgm9cDe9yF+ApiXujba4Gu4B58f0RozFKwb+z1mefCWcOM1eeuo2cuFL1b3fbB4l6VsNq\/L7fL9+s81h578\/8Zj9mX77\/JbBaGfX75cZ1Py3T8RodsrJnxUrJKxSu5kW8g9dDU\/NOz4e0k2ck\/IPMByzA+pLWyWOOPh4+\/GQ553BAFAAA="}
11-05 01:54:48.939  2401  2980 D d       : 2024-11-05 01:54:48.939 | F6BAD425-7CB2-4DD9-B482-C69E2B84CD87 | YT_TAG: FaceTrackerState, Msg: [YTLog]-[ONLINE]-1730789688939-{"TraceType":"FaceTracker","TraceData":"H4sIAAAAAAAAAO1TW24bMQy8y36rhihSlOgb5AxBYLjJpjXgJsF6UaAIcvcOxd0A+e5vDa\/H1JDDh7jv09O8zo\/racHPdLynnAiPtJwq54c03X7O13VeTrf1vM7TMafp+fw43+D6Pj0v51\/z3dN07GlaFxz7f3h8arVERRI3FzSIvb1eXlaP9eNSSiKpqZAlUgXCvbdhF4SWgloMfhl+Cs46\/Ak2Ja4FfE\/MsD0Fana9YhuqBXaPr8FDhxl5MnQqbIW+Il45UePADl6Rz1rwXk91HjqVwh82I7f7M7k\/9DMPLOZ68O2uT2FX5z1ewr9Ckw3\/aaDnKQXYNHr3mAw+6+iZi59rYpGIc0SN7LPrmAXz6Jd9ZnWLl9AjzIOHXk2SfVYEjPyCHKV2IHppzsf82IDNr82iZlxfEZz7jEoLOzv2qLNb3EHf+uo9enZsFPyO+\/nut8dtOuS1GA9kwj1hRt4vYTcYPVLBzLETxCWJ74ugfu5jfwS1EjRFoUHgm9cDe9yF+ApiXujba4Gu4B58f0RozFKwb+z1mefCWcOM1eeuo2cuFL1b3fbB4l6VsNq\/L7fL9+s81h578\/8Zj9mX77\/JbBaGfX75cZ1Py3T8RodsrJnxUrJKxSu5kW8g9dDU\/NOz4e0k2ck\/IPMByzA+pLWyWOOPh4+\/GQ553BAFAAA="}
11-05 01:54:49.009  2401  3009 D FaceTrackerState: [YTLog]-[ONLINE]-1730789689009-{"TraceType":"FaceTracker","TraceData":"H4sIAAAAAAAAANWTS24bMQyG7zJr1RBF6uUb9AxFELjJpA2QJoE9KFAEuXs\/SuOim27aVQeWOeRP\/XzO23K\/buvddnvmbzl+khiEYzWGrPEmLJev69O2nm8v22lbl2MMy8Ppbr3g+rY8nE\/f1o\/3y7GHZTtj9nc8fnGVICkHhcyak72+PD5vfleShZRSEMshSQ9SCrIFaRV7DClOKR2\/qOCVd3ATdAmakakFVZcWlJydL7WO1JDKLhuHNDSix4Q\/8SI8Gf9CfE4qOUglDjlIK1PvdeKeT97xbNM\/w5fq8FOBr5BH1CFTl8GTmvPr1HMFt3lPwDK5KHcEXHkvXgOy1tGL1IlBvhrryGPEIo5aGf5DkseQxFG1Ua9S1+Du8Nrkkw7uOvGN+r2n5r2Ax2TmZt67mrHDc\/WnXvUaqFkrfobde5DK1MlNax+91B7nDNrkHTo9GxJf9R5c5dV+9bve23nE507PfXVUbOyimu8k93wuafKIUgc23x9T\/Av1+XyYn\/nsqc0q\/QCz5jMB93y77zYckvCnBkXuPTX2T31G7Jx6f32uzFItjRX22bl0jrkvss9dWe3vj5fHz0\/rWHuv48+n97+B\/sdDOb\/\/\/uX6bqPRp+cvT+vteTl+kEOUrqmXUmMXLb1c0VfQcqgt8vAptdj47nfsB1g8mMbxVMnsZLX3m\/efE+drDAsFAAA="}
11-05 01:54:49.009  2401  2980 D d       : 2024-11-05 01:54:49.009 | F6BAD425-7CB2-4DD9-B482-C69E2B84CD87 | YT_TAG: FaceTrackerState, Msg: [YTLog]-[ONLINE]-1730789689009-{"TraceType":"FaceTracker","TraceData":"H4sIAAAAAAAAANWTS24bMQyG7zJr1RBF6uUb9AxFELjJpA2QJoE9KFAEuXs\/SuOim27aVQeWOeRP\/XzO23K\/buvddnvmbzl+khiEYzWGrPEmLJev69O2nm8v22lbl2MMy8Ppbr3g+rY8nE\/f1o\/3y7GHZTtj9nc8fnGVICkHhcyak72+PD5vfleShZRSEMshSQ9SCrIFaRV7DClOKR2\/qOCVd3ATdAmakakFVZcWlJydL7WO1JDKLhuHNDSix4Q\/8SI8Gf9CfE4qOUglDjlIK1PvdeKeT97xbNM\/w5fq8FOBr5BH1CFTl8GTmvPr1HMFt3lPwDK5KHcEXHkvXgOy1tGL1IlBvhrryGPEIo5aGf5DkseQxFG1Ua9S1+Du8Nrkkw7uOvGN+r2n5r2Ax2TmZt67mrHDc\/WnXvUaqFkrfobde5DK1MlNax+91B7nDNrkHTo9GxJf9R5c5dV+9bve23nE507PfXVUbOyimu8k93wuafKIUgc23x9T\/Av1+XyYn\/nsqc0q\/QCz5jMB93y77zYckvCnBkXuPTX2T31G7Jx6f32uzFItjRX22bl0jrkvss9dWe3vj5fHz0\/rWHuv48+n97+B\/sdDOb\/\/\/uX6bqPRp+cvT+vteTl+kEOUrqmXUmMXLb1c0VfQcqgt8vAptdj47nfsB1g8mMbxVMnsZLX3m\/efE+drDAsFAAA="}
