11-05 01:54:54.322  2401  3009 D FaceDetectHelper: [YTLog]-[ONLINE]-1730789694322-{"TraceType":"FaceQuality","TraceData":{"quality_type":"mouth_open","quality_score":"0.6366848","quality_thr":0.25}}
11-05 01:54:54.322  2401  2980 D d       : 2024-11-05 01:54:54.322 | F6BAD425-7CB2-4DD9-B482-C69E2B84CD87 | YT_TAG: FaceDetectHelper, Msg: [YTLog]-[ONLINE]-1730789694322-{"TraceType":"FaceQuality","TraceData":{"quality_type":"mouth_open","quality_score":"0.6366848","quality_thr":0.25}}
11-05 01:54:54.365  2401  3009 D FaceTrackerState: [YTLog]-[ONLINE]-1730789694365-{"TraceType":"FaceTracker","TraceData":"H4sIAAAAAAAAAM1UW2obQRC8y35PTL\/mpRvkDMYYxV4nAsUx0hIIxndP1cwS8uGQfEZo1Ntd3T3VD+3r8rhu68N2f8HPcrhVSYoTVVJ2uUvL9ct63tbL\/XU7butykLQ8HR\/WK1xfl6fL8ev68XE5qOS0bBcA1ODzK1tOGpa8tJQtkO7l2+l5Y7RaT+YlaRZIT1oVUpN2G7opjgd0+Cn8KuwKPApkTp7hj2d32EOSK+Nbsr7LKlO2nMx2XCv8K3TkzYiryFtwT+3ID7+G6ludem8TH7pMvPTdH\/mMuRV5wad5cslDWo9hH8+VfCh3nFKZD89sC3hY6NRZB7mbTV+lL2oX3IH6TBtq7sPfM\/KWmHqDfzAn7Ib4AingxP702c8gR4kUrqMXET7yBOMK8IhRc7DviInBEfex97jLG+5DjA9+1IELcdgFceBmliEnvyAPxA1ZY9qHtGmXPuof0sqU3DrOV+qoX4WzxV7wHtSk7Ad4KPlzH7A\/gRwK7lEq5oJ7iaPvWcivYuW4AxmSs4OdfFoH3tFb5Ok65shtd\/LhPmEvyJu9dczSC3YN+bnC7rAVxvrcB5w5147V\/n66nj6d8R+5RdtU5N0DCE17x2ECfwr7zetvLv\/LYZmj0vn9p5DZnJp6ST3v3x1Eg4\/Pn8\/r\/WU5fNCbjNeJlYa3h1vHqHbwhaDc9CL8eMPbouNPt6M\/8G666X1g0jPGGm5vd28\/AdM4TCoFBQAA"}
11-05 01:54:54.365  2401  2980 D d       : 2024-11-05 01:54:54.365 | F6BAD425-7CB2-4DD9-B482-C69E2B84CD87 | YT_TAG: FaceTrackerState, Msg: [YTLog]-[ONLINE]-1730789694365-{"TraceType":"FaceTracker","TraceData":"H4sIAAAAAAAAAM1UW2obQRC8y35PTL\/mpRvkDMYYxV4nAsUx0hIIxndP1cwS8uGQfEZo1Ntd3T3VD+3r8rhu68N2f8HPcrhVSYoTVVJ2uUvL9ct63tbL\/XU7butykLQ8HR\/WK1xfl6fL8ev68XE5qOS0bBcA1ODzK1tOGpa8tJQtkO7l2+l5Y7RaT+YlaRZIT1oVUpN2G7opjgd0+Cn8KuwKPApkTp7hj2d32EOSK+Nbsr7LKlO2nMx2XCv8K3TkzYiryFtwT+3ID7+G6ludem8TH7pMvPTdH\/mMuRV5wad5cslDWo9hH8+VfCh3nFKZD89sC3hY6NRZB7mbTV+lL2oX3IH6TBtq7sPfM\/KWmHqDfzAn7Ib4AingxP702c8gR4kUrqMXET7yBOMK8IhRc7DviInBEfex97jLG+5DjA9+1IELcdgFceBmliEnvyAPxA1ZY9qHtGmXPuof0sqU3DrOV+qoX4WzxV7wHtSk7Ad4KPlzH7A\/gRwK7lEq5oJ7iaPvWcivYuW4AxmSs4OdfFoH3tFb5Ok65shtd\/LhPmEvyJu9dczSC3YN+bnC7rAVxvrcB5w5147V\/n66nj6d8R+5RdtU5N0DCE17x2ECfwr7zetvLv\/LYZmj0vn9p5DZnJp6ST3v3x1Eg4\/Pn8\/r\/WU5fNCbjNeJlYa3h1vHqHbwhaDc9CL8eMPbouNPt6M\/8G666X1g0jPGGm5vd28\/AdM4TCoFBQAA"}
11-05 01:54:54.365  2401  3009 D FaceDetectHelper: [YTLog]-[ONLINE]-1730789694365-{"TraceType":"FaceQuality","TraceData":{"quality_type":"mouth_open","quality_score":"0.34059453","quality_thr":0.25}}
11-05 01:54:54.366  2401  2980 D d       : 2024-11-05 01:54:54.366 | F6BAD425-7CB2-4DD9-B482-C69E2B84CD87 | YT_TAG: FaceDetectHelper, Msg: [YTLog]-[ONLINE]-1730789694365-{"TraceType":"FaceQuality","TraceData":{"quality_type":"mouth_open","quality_score":"0.34059453","quality_thr":0.25}}
11-05 01:54:54.430  2401  3009 D FaceTrackerState: [YTLog]-[ONLINE]-1730789694430-{"TraceType":"FaceTracker","TraceData":"H4sIAAAAAAAAAM1U224TQQz9l302ka9zyR\/wDVVVhXYLlUqpkhUSqvrvHM+sCkIgeGSViTP28fE1+7Lcrdt6u92c8bUcr4RJcLwyhfE1LZdP6+O2nm8u22lblyPTcn+6XS+Aviz359Pn9f3dchQutGxnGPIGzBtbkFgnq0IhAbrnLw9PW3qLdlIrJMGQSgKIGqJ3HXcVgzTcgRPQ1NTB7gXSyQJ4DzJLyWSS\/pW085R1ly2A79MuFXjoFLzpX52kIE5t4AeudpJW5r03SMRtwBfogdUCfdFxN03ujAt8UzL2IbXb0I\/ftc57TXtMmfjkcgGHDjnuWUdDrQo9wwf5GvLNPMz6zD3arDUl8rboM7bPeg11auGZS9aHXkhr5OibQufKg9+1DB7XiXdto3bPfDpwMnO37EEUsswr883ZoG4Dp2Lk1sHD4OfsKfy4DNy4x65HD537DxkVsu24vvvVnQf9xW\/LOXOMWQl0VjAH5JTxRbIezAN5uGN+buQFuAI+zE6aUWT\/wB1jhwpkztBzBUdPInMHn3fUhF3zOnvokb2FVMTO\/mbvwZ3rOw7iDSlt7gPOnGvFan99uDx8eMR\/5AorK8y\/PTD1SuD9BZP69kevn1B\/g\/wvZ5b49vknl9ED7FQPwhbOz25Ef09PHx\/Xm\/NyfCeHqOwlGhteB1bwd96tz2nlQ3TGI4ElrNjd3fgNr6aDlz6e1rh2rvJ6\/fodi4i6hwQFAAA="}
11-05 01:54:54.431  2401  3009 D FaceDetectHelper: [YTLog]-[ONLINE]-1730789694431-{"TraceType":"FaceQuality","TraceData":{"quality_type":"SHELTER_RIGHTFACE","quality_score":"[81-0.9906769,82-0.9807976,83-0.96461344,84-0.95218873,85-0.9395151,86-0.9350657,87-0.9380362,]","quality_thr":0.949999988079071}}
11-05 01:54:54.431  2401  2980 D d       : 2024-11-05 01:54:54.430 | F6BAD425-7CB2-4DD9-B482-C69E2B84CD87 | YT_TAG: FaceTrackerState, Msg: [YTLog]-[ONLINE]-1730789694430-{"TraceType":"FaceTracker","TraceData":"H4sIAAAAAAAAAM1U224TQQz9l302ka9zyR\/wDVVVhXYLlUqpkhUSqvrvHM+sCkIgeGSViTP28fE1+7Lcrdt6u92c8bUcr4RJcLwyhfE1LZdP6+O2nm8u22lblyPTcn+6XS+Aviz359Pn9f3dchQutGxnGPIGzBtbkFgnq0IhAbrnLw9PW3qLdlIrJMGQSgKIGqJ3HXcVgzTcgRPQ1NTB7gXSyQJ4DzJLyWSS\/pW085R1ly2A79MuFXjoFLzpX52kIE5t4AeudpJW5r03SMRtwBfogdUCfdFxN03ujAt8UzL2IbXb0I\/ftc57TXtMmfjkcgGHDjnuWUdDrQo9wwf5GvLNPMz6zD3arDUl8rboM7bPeg11auGZS9aHXkhr5OibQufKg9+1DB7XiXdto3bPfDpwMnO37EEUsswr883ZoG4Dp2Lk1sHD4OfsKfy4DNy4x65HD537DxkVsu24vvvVnQf9xW\/LOXOMWQl0VjAH5JTxRbIezAN5uGN+buQFuAI+zE6aUWT\/wB1jhwpkztBzBUdPInMHn3fUhF3zOnvokb2FVMTO\/mbvwZ3rOw7iDSlt7gPOnGvFan99uDx8eMR\/5AorK8y\/PTD1SuD9BZP69kevn1B\/g\/wvZ5b49vknl9ED7FQPwhbOz25Ef09PHx\/Xm\/NyfCeHqOwlGhteB1bwd96tz2nlQ3TGI4ElrNjd3fgNr6aDlz6e1rh2rvJ6\/fodi4i6hwQFAAA="}
11-05 01:54:54.431  2401  2980 D d       : 2024-11-05 01:54:54.431 | F6BAD425-7CB2-4DD9-B482-C69E2B84CD87 | YT_TAG: FaceDetectHelper, Msg: [YTLog]-[ONLINE]-1730789694431-{"TraceType":"FaceQuality","TraceData":{"quality_type":"SHELTER_RIGHTFACE","quality_score":"[81-0.9906769,82-0.9807976,83-0.96461344,84-0.95218873,85-0.9395151,86-0.9350657,87-0.9380362,]","quality_thr":0.949999988079071}}
11-05 01:54:54.486  2401  3009 D FaceTrackerState: [YTLog]-[ONLINE]-1730789694486-{"TraceType":"FaceTracker","TraceData":"H4sIAAAAAAAAAMVUW24bMQy8y36rBilSouQb9AxBYLjJJjXgpsF6UaAIcvcOqc3jIy3yVwMyl+RoNKS4+zTdzut8sx4W\/E37K6bEWGqUitB1mi7f5\/M6L4fLelznaU9pujvezBdAn6a75fhj\/no77ZksTeuChHvAvLKVxJqTOB0r6B5\/nh5W3825pSwV6Q4riQHJwok7h595WO7AMWgMvqtTDV8KfIUVt5Qk8MB257GUbbOtAN9Hng34mnLWxAVnGGwFnzXwI249cbPh+7mIcYOtfeRrG3j44vqbn4t4Q4ko1W3uEvF4Nhu+eb4Oy84PrDI4ctjwhYb2jDhp1C88dIj0ob20Uatb6JCCeJMk6pzOh\/2VhxbvD3rp9SgBT5IUfM6vuQSPeg3VrUXt6vt7AY5Cu3TnqUlaHXobzsubjzOkQyc5\/+ipum7ndb94vERtSvZmy4Z\/wWUZuI3HR0mwfHREcD\/QLqiJOcf5jBoUPWfoUIwWQ5dWzIfX0YBHPwqhduwrMRMVtkS\/Ckv0pECn4FnBJ5gxn3bvoar3GNbvoOaoT6qNFRgalnWbFx29tobR\/nW6nL6d8Y5cdcgk+nAhhaZ2i4f+Gmoe+tue93s\/Zv7Hgf9jeTltk\/sJaRvQojOScEF4D3x0I4fOHh\/uz\/NhmfZfeFdVK+MCqjXuGRexZR+R7btG\/uNOJtqqvCR\/46O0y+X5+vkP8vTGhfAEAAA="}
11-05 01:54:54.486  2401  2980 D d       : 2024-11-05 01:54:54.486 | F6BAD425-7CB2-4DD9-B482-C69E2B84CD87 | YT_TAG: FaceTrackerState, Msg: [YTLog]-[ONLINE]-1730789694486-{"TraceType":"FaceTracker","TraceData":"H4sIAAAAAAAAAMVUW24bMQy8y36rBilSouQb9AxBYLjJJjXgpsF6UaAIcvcOqc3jIy3yVwMyl+RoNKS4+zTdzut8sx4W\/E37K6bEWGqUitB1mi7f5\/M6L4fLelznaU9pujvezBdAn6a75fhj\/no77ZksTeuChHvAvLKVxJqTOB0r6B5\/nh5W3825pSwV6Q4riQHJwok7h595WO7AMWgMvqtTDV8KfIUVt5Qk8MB257GUbbOtAN9Hng34mnLWxAVnGGwFnzXwI249cbPh+7mIcYOtfeRrG3j44vqbn4t4Q4ko1W3uEvF4Nhu+eb4Oy84PrDI4ctjwhYb2jDhp1C88dIj0ob20Uatb6JCCeJMk6pzOh\/2VhxbvD3rp9SgBT5IUfM6vuQSPeg3VrUXt6vt7AY5Cu3TnqUlaHXobzsubjzOkQyc5\/+ipum7ndb94vERtSvZmy4Z\/wWUZuI3HR0mwfHREcD\/QLqiJOcf5jBoUPWfoUIwWQ5dWzIfX0YBHPwqhduwrMRMVtkS\/Ckv0pECn4FnBJ5gxn3bvoar3GNbvoOaoT6qNFRgalnWbFx29tobR\/nW6nL6d8Y5cdcgk+nAhhaZ2i4f+Gmoe+tue93s\/Zv7Hgf9jeTltk\/sJaRvQojOScEF4D3x0I4fOHh\/uz\/NhmfZfeFdVK+MCqjXuGRexZR+R7btG\/uNOJtqqvCR\/46O0y+X5+vkP8vTGhfAEAAA="}
11-05 01:54:54.486  2401  3009 D FaceDetectHelper: [YTLog]-[ONLINE]-1730789694486-{"TraceType":"FaceQuality","TraceData":{"quality_type":"SHELTER_RIGHTFACE","quality_score":"[81-0.98562163,82-0.97005403,83-0.94546825,84-0.92828965,85-0.91014147,86-0.9029664,87-0.90601504,]","quality_thr":0.949999988079071}}
11-05 01:54:54.486  2401  2980 D d       : 2024-11-05 01:54:54.486 | F6BAD425-7CB2-4DD9-B482-C69E2B84CD87 | YT_TAG: FaceDetectHelper, Msg: [YTLog]-[ONLINE]-1730789694486-{"TraceType":"FaceQuality","TraceData":{"quality_type":"SHELTER_RIGHTFACE","quality_score":"[81-0.98562163,82-0.97005403,83-0.94546825,84-0.92828965,85-0.91014147,86-0.9029664,87-0.90601504,]","quality_thr":0.949999988079071}}
11-05 01:54:54.487  2401  3009 D FaceDetectHelper: [YTLog]-[ONLINE]-1730789694487-{"TraceType":"FaceQuality","TraceData":{"quality_type":"eye_close","quality_score":"0.24244162,0.2183983","quality_thr":0.2199999988079071}}
11-05 01:54:54.487  2401  2980 D d       : 2024-11-05 01:54:54.487 | F6BAD425-7CB2-4DD9-B482-C69E2B84CD87 | YT_TAG: FaceDetectHelper, Msg: [YTLog]-[ONLINE]-1730789694487-{"TraceType":"FaceQuality","TraceData":{"quality_type":"eye_close","quality_score":"0.24244162,0.2183983","quality_thr":0.2199999988079071}}
11-05 01:54:54.494  2401  2401 D TimeOutHelper: on tick: 26998
11-05 01:54:54.496  2401  2980 D d       : 2024-11-05 01:54:54.496 | F6BAD425-7CB2-4DD9-B482-C69E2B84CD87 | on tick: 26998
11-05 01:54:54.534  2401  3009 D FaceTrackerState: [YTLog]-[ONLINE]-1730789694534-{"TraceType":"FaceTracker","TraceData":"H4sIAAAAAAAAAMVUW24bMQy8y36rhvgQRfkGPUMQGG6yaQ24SbBeFAiC3D1DaZP0Iy36V8MyV+Rw+Fw\/T7fzOt+shwU\/0\/6KciIcrTkVyddpuvyYz+u8HC7rcZ2nfU7T3fFmvgD6PN0tx5\/z19tpT9nTtC4wxA2Yd7aSSFqSoCMG3ePD6X4Nb+KaWCyROiQnsgaJ6C1DUmKioW\/AkSYCBecGvPa7FNi1JAlshOh4YLu\/JQ68lMSOQz7sZMDDxpKoMDCQJpAV\/MBVT+R13Bvygo4c0nzYrQ487sJhj7jgc0qSS5fcpOvZg9+2e9htSKo9LmsGB3fJVXvt7PBj6DPsmEJgo34RH7kXH34hkYeUiAOpo14h3C38wVcGX9SjGA9nToo+BL9y6TwaM7CQ1nNW2LgV4FvvgeCZC3rsNuL2\/JBH9BT1StSWg7\/0nmrEDd64l01fg69+yDd9x9mHH55DT8BIzDn4Yz+Qu6BWIka82E5HHegL8lDFfuCowc8oqWNP0I+Sx64UGrtQKGamsYJ9Pwr6K9Ap6hGRvu2iyAu7KJEfchKLeKgVMxcbKyyI1SVmMfZFxtxrxWr\/Ol1O3854R65apJ8\/PTCBFLsVD+1dhW\/9o8\/vvp8z\/yXg\/zhR3luF\/5DaBvTeGU1Yqsbxu9nR2uP99\/N8WKb9F9oVk8rY3KZZzDH5zfoIa9s5NXysqQOD12EzPsGYd7m2\/nH8ubhls5frl1fx9\/c6AQUAAA=="}
11-05 01:54:54.534  2401  2980 D d       : 2024-11-05 01:54:54.534 | F6BAD425-7CB2-4DD9-B482-C69E2B84CD87 | YT_TAG: FaceTrackerState, Msg: [YTLog]-[ONLINE]-1730789694534-{"TraceType":"FaceTracker","TraceData":"H4sIAAAAAAAAAMVUW24bMQy8y36rhvgQRfkGPUMQGG6yaQ24SbBeFAiC3D1DaZP0Iy36V8MyV+Rw+Fw\/T7fzOt+shwU\/0\/6KciIcrTkVyddpuvyYz+u8HC7rcZ2nfU7T3fFmvgD6PN0tx5\/z19tpT9nTtC4wxA2Yd7aSSFqSoCMG3ePD6X4Nb+KaWCyROiQnsgaJ6C1DUmKioW\/AkSYCBecGvPa7FNi1JAlshOh4YLu\/JQ68lMSOQz7sZMDDxpKoMDCQJpAV\/MBVT+R13Bvygo4c0nzYrQ487sJhj7jgc0qSS5fcpOvZg9+2e9htSKo9LmsGB3fJVXvt7PBj6DPsmEJgo34RH7kXH34hkYeUiAOpo14h3C38wVcGX9SjGA9nToo+BL9y6TwaM7CQ1nNW2LgV4FvvgeCZC3rsNuL2\/JBH9BT1StSWg7\/0nmrEDd64l01fg69+yDd9x9mHH55DT8BIzDn4Yz+Qu6BWIka82E5HHegL8lDFfuCowc8oqWNP0I+Sx64UGrtQKGamsYJ9Pwr6K9Ap6hGRvu2iyAu7KJEfchKLeKgVMxcbKyyI1SVmMfZFxtxrxWr\/Ol1O3854R65apJ8\/PTCBFLsVD+1dhW\/9o8\/vvp8z\/yXg\/zhR3luF\/5DaBvTeGU1Yqsbxu9nR2uP99\/N8WKb9F9oVk8rY3KZZzDH5zfoIa9s5NXysqQOD12EzPsGYd7m2\/nH8ubhls5frl1fx9\/c6AQUAAA=="}
11-05 01:54:54.534  2401  3009 D FaceDetectHelper: [YTLog]-[ONLINE]-1730789694534-{"TraceType":"FaceQuality","TraceData":{"quality_type":"SHELTER_RIGHTFACE","quality_score":"[81-0.9894141,82-0.97785014,83-0.958871,84-0.94475996,85-0.9301064,86-0.92357624,87-0.92509604,]","quality_thr":0.949999988079071}}
11-05 01:54:54.535  2401  2980 D d       : 2024-11-05 01:54:54.535 | F6BAD425-7CB2-4DD9-B482-C69E2B84CD87 | YT_TAG: FaceDetectHelper, Msg: [YTLog]-[ONLINE]-1730789694534-{"TraceType":"FaceQuality","TraceData":{"quality_type":"SHELTER_RIGHTFACE","quality_score":"[81-0.9894141,82-0.97785014,83-0.958871,84-0.94475996,85-0.9301064,86-0.92357624,87-0.92509604,]","quality_thr":0.949999988079071}}
11-05 01:54:54.556  2401  3009 D FaceTrackerState: [YTLog]-[ONLINE]-1730789694556-{"TraceType":"FaceTracker","TraceData":"H4sIAAAAAAAAAMVTW2pbQQzdy\/1Wzeg1D++gawghuMlNa3DTYF8KJWTvPdI4JR8tlP7UWD5IOnqO\/LI8rNt6v92d8bPsb7gQQ6wVci23tFy+rKdtPd9dtsO2LvtCy+Phfr2A+rI8ng9f148Py57LoGU7wxEaOL+yObEV0jrIWZDu+dvxaYtolkaiFe4OFOIaiOqjAJmEJ\/IAjw3+QYIybJq6OjjmpMHVQcqc+STjgS3QSTqE+\/RzBR8+UWIXcIAV+VojbuC1Ttzb1Af6gY07EL1xQ1xtkw9dJfxRF\/bOpMUTZWjapUf+etXDXydyy7oSaxFJlGY5u3TECexFc35F3zG\/ap+9e59xgehDPeoAbc6rDL1GPPJ5yV3EPFZQEzktaguTyaxvUpNv4tmzRfxw8HvuQEfkwY5jh4beYxeISR3zasxWIj94YkBNXuroMbFFPr9ivdp91g98i8s82DdQ450jf9wHelHMyiyoF9fZcw5GH2a4G4hVxFXUxS4YYmPeikPiFpzjzQzIuRNHPYXNMI\/i9uLa1VAfoo68eBetUQ+z1prnm2IyEW8x70Xnu7eG0\/5+vBw\/nfAfuRnRfvmtwIUHxW2944RthO1PQe+I\/+D6HxID9rfB\/q61uYJYTiXcIE4P36sT2z08fT6td+dl\/4F3PrD9Pmo18yEy3rzP8I6d9oIPs5mVgWu5On\/AWXZc5odtgFJZXm9ffwJSd\/gpBAUAAA=="}
11-05 01:54:54.557  2401  3009 D FaceDetectHelper: [YTLog]-[ONLINE]-1730789694557-{"TraceType":"FaceQuality","TraceData":{"quality_type":"SHELTER_RIGHTFACE","quality_score":"[81-0.99256766,82-0.9843046,83-0.97014236,84-0.95897627,85-0.94723916,86-0.9411768,87-0.9412441,]","quality_thr":0.949999988079071}}
11-05 01:54:54.557  2401  2980 D d       : 2024-11-05 01:54:54.556 | F6BAD425-7CB2-4DD9-B482-C69E2B84CD87 | YT_TAG: FaceTrackerState, Msg: [YTLog]-[ONLINE]-1730789694556-{"TraceType":"FaceTracker","TraceData":"H4sIAAAAAAAAAMVTW2pbQQzdy\/1Wzeg1D++gawghuMlNa3DTYF8KJWTvPdI4JR8tlP7UWD5IOnqO\/LI8rNt6v92d8bPsb7gQQ6wVci23tFy+rKdtPd9dtsO2LvtCy+Phfr2A+rI8ng9f148Py57LoGU7wxEaOL+yObEV0jrIWZDu+dvxaYtolkaiFe4OFOIaiOqjAJmEJ\/IAjw3+QYIybJq6OjjmpMHVQcqc+STjgS3QSTqE+\/RzBR8+UWIXcIAV+VojbuC1Ttzb1Af6gY07EL1xQ1xtkw9dJfxRF\/bOpMUTZWjapUf+etXDXydyy7oSaxFJlGY5u3TECexFc35F3zG\/ap+9e59xgehDPeoAbc6rDL1GPPJ5yV3EPFZQEzktaguTyaxvUpNv4tmzRfxw8HvuQEfkwY5jh4beYxeISR3zasxWIj94YkBNXuroMbFFPr9ivdp91g98i8s82DdQ450jf9wHelHMyiyoF9fZcw5GH2a4G4hVxFXUxS4YYmPeikPiFpzjzQzIuRNHPYXNMI\/i9uLa1VAfoo68eBetUQ+z1prnm2IyEW8x70Xnu7eG0\/5+vBw\/nfAfuRnRfvmtwIUHxW2944RthO1PQe+I\/+D6HxID9rfB\/q61uYJYTiXcIE4P36sT2z08fT6td+dl\/4F3PrD9Pmo18yEy3rzP8I6d9oIPs5mVgWu5On\/AWXZc5odtgFJZXm9ffwJSd\/gpBAUAAA=="}
11-05 01:54:54.557  2401  2980 D d       : 2024-11-05 01:54:54.557 | F6BAD425-7CB2-4DD9-B482-C69E2B84CD87 | YT_TAG: FaceDetectHelper, Msg: [YTLog]-[ONLINE]-1730789694557-{"TraceType":"FaceQuality","TraceData":{"quality_type":"SHELTER_RIGHTFACE","quality_score":"[81-0.99256766,82-0.9843046,83-0.97014236,84-0.95897627,85-0.94723916,86-0.9411768,87-0.9412441,]","quality_thr":0.949999988079071}}
11-05 01:54:54.594  2401  3009 D FaceTrackerState: [YTLog]-[ONLINE]-1730789694594-{"TraceType":"FaceTracker","TraceData":"H4sIAAAAAAAAAM1UW24bMQy8y36rhviU5Bv0DEFguMmmNZCmgb0oUAS5e4fctdGfPj5rrMyVOBxRQ2rfpsd5mR+Wwxl\/0\/6OaiEMbbWY1PsyXb7Mz8t8PlyW4zJP+1qmp+PDfAH0bXo6H7\/OHx+nfYRMyxmOmOH9xmaFlIr4KEYEutdvp5cloolbYXG4OywX8rDYfVRYKkyrpQEcaSFkxHUALzkXw1ytSGBlFEm8Fx6bDbxY4Y5BHf7gdODhYylkDAx4HXytgR+4Bv7u63wgH6xRx\/7ILf3eVjzmwj3xAk7uOGLVtDwk17kHv2\/z8PtqqeW+HLIwMFpznzh75s4bFwW2Zx6C8zHixHri0yIPsdgHVlueVxjxDgvZ2Sj5qI+ioQ04lVd+jdyxv4Z2wCuPzFkjH+SbeGggI3igWWgY+XbEoW45r+HXrInindlgfeWNOXJMi7Nq7Zu9rl9xvsXZjYeCN+pcLWtFiBWclYixX3Qn4qEFsRdV9A2GOurk4IMW1LHPGMlnGNELhlh2jRZMTayCC2vaQ9uIRx01+EJjSx0EfHF+8Rg9W1iUV4uar\/2iq9atobW\/ny6nT8+4I3cj0q+\/HehoFPUXEF7j6X+M2oB\/g\/wvYz3h7fmnkKsMIZDnY1cn9D2+fH6eD+dp\/4F2amTdeODGOTlfna9wjl3jih8ua+Xe0QKb8we+TDtcs\/yhhfDVMZL3+\/eftVzqLwQFAAA="}
11-05 01:54:54.595  2401  2980 D d       : 2024-11-05 01:54:54.595 | F6BAD425-7CB2-4DD9-B482-C69E2B84CD87 | YT_TAG: FaceTrackerState, Msg: [YTLog]-[ONLINE]-1730789694594-{"TraceType":"FaceTracker","TraceData":"H4sIAAAAAAAAAM1UW24bMQy8y36rhviU5Bv0DEFguMmmNZCmgb0oUAS5e4fctdGfPj5rrMyVOBxRQ2rfpsd5mR+Wwxl\/0\/6OaiEMbbWY1PsyXb7Mz8t8PlyW4zJP+1qmp+PDfAH0bXo6H7\/OHx+nfYRMyxmOmOH9xmaFlIr4KEYEutdvp5cloolbYXG4OywX8rDYfVRYKkyrpQEcaSFkxHUALzkXw1ytSGBlFEm8Fx6bDbxY4Y5BHf7gdODhYylkDAx4HXytgR+4Bv7u63wgH6xRx\/7ILf3eVjzmwj3xAk7uOGLVtDwk17kHv2\/z8PtqqeW+HLIwMFpznzh75s4bFwW2Zx6C8zHixHri0yIPsdgHVlueVxjxDgvZ2Sj5qI+ioQ04lVd+jdyxv4Z2wCuPzFkjH+SbeGggI3igWWgY+XbEoW45r+HXrInindlgfeWNOXJMi7Nq7Zu9rl9xvsXZjYeCN+pcLWtFiBWclYixX3Qn4qEFsRdV9A2GOurk4IMW1LHPGMlnGNELhlh2jRZMTayCC2vaQ9uIRx01+EJjSx0EfHF+8Rg9W1iUV4uar\/2iq9atobW\/ny6nT8+4I3cj0q+\/HehoFPUXEF7j6X+M2oB\/g\/wvYz3h7fmnkKsMIZDnY1cn9D2+fH6eD+dp\/4F2amTdeODGOTlfna9wjl3jih8ua+Xe0QKb8we+TDtcs\/yhhfDVMZL3+\/eftVzqLwQFAAA="}
11-05 01:54:54.647  2401  3009 D FaceTrackerState: [YTLog]-[ONLINE]-1730789694647-{"TraceType":"FaceTracker","TraceData":"H4sIAAAAAAAAANWU72pbMQzF3+V+9ooly\/\/yBnuGUULW3m6BrivJZTBK330\/2XcdYzDYx4W4qqXj4+MjkZflft3Wu+144c9y+CAxCMtqDDnF27BcP6+P23o5XrfTti6HGJaH0916BfqyPFxOX9b398tBRMKyXSj4DswbWw5iElLpIYtA9\/z1\/LT5adESNHm5EiVIaUG1B2l97BUVI9\/BiVEnH6lbGvuUqRsxOa6HNPBg+x5rHPzaDHybdSngqWkKkhUMscBXa5AKtjbuL3Pf0UNOGvrQNuqlTjz7pF73e8E3nhjziNrTyGtz\/rLvvV5mFPgqmtwWBWNx3KP+DteuEayN9yd0u47E+5RzKbeBHxEdKfs9RPfQuTmrJU4tefIJy\/ztcJqijzvNtXO\/uc\/gDd9ds7ke9A48HqTuPHjWiKZE7xF59zR63UZPjP9VM7FMXt+jcUTearH9iiP\/E1f2c\/mNR8gl7zM575VwJvFWEe739+CJ4YWgw9AkLCv0qcCHF4I263NWcuxjFjJntRhxepIjXOSM3iY8MGYrWYHPPc7DhwRfYvYS3D6+Y7kHZfZ8zotNr2tltL+dr+ePj+sYe3T+ZdFSFPb+e\/KPzP++5ovevv94DI\/q\/t0reHx6+vS4Hi\/L4Z3cWClWKv1nVCQyRnv1mWq\/qSXyUW2tSWMG9uJ3fp5uxOL85F6iFcuvt68\/AM3sxMMJBQAA"}
11-05 01:54:54.647  2401  2980 D d       : 2024-11-05 01:54:54.647 | F6BAD425-7CB2-4DD9-B482-C69E2B84CD87 | YT_TAG: FaceTrackerState, Msg: [YTLog]-[ONLINE]-1730789694647-{"TraceType":"FaceTracker","TraceData":"H4sIAAAAAAAAANWU72pbMQzF3+V+9ooly\/\/yBnuGUULW3m6BrivJZTBK330\/2XcdYzDYx4W4qqXj4+MjkZflft3Wu+144c9y+CAxCMtqDDnF27BcP6+P23o5XrfTti6HGJaH0916BfqyPFxOX9b398tBRMKyXSj4DswbWw5iElLpIYtA9\/z1\/LT5adESNHm5EiVIaUG1B2l97BUVI9\/BiVEnH6lbGvuUqRsxOa6HNPBg+x5rHPzaDHybdSngqWkKkhUMscBXa5AKtjbuL3Pf0UNOGvrQNuqlTjz7pF73e8E3nhjziNrTyGtz\/rLvvV5mFPgqmtwWBWNx3KP+DteuEayN9yd0u47E+5RzKbeBHxEdKfs9RPfQuTmrJU4tefIJy\/ztcJqijzvNtXO\/uc\/gDd9ds7ke9A48HqTuPHjWiKZE7xF59zR63UZPjP9VM7FMXt+jcUTearH9iiP\/E1f2c\/mNR8gl7zM575VwJvFWEe739+CJ4YWgw9AkLCv0qcCHF4I263NWcuxjFjJntRhxepIjXOSM3iY8MGYrWYHPPc7DhwRfYvYS3D6+Y7kHZfZ8zotNr2tltL+dr+ePj+sYe3T+ZdFSFPb+e\/KPzP++5ovevv94DI\/q\/t0reHx6+vS4Hi\/L4Z3cWClWKv1nVCQyRnv1mWq\/qSXyUW2tSWMG9uJ3fp5uxOL85F6iFcuvt68\/AM3sxMMJBQAA"}
11-05 01:54:54.680  2401  3009 D FaceTrackerState: [YTLog]-[ONLINE]-1730789694680-{"TraceType":"FaceTracker","TraceData":"H4sIAAAAAAAAANVUW24TQRC8y3431vRjXr4BZ0CRZZINWAohsldIKMrdqZpZ4AsJ8Ye14\/Z091RX99T6dXlYt\/V+O13xtRw\/aBLFipoke7qT5fZ5fdrW6+m2nbd1OSZZHs\/36w2pr8vj9fxlff+wHFVNlu2KAHfI+YUWopHES5OsCriXr5fnjafVsphnhAusipYqZl20tbG31GFNtCOugAEEfRo29p6TWMA6rHdxpQVG4zmcKbttgfw241qQj7rmojxfUb+gVm2i1WFZP899rzPeJtaIg8PIx97B1RpaU9Y08ZSHte7DP37XOveV8TItuFgFp1BgIBaTh7GPjmVpYimx++DhsXPPfeQPW9B7YR1HnJjEIzedtdhfx1wxj2DvuIpgHCts4gTnXGjT6D3IB3xDdXB3zj6jLmdAvpytwc8ZoYZ39JGaBJYZ8NPMG\/tcp630993+9Nc9r\/4+N3CqKHEV94MZsG+F30uBKtFnhx6U\/WAuhvxAHjQQjBeTwCwU9x29D63kNDWQIU8rTgkOfeRkQw8BrVE\/VLsTB3P0zDnN2XpnbfDgvfHOodVhcUdTLzHvqjZI+9vldvn4tA7Zk\/efF+jh+Tvv\/7xmR\/\/W136w7c\/uxpjPz5+e1tN1Ob7TQ0CpBW9Kd7xBe+QFkX7I3vkpeJ09QbJ78Dv+nQ6lJn60lNY9pfx29\/YDe0pvvAcFAAA="}
11-05 01:54:54.680  2401  2980 D d       : 2024-11-05 01:54:54.680 | F6BAD425-7CB2-4DD9-B482-C69E2B84CD87 | YT_TAG: FaceTrackerState, Msg: [YTLog]-[ONLINE]-1730789694680-{"TraceType":"FaceTracker","TraceData":"H4sIAAAAAAAAANVUW24TQRC8y3431vRjXr4BZ0CRZZINWAohsldIKMrdqZpZ4AsJ8Ye14\/Z091RX99T6dXlYt\/V+O13xtRw\/aBLFipoke7qT5fZ5fdrW6+m2nbd1OSZZHs\/36w2pr8vj9fxlff+wHFVNlu2KAHfI+YUWopHES5OsCriXr5fnjafVsphnhAusipYqZl20tbG31GFNtCOugAEEfRo29p6TWMA6rHdxpQVG4zmcKbttgfw241qQj7rmojxfUb+gVm2i1WFZP899rzPeJtaIg8PIx97B1RpaU9Y08ZSHte7DP37XOveV8TItuFgFp1BgIBaTh7GPjmVpYimx++DhsXPPfeQPW9B7YR1HnJjEIzedtdhfx1wxj2DvuIpgHCts4gTnXGjT6D3IB3xDdXB3zj6jLmdAvpytwc8ZoYZ39JGaBJYZ8NPMG\/tcp630993+9Nc9r\/4+N3CqKHEV94MZsG+F30uBKtFnhx6U\/WAuhvxAHjQQjBeTwCwU9x29D63kNDWQIU8rTgkOfeRkQw8BrVE\/VLsTB3P0zDnN2XpnbfDgvfHOodVhcUdTLzHvqjZI+9vldvn4tA7Zk\/efF+jh+Tvv\/7xmR\/\/W136w7c\/uxpjPz5+e1tN1Ob7TQ0CpBW9Kd7xBe+QFkX7I3vkpeJ09QbJ78Dv+nQ6lJn60lNY9pfx29\/YDe0pvvAcFAAA="}
11-05 01:54:54.719  2401  3009 D FaceTrackerState: [YTLog]-[ONLINE]-1730789694719-{"TraceType":"FaceTracker","TraceData":"H4sIAAAAAAAAANWUQW4bMQxF7zJr1RBFShr5Bj1DERhuMmkNuGlgDwoEQe6eR2narIx2W8MyLZH6\/PzkzOv0sKzL\/Xq48DPtv0gMwrIaQ9Z4F6br9+W8LpfDdT2uy7SPYXo83i9XQl+nx8vxx\/L5YdqLaJjWCw7fEfMHzYJYDFpayCLAPf88Pa1+W1IOSTPugpUgpYaUWpB57vsUGzYFacQJMGXuZ2L4SKc5hmQWVLHagopbMGa\/B2bZ7GzEz8MvhXjwkoKDv5K\/gFfnIFWxnj+PfavDPw+s7odDj2evcE0zpYnnTEFj7jY17ef9f61jX91fhoVLqnCiDk1uY8+TvI7GSnFgiWOTt8HdNu659fhuC7UXz4MW5piO59xk5HJ9Grqih3nttMLczzLnTn5zncEwz03thi7O10Q6d22OQ17XwPm6tolz14gc2uAf52CsRC0WR1zf5zps9fO22d\/ndYurH\/c6Tg1C7Up\/fXS8buFcS2Eq0Q5uIl4PuiTizfsIX\/eXFAwthH5ba31WchwzkLmbimJjn48cvQ\/kZ9Z8fnzalVkydNTsOg1tFRwt8PG+ec+Z1W7p0ZgX2\/o6M9q\/TtfT1\/PSx955317A8r3h+dvl\/2mNQm+X+693P66j8\/Hp23k5XKb9J9llycYEM6gtV+WR3bzPeNuO\/vEpPNIaE\/3anC+8ona1Rf\/wasm11CRvd2\/vUzjBxQwFAAA="}
11-05 01:54:54.719  2401  2980 D d       : 2024-11-05 01:54:54.719 | F6BAD425-7CB2-4DD9-B482-C69E2B84CD87 | YT_TAG: FaceTrackerState, Msg: [YTLog]-[ONLINE]-1730789694719-{"TraceType":"FaceTracker","TraceData":"H4sIAAAAAAAAANWUQW4bMQxF7zJr1RBFShr5Bj1DERhuMmkNuGlgDwoEQe6eR2narIx2W8MyLZH6\/PzkzOv0sKzL\/Xq48DPtv0gMwrIaQ9Z4F6br9+W8LpfDdT2uy7SPYXo83i9XQl+nx8vxx\/L5YdqLaJjWCw7fEfMHzYJYDFpayCLAPf88Pa1+W1IOSTPugpUgpYaUWpB57vsUGzYFacQJMGXuZ2L4SKc5hmQWVLHagopbMGa\/B2bZ7GzEz8MvhXjwkoKDv5K\/gFfnIFWxnj+PfavDPw+s7odDj2evcE0zpYnnTEFj7jY17ef9f61jX91fhoVLqnCiDk1uY8+TvI7GSnFgiWOTt8HdNu659fhuC7UXz4MW5piO59xk5HJ9Grqih3nttMLczzLnTn5zncEwz03thi7O10Q6d22OQ17XwPm6tolz14gc2uAf52CsRC0WR1zf5zps9fO22d\/ndYurH\/c6Tg1C7Up\/fXS8buFcS2Eq0Q5uIl4PuiTizfsIX\/eXFAwthH5ba31WchwzkLmbimJjn48cvQ\/kZ9Z8fnzalVkydNTsOg1tFRwt8PG+ec+Z1W7p0ZgX2\/o6M9q\/TtfT1\/PSx955317A8r3h+dvl\/2mNQm+X+693P66j8\/Hp23k5XKb9J9llycYEM6gtV+WR3bzPeNuO\/vEpPNIaE\/3anC+8ona1Rf\/wasm11CRvd2\/vUzjBxQwFAAA="}
11-05 01:54:54.767  2401  3009 D FaceTrackerState: [YTLog]-[ONLINE]-1730789694767-{"TraceType":"FaceTracker","TraceData":"H4sIAAAAAAAAANWUTW7bQAyF76L11BgOOT\/yDXqGIjDcRGkNuGkgCwWCIHfPxxkh6KqLdlXDMsUh+Ug+cvw6PSzbcr+dVn6m4xeJQXisxpA13oXp9n25bst6um3nbZmOMUyP5\/vlhuvr9LiefyyfH6ajiIVpWzG4hs8HmgWxGLTUkMXhnn9enjaPlpRD0oy5IFMQXJKSvc1dT3FImbEDL6X1M7HUdc0xJMtB1SUpqDopGPMui8cT2wz\/edil4E\/epOCAVwu4ggS3Kr6ePw\/d87rd9eJ28lKDFHBgR1Pr\/iqeQ4PG3GWaHQfMhn9tQydWYxlSPC++9KHJeu1d9z5m4lIcWOI5qGduQY1zqdDovQq901uxoXvu3ovjeY0ycmXpeM6nCe+MwtyeJJgOHFNqA8NUeq3m9VCviddOPucgw1kro16fTapDj26nzkicz4p5Gu8d1\/Vch6zkde5dfpzX3a\/tcWXHgV\/e1ecNB963cObrI0Kf1CZwYsxTEn2ZzxHcwh4V6oYLn5fBmfOXPQ87kL1\/7Nnzt4Yc+2L0oY7DfBUsg0fN2nlwjnXmcZ6d2+JzKEPCYd8H5tZnVRur\/etyu3y9Ln3tmdsfHmD\/wvQ\/PrTz+\/dfwvcziD4\/fbsup3U6fpIDVzOy5hatJl\/b3fiMcT5oi3z4czI2j3u3G1\/4wzpwd7qRu8B6WH27e3sHxwvAPwwFAAA="}
11-05 01:54:54.767  2401  2980 D d       : 2024-11-05 01:54:54.767 | F6BAD425-7CB2-4DD9-B482-C69E2B84CD87 | YT_TAG: FaceTrackerState, Msg: [YTLog]-[ONLINE]-1730789694767-{"TraceType":"FaceTracker","TraceData":"H4sIAAAAAAAAANWUTW7bQAyF76L11BgOOT\/yDXqGIjDcRGkNuGkgCwWCIHfPxxkh6KqLdlXDMsUh+Ug+cvw6PSzbcr+dVn6m4xeJQXisxpA13oXp9n25bst6um3nbZmOMUyP5\/vlhuvr9LiefyyfH6ajiIVpWzG4hs8HmgWxGLTUkMXhnn9enjaPlpRD0oy5IFMQXJKSvc1dT3FImbEDL6X1M7HUdc0xJMtB1SUpqDopGPMui8cT2wz\/edil4E\/epOCAVwu4ggS3Kr6ePw\/d87rd9eJ28lKDFHBgR1Pr\/iqeQ4PG3GWaHQfMhn9tQydWYxlSPC++9KHJeu1d9z5m4lIcWOI5qGduQY1zqdDovQq901uxoXvu3ovjeY0ycmXpeM6nCe+MwtyeJJgOHFNqA8NUeq3m9VCviddOPucgw1kro16fTapDj26nzkicz4p5Gu8d1\/Vch6zkde5dfpzX3a\/tcWXHgV\/e1ecNB963cObrI0Kf1CZwYsxTEn2ZzxHcwh4V6oYLn5fBmfOXPQ87kL1\/7Nnzt4Yc+2L0oY7DfBUsg0fN2nlwjnXmcZ6d2+JzKEPCYd8H5tZnVRur\/etyu3y9Ln3tmdsfHmD\/wvQ\/PrTz+\/dfwvcziD4\/fbsup3U6fpIDVzOy5hatJl\/b3fiMcT5oi3z4czI2j3u3G1\/4wzpwd7qRu8B6WH27e3sHxwvAPwwFAAA="}
11-05 01:54:54.796  2401  3009 D FaceTrackerState: [YTLog]-[ONLINE]-1730789694796-{"TraceType":"FaceTracker","TraceData":"H4sIAAAAAAAAANWUS24bMQyG7zJr1RBF6uUb9AxFYLjJpDWQpoE9KFAEuXs\/Sna666JddWD5H4rkzyfmdXlYt\/V+O5z5W\/afJAbhWI0ha7wLy+Xr+rSt58NlO27rso9heTzerxdMX5fH8\/Hb+vFh2YvksGxnFC5h886Wg1gMWlrI4nQv30\/Pm3tLyiGpqwsoQUoFid4amEKKfaB07MTQt3EnJkPWHEOyHFQdCUHWSeHoV6yOcDfDvk+9FOzhSwoPfLXAy32Ftyq2Hj9PuZepd7m4npzIQXIf3Jr6sFchVtOglOqYuvPIfK\/E6MTHV2OZKB4XW+pQ74HFKXsdHb8UJ5d4DPLpLeioudLGOP0cCz0oM45an9zJc0QfySnL4JPWgwnv0YK5PkkwnTzmfYbL6L\/namnmb8J9JZ73INOzBhr8cKVUpxxdT54RP06iFvO4zutyrhMrcX2WN7zd3+xuflceoU\/q86YHXrfgo+yGCHWSm9ATY55C\/818jvAW9qiQN73weVmfu5Kdnx3IXj\/67PHZrxxl7IO1OuZozFfhMnZCM0hOypy1e2z6zG74CqvVifRw7ANzm3NtrPaP0+X0+Wkda8\/c\/nCg\/QvV\/3go5\/33L76\/3Wn08fnL03o4L\/sPsku91C5dhO+JMP6r8gVl3zFjHral+NflqvrJ52on1v2pRXITS293b78AKYxXEwkFAAA="}
11-05 01:54:54.797  2401  2980 D d       : 2024-11-05 01:54:54.797 | F6BAD425-7CB2-4DD9-B482-C69E2B84CD87 | YT_TAG: FaceTrackerState, Msg: [YTLog]-[ONLINE]-1730789694796-{"TraceType":"FaceTracker","TraceData":"H4sIAAAAAAAAANWUS24bMQyG7zJr1RBF6uUb9AxFYLjJpDWQpoE9KFAEuXs\/Sna666JddWD5H4rkzyfmdXlYt\/V+O5z5W\/afJAbhWI0ha7wLy+Xr+rSt58NlO27rso9heTzerxdMX5fH8\/Hb+vFh2YvksGxnFC5h886Wg1gMWlrI4nQv30\/Pm3tLyiGpqwsoQUoFid4amEKKfaB07MTQt3EnJkPWHEOyHFQdCUHWSeHoV6yOcDfDvk+9FOzhSwoPfLXAy32Ftyq2Hj9PuZepd7m4npzIQXIf3Jr6sFchVtOglOqYuvPIfK\/E6MTHV2OZKB4XW+pQ74HFKXsdHb8UJ5d4DPLpLeioudLGOP0cCz0oM45an9zJc0QfySnL4JPWgwnv0YK5PkkwnTzmfYbL6L\/namnmb8J9JZ73INOzBhr8cKVUpxxdT54RP06iFvO4zutyrhMrcX2WN7zd3+xuflceoU\/q86YHXrfgo+yGCHWSm9ATY55C\/818jvAW9qiQN73weVmfu5Kdnx3IXj\/67PHZrxxl7IO1OuZozFfhMnZCM0hOypy1e2z6zG74CqvVifRw7ANzm3NtrPaP0+X0+Wkda8\/c\/nCg\/QvV\/3go5\/33L76\/3Wn08fnL03o4L\/sPsku91C5dhO+JMP6r8gVl3zFjHral+NflqvrJ52on1v2pRXITS293b78AKYxXEwkFAAA="}
11-05 01:54:54.951  2401  3009 D FaceTrackerState: [YTLog]-[ONLINE]-1730789694951-{"TraceType":"FaceTracker","TraceData":"H4sIAAAAAAAAANWUTW4TQRCF7zLrxurqqv7zDTgDiiyTTMBSCJE9QkJR7s5X3XZYsYEVUcZPNfX\/Xmlel4d1W++3w5mfZf9JYhAeqzFkjXdhuXxdn7b1fLhsx21d9jEsj8f79ULo6\/J4Pn5bPz4se5ESlu2Mwy1i3qvlIBaDlhayeLmX76fnzbMl5ZC04C5gClIqSPfWhp1iBzVIJ04oQ4nk05mAFjTHkMhVxead4ktKTHekVr1iIz8xgnheJZ5+yahDbK3U5X2jblVQ6J+n3cv0u13dz0ylE0\/dSr\/UR7yK99Cg0fOM\/jwtjXep9mlX95eJ4n3LnDlNHDa7p57mrLGOXTXBS29BLc3Zy3VXxwIHZfYZXDCfJnri00iPLKOetB5MnE8Lxt4pSTDn1xyZmX1MfdaGP48cEx27a\/c6oGvCDNqpmdxmvuj+MnQy555cc828rtvkDWRnc+5veHt\/i7vlXesIPCn6DjS3O3tyJ6657wM\/JuiQmNe4D2Ov4vfB3HDhepnPTV52HtA7e9+i2K4ZpxjnvRh7uI6Grup1uAnNOnjS3Mf+6jw7t8V1KBPhcNwDuk1dO6f943Q5fX5ax9n73H9+ev8b1\/\/4sM77\/7\/k\/k6H6OPzl6f1cF72H2SnfDdirlErwmX\/DE3vC96+i6nzV9G4inC8V+dPvlg7Ke7r5DbuJ7e3u7df9s2exw0FAAA="}
11-05 01:54:54.951  2401  2980 D d       : 2024-11-05 01:54:54.951 | F6BAD425-7CB2-4DD9-B482-C69E2B84CD87 | YT_TAG: FaceTrackerState, Msg: [YTLog]-[ONLINE]-1730789694951-{"TraceType":"FaceTracker","TraceData":"H4sIAAAAAAAAANWUTW4TQRCF7zLrxurqqv7zDTgDiiyTTMBSCJE9QkJR7s5X3XZYsYEVUcZPNfX\/Xmlel4d1W++3w5mfZf9JYhAeqzFkjXdhuXxdn7b1fLhsx21d9jEsj8f79ULo6\/J4Pn5bPz4se5ESlu2Mwy1i3qvlIBaDlhayeLmX76fnzbMl5ZC04C5gClIqSPfWhp1iBzVIJ04oQ4nk05mAFjTHkMhVxead4ktKTHekVr1iIz8xgnheJZ5+yahDbK3U5X2jblVQ6J+n3cv0u13dz0ylE0\/dSr\/UR7yK99Cg0fOM\/jwtjXep9mlX95eJ4n3LnDlNHDa7p57mrLGOXTXBS29BLc3Zy3VXxwIHZfYZXDCfJnri00iPLKOetB5MnE8Lxt4pSTDn1xyZmX1MfdaGP48cEx27a\/c6oGvCDNqpmdxmvuj+MnQy555cc828rtvkDWRnc+5veHt\/i7vlXesIPCn6DjS3O3tyJ6657wM\/JuiQmNe4D2Ov4vfB3HDhepnPTV52HtA7e9+i2K4ZpxjnvRh7uI6Grup1uAnNOnjS3Mf+6jw7t8V1KBPhcNwDuk1dO6f943Q5fX5ax9n73H9+ev8b1\/\/4sM77\/7\/k\/k6H6OPzl6f1cF72H2SnfDdirlErwmX\/DE3vC96+i6nzV9G4inC8V+dPvlg7Ke7r5DbuJ7e3u7df9s2exw0FAAA="}
11-05 01:54:54.958  2401  3009 D FaceTrackerState: [YTLog]-[ONLINE]-1730789694958-{"TraceType":"FaceTracker","TraceData":"H4sIAAAAAAAAANVU22pbQQz8l\/O8NavLXuQ\/6DeUYNzkpDWkabAPhRLy753ZtfMWCn2r8fGglTQaSevzujys23q\/Hc74WfZfJCfB4y2nYvkuLZfv69O2ng+X7bityz6n5fF4v14Q+ro8no8\/1s8Py16kpWU7w0ELMe9sJYnnZLWnIqR7+Xl63pgtWpJahbsCNUltQFTvfdiaA2hJAnECGlAo1bkAPVnJSZFrBhtnJkBDTOSJjQjOjnzN0y8d8ainlAX+1sCL8w7eZkBB\/TLtqNNPu9EPTTUQD96Gehoj3oQ1oCeXgRp4OmI7+FpMG9yW20Shtjo1KzFPG71r6NTKWPRqCj0BzY5z1LF67ZVYUbPOOmMW0GeKmvBZRo0ig08wDxfO05MrtIDTOV8nQjP6caPWDn8ZOS42ercgD5A7gQYLcCpt6Mv0t7Enh1bO1Lkz8tJG3sCGupz9DW\/nt7hb3pVHyIv9SsZunXagT9wT7pz9KPvBHhR6HffDwVt5P6Abs+C+nLqRVzgH7LuwbjXY3BmuYubewIM+uEfHXo08jlmXOScrMfo3zpmzrdxDnci98D5gb5Z5TwJX+9fpcvr6tI5rT90fPxH8fuD5W\/L\/9MxG\/7Gp92R+++0Ygz4+f3taD+dl\/0l2VnOpeFv1lqPxHXH1vsAbO5HAp\/dSSmT8Ka\/O33hH7XqMT6tSurjK293bH4aKzgoNBQAA"}
11-05 01:54:54.958  2401  2980 D d       : 2024-11-05 01:54:54.958 | F6BAD425-7CB2-4DD9-B482-C69E2B84CD87 | YT_TAG: FaceTrackerState, Msg: [YTLog]-[ONLINE]-1730789694958-{"TraceType":"FaceTracker","TraceData":"H4sIAAAAAAAAANVU22pbQQz8l\/O8NavLXuQ\/6DeUYNzkpDWkabAPhRLy753ZtfMWCn2r8fGglTQaSevzujys23q\/Hc74WfZfJCfB4y2nYvkuLZfv69O2ng+X7bityz6n5fF4v14Q+ro8no8\/1s8Py16kpWU7w0ELMe9sJYnnZLWnIqR7+Xl63pgtWpJahbsCNUltQFTvfdiaA2hJAnECGlAo1bkAPVnJSZFrBhtnJkBDTOSJjQjOjnzN0y8d8ainlAX+1sCL8w7eZkBB\/TLtqNNPu9EPTTUQD96Gehoj3oQ1oCeXgRp4OmI7+FpMG9yW20Shtjo1KzFPG71r6NTKWPRqCj0BzY5z1LF67ZVYUbPOOmMW0GeKmvBZRo0ig08wDxfO05MrtIDTOV8nQjP6caPWDn8ZOS42ercgD5A7gQYLcCpt6Mv0t7Enh1bO1Lkz8tJG3sCGupz9DW\/nt7hb3pVHyIv9SsZunXagT9wT7pz9KPvBHhR6HffDwVt5P6Abs+C+nLqRVzgH7LuwbjXY3BmuYubewIM+uEfHXo08jlmXOScrMfo3zpmzrdxDnci98D5gb5Z5TwJX+9fpcvr6tI5rT90fPxH8fuD5W\/L\/9MxG\/7Gp92R+++0Ygz4+f3taD+dl\/0l2VnOpeFv1lqPxHXH1vsAbO5HAp\/dSSmT8Ka\/O33hH7XqMT6tSurjK293bH4aKzgoNBQAA"}
11-05 01:54:54.996  2401  3009 D FaceTrackerState: [YTLog]-[ONLINE]-1730789694996-{"TraceType":"FaceTracker","TraceData":"H4sIAAAAAAAAANWU3Y4TMQyF32WuQxXHzl\/fgGdAq6rszkKlZVm1IyS02nfnc9LCFXDBFdWkbmzn+PjEndflYd3W++1w5mvZf5AYhGU1hqzxLiyXz+vTtp4Pl+24rcs+huXxeL9eSH1dHs\/HL+v7h2Uv0sKynQn4jpyfaDmIxaClhywO9\/L19Lz5aUk5JK2EC1aDlIqVIK2NfYp9+jtxAabgd3YmY68Zy1lVtxJUsMqZHrHk1jjwU6NOijMOTVXwktMit1K\/4G\/gVmo2r5\/n3ut63PcVf00DUwq4\/NbUR76CmZoFjWXY1FmN3AZe7XNfPV6nFa9bJudUh\/U6ScHtOrl6Lr1qSvCAs+EXei1pnnNbwCo66gwtBidq0Y9GOLmvu37cprieFsw1TxLM9TW38KAfU+fYiJdxxsQGJ+1wzdiGNfA7dZPvwY8eb+OezLUF2+A8cH3PuWHp2ST9sjf\/Le927ooj6Kjk+ego9yn0ooX7ogevL+J5LUiCL7oIyzyOJoYWwh3YlVd2Hegxex20yj5Tzf1zXqzRA7ob46kGD6NWdp2ohS7en9fWKmOEPWdYOIx54R7nvftofztdTh+f1jH2zMkfFrL2\/rvI3w7\/T+sf25k6+dP8ubqR+vj86Wk9nJf9O9nxZ6m5R2YgWy7c3jX6QrTtWot8RMwsdn9LzeB33lK7mt\/u3n4Am7F2dAEFAAA="}
11-05 01:54:54.996  2401  2980 D d       : 2024-11-05 01:54:54.996 | F6BAD425-7CB2-4DD9-B482-C69E2B84CD87 | YT_TAG: FaceTrackerState, Msg: [YTLog]-[ONLINE]-1730789694996-{"TraceType":"FaceTracker","TraceData":"H4sIAAAAAAAAANWU3Y4TMQyF32WuQxXHzl\/fgGdAq6rszkKlZVm1IyS02nfnc9LCFXDBFdWkbmzn+PjEndflYd3W++1w5mvZf5AYhGU1hqzxLiyXz+vTtp4Pl+24rcs+huXxeL9eSH1dHs\/HL+v7h2Uv0sKynQn4jpyfaDmIxaClhywO9\/L19Lz5aUk5JK2EC1aDlIqVIK2NfYp9+jtxAabgd3YmY68Zy1lVtxJUsMqZHrHk1jjwU6NOijMOTVXwktMit1K\/4G\/gVmo2r5\/n3ut63PcVf00DUwq4\/NbUR76CmZoFjWXY1FmN3AZe7XNfPV6nFa9bJudUh\/U6ScHtOrl6Lr1qSvCAs+EXei1pnnNbwCo66gwtBidq0Y9GOLmvu37cprieFsw1TxLM9TW38KAfU+fYiJdxxsQGJ+1wzdiGNfA7dZPvwY8eb+OezLUF2+A8cH3PuWHp2ST9sjf\/Le927ooj6Kjk+ego9yn0ooX7ogevL+J5LUiCL7oIyzyOJoYWwh3YlVd2Hegxex20yj5Tzf1zXqzRA7ob46kGD6NWdp2ohS7en9fWKmOEPWdYOIx54R7nvftofztdTh+f1jH2zMkfFrL2\/rvI3w7\/T+sf25k6+dP8ubqR+vj86Wk9nJf9O9nxZ6m5R2YgWy7c3jX6QrTtWot8RMwsdn9LzeB33lK7mt\/u3n4Am7F2dAEFAAA="}
11-05 01:54:55.049  2401  3009 D FaceTrackerState: [YTLog]-[ONLINE]-1730789695049-{"TraceType":"FaceTracker","TraceData":"H4sIAAAAAAAAANWUTW4bMQyF7zJr1RBF6s836BmKwHCTSWvATQN7UCAIcvd81IzbVdtFVzVGfhZJPVKPHL9OD\/My3y+HC1\/T\/pPEICyrMWSNd2G6fp3Py3w5XJfjMk\/7GKbH4\/18JfR1erwcv80fH6a9SA\/TcsHhO2J+suUgFoOWHrI43fP309PipyXlkLTgLqAGKRWUIK2NfYodtCAdvxBXsHt1JmAOmkHOqjpKUAGVmB5XrBs28qS4+qURD1\/ysuCvFV7sDd5Kzub587r3vO73fcVe0+CUAi+\/NfURr+I5LGgsA1NnNWIbfLWv++r+uqJ43rLWnOpAz5MU3p7WWj2Wu2pK1EHNpkMDLfiHnGCBq+jIM7QYNZGL+2ikJrd1dG09mLieFsz9SYK5vuaYR7ypjVotlXHGxEZN2qk1g3Akg3\/Ut+2j+9vok7m2aGrUPHh9n9uK3Nkk\/cKb\/RZ3O7fxCDoq9froqHawc0\/6j83z+6gZmkuCB12EZYV+ook1vy95trqy60C\/s+dBq+wz1dy+zos17oDuxniqUYehdc5DJ6XPfj+FW13bLWZg2uaFPq5999H+cbqePp\/nMfb4\/7CQtfffef52+H9a\/3idVSd\/mj+bGamPT1\/O8+Ey7T\/ITiX3XGtjCPw93XzP+Nqudf8U3mGNiYZtzhf+o3YFKj7MT2Q+rL7dvb0DaXxDmg0FAAA="}
11-05 01:54:55.049  2401  2980 D d       : 2024-11-05 01:54:55.049 | F6BAD425-7CB2-4DD9-B482-C69E2B84CD87 | YT_TAG: FaceTrackerState, Msg: [YTLog]-[ONLINE]-1730789695049-{"TraceType":"FaceTracker","TraceData":"H4sIAAAAAAAAANWUTW4bMQyF7zJr1RBF6s836BmKwHCTSWvATQN7UCAIcvd81IzbVdtFVzVGfhZJPVKPHL9OD\/My3y+HC1\/T\/pPEICyrMWSNd2G6fp3Py3w5XJfjMk\/7GKbH4\/18JfR1erwcv80fH6a9SA\/TcsHhO2J+suUgFoOWHrI43fP309PipyXlkLTgLqAGKRWUIK2NfYodtCAdvxBXsHt1JmAOmkHOqjpKUAGVmB5XrBs28qS4+qURD1\/ysuCvFV7sDd5Kzub587r3vO73fcVe0+CUAi+\/NfURr+I5LGgsA1NnNWIbfLWv++r+uqJ43rLWnOpAz5MU3p7WWj2Wu2pK1EHNpkMDLfiHnGCBq+jIM7QYNZGL+2ikJrd1dG09mLieFsz9SYK5vuaYR7ypjVotlXHGxEZN2qk1g3Akg3\/Ut+2j+9vok7m2aGrUPHh9n9uK3Nkk\/cKb\/RZ3O7fxCDoq9froqHawc0\/6j83z+6gZmkuCB12EZYV+ook1vy95trqy60C\/s+dBq+wz1dy+zos17oDuxniqUYehdc5DJ6XPfj+FW13bLWZg2uaFPq5999H+cbqePp\/nMfb4\/7CQtfffef52+H9a\/3idVSd\/mj+bGamPT1\/O8+Ey7T\/ITiX3XGtjCPw93XzP+Nqudf8U3mGNiYZtzhf+o3YFKj7MT2Q+rL7dvb0DaXxDmg0FAAA="}
11-05 01:54:55.172  2401  3009 D FaceTrackerState: [YTLog]-[ONLINE]-1730789695172-{"TraceType":"FaceTracker","TraceData":"H4sIAAAAAAAAANWUW2pbMRCG93KeVaPRjG7eQddQgnGTk9aQJsE+FErI3vuNZLdPhUKfaqz8nts\/V\/K2PKzber8dzvxZ9p8kBuFZjSFrvAvL5ev6tK3nw2U7buuyj2F5PN6vF1zflsfz8dv68WHZS0K\/nTG4xO9fbBbEYtDSQxane305PW8eLSmHpBVzAXErFUxBWhtyin3qO3bBr6AXwT+BJWgGrQZVxxRUHGNIXYgjtl6xEZ9k2qXjT55U4IGvdniJaeStCir585Q9r9tdrm5Pg1Oyc2vQ1Ie\/UlvCR2OeuTq1Nxu21GTKlXqj8+EnnpdnMjnAIWucvoxSvXe2oMn7b0Etz56LjR4H8rTkWUPWUZvSVyreK1x55pbWgwl+rMJSHbMwzYPHlLzFsYwaLCH3hL\/LNViEI5PXZ+ozHvUx8w4\/\/Vh0JE7IT602diBTznUiszKx33jT3\/xucVceiT4j6qZepUZBr9yGiOfHLt4Pe6EOMz8veAv7LNQ99gdf7+N+cvS5Fk6P+osi+84aOGdkze8H5DwVLuMmNPucfLbMGR6fsbJ7HT5lIjua99DmXptw2t9Pl9Pnp3Wcvdf95wct37\/T\/s\/v3zqa0Zz\/\/F7VDPr4\/OVpPZyX\/QfZcSolla5JjKvNN+MrxrarNfKxXGvhhNLN+IN\/Ubue3BallNY1xvx+9\/4To75L5gwFAAA="}
11-05 01:54:55.172  2401  2980 D d       : 2024-11-05 01:54:55.172 | F6BAD425-7CB2-4DD9-B482-C69E2B84CD87 | YT_TAG: FaceTrackerState, Msg: [YTLog]-[ONLINE]-1730789695172-{"TraceType":"FaceTracker","TraceData":"H4sIAAAAAAAAANWUW2pbMRCG93KeVaPRjG7eQddQgnGTk9aQJsE+FErI3vuNZLdPhUKfaqz8nts\/V\/K2PKzber8dzvxZ9p8kBuFZjSFrvAvL5ev6tK3nw2U7buuyj2F5PN6vF1zflsfz8dv68WHZS0K\/nTG4xO9fbBbEYtDSQxane305PW8eLSmHpBVzAXErFUxBWhtyin3qO3bBr6AXwT+BJWgGrQZVxxRUHGNIXYgjtl6xEZ9k2qXjT55U4IGvdniJaeStCir585Q9r9tdrm5Pg1Oyc2vQ1Ie\/UlvCR2OeuTq1Nxu21GTKlXqj8+EnnpdnMjnAIWucvoxSvXe2oMn7b0Etz56LjR4H8rTkWUPWUZvSVyreK1x55pbWgwl+rMJSHbMwzYPHlLzFsYwaLCH3hL\/LNViEI5PXZ+ozHvUx8w4\/\/Vh0JE7IT602diBTznUiszKx33jT3\/xucVceiT4j6qZepUZBr9yGiOfHLt4Pe6EOMz8veAv7LNQ99gdf7+N+cvS5Fk6P+osi+84aOGdkze8H5DwVLuMmNPucfLbMGR6fsbJ7HT5lIjua99DmXptw2t9Pl9Pnp3Wcvdf95wct37\/T\/s\/v3zqa0Zz\/\/F7VDPr4\/OVpPZyX\/QfZcSolla5JjKvNN+MrxrarNfKxXGvhhNLN+IN\/Ubue3BallNY1xvx+9\/4To75L5gwFAAA="}
11-05 01:54:55.179  2401  3009 D FaceTrackerState: [YTLog]-[ONLINE]-1730789695179-{"TraceType":"FaceTracker","TraceData":"H4sIAAAAAAAAAM1U7WobQQx8l\/u9MauP1e76DfoMJRg3ubQGJw3no1BC3r0j7bmlhBD6r8ZrWStpbjQS9zLdz+t8tx4W\/Ez7z5QT4WjNqUi+TdPl23xe5+VwWY\/rPO1zmh6Od\/MFqS\/Tw3J8nD\/dT3tiStO6IOAecn6jaSKlJA5HBLjn76en1auJNbF0hA22JLIKK4laD5\/zsNQRp4p4g5WAc18KJ9aWBDWskoTcR6y7zYkrBT431DOPOGfkA4eBpx5Dt4a8BtwKnAa6rQzfn+tx96vHUY9D5tiahHvkCwGvgU+2sNzR14bBjYdft7hbz689uIrQ4Oy+\/++og5SCCTCOsIEHetQ6ejYbdYY80+HjOVI0uAn6YqPRa3E8Cz0VtYxRqHMGvkoNjdT1MbfOqcHm0E+DY02aHceShKbAD37g0YGNfjS7RR3h+ZinkgS\/8EsdFtoplT\/2en\/Nu9ZtOJQL+ENv8BVwpOx9Y17kz8c9eR72BjxUfb3AFzr4HDXmB7zeY39K7JBh9cDfBBb9Nb93jTwf2DK2XbQAD1oXWHZtkQMc11hc28ixYbFHsS+Y25i7YLV\/nC6nL+c51t55v38wUiDj+9dl9\/sPS\/uHKf\/Ledviv1W6SjVhhX2LRwQqH5++nufDMu1vaKeV1XJVq1bIl2SLPiPadqVkfKjnKtow\/S34Ey+oXbMcQWw83ktaX29ffwEkjeJpCgUAAA=="}
11-05 01:54:55.180  2401  2980 D d       : 2024-11-05 01:54:55.179 | F6BAD425-7CB2-4DD9-B482-C69E2B84CD87 | YT_TAG: FaceTrackerState, Msg: [YTLog]-[ONLINE]-1730789695179-{"TraceType":"FaceTracker","TraceData":"H4sIAAAAAAAAAM1U7WobQQx8l\/u9MauP1e76DfoMJRg3ubQGJw3no1BC3r0j7bmlhBD6r8ZrWStpbjQS9zLdz+t8tx4W\/Ez7z5QT4WjNqUi+TdPl23xe5+VwWY\/rPO1zmh6Od\/MFqS\/Tw3J8nD\/dT3tiStO6IOAecn6jaSKlJA5HBLjn76en1auJNbF0hA22JLIKK4laD5\/zsNQRp4p4g5WAc18KJ9aWBDWskoTcR6y7zYkrBT431DOPOGfkA4eBpx5Dt4a8BtwKnAa6rQzfn+tx96vHUY9D5tiahHvkCwGvgU+2sNzR14bBjYdft7hbz689uIrQ4Oy+\/++og5SCCTCOsIEHetQ6ejYbdYY80+HjOVI0uAn6YqPRa3E8Cz0VtYxRqHMGvkoNjdT1MbfOqcHm0E+DY02aHceShKbAD37g0YGNfjS7RR3h+ZinkgS\/8EsdFtoplT\/2en\/Nu9ZtOJQL+ENv8BVwpOx9Y17kz8c9eR72BjxUfb3AFzr4HDXmB7zeY39K7JBh9cDfBBb9Nb93jTwf2DK2XbQAD1oXWHZtkQMc11hc28ixYbFHsS+Y25i7YLV\/nC6nL+c51t55v38wUiDj+9dl9\/sPS\/uHKf\/Ledviv1W6SjVhhX2LRwQqH5++nufDMu1vaKeV1XJVq1bIl2SLPiPadqVkfKjnKtow\/S34Ey+oXbMcQWw83ktaX29ffwEkjeJpCgUAAA=="}
11-05 01:54:55.188  2401  3009 D FaceTrackerState: [YTLog]-[ONLINE]-1730789695188-{"TraceType":"FaceTracker","TraceData":"H4sIAAAAAAAAAM1UWU4bQRC9y3x3rK6ll\/INOEOELANDYskBNB5FihB3z6vqMfyB8hfL7afaXq3wOj3M63y\/Hhb8TPvvlBPhacupSL5N0+XnfF7n5XBZj+s87XOaHo\/38wWur9Pjcvw13zxMe2JO07rA4BJ83tk0kXISpyMC3cvz6Wn1aGJNLAZzAZZEtQElUe8hczZgTWQ1MXXYoSfYlYAtSeHE2pOIoyQhR9gMT3PitmFHPMoLO2f4g4cbeMDfkL\/Cr4O3CRDl9jJkQz0d0\/D4psOORzWHLJLDX1Abd9STayAb+to4uPOQm9vbQBp5vdbg8JpdFq\/da4UeG2A8Ye8fPWobPdcSPQVW5K418kjR6FfQF1cavZbBR92SIpazJGULfpUWPIr5c3VED60DkdcY\/j1qVcRwqUnMZ4sZWonZhYx+NSNHRhy5XoES\/SihntIGYmZK9QOv+qvfNW7joVxQP+acfcbYT27RJ5Hnh57cD3rUoTrOS92OvjX2Bz6zuJ+y3VDxeVQB+s5c7\/fg\/i124NcuuEP1eypA9tlijj57cEsbJ+w+gZ4\/7sG2vQtO+\/fpcro7z3H2uJtPHmhRodmHIiSov4y0L13+l7f1ZP9a8\/ss8Afo33q1YMTHpx\/n+bBM+2+001KrYeMkXXvHtW7WF1j7riEAH+mk1bCqzfgH\/5121eLTe26WG73dvv0FIFB8cAYFAAA="}
11-05 01:54:55.189  2401  2980 D d       : 2024-11-05 01:54:55.189 | F6BAD425-7CB2-4DD9-B482-C69E2B84CD87 | YT_TAG: FaceTrackerState, Msg: [YTLog]-[ONLINE]-1730789695188-{"TraceType":"FaceTracker","TraceData":"H4sIAAAAAAAAAM1UWU4bQRC9y3x3rK6ll\/INOEOELANDYskBNB5FihB3z6vqMfyB8hfL7afaXq3wOj3M63y\/Hhb8TPvvlBPhacupSL5N0+XnfF7n5XBZj+s87XOaHo\/38wWur9Pjcvw13zxMe2JO07rA4BJ83tk0kXISpyMC3cvz6Wn1aGJNLAZzAZZEtQElUe8hczZgTWQ1MXXYoSfYlYAtSeHE2pOIoyQhR9gMT3PitmFHPMoLO2f4g4cbeMDfkL\/Cr4O3CRDl9jJkQz0d0\/D4psOORzWHLJLDX1Abd9STayAb+to4uPOQm9vbQBp5vdbg8JpdFq\/da4UeG2A8Ye8fPWobPdcSPQVW5K418kjR6FfQF1cavZbBR92SIpazJGULfpUWPIr5c3VED60DkdcY\/j1qVcRwqUnMZ4sZWonZhYx+NSNHRhy5XoES\/SihntIGYmZK9QOv+qvfNW7joVxQP+acfcbYT27RJ5Hnh57cD3rUoTrOS92OvjX2Bz6zuJ+y3VDxeVQB+s5c7\/fg\/i124NcuuEP1eypA9tlijj57cEsbJ+w+gZ4\/7sG2vQtO+\/fpcro7z3H2uJtPHmhRodmHIiSov4y0L13+l7f1ZP9a8\/ss8Afo33q1YMTHpx\/n+bBM+2+001KrYeMkXXvHtW7WF1j7riEAH+mk1bCqzfgH\/5121eLTe26WG73dvv0FIFB8cAYFAAA="}
11-05 01:54:55.191  2401  3009 D ActionLivenessState: [YTLog]-[ONLINE]-1730789695191-onCanReflect
11-05 01:54:55.191  2401  2980 D d       : 2024-11-05 01:54:55.191 | F6BAD425-7CB2-4DD9-B482-C69E2B84CD87 | YT_TAG: ActionLivenessState, Msg: [YTLog]-[ONLINE]-1730789695191-onCanReflect
11-05 01:54:55.199  2401  3009 D FaceTrackerState: [YTLog]-[ONLINE]-1730789695199-{"TraceType":"FaceTracker","TraceData":"H4sIAAAAAAAAAM1U227bMAz9Fz9rgXiRKOUP9g1FEWStuwXI2sIxBhRF\/72HlNPtZRv2NsMOTfHw8Oq8TvfzOt+thwU\/0\/6GciI8ajkVybdpunybz+u8HC7rcZ2nfU7Tw\/FuvgD6Oj0sx+\/z5\/tpTyxpWhcYXAPmg00TKSdxOiLQPT+dHlf3JtbEimhaEktNVCsk4K2FzrmP8w47NdhxTgI8hS5F4N+TiEtJQgwJW6fgZdtkAxdvds7Ag4cNPOBviF+Ba+A18DSPX4bebdjd33TY8QQeuohzF\/CCr1mSXENy1zh3Dm48dHO7DUmIaz1yFaGRM+Kw8\/U6ciSvEZK9ftSq8KWaxHuEmqSCvyKHahFHika9wsgF+UWthYKPWk\/qOWZJyojLlFQseNT7U2D3niA39Xw6A9+HDh8uiNtHbyXys6GjXs3A5wY88sE8lSRwSsin2JDomVL9Ka\/nV9zVb+Oh7D1Fn7E64vuBvnndhJqk45xa5EfojepYL3U76taYn6aSc+xP2XaoeD+qQPrMGs45eqx49zn6tgv2UNX3CpK9t15vi9hiY4UdExIzGvvQt7kLVvvH6XL6csY3ctORXs6\/fbBZIP4FhFe\/2x+9NuDfIP\/Ls9XU\/zXnj154l6rfmwUdPj5+Pc+HZdp\/oh1mrtUwfSwMZS5X6zOsbWfScZkR1oXwpWzGF\/w57SrnuNRqE6P6dvv2Dqu2NuMGBQAA"}
11-05 01:54:55.199  2401  2980 D d       : 2024-11-05 01:54:55.199 | F6BAD425-7CB2-4DD9-B482-C69E2B84CD87 | YT_TAG: FaceTrackerState, Msg: [YTLog]-[ONLINE]-1730789695199-{"TraceType":"FaceTracker","TraceData":"H4sIAAAAAAAAAM1U227bMAz9Fz9rgXiRKOUP9g1FEWStuwXI2sIxBhRF\/72HlNPtZRv2NsMOTfHw8Oq8TvfzOt+thwU\/0\/6GciI8ajkVybdpunybz+u8HC7rcZ2nfU7Tw\/FuvgD6Oj0sx+\/z5\/tpTyxpWhcYXAPmg00TKSdxOiLQPT+dHlf3JtbEimhaEktNVCsk4K2FzrmP8w47NdhxTgI8hS5F4N+TiEtJQgwJW6fgZdtkAxdvds7Ag4cNPOBviF+Ba+A18DSPX4bebdjd33TY8QQeuohzF\/CCr1mSXENy1zh3Dm48dHO7DUmIaz1yFaGRM+Kw8\/U6ciSvEZK9ftSq8KWaxHuEmqSCvyKHahFHika9wsgF+UWthYKPWk\/qOWZJyojLlFQseNT7U2D3niA39Xw6A9+HDh8uiNtHbyXys6GjXs3A5wY88sE8lSRwSsin2JDomVL9Ka\/nV9zVb+Oh7D1Fn7E64vuBvnndhJqk45xa5EfojepYL3U76taYn6aSc+xP2XaoeD+qQPrMGs45eqx49zn6tgv2UNX3CpK9t15vi9hiY4UdExIzGvvQt7kLVvvH6XL6csY3ctORXs6\/fbBZIP4FhFe\/2x+9NuDfIP\/Ls9XU\/zXnj154l6rfmwUdPj5+Pc+HZdp\/oh1mrtUwfSwMZS5X6zOsbWfScZkR1oXwpWzGF\/w57SrnuNRqE6P6dvv2Dqu2NuMGBQAA"}
11-05 01:54:55.209  2401  3009 D ActionLivenessState: [YTLog]-[ONLINE]-1730789695209-onOneActionFrame
11-05 01:54:55.210  2401  2980 D d       : 2024-11-05 01:54:55.209 | F6BAD425-7CB2-4DD9-B482-C69E2B84CD87 | YT_TAG: ActionLivenessState, Msg: [YTLog]-[ONLINE]-1730789695209-onOneActionFrame
11-05 01:54:55.217  2401  3019 D ProtobufDataPrepare: [YTLog]-[ONLINE]-1730789695217-【WS】STEP8 - sendActionFrame:2
11-05 01:54:55.218  2401  2980 D d       : 2024-11-05 01:54:55.217 | F6BAD425-7CB2-4DD9-B482-C69E2B84CD87 | YT_TAG: ProtobufDataPrepare, Msg: [YTLog]-[ONLINE]-1730789695217-【WS】STEP8 - sendActionFrame:2
11-05 01:54:55.218  2401  3009 D ActionLivenessState: [YTLog]-[ONLINE]-1730789695218-onOneActionFrame
11-05 01:54:55.218  2401  2980 D d       : 2024-11-05 01:54:55.218 | F6BAD425-7CB2-4DD9-B482-C69E2B84CD87 | YT_TAG: ActionLivenessState, Msg: [YTLog]-[ONLINE]-1730789695218-onOneActionFrame
11-05 01:54:55.218  2401  3019 D YtWebSocketHelper: [YTLog]-[ONLINE]-1730789695218-【WS】makeMessage 【method】SendActionFrame message len=82476 methodLength=15 dataLen=82496
11-05 01:54:55.218  2401  2980 D d       : 2024-11-05 01:54:55.218 | F6BAD425-7CB2-4DD9-B482-C69E2B84CD87 | YT_TAG: YtWebSocketHelper, Msg: [YTLog]-[ONLINE]-1730789695218-【WS】makeMessage 【method】SendActionFrame message len=82476 methodLength=15 dataLen=82496
11-05 01:54:55.225  2401  3019 D ProtobufDataPrepare: [YTLog]-[ONLINE]-1730789695225-【WS】STEP8 - sendActionFrame:2
11-05 01:54:55.226  2401  3009 D ActionLivenessState: [YTLog]-[ONLINE]-1730789695226-onOneActionFrame
11-05 01:54:55.226  2401  3019 D YtWebSocketHelper: [YTLog]-[ONLINE]-1730789695226-【WS】makeMessage 【method】SendActionFrame message len=82101 methodLength=15 dataLen=82121
11-05 01:54:55.227  2401  2980 D d       : 2024-11-05 01:54:55.227 | F6BAD425-7CB2-4DD9-B482-C69E2B84CD87 | YT_TAG: ProtobufDataPrepare, Msg: [YTLog]-[ONLINE]-1730789695225-【WS】STEP8 - sendActionFrame:2
11-05 01:54:55.227  2401  2980 D d       : 2024-11-05 01:54:55.227 | F6BAD425-7CB2-4DD9-B482-C69E2B84CD87 | YT_TAG: ActionLivenessState, Msg: [YTLog]-[ONLINE]-1730789695226-onOneActionFrame
11-05 01:54:55.227  2401  2980 D d       : 2024-11-05 01:54:55.227 | F6BAD425-7CB2-4DD9-B482-C69E2B84CD87 | YT_TAG: YtWebSocketHelper, Msg: [YTLog]-[ONLINE]-1730789695226-【WS】makeMessage 【method】SendActionFrame message len=82101 methodLength=15 dataLen=82121
11-05 01:54:55.234  2401  3019 D ProtobufDataPrepare: [YTLog]-[ONLINE]-1730789695233-【WS】STEP8 - sendActionFrame:2
11-05 01:54:55.234  2401  2980 D d       : 2024-11-05 01:54:55.234 | F6BAD425-7CB2-4DD9-B482-C69E2B84CD87 | YT_TAG: ProtobufDataPrepare, Msg: [YTLog]-[ONLINE]-1730789695233-【WS】STEP8 - sendActionFrame:2
11-05 01:54:55.234  2401  2980 D d       : 2024-11-05 01:54:55.234 | F6BAD425-7CB2-4DD9-B482-C69E2B84CD87 | YT_TAG: ActionLivenessState, Msg: [YTLog]-[ONLINE]-1730789695234-onOneActionFrame
11-05 01:54:55.234  2401  3009 D ActionLivenessState: [YTLog]-[ONLINE]-1730789695234-onOneActionFrame
11-05 01:54:55.234  2401  3019 D YtWebSocketHelper: [YTLog]-[ONLINE]-1730789695234-【WS】makeMessage 【method】SendActionFrame message len=82101 methodLength=15 dataLen=82121
11-05 01:54:55.234  2401  2980 D d       : 2024-11-05 01:54:55.234 | F6BAD425-7CB2-4DD9-B482-C69E2B84CD87 | YT_TAG: YtWebSocketHelper, Msg: [YTLog]-[ONLINE]-1730789695234-【WS】makeMessage 【method】SendActionFrame message len=82101 methodLength=15 dataLen=82121
11-05 01:54:55.241  2401  3019 D ProtobufDataPrepare: [YTLog]-[ONLINE]-1730789695241-【WS】STEP8 - sendActionFrame:2
11-05 01:54:55.241  2401  2980 D d       : 2024-11-05 01:54:55.241 | F6BAD425-7CB2-4DD9-B482-C69E2B84CD87 | YT_TAG: ProtobufDataPrepare, Msg: [YTLog]-[ONLINE]-1730789695241-【WS】STEP8 - sendActionFrame:2
11-05 01:54:55.241  2401  3009 D ActionLivenessState: [YTLog]-[ONLINE]-1730789695241-onOneActionFrame
11-05 01:54:55.242  2401  2980 D d       : 2024-11-05 01:54:55.241 | F6BAD425-7CB2-4DD9-B482-C69E2B84CD87 | YT_TAG: ActionLivenessState, Msg: [YTLog]-[ONLINE]-1730789695241-onOneActionFrame
11-05 01:54:55.242  2401  3019 D YtWebSocketHelper: [YTLog]-[ONLINE]-1730789695242-【WS】makeMessage 【method】SendActionFrame message len=81901 methodLength=15 dataLen=81921
11-05 01:54:55.242  2401  2980 D d       : 2024-11-05 01:54:55.242 | F6BAD425-7CB2-4DD9-B482-C69E2B84CD87 | YT_TAG: YtWebSocketHelper, Msg: [YTLog]-[ONLINE]-1730789695242-【WS】makeMessage 【method】SendActionFrame message len=81901 methodLength=15 dataLen=81921
11-05 01:54:55.249  2401  3019 D ProtobufDataPrepare: [YTLog]-[ONLINE]-1730789695249-【WS】STEP8 - sendActionFrame:2
11-05 01:54:55.249  2401  3009 D ActionLivenessState: [YTLog]-[ONLINE]-1730789695249-onOneActionFrame
11-05 01:54:55.250  2401  3019 D YtWebSocketHelper: [YTLog]-[ONLINE]-1730789695250-【WS】makeMessage 【method】SendActionFrame message len=81901 methodLength=15 dataLen=81921
11-05 01:54:55.251  2401  2980 D d       : 2024-11-05 01:54:55.249 | F6BAD425-7CB2-4DD9-B482-C69E2B84CD87 | YT_TAG: ProtobufDataPrepare, Msg: [YTLog]-[ONLINE]-1730789695249-【WS】STEP8 - sendActionFrame:2
11-05 01:54:55.252  2401  2980 D d       : 2024-11-05 01:54:55.251 | F6BAD425-7CB2-4DD9-B482-C69E2B84CD87 | YT_TAG: ActionLivenessState, Msg: [YTLog]-[ONLINE]-1730789695249-onOneActionFrame
11-05 01:54:55.253  2401  2980 D d       : 2024-11-05 01:54:55.252 | F6BAD425-7CB2-4DD9-B482-C69E2B84CD87 | YT_TAG: YtWebSocketHelper, Msg: [YTLog]-[ONLINE]-1730789695250-【WS】makeMessage 【method】SendActionFrame message len=81901 methodLength=15 dataLen=81921
11-05 01:54:55.259  2401  3019 D ProtobufDataPrepare: [YTLog]-[ONLINE]-1730789695259-【WS】STEP8 - sendActionFrame:2
11-05 01:54:55.259  2401  3009 D ActionLivenessState: [YTLog]-[ONLINE]-1730789695259-onOneActionFrame
11-05 01:54:55.259  2401  3019 D YtWebSocketHelper: [YTLog]-[ONLINE]-1730789695259-【WS】makeMessage 【method】SendActionFrame message len=80630 methodLength=15 dataLen=80650
11-05 01:54:55.260  2401  2980 D d       : 2024-11-05 01:54:55.260 | F6BAD425-7CB2-4DD9-B482-C69E2B84CD87 | YT_TAG: ProtobufDataPrepare, Msg: [YTLog]-[ONLINE]-1730789695259-【WS】STEP8 - sendActionFrame:2
11-05 01:54:55.261  2401  2980 D d       : 2024-11-05 01:54:55.261 | F6BAD425-7CB2-4DD9-B482-C69E2B84CD87 | YT_TAG: ActionLivenessState, Msg: [YTLog]-[ONLINE]-1730789695259-onOneActionFrame
11-05 01:54:55.261  2401  2980 D d       : 2024-11-05 01:54:55.261 | F6BAD425-7CB2-4DD9-B482-C69E2B84CD87 | YT_TAG: YtWebSocketHelper, Msg: [YTLog]-[ONLINE]-1730789695259-【WS】makeMessage 【method】SendActionFrame message len=80630 methodLength=15 dataLen=80650
11-05 01:54:55.266  2401  3019 D ProtobufDataPrepare: [YTLog]-[ONLINE]-1730789695266-【WS】STEP8 - sendActionFrame:2
11-05 01:54:55.266  2401  3009 D ActionLivenessState: [YTLog]-[ONLINE]-1730789695266-onOneActionFrame
11-05 01:54:55.267  2401  3019 D YtWebSocketHelper: [YTLog]-[ONLINE]-1730789695267-【WS】makeMessage 【method】SendActionFrame message len=80630 methodLength=15 dataLen=80650
11-05 01:54:55.268  2401  2980 D d       : 2024-11-05 01:54:55.268 | F6BAD425-7CB2-4DD9-B482-C69E2B84CD87 | YT_TAG: ProtobufDataPrepare, Msg: [YTLog]-[ONLINE]-1730789695266-【WS】STEP8 - sendActionFrame:2
11-05 01:54:55.269  2401  2980 D d       : 2024-11-05 01:54:55.269 | F6BAD425-7CB2-4DD9-B482-C69E2B84CD87 | YT_TAG: ActionLivenessState, Msg: [YTLog]-[ONLINE]-1730789695266-onOneActionFrame
11-05 01:54:55.269  2401  2980 D d       : 2024-11-05 01:54:55.269 | F6BAD425-7CB2-4DD9-B482-C69E2B84CD87 | YT_TAG: YtWebSocketHelper, Msg: [YTLog]-[ONLINE]-1730789695267-【WS】makeMessage 【method】SendActionFrame message len=80630 methodLength=15 dataLen=80650
11-05 01:54:55.274  2401  2980 D d       : 2024-11-05 01:54:55.273 | F6BAD425-7CB2-4DD9-B482-C69E2B84CD87 | YT_TAG: ProtobufDataPrepare, Msg: [YTLog]-[ONLINE]-1730789695273-【WS】STEP8 - sendActionFrame:2
11-05 01:54:55.274  2401  3009 D ActionLivenessState: [YTLog]-[ONLINE]-1730789695274-onOneActionFrame
11-05 01:54:55.274  2401  2980 D d       : 2024-11-05 01:54:55.274 | F6BAD425-7CB2-4DD9-B482-C69E2B84CD87 | YT_TAG: ActionLivenessState, Msg: [YTLog]-[ONLINE]-1730789695274-onOneActionFrame
11-05 01:54:55.274  2401  3019 D ProtobufDataPrepare: [YTLog]-[ONLINE]-1730789695273-【WS】STEP8 - sendActionFrame:2
11-05 01:54:55.275  2401  3019 D YtWebSocketHelper: [YTLog]-[ONLINE]-1730789695275-【WS】makeMessage 【method】SendActionFrame message len=81578 methodLength=15 dataLen=81598
11-05 01:54:55.275  2401  2980 D d       : 2024-11-05 01:54:55.275 | F6BAD425-7CB2-4DD9-B482-C69E2B84CD87 | YT_TAG: YtWebSocketHelper, Msg: [YTLog]-[ONLINE]-1730789695275-【WS】makeMessage 【method】SendActionFrame message len=81578 methodLength=15 dataLen=81598
11-05 01:54:55.281  2401  3019 D ProtobufDataPrepare: [YTLog]-[ONLINE]-1730789695281-【WS】STEP8 - sendActionFrame:2
11-05 01:54:55.281  2401  3009 D ActionLivenessState: [YTLog]-[ONLINE]-1730789695281-onOneActionFrame
11-05 01:54:55.281  2401  2980 D d       : 2024-11-05 01:54:55.281 | F6BAD425-7CB2-4DD9-B482-C69E2B84CD87 | YT_TAG: ProtobufDataPrepare, Msg: [YTLog]-[ONLINE]-1730789695281-【WS】STEP8 - sendActionFrame:2
11-05 01:54:55.281  2401  2980 D d       : 2024-11-05 01:54:55.281 | F6BAD425-7CB2-4DD9-B482-C69E2B84CD87 | YT_TAG: ActionLivenessState, Msg: [YTLog]-[ONLINE]-1730789695281-onOneActionFrame
11-05 01:54:55.282  2401  2980 D d       : 2024-11-05 01:54:55.282 | F6BAD425-7CB2-4DD9-B482-C69E2B84CD87 | YT_TAG: YtWebSocketHelper, Msg: [YTLog]-[ONLINE]-1730789695282-【WS】makeMessage 【method】SendActionFrame message len=81578 methodLength=15 dataLen=81598
11-05 01:54:55.282  2401  3019 D YtWebSocketHelper: [YTLog]-[ONLINE]-1730789695282-【WS】makeMessage 【method】SendActionFrame message len=81578 methodLength=15 dataLen=81598
11-05 01:54:55.289  2401  3009 D ActionLivenessState: [YTLog]-[ONLINE]-1730789695289-onOneActionFrame
11-05 01:54:55.289  2401  2980 D d       : 2024-11-05 01:54:55.289 | F6BAD425-7CB2-4DD9-B482-C69E2B84CD87 | YT_TAG: ActionLivenessState, Msg: [YTLog]-[ONLINE]-1730789695289-onOneActionFrame
11-05 01:54:55.293  2401  2980 D d       : 2024-11-05 01:54:55.293 | F6BAD425-7CB2-4DD9-B482-C69E2B84CD87 | YT_TAG: ProtobufDataPrepare, Msg: [YTLog]-[ONLINE]-1730789695293-【WS】STEP8 - sendActionFrame:2
11-05 01:54:55.294  2401  3019 D ProtobufDataPrepare: [YTLog]-[ONLINE]-1730789695293-【WS】STEP8 - sendActionFrame:2
11-05 01:54:55.295  2401  2980 D d       : 2024-11-05 01:54:55.295 | F6BAD425-7CB2-4DD9-B482-C69E2B84CD87 | YT_TAG: YtWebSocketHelper, Msg: [YTLog]-[ONLINE]-1730789695294-【WS】makeMessage 【method】SendActionFrame message len=82191 methodLength=15 dataLen=82211
11-05 01:54:55.295  2401  3019 D YtWebSocketHelper: [YTLog]-[ONLINE]-1730789695294-【WS】makeMessage 【method】SendActionFrame message len=82191 methodLength=15 dataLen=82211
11-05 01:54:55.298  2401  3009 D ActionLivenessState: [YTLog]-[ONLINE]-1730789695298-onOneActionFrame
