11-05 01:54:51.493  2401  2980 D d       : 2024-11-05 01:54:51.493 | F6BAD425-7CB2-4DD9-B482-C69E2B84CD87 | on tick: 29999
11-05 01:54:51.517  2401  3009 D FaceTrackerState: [YTLog]-[ONLINE]-1730789691517-{"TraceType":"FaceTracker","TraceData":"H4sIAAAAAAAAANVUSW7bQBD8C88TYXqZTT\/IGwxDUGw6EaA4BkUECAz\/PVUzZHxxDjnGkFTsvbu66dfpcV7nh\/W04Gc63kkMgq+XGJLF+zDdvs3XdV5Ot\/W8ztMxhunp\/DDf4Po6PS3n7\/Pnx+mYoF4X6CngeU8mLUjKwUoLSRTZXn5cnlcGi0vQpEGyAlG0WlBvQaN3vSoROsGzZdgTEH4JPqbBGJc9mBNjMIVvqsHiQK0btoK8AjvzwO6UHXUzbBakQG4J+ekLXYxdVpFuHzL7awO7P+pZQy3mLUD0I3nI7L+1EduoQ66GPqUMWVmn9tl6L5yRvg45cjYgZ8c8rME+jDMr6pXauelYUqeVsZaRp+rgogAVc2TosUhFb8586M8t9fxOvyRAyLkBYa+01z6DaxmyoC\/k9jh24RF69OTkWHEk5EjpP3bkOnbqusUR61Z\/x12\/++1xWx4BGvKKkuMC5K6xL8W85N9YF3r0yjmEfWXsD3M7di7g2sk\/Ti+RT884PdQpBpS+mxTJMephp4bb8EKO0Qfuz5DLWQsvgDVyzmfrXHNfHRE77sX63rFPnPbPy+3y5YpX5A5hgrP56AvT+Hxs+FvY\/\/jFkb9\/\/nm6P0S9x4Hj8\/PX63xapuMnPVjFnTe8M62VlHCum\/UF1nyI0vhXY9OcxHfjL\/x7OlTrtmKlWEvZ3u7ffgNhQAPzBwUAAA=="}
11-05 01:54:51.517  2401  2980 D d       : 2024-11-05 01:54:51.517 | F6BAD425-7CB2-4DD9-B482-C69E2B84CD87 | YT_TAG: FaceTrackerState, Msg: [YTLog]-[ONLINE]-1730789691517-{"TraceType":"FaceTracker","TraceData":"H4sIAAAAAAAAANVUSW7bQBD8C88TYXqZTT\/IGwxDUGw6EaA4BkUECAz\/PVUzZHxxDjnGkFTsvbu66dfpcV7nh\/W04Gc63kkMgq+XGJLF+zDdvs3XdV5Ot\/W8ztMxhunp\/DDf4Po6PS3n7\/Pnx+mYoF4X6CngeU8mLUjKwUoLSRTZXn5cnlcGi0vQpEGyAlG0WlBvQaN3vSoROsGzZdgTEH4JPqbBGJc9mBNjMIVvqsHiQK0btoK8AjvzwO6UHXUzbBakQG4J+ekLXYxdVpFuHzL7awO7P+pZQy3mLUD0I3nI7L+1EduoQ66GPqUMWVmn9tl6L5yRvg45cjYgZ8c8rME+jDMr6pXauelYUqeVsZaRp+rgogAVc2TosUhFb8586M8t9fxOvyRAyLkBYa+01z6DaxmyoC\/k9jh24RF69OTkWHEk5EjpP3bkOnbqusUR61Z\/x12\/++1xWx4BGvKKkuMC5K6xL8W85N9YF3r0yjmEfWXsD3M7di7g2sk\/Ti+RT884PdQpBpS+mxTJMephp4bb8EKO0Qfuz5DLWQsvgDVyzmfrXHNfHRE77sX63rFPnPbPy+3y5YpX5A5hgrP56AvT+Hxs+FvY\/\/jFkb9\/\/nm6P0S9x4Hj8\/PX63xapuMnPVjFnTe8M62VlHCum\/UF1nyI0vhXY9OcxHfjL\/x7OlTrtmKlWEvZ3u7ffgNhQAPzBwUAAA=="}
11-05 01:54:51.517  2401  3009 D FaceDetectHelper: [YTLog]-[ONLINE]-1730789691517-{"TraceType":"FaceQuality","TraceData":{"quality_type":"eye_close","quality_score":"0.14736523,0.1220901","quality_thr":0.2199999988079071}}
11-05 01:54:51.517  2401  2980 D d       : 2024-11-05 01:54:51.517 | F6BAD425-7CB2-4DD9-B482-C69E2B84CD87 | YT_TAG: FaceDetectHelper, Msg: [YTLog]-[ONLINE]-1730789691517-{"TraceType":"FaceQuality","TraceData":{"quality_type":"eye_close","quality_score":"0.14736523,0.1220901","quality_thr":0.2199999988079071}}
11-05 01:54:51.601  2401  3009 D FaceTrackerState: [YTLog]-[ONLINE]-1730789691601-{"TraceType":"FaceTracker","TraceData":"H4sIAAAAAAAAANVTy04jQQz8lz73Irtt92P+YL8BoSjAAJGyLJqMkBDi3yl3zywX9rDHjdJxbJfd5fLMe7if1\/luPSz4CdM1U2QcLRRN6CaGy9N8XuflcFmP6xwmiuHheDdfAH0PD8vx1\/zzPkzGMawL4u4AsjfjHNlalFKicUK3l9+n59WLWWpMlno6aYtcqdtE3OMp4ZjAR0wMeY8BZxl+ipKByxJFHY8rktsShYZNdbPN0JdHXpBX1Cvu9frGkYt0DFfgGui2rYbArwl82JpHvurAwxdxPPolr8f9zMMS5ug1tfcb\/7c8YgPv3HhwMa\/TwbHP6lzhg69I6zzENUq5y5iMYNGzQIPSei\/JPi\/imCthcQJswnyCRSbwUe\/HGtU5C3zHaYWFj1pV7bOplD6DpjJ8BtcMS9LvVcpdQyXUM6z3Z\/TxXQlwrrG24Wcbtm7373aP77i9buvDsAKuzL4rfxhbn4+hm\/g+kuMQl9x5M\/RTz2Nu9f0AYzR4meuJGc3ngF7Wd+Rx9EIPbdTvUNfSwMN34vO61hn88CxJURzr2gs0c+19h+N54W3vhkf79XQ53Z7xilxDQgaF7w5S4\/t94m9l\/+OB0F\/ff57uj1BfddD4+Px4ng9LmH7wVaFCVbnUhh1nsj37gqxd1drwqTlrNcN7uCXfwoRKvKT4cKOClWb5uPn4BCdJ2n4HBQAA"}
11-05 01:54:51.601  2401  2980 D d       : 2024-11-05 01:54:51.601 | F6BAD425-7CB2-4DD9-B482-C69E2B84CD87 | YT_TAG: FaceTrackerState, Msg: [YTLog]-[ONLINE]-1730789691601-{"TraceType":"FaceTracker","TraceData":"H4sIAAAAAAAAANVTy04jQQz8lz73Irtt92P+YL8BoSjAAJGyLJqMkBDi3yl3zywX9rDHjdJxbJfd5fLMe7if1\/luPSz4CdM1U2QcLRRN6CaGy9N8XuflcFmP6xwmiuHheDdfAH0PD8vx1\/zzPkzGMawL4u4AsjfjHNlalFKicUK3l9+n59WLWWpMlno6aYtcqdtE3OMp4ZjAR0wMeY8BZxl+ipKByxJFHY8rktsShYZNdbPN0JdHXpBX1Cvu9frGkYt0DFfgGui2rYbArwl82JpHvurAwxdxPPolr8f9zMMS5ug1tfcb\/7c8YgPv3HhwMa\/TwbHP6lzhg69I6zzENUq5y5iMYNGzQIPSei\/JPi\/imCthcQJswnyCRSbwUe\/HGtU5C3zHaYWFj1pV7bOplD6DpjJ8BtcMS9LvVcpdQyXUM6z3Z\/TxXQlwrrG24Wcbtm7373aP77i9buvDsAKuzL4rfxhbn4+hm\/g+kuMQl9x5M\/RTz2Nu9f0AYzR4meuJGc3ngF7Wd+Rx9EIPbdTvUNfSwMN34vO61hn88CxJURzr2gs0c+19h+N54W3vhkf79XQ53Z7xilxDQgaF7w5S4\/t94m9l\/+OB0F\/ff57uj1BfddD4+Px4ng9LmH7wVaFCVbnUhh1nsj37gqxd1drwqTlrNcN7uCXfwoRKvKT4cKOClWb5uPn4BCdJ2n4HBQAA"}
11-05 01:54:51.615  2401  3009 D FaceTrackerState: [YTLog]-[ONLINE]-1730789691615-{"TraceType":"FaceTracker","TraceData":"H4sIAAAAAAAAANVUWW7bQAy9i75ZY7jN4hv0DEFguInSGnCTQBYKFEHu3scZ6adAmu8aHlPcHsnHkd+mx3mdH9bTgp\/peMeJGMdKItd0T9Ptx3xd5+V0W8\/rPB0TTU\/nh\/mG0LfpaTn\/nL8+TkcXmtYF9lAQsoNxJvZKWpycGWivL5fnNZJZKwnS2BskitZEYnhO3O0iOK7QYVOHP2wN8Q5dSDPis5JaxDdSCVlI05BSN9kycNPwK\/wWuhIjVxoTF4MM\/NxjuZWu97rNoKPPWuAPTB\/xiFWNPOBJ4KA+M2qn\/iw9pw6c0Ovwh23Ejxl7LzEr6gjmUBDfZxPo6Fe19T40OBLUKrVz1WXB7KV1LM1jXjVgFUgBbt7w0JMFHhuZBndMFnHg2gw6cs1ipvDX3q9JGTqj1+xkCdKRl3Ln0BLyucIPfI546ODD+g6i3pYXsm71d7nb97g9b8Nh4CqDb45dYU+wa8beEauxJ2k9nqMP9M\/gzzADY26rsS8ljz0Ax2OHmM1jDvg9doAdO+bR6L+BS8xswSXumnlwCTypndOYU0ucPE74Q8p+X2TstTmu9q\/L7fLtilfkDhQyWvjowP1BxCeJ\/9vBaxDf9o+JP4X4Kxk8n5+\/X+fTMh2\/8CFjhUlrVryO2fFPs3lf4fVDSw2fasVYGHdhc\/6ejnyotXWn52a1ur7fv\/8BlDsYRAsFAAA="}
11-05 01:54:51.615  2401  2980 D d       : 2024-11-05 01:54:51.615 | F6BAD425-7CB2-4DD9-B482-C69E2B84CD87 | YT_TAG: FaceTrackerState, Msg: [YTLog]-[ONLINE]-1730789691615-{"TraceType":"FaceTracker","TraceData":"H4sIAAAAAAAAANVUWW7bQAy9i75ZY7jN4hv0DEFguInSGnCTQBYKFEHu3scZ6adAmu8aHlPcHsnHkd+mx3mdH9bTgp\/peMeJGMdKItd0T9Ptx3xd5+V0W8\/rPB0TTU\/nh\/mG0LfpaTn\/nL8+TkcXmtYF9lAQsoNxJvZKWpycGWivL5fnNZJZKwnS2BskitZEYnhO3O0iOK7QYVOHP2wN8Q5dSDPis5JaxDdSCVlI05BSN9kycNPwK\/wWuhIjVxoTF4MM\/NxjuZWu97rNoKPPWuAPTB\/xiFWNPOBJ4KA+M2qn\/iw9pw6c0Ovwh23Ejxl7LzEr6gjmUBDfZxPo6Fe19T40OBLUKrVz1WXB7KV1LM1jXjVgFUgBbt7w0JMFHhuZBndMFnHg2gw6cs1ipvDX3q9JGTqj1+xkCdKRl3Ln0BLyucIPfI546ODD+g6i3pYXsm71d7nb97g9b8Nh4CqDb45dYU+wa8beEauxJ2k9nqMP9M\/gzzADY26rsS8ljz0Ax2OHmM1jDvg9doAdO+bR6L+BS8xswSXumnlwCTypndOYU0ucPE74Q8p+X2TstTmu9q\/L7fLtilfkDhQyWvjowP1BxCeJ\/9vBaxDf9o+JP4X4Kxk8n5+\/X+fTMh2\/8CFjhUlrVryO2fFPs3lf4fVDSw2fasVYGHdhc\/6ejnyotXWn52a1ur7fv\/8BlDsYRAsFAAA="}
11-05 01:54:51.677  2401  3009 D FaceTrackerState: [YTLog]-[ONLINE]-1730789691677-{"TraceType":"FaceTracker","TraceData":"H4sIAAAAAAAAANVT22rbQBD9Fz1vw85tL\/qDfkMIxk2U1uCmQRaFEvLvPTMrvRTaQt9qLI9258yZyxm\/TU\/LtjxupxU\/03xPOREerTmZ5Ic03b4s121ZT7ftvC3TnNP0fH5cboC+Tc\/r+evy8WmaTdK0rbj3AyAHGZVE1pNUS0YMttdvl5fNg0laYoS5mw1JW06seM+EMydmCj9n4MTgx5k78IYzJynAF02ijkOKwNckeVhuu+0FvHn4BX71M\/IWcHdKVBXW+Utgqdc4c0YtXXGGbRV+57SBB1bE48DHzoP8RMid4507am5t8MT78PvdwI8eoxajyMPoQzB4Fli26F9Qt9chPiNGrtpiVmGrwPbgkuI5cK+YW\/V48JadD\/NQBj9ZUrHgV8dh1qo4lwrrPSn8LepVruNMqLUgLkvUqbnEDDUjnoBzfgIPc2ikoQGWh\/c4ty2P\/Ic97g\/cEbfzEHjF14ZcK+iEeynQHVhxnbgHnrwO1E+Yo6IHQt\/aXC9J6hqAx1xD9GbeB\/zmGkBjQz\/i9bsu6FkrtHAe81lS9C9l9CnuqyVWWGL2JfQZ+8JD125Y7e+X2+XTFX+Re6QnrMLvnj+4\/xL5vz3YJf\/2\/ftPFL8EY9Dnl8\/X5bRO8we6K9CjlV5q016F9PC+wmt3HZvQe8sdW+cLszt\/TDMie\/aPVeas1t8f3n8CiigHbgsFAAA="}
11-05 01:54:51.677  2401  2980 D d       : 2024-11-05 01:54:51.677 | F6BAD425-7CB2-4DD9-B482-C69E2B84CD87 | YT_TAG: FaceTrackerState, Msg: [YTLog]-[ONLINE]-1730789691677-{"TraceType":"FaceTracker","TraceData":"H4sIAAAAAAAAANVT22rbQBD9Fz1vw85tL\/qDfkMIxk2U1uCmQRaFEvLvPTMrvRTaQt9qLI9258yZyxm\/TU\/LtjxupxU\/03xPOREerTmZ5Ic03b4s121ZT7ftvC3TnNP0fH5cboC+Tc\/r+evy8WmaTdK0rbj3AyAHGZVE1pNUS0YMttdvl5fNg0laYoS5mw1JW06seM+EMydmCj9n4MTgx5k78IYzJynAF02ijkOKwNckeVhuu+0FvHn4BX71M\/IWcHdKVBXW+Utgqdc4c0YtXXGGbRV+57SBB1bE48DHzoP8RMid4507am5t8MT78PvdwI8eoxajyMPoQzB4Fli26F9Qt9chPiNGrtpiVmGrwPbgkuI5cK+YW\/V48JadD\/NQBj9ZUrHgV8dh1qo4lwrrPSn8LepVruNMqLUgLkvUqbnEDDUjnoBzfgIPc2ikoQGWh\/c4ty2P\/Ic97g\/cEbfzEHjF14ZcK+iEeynQHVhxnbgHnrwO1E+Yo6IHQt\/aXC9J6hqAx1xD9GbeB\/zmGkBjQz\/i9bsu6FkrtHAe81lS9C9l9CnuqyVWWGL2JfQZ+8JD125Y7e+X2+XTFX+Re6QnrMLvnj+4\/xL5vz3YJf\/2\/ftPFL8EY9Dnl8\/X5bRO8we6K9CjlV5q016F9PC+wmt3HZvQe8sdW+cLszt\/TDMie\/aPVeas1t8f3n8CiigHbgsFAAA="}
11-05 01:54:51.753  2401  3009 D FaceTrackerState: [YTLog]-[ONLINE]-1730789691753-{"TraceType":"FaceTracker","TraceData":"H4sIAAAAAAAAANVUSW4bQQz8S587QnPpbX6QNxiGINvjRIDiGKNBgMDw311kzwC+ODn4ZEGjEptLsciWXsLDvM7363HBR5huKEXCozXFLOk2huvP+bLOy\/G6ntY5TCmGx9P9fEXoS3hcTr\/m7w9hyhrDuuDcDITsxahGyiVKLTETodrz7\/PTaskkLXLmSCVF1h6pDeTEfs5sKLBxJhl+O+tejoWjWF6RKEqI61HYsEZJA7lt2BGvafgFfjVbwIt6nSJVBVr94rHU0VfXwdsR14Hwub\/piMd3QU8WL2z54CcemNBXN\/7uddnzN39rW3xyjaJ5aAUPK2zXCmRx\/SLd+5CMnhi9V9TNNLBCe22uQcrQ67OoQEbdstXDPNQ4KUcVoMAGl81ajR+5quraVKr3q1yHTeijIC+J82qy2Tcg8gmIi8Jk8ew7Ut9BGrblGbaNf8f9fI\/b87Y6RDYrzB31TT8xdlcwf+RKhx93QBFDYn0jDvNT80O3NtuXRLWZIz+bfmjMpgN+XEHfTYYeMT7bCzjUZoa7ptm4UI+x12I6Yfuc1a+waPPZi\/Xp94W2vWdc7T\/n6\/nugp\/IDegJqR89\/3D\/J\/OrPZDz\/v25MpuFSZ+eflzm4xKmb3QojWprLTFp6URl9z7Dmw8dK8QrV+ak+JfYnH\/DRIdW3EcqCRdD6+vt6xt9BzJ4DQUAAA=="}
11-05 01:54:51.753  2401  2980 D d       : 2024-11-05 01:54:51.753 | F6BAD425-7CB2-4DD9-B482-C69E2B84CD87 | YT_TAG: FaceTrackerState, Msg: [YTLog]-[ONLINE]-1730789691753-{"TraceType":"FaceTracker","TraceData":"H4sIAAAAAAAAANVUSW4bQQz8S587QnPpbX6QNxiGINvjRIDiGKNBgMDw311kzwC+ODn4ZEGjEptLsciWXsLDvM7363HBR5huKEXCozXFLOk2huvP+bLOy\/G6ntY5TCmGx9P9fEXoS3hcTr\/m7w9hyhrDuuDcDITsxahGyiVKLTETodrz7\/PTaskkLXLmSCVF1h6pDeTEfs5sKLBxJhl+O+tejoWjWF6RKEqI61HYsEZJA7lt2BGvafgFfjVbwIt6nSJVBVr94rHU0VfXwdsR14Hwub\/piMd3QU8WL2z54CcemNBXN\/7uddnzN39rW3xyjaJ5aAUPK2zXCmRx\/SLd+5CMnhi9V9TNNLBCe22uQcrQ67OoQEbdstXDPNQ4KUcVoMAGl81ajR+5quraVKr3q1yHTeijIC+J82qy2Tcg8gmIi8Jk8ew7Ut9BGrblGbaNf8f9fI\/b87Y6RDYrzB31TT8xdlcwf+RKhx93QBFDYn0jDvNT80O3NtuXRLWZIz+bfmjMpgN+XEHfTYYeMT7bCzjUZoa7ptm4UI+x12I6Yfuc1a+waPPZi\/Xp94W2vWdc7T\/n6\/nugp\/IDegJqR89\/3D\/J\/OrPZDz\/v25MpuFSZ+eflzm4xKmb3QojWprLTFp6URl9z7Dmw8dK8QrV+ak+JfYnH\/DRIdW3EcqCRdD6+vt6xt9BzJ4DQUAAA=="}
11-05 01:54:51.762  2401  3009 D FaceTrackerState: [YTLog]-[ONLINE]-1730789691762-{"TraceType":"FaceTracker","TraceData":"H4sIAAAAAAAAAN1Ty2ocMRD8F50Vo37pMX+Qbwhm2djjZGHjmNkhYIz\/3dWSBnJKDrll2Zmi1dWvas1beFz39WE\/bXiF5QulSHi0pGiS7mO4fV+v+7qdbvt5X8OSYng6P6w3UN\/C03b+sX5+DItZDPuGczdAOZJRiWQlSsnRiJHt5eflefdgkhrZOFJOkbVFqgM5Mc4pMjsKbJyJwQ+bwbMMm6N4XJYoCq61KOyIUmkg14kNfE3DL\/Cr24K6yN0oUlGg58+dS612u9dt4DUgfFQ9pw0+bEFPzhf2eNQnHpjQV3NuG3l6\/PTXOvmpzy5qHb0OK+w+Kw8O+hVpvQ8x9MQuY+naSIFdZCBmkDzm7VoUICNvnvmgh3o+sqgCFNio5Vqr10esQg+uCn\/p\/SrnYRPOM+KS9LqaXPsKRDwBcVGYnM99R9p3kIbtcY511j\/wOD94R9zMQ+RaKRBaYW\/Eqc9HiBXfB+6AgkPifYMH\/TRjP5hb0TOBo6454s3nx4zmc8BvRH03hnnE6\/lefB7XDHdNzWtxn1+yz+lau87ar7BAM9+BsMz7QnPviqv963K7fL2u\/RtC33940N7fKP\/Lg1F\/\/\/9bmmlB6\/Pzt+t62sLyie6sZs1aMudacpXD+QKn3VVN+OGSWC0V65rO17B4oPuSYo0m+Cbe798\/ALRu2fQOBQAA"}
11-05 01:54:51.762  2401  2980 D d       : 2024-11-05 01:54:51.762 | F6BAD425-7CB2-4DD9-B482-C69E2B84CD87 | YT_TAG: FaceTrackerState, Msg: [YTLog]-[ONLINE]-1730789691762-{"TraceType":"FaceTracker","TraceData":"H4sIAAAAAAAAAN1Ty2ocMRD8F50Vo37pMX+Qbwhm2djjZGHjmNkhYIz\/3dWSBnJKDrll2Zmi1dWvas1beFz39WE\/bXiF5QulSHi0pGiS7mO4fV+v+7qdbvt5X8OSYng6P6w3UN\/C03b+sX5+DItZDPuGczdAOZJRiWQlSsnRiJHt5eflefdgkhrZOFJOkbVFqgM5Mc4pMjsKbJyJwQ+bwbMMm6N4XJYoCq61KOyIUmkg14kNfE3DL\/Cr24K6yN0oUlGg58+dS612u9dt4DUgfFQ9pw0+bEFPzhf2eNQnHpjQV3NuG3l6\/PTXOvmpzy5qHb0OK+w+Kw8O+hVpvQ8x9MQuY+naSIFdZCBmkDzm7VoUICNvnvmgh3o+sqgCFNio5Vqr10esQg+uCn\/p\/SrnYRPOM+KS9LqaXPsKRDwBcVGYnM99R9p3kIbtcY511j\/wOD94R9zMQ+RaKRBaYW\/Eqc9HiBXfB+6AgkPifYMH\/TRjP5hb0TOBo6454s3nx4zmc8BvRH03hnnE6\/lefB7XDHdNzWtxn1+yz+lau87ar7BAM9+BsMz7QnPviqv963K7fL2u\/RtC33940N7fKP\/Lg1F\/\/\/9bmmlB6\/Pzt+t62sLyie6sZs1aMudacpXD+QKn3VVN+OGSWC0V65rO17B4oPuSYo0m+Cbe798\/ALRu2fQOBQAA"}
11-05 01:54:51.803  2401  3009 D FaceTrackerState: [YTLog]-[ONLINE]-1730789691803-{"TraceType":"FaceTracker","TraceData":"H4sIAAAAAAAAANVTW07cQBC8y3x30PRjXr4BZ0BotQEDK20AeS2kCHH3VM\/Y4ifZ\/0iYWnf1s7r9GR7ndX5YDwv+hemOIzEeK5GSxnsKl5f5vM7L4bIe1zlMkcLT8WG+wPUzPC3HX\/PtY5hSprAusPsLXPZkXIjBaSmUWJDt\/e30unowayVJQpwjiTXi6ghbFNiZRKTzEhuJJvD4La2nE2VSj8tKavBNlVQcC2kcKHXDlpA3Dl7BG+LN6yo4Ji7WfbjC3jJxqyPG6zb4NSA4rmWg+wMVPbm\/iudppMwDI\/pq7ut5rNukbryjjLo+m1oaM6KO96QRMSrDB\/Ora4Q+FPOJlC6ja9OxYPZSey7Nuc\/btShAQd7s+VAbepjn40Sm1rUz94PmZnjPBQi+Op97vyaez8gYfWXYo\/a6Fl37CoSdgTgUERxL1xZ++C3J3z0uD6xb\/R13++63x215mIdWfjo+P8Ou6IERq74v3IChNqNX8z1CP3MeB2tVsS8lc83hk3x+aJx8DuiS+o5wiuhfUcewI1Wga5YQB00Ud2HQTzM432fXWbvmamMHfkvjXnjbe8Jpf5wup59nfCJ3CGOcwd8eUNfZf1H\/44NP6fvv6uDX5foOhMzH1+fzfFjC9INvcsbacixcSlHDtWzsO9h0U\/DttlZa5Ma4kI37HSYEJqdazlkYW\/66\/\/oDRDFtEAgFAAA="}
11-05 01:54:51.803  2401  2980 D d       : 2024-11-05 01:54:51.803 | F6BAD425-7CB2-4DD9-B482-C69E2B84CD87 | YT_TAG: FaceTrackerState, Msg: [YTLog]-[ONLINE]-1730789691803-{"TraceType":"FaceTracker","TraceData":"H4sIAAAAAAAAANVTW07cQBC8y3x30PRjXr4BZ0BotQEDK20AeS2kCHH3VM\/Y4ifZ\/0iYWnf1s7r9GR7ndX5YDwv+hemOIzEeK5GSxnsKl5f5vM7L4bIe1zlMkcLT8WG+wPUzPC3HX\/PtY5hSprAusPsLXPZkXIjBaSmUWJDt\/e30unowayVJQpwjiTXi6ghbFNiZRKTzEhuJJvD4La2nE2VSj8tKavBNlVQcC2kcKHXDlpA3Dl7BG+LN6yo4Ji7WfbjC3jJxqyPG6zb4NSA4rmWg+wMVPbm\/iudppMwDI\/pq7ut5rNukbryjjLo+m1oaM6KO96QRMSrDB\/Ora4Q+FPOJlC6ja9OxYPZSey7Nuc\/btShAQd7s+VAbepjn40Sm1rUz94PmZnjPBQi+Op97vyaez8gYfWXYo\/a6Fl37CoSdgTgUERxL1xZ++C3J3z0uD6xb\/R13++63x215mIdWfjo+P8Ou6IERq74v3IChNqNX8z1CP3MeB2tVsS8lc83hk3x+aJx8DuiS+o5wiuhfUcewI1Wga5YQB00Ud2HQTzM432fXWbvmamMHfkvjXnjbe8Jpf5wup59nfCJ3CGOcwd8eUNfZf1H\/44NP6fvv6uDX5foOhMzH1+fzfFjC9INvcsbacixcSlHDtWzsO9h0U\/DttlZa5Ma4kI37HSYEJqdazlkYW\/66\/\/oDRDFtEAgFAAA="}
11-05 01:54:51.845  2401  3009 D FaceTrackerState: [YTLog]-[ONLINE]-1730789691845-{"TraceType":"FaceTracker","TraceData":"H4sIAAAAAAAAANVT22rbQBD9l32ehp3L3vQH+YYQjJsoicFNgiwCJeTfe2ZXolDqvtdoPdKcuZ6Z\/QyP8zo\/rIcFf2G640iMYyVS0nhP4fIyn9d5OVzW4zqHKVJ4Oj7MF5h+hqfl+GO+fQxTKhTWBXr\/gMkejAtxyqQlU2JGtPe30+vqzqyVJDHgRmKNuEZI6KJ0vYhLnAhcDTjepfZwokyaYZ+F1GCbKqm4LKRxSKkuYdsS4saBK3DzbyHOCgz5i3Ubrm6biVsdPiBBGuwa8gPjWoYswPCumrq9isdppMxDRvdzW49jXSd1w13KyOu99Vq8R+TxmjTCR2XYoH\/V1utQ9CeCnKV0brosClm7r+bc++1cFEhJgxvnDnyYx+NEBh6dO3M7cG6G71wggVfHc6\/XxOMZGaOuDH3Unteic18hoWdI50iwLJ1b2OFdkn+7Xx6ybvl3uet3u91vi8M8uGLEV+Ri6BU1sBipz0tQn6+Vet2YD\/gzx7GwVhXzUjLnHP7J+wfHyfsAL6nPqEAPbpDHau0c+7Jrgh84UeyFgT\/NwHyenWftnKuNGfgujX3hbe4Jq\/1xupy+n3FF7uDGWIO\/HUDjuQJe8\/sfD27S7+dq0\/+M8AdbYPn4+nyeD0uYvvFNzth8LDT22Rruwga+A0w3BTcRP26xqGFYG\/gzTHAszX9WkpXGkr\/uv34BkkYoywgFAAA="}
11-05 01:54:51.845  2401  2980 D d       : 2024-11-05 01:54:51.845 | F6BAD425-7CB2-4DD9-B482-C69E2B84CD87 | YT_TAG: FaceTrackerState, Msg: [YTLog]-[ONLINE]-1730789691845-{"TraceType":"FaceTracker","TraceData":"H4sIAAAAAAAAANVT22rbQBD9l32ehp3L3vQH+YYQjJsoicFNgiwCJeTfe2ZXolDqvtdoPdKcuZ6Z\/QyP8zo\/rIcFf2G640iMYyVS0nhP4fIyn9d5OVzW4zqHKVJ4Oj7MF5h+hqfl+GO+fQxTKhTWBXr\/gMkejAtxyqQlU2JGtPe30+vqzqyVJDHgRmKNuEZI6KJ0vYhLnAhcDTjepfZwokyaYZ+F1GCbKqm4LKRxSKkuYdsS4saBK3DzbyHOCgz5i3Ubrm6biVsdPiBBGuwa8gPjWoYswPCumrq9isdppMxDRvdzW49jXSd1w13KyOu99Vq8R+TxmjTCR2XYoH\/V1utQ9CeCnKV0brosClm7r+bc++1cFEhJgxvnDnyYx+NEBh6dO3M7cG6G71wggVfHc6\/XxOMZGaOuDH3Unteic18hoWdI50iwLJ1b2OFdkn+7Xx6ybvl3uet3u91vi8M8uGLEV+Ri6BU1sBipz0tQn6+Vet2YD\/gzx7GwVhXzUjLnHP7J+wfHyfsAL6nPqEAPbpDHau0c+7Jrgh84UeyFgT\/NwHyenWftnKuNGfgujX3hbe4Jq\/1xupy+n3FF7uDGWIO\/HUDjuQJe8\/sfD27S7+dq0\/+M8AdbYPn4+nyeD0uYvvFNzth8LDT22Rruwga+A0w3BTcRP26xqGFYG\/gzTHAszX9WkpXGkr\/uv34BkkYoywgFAAA="}
11-05 01:54:51.922  2401  3009 D FaceTrackerState: [YTLog]-[ONLINE]-1730789691922-{"TraceType":"FaceTracker","TraceData":"H4sIAAAAAAAAANVTW27bQAy8i77ZYPnYh3yDniEIDDdRWgNuEthCgSDI3TOzK\/8UTf5raE1xOXwNqbfpYVmX+3V\/xt+0u9UkihM1SfZ0J9Pl13Jal\/P+sh7WZdolmR4P98sF0Lfp8Xz4vXx\/mHa5ybSecU8FkGswraI5i9ciWRXRXp6PTyud1ZtYVtGSxGIWbZS4S9bvzShx0izmATverSFcga7i9CsmHsAivRtlEU+UVawN3eaMuGnYvQKPuzDkDdiQv+aO0UZsEZ3b8AEJNgM3Iz9s2hgzDzx094F3Y5xZXG3IRD9i4TfH0Ntmp7SRl7155NEj8rAmT8jtkOa9fydHqMPRH3v3Wjs3XVbErq37eim9385FpX8e3JA78BGMp1kCPJK76JxhyAG9NEjvvUXvaQa+DJ01I3Yk73VGIvfAc0YKHDkyxOncAo931he2+VG2Lf9VXu+vuKvfFkd1cKXaev+Key\/gHbw552XMi7XCLINzZF20V8Rrjnm5BGcI\/8z+0WNmH7BjBftsMup31t9GDi67Z\/hhDx28Bfhz8OKcZ\/XtcHfqkKyT+4B6xtwzVvvP8XL8ccIncgs3xdj\/dWAazyfGz\/z+x4MpbM9XTX8Z4S9HsHx4+nla9udp901vitWC7yWl0JKxA5vxBcZ8k2vCD2tRinJom\/F12sFRUzeGJ+xE1Pe79w+yjlnnCAUAAA=="}
11-05 01:54:51.922  2401  2980 D d       : 2024-11-05 01:54:51.922 | F6BAD425-7CB2-4DD9-B482-C69E2B84CD87 | YT_TAG: FaceTrackerState, Msg: [YTLog]-[ONLINE]-1730789691922-{"TraceType":"FaceTracker","TraceData":"H4sIAAAAAAAAANVTW27bQAy8i77ZYPnYh3yDniEIDDdRWgNuEthCgSDI3TOzK\/8UTf5raE1xOXwNqbfpYVmX+3V\/xt+0u9UkihM1SfZ0J9Pl13Jal\/P+sh7WZdolmR4P98sF0Lfp8Xz4vXx\/mHa5ybSecU8FkGswraI5i9ciWRXRXp6PTyud1ZtYVtGSxGIWbZS4S9bvzShx0izmATverSFcga7i9CsmHsAivRtlEU+UVawN3eaMuGnYvQKPuzDkDdiQv+aO0UZsEZ3b8AEJNgM3Iz9s2hgzDzx094F3Y5xZXG3IRD9i4TfH0Ntmp7SRl7155NEj8rAmT8jtkOa9fydHqMPRH3v3Wjs3XVbErq37eim9385FpX8e3JA78BGMp1kCPJK76JxhyAG9NEjvvUXvaQa+DJ01I3Yk73VGIvfAc0YKHDkyxOncAo931he2+VG2Lf9VXu+vuKvfFkd1cKXaev+Key\/gHbw552XMi7XCLINzZF20V8Rrjnm5BGcI\/8z+0WNmH7BjBftsMup31t9GDi67Z\/hhDx28Bfhz8OKcZ\/XtcHfqkKyT+4B6xtwzVvvP8XL8ccIncgs3xdj\/dWAazyfGz\/z+x4MpbM9XTX8Z4S9HsHx4+nla9udp901vitWC7yWl0JKxA5vxBcZ8k2vCD2tRinJom\/F12sFRUzeGJ+xE1Pe79w+yjlnnCAUAAA=="}
11-05 01:54:51.947  2401  3009 D FaceTrackerState: [YTLog]-[ONLINE]-1730789691947-{"TraceType":"FaceTracker","TraceData":"H4sIAAAAAAAAANVTy24bMQz8F51VQ3xIWu0f9BuKwHCSTWvATYL1okAR5N8zI63RnnpoTzUs0+RQfAypt\/C4bMvDdlzxE+YvkqLgeE0xW7qL4fptuWzLerxup20Jc4rh6fSwXOH6Fp7W0\/fl82OYc4thW2GnApdbMClR8hSteswiiPb6cn7eeFmsRs3aYfUWpTZI\/E8Jdomq0nFNsJlHmWib4O\/QJRpSatFoTn+kUMoSLQ2p0y4b\/dvADbhn5EHeYsAEeYG3jPiwN5Tbatd73mbQIacKnDHL8Ic0o39FXOs5TWRI5u93Ws89dOI6pDKf9h57LewVedR5v43e6IP+DXUrbEaOFLkqOUtDVuStU+\/ByujXEEMr7yNu2eMlic54kqPb4M7pB87doZcKifyTAy+9dtcydNZccC9Zr9MT7JibJ9gFflgUFcRR6ODD+8zS0HmPcqJuv+TNfvO73dvjCOIa10bQL+cEuxXMnTyDT1H6YUlZB\/gT7IijB0HfjpoFXHprvb7M\/p2rp50XrGCfcUb9xvoxI2MccsY45LZI75+cOrgzYjWPA866VB\/7QO77XDNW+8f5er6\/LP0Nob4\/HJT3F9D\/eNDO799\/C7NroPr0\/PWyHNcwf5JDS1PCYysJL6QVvOodfQVaDnj2+GA5ShE+mx38GWY55EosZfWM1179\/e79A53e7FUOBQAA"}
11-05 01:54:51.948  2401  2980 D d       : 2024-11-05 01:54:51.948 | F6BAD425-7CB2-4DD9-B482-C69E2B84CD87 | YT_TAG: FaceTrackerState, Msg: [YTLog]-[ONLINE]-1730789691947-{"TraceType":"FaceTracker","TraceData":"H4sIAAAAAAAAANVTy24bMQz8F51VQ3xIWu0f9BuKwHCSTWvATYL1okAR5N8zI63RnnpoTzUs0+RQfAypt\/C4bMvDdlzxE+YvkqLgeE0xW7qL4fptuWzLerxup20Jc4rh6fSwXOH6Fp7W0\/fl82OYc4thW2GnApdbMClR8hSteswiiPb6cn7eeFmsRs3aYfUWpTZI\/E8Jdomq0nFNsJlHmWib4O\/QJRpSatFoTn+kUMoSLQ2p0y4b\/dvADbhn5EHeYsAEeYG3jPiwN5Tbatd73mbQIacKnDHL8Ic0o39FXOs5TWRI5u93Ws89dOI6pDKf9h57LewVedR5v43e6IP+DXUrbEaOFLkqOUtDVuStU+\/ByujXEEMr7yNu2eMlic54kqPb4M7pB87doZcKifyTAy+9dtcydNZccC9Zr9MT7JibJ9gFflgUFcRR6ODD+8zS0HmPcqJuv+TNfvO73dvjCOIa10bQL+cEuxXMnTyDT1H6YUlZB\/gT7IijB0HfjpoFXHprvb7M\/p2rp50XrGCfcUb9xvoxI2MccsY45LZI75+cOrgzYjWPA866VB\/7QO77XDNW+8f5er6\/LP0Nob4\/HJT3F9D\/eNDO799\/C7NroPr0\/PWyHNcwf5JDS1PCYysJL6QVvOodfQVaDnj2+GA5ShE+mx38GWY55EosZfWM1179\/e79A53e7FUOBQAA"}
11-05 01:54:51.999  2401  3009 D FaceTrackerState: [YTLog]-[ONLINE]-1730789691999-{"TraceType":"FaceTracker","TraceData":"H4sIAAAAAAAAANVTy24bMQz8lz2rhvjQa\/+g31AEhptsWgNuGqwXBYog\/94ZaRfoqYf2VMMyLXJIDh96m56WbXnczit+pvmTxCA4XmJIFh\/CdP+63LZlPd+3y7ZMcwzT8+VxuQP6Nj2vl2\/Lx6dpzlBvK\/S84P8RTEqQVIOVFJIIor1+v75sdBYrQZN2s3oLUhok\/keBHkel2zVCZx6kUleBT7hLsAR81mAegUMKpczB4pBad9mIb8NusDvujrzZYBPk9Y6RCn3LQVoZPszbDHfIijJwFJiOr4hjxBfEtZ7TREbuBl7dh\/4+7hX5RYdU6rTX2LmwVuRRp38btRGD+g28FTpjjxS5CnsWhyzIW2qvwfKo1xBDMThTxM17PPTTGU88OPrI+I762XN33HOBRP5Ke+ncXRnPgpNzTsGjdZ4eoQfGI\/QCHBZFBXFU+4y8zyyOO\/0oaxz5D3noD9zht8cRYa8wb6wOZyuYm4GjwNc4DwUOGO4PeQt2xFG\/FPCrnBd4s+fwT6wfNSbWwYUmX8w4gb+RP2ZkjFO4T4jD3mbp9TOnc64FWMycK2zOVc595lLz6L1wfgmr\/eN6v36+Lf0NgfcfDuj9hel\/PCjn9+8\/hdgV6PTl5cttOa\/T\/EFONWtKxQV7Y9XxMHbrK6z5hBfAj2spLeF17Maf0yyn9P7w\/gs9Ewca\/gQAAA=="}
11-05 01:54:52.000  2401  2980 D d       : 2024-11-05 01:54:51.999 | F6BAD425-7CB2-4DD9-B482-C69E2B84CD87 | YT_TAG: FaceTrackerState, Msg: [YTLog]-[ONLINE]-1730789691999-{"TraceType":"FaceTracker","TraceData":"H4sIAAAAAAAAANVTy24bMQz8lz2rhvjQa\/+g31AEhptsWgNuGqwXBYog\/94ZaRfoqYf2VMMyLXJIDh96m56WbXnczit+pvmTxCA4XmJIFh\/CdP+63LZlPd+3y7ZMcwzT8+VxuQP6Nj2vl2\/Lx6dpzlBvK\/S84P8RTEqQVIOVFJIIor1+v75sdBYrQZN2s3oLUhok\/keBHkel2zVCZx6kUleBT7hLsAR81mAegUMKpczB4pBad9mIb8NusDvujrzZYBPk9Y6RCn3LQVoZPszbDHfIijJwFJiOr4hjxBfEtZ7TREbuBl7dh\/4+7hX5RYdU6rTX2LmwVuRRp38btRGD+g28FTpjjxS5CnsWhyzIW2qvwfKo1xBDMThTxM17PPTTGU88OPrI+I762XN33HOBRP5Ke+ncXRnPgpNzTsGjdZ4eoQfGI\/QCHBZFBXFU+4y8zyyOO\/0oaxz5D3noD9zht8cRYa8wb6wOZyuYm4GjwNc4DwUOGO4PeQt2xFG\/FPCrnBd4s+fwT6wfNSbWwYUmX8w4gb+RP2ZkjFO4T4jD3mbp9TOnc64FWMycK2zOVc595lLz6L1wfgmr\/eN6v36+Lf0NgfcfDuj9hel\/PCjn9+8\/hdgV6PTl5cttOa\/T\/EFONWtKxQV7Y9XxMHbrK6z5hBfAj2spLeF17Maf0yyn9P7w\/gs9Ewca\/gQAAA=="}
11-05 01:54:52.010  2401  3009 D ActionLivenessState: [YTLog]-[ONLINE]-1730789692010-onCanReflect
11-05 01:54:52.010  2401  2980 D d       : 2024-11-05 01:54:52.010 | F6BAD425-7CB2-4DD9-B482-C69E2B84CD87 | YT_TAG: ActionLivenessState, Msg: [YTLog]-[ONLINE]-1730789692010-onCanReflect
11-05 01:54:52.072  2401  3009 D FaceTrackerState: [YTLog]-[ONLINE]-1730789692072-{"TraceType":"FaceTracker","TraceData":"H4sIAAAAAAAAANVT22ocMQz9Fz+ri2VJvswf9BtCWLbJJFnYpmF2KJSQf++RPZOHQJrnLusRlo4uR5Jfw\/28znfrccEnTDcciXG0RDKJtxSuT\/NlnZfjdT2tc5gihYfT3XwF9DU8LKef8\/f7MGWmsC7Q+wWQPRgXYjOSksmYEe3l1\/l5dWeWQsmQzBolrcTFJXSRuz4llzixUhIlrgm6ES5JJHE\/pBUF1gpJcplJ4pCpbrIp8I2EgRfYFXdl4gx7E+RNHcNVh2y561NELQ24ZgNXZdg3vIjjKvK63ePLuHv9PUYcuJj6\/d3e8bVzE7XBtQEDHtK5QiZgwUekdv5ikCn3NiZFroLaUEeXyCN58O29KO4PLnmLh36ox2MlFe8Fk4K\/x1HvRS6QyF\/dPjip1wi+ytBn6J0D6tXovS\/jzsBhURL6qj4rxNY+A8\/nfjb0dcu\/y12\/43a\/LQ5Det2+OiJG7H3AnBmcpEKfgGPoUauq7w\/qyj5HxKs+r0Tq\/YW\/OX9wNOdRGDL2WRhm5PugtfQea0ZOA1\/snyCW1yUZffe5FcGJvdeiMiS4j32Rba4Fq\/37fD3\/uOCJ3GAdGG3\/7MD8CeILx\/\/tYAz+b\/9g\/GWID87o8+n58TIflzB940NRFjO8v6Yta96NLzDmQ2wRP7ZktVQ85c34J0x84G6LVvDO1Nrb7dtfnGkUUAkFAAA="}
11-05 01:54:52.072  2401  2980 D d       : 2024-11-05 01:54:52.072 | F6BAD425-7CB2-4DD9-B482-C69E2B84CD87 | YT_TAG: FaceTrackerState, Msg: [YTLog]-[ONLINE]-1730789692072-{"TraceType":"FaceTracker","TraceData":"H4sIAAAAAAAAANVT22ocMQz9Fz+ri2VJvswf9BtCWLbJJFnYpmF2KJSQf++RPZOHQJrnLusRlo4uR5Jfw\/28znfrccEnTDcciXG0RDKJtxSuT\/NlnZfjdT2tc5gihYfT3XwF9DU8LKef8\/f7MGWmsC7Q+wWQPRgXYjOSksmYEe3l1\/l5dWeWQsmQzBolrcTFJXSRuz4llzixUhIlrgm6ES5JJHE\/pBUF1gpJcplJ4pCpbrIp8I2EgRfYFXdl4gx7E+RNHcNVh2y561NELQ24ZgNXZdg3vIjjKvK63ePLuHv9PUYcuJj6\/d3e8bVzE7XBtQEDHtK5QiZgwUekdv5ikCn3NiZFroLaUEeXyCN58O29KO4PLnmLh36ox2MlFe8Fk4K\/x1HvRS6QyF\/dPjip1wi+ytBn6J0D6tXovS\/jzsBhURL6qj4rxNY+A8\/nfjb0dcu\/y12\/43a\/LQ5Det2+OiJG7H3AnBmcpEKfgGPoUauq7w\/qyj5HxKs+r0Tq\/YW\/OX9wNOdRGDL2WRhm5PugtfQea0ZOA1\/snyCW1yUZffe5FcGJvdeiMiS4j32Rba4Fq\/37fD3\/uOCJ3GAdGG3\/7MD8CeILx\/\/tYAz+b\/9g\/GWID87o8+n58TIflzB940NRFjO8v6Yta96NLzDmQ2wRP7ZktVQ85c34J0x84G6LVvDO1Nrb7dtfnGkUUAkFAAA="}
11-05 01:54:52.072  2401  3009 D FaceDetectHelper: [YTLog]-[ONLINE]-1730789692072-{"TraceType":"FaceQuality","TraceData":{"quality_type":"eye_close","quality_score":"0.010328364,0.01694391","quality_thr":0.2199999988079071}}
11-05 01:54:52.072  2401  2980 D d       : 2024-11-05 01:54:52.072 | F6BAD425-7CB2-4DD9-B482-C69E2B84CD87 | YT_TAG: FaceDetectHelper, Msg: [YTLog]-[ONLINE]-1730789692072-{"TraceType":"FaceQuality","TraceData":{"quality_type":"eye_close","quality_score":"0.010328364,0.01694391","quality_thr":0.2199999988079071}}
11-05 01:54:52.076  2401  3009 D ActionLivenessState: [YTLog]-[ONLINE]-1730789692076-onOneActionFrame
11-05 01:54:52.076  2401  2980 D d       : 2024-11-05 01:54:52.076 | F6BAD425-7CB2-4DD9-B482-C69E2B84CD87 | YT_TAG: ActionLivenessState, Msg: [YTLog]-[ONLINE]-1730789692076-onOneActionFrame
11-05 01:54:52.088  2401  3019 D ProtobufDataPrepare: [YTLog]-[ONLINE]-1730789692088-【WS】STEP8 - sendActionFrame:1
11-05 01:54:52.088  2401  2980 D d       : 2024-11-05 01:54:52.088 | F6BAD425-7CB2-4DD9-B482-C69E2B84CD87 | YT_TAG: ProtobufDataPrepare, Msg: [YTLog]-[ONLINE]-1730789692088-【WS】STEP8 - sendActionFrame:1
11-05 01:54:52.088  2401  3009 D ActionLivenessState: [YTLog]-[ONLINE]-1730789692088-onOneActionFrame
11-05 01:54:52.088  2401  2980 D d       : 2024-11-05 01:54:52.088 | F6BAD425-7CB2-4DD9-B482-C69E2B84CD87 | YT_TAG: ActionLivenessState, Msg: [YTLog]-[ONLINE]-1730789692088-onOneActionFrame
11-05 01:54:52.089  2401  3019 D YtWebSocketHelper: [YTLog]-[ONLINE]-1730789692089-【WS】makeMessage 【method】SendActionFrame message len=80229 methodLength=15 dataLen=80249
11-05 01:54:52.089  2401  2980 D d       : 2024-11-05 01:54:52.089 | F6BAD425-7CB2-4DD9-B482-C69E2B84CD87 | YT_TAG: YtWebSocketHelper, Msg: [YTLog]-[ONLINE]-1730789692089-【WS】makeMessage 【method】SendActionFrame message len=80229 methodLength=15 dataLen=80249
11-05 01:54:52.098  2401  3019 D ProtobufDataPrepare: [YTLog]-[ONLINE]-1730789692098-【WS】STEP8 - sendActionFrame:1
11-05 01:54:52.098  2401  3009 D ActionLivenessState: [YTLog]-[ONLINE]-1730789692098-onOneActionFrame
11-05 01:54:52.098  2401  2980 D d       : 2024-11-05 01:54:52.098 | F6BAD425-7CB2-4DD9-B482-C69E2B84CD87 | YT_TAG: ProtobufDataPrepare, Msg: [YTLog]-[ONLINE]-1730789692098-【WS】STEP8 - sendActionFrame:1
11-05 01:54:52.098  2401  2980 D d       : 2024-11-05 01:54:52.098 | F6BAD425-7CB2-4DD9-B482-C69E2B84CD87 | YT_TAG: ActionLivenessState, Msg: [YTLog]-[ONLINE]-1730789692098-onOneActionFrame
11-05 01:54:52.099  2401  3019 D YtWebSocketHelper: [YTLog]-[ONLINE]-1730789692099-【WS】makeMessage 【method】SendActionFrame message len=73411 methodLength=15 dataLen=73431
11-05 01:54:52.099  2401  2980 D d       : 2024-11-05 01:54:52.099 | F6BAD425-7CB2-4DD9-B482-C69E2B84CD87 | YT_TAG: YtWebSocketHelper, Msg: [YTLog]-[ONLINE]-1730789692099-【WS】makeMessage 【method】SendActionFrame message len=73411 methodLength=15 dataLen=73431
11-05 01:54:52.105  2401  3019 D ProtobufDataPrepare: [YTLog]-[ONLINE]-1730789692105-【WS】STEP8 - sendActionFrame:1
11-05 01:54:52.106  2401  3009 D ActionLivenessState: [YTLog]-[ONLINE]-1730789692105-onOneActionFrame
11-05 01:54:52.106  2401  3019 D YtWebSocketHelper: [YTLog]-[ONLINE]-1730789692106-【WS】makeMessage 【method】SendActionFrame message len=75859 methodLength=15 dataLen=75879
11-05 01:54:52.108  2401  2980 D d       : 2024-11-05 01:54:52.108 | F6BAD425-7CB2-4DD9-B482-C69E2B84CD87 | YT_TAG: ProtobufDataPrepare, Msg: [YTLog]-[ONLINE]-1730789692105-【WS】STEP8 - sendActionFrame:1
11-05 01:54:52.108  2401  2980 D d       : 2024-11-05 01:54:52.108 | F6BAD425-7CB2-4DD9-B482-C69E2B84CD87 | YT_TAG: ActionLivenessState, Msg: [YTLog]-[ONLINE]-1730789692105-onOneActionFrame
11-05 01:54:52.108  2401  2980 D d       : 2024-11-05 01:54:52.108 | F6BAD425-7CB2-4DD9-B482-C69E2B84CD87 | YT_TAG: YtWebSocketHelper, Msg: [YTLog]-[ONLINE]-1730789692106-【WS】makeMessage 【method】SendActionFrame message len=75859 methodLength=15 dataLen=75879
11-05 01:54:52.113  2401  3019 D ProtobufDataPrepare: [YTLog]-[ONLINE]-1730789692113-【WS】STEP8 - sendActionFrame:1
11-05 01:54:52.113  2401  3009 D ActionLivenessState: [YTLog]-[ONLINE]-1730789692113-onOneActionFrame
11-05 01:54:52.113  2401  3019 D YtWebSocketHelper: [YTLog]-[ONLINE]-1730789692113-【WS】makeMessage 【method】SendActionFrame message len=75859 methodLength=15 dataLen=75879
11-05 01:54:52.114  2401  2980 D d       : 2024-11-05 01:54:52.114 | F6BAD425-7CB2-4DD9-B482-C69E2B84CD87 | YT_TAG: ProtobufDataPrepare, Msg: [YTLog]-[ONLINE]-1730789692113-【WS】STEP8 - sendActionFrame:1
11-05 01:54:52.114  2401  2980 D d       : 2024-11-05 01:54:52.114 | F6BAD425-7CB2-4DD9-B482-C69E2B84CD87 | YT_TAG: ActionLivenessState, Msg: [YTLog]-[ONLINE]-1730789692113-onOneActionFrame
11-05 01:54:52.114  2401  2980 D d       : 2024-11-05 01:54:52.114 | F6BAD425-7CB2-4DD9-B482-C69E2B84CD87 | YT_TAG: YtWebSocketHelper, Msg: [YTLog]-[ONLINE]-1730789692113-【WS】makeMessage 【method】SendActionFrame message len=75859 methodLength=15 dataLen=75879
11-05 01:54:52.120  2401  3019 D ProtobufDataPrepare: [YTLog]-[ONLINE]-1730789692120-【WS】STEP8 - sendActionFrame:1
11-05 01:54:52.120  2401  2980 D d       : 2024-11-05 01:54:52.120 | F6BAD425-7CB2-4DD9-B482-C69E2B84CD87 | YT_TAG: ProtobufDataPrepare, Msg: [YTLog]-[ONLINE]-1730789692120-【WS】STEP8 - sendActionFrame:1
11-05 01:54:52.120  2401  3009 D ActionLivenessState: [YTLog]-[ONLINE]-1730789692120-onOneActionFrame
11-05 01:54:52.121  2401  2980 D d       : 2024-11-05 01:54:52.120 | F6BAD425-7CB2-4DD9-B482-C69E2B84CD87 | YT_TAG: ActionLivenessState, Msg: [YTLog]-[ONLINE]-1730789692120-onOneActionFrame
11-05 01:54:52.121  2401  2980 D d       : 2024-11-05 01:54:52.121 | F6BAD425-7CB2-4DD9-B482-C69E2B84CD87 | YT_TAG: YtWebSocketHelper, Msg: [YTLog]-[ONLINE]-1730789692121-【WS】makeMessage 【method】SendActionFrame message len=74040 methodLength=15 dataLen=74060
11-05 01:54:52.121  2401  3019 D YtWebSocketHelper: [YTLog]-[ONLINE]-1730789692121-【WS】makeMessage 【method】SendActionFrame message len=74040 methodLength=15 dataLen=74060
11-05 01:54:52.128  2401  2980 D d       : 2024-11-05 01:54:52.128 | F6BAD425-7CB2-4DD9-B482-C69E2B84CD87 | YT_TAG: ProtobufDataPrepare, Msg: [YTLog]-[ONLINE]-1730789692128-【WS】STEP8 - sendActionFrame:1
11-05 01:54:52.128  2401  3019 D ProtobufDataPrepare: [YTLog]-[ONLINE]-1730789692128-【WS】STEP8 - sendActionFrame:1
11-05 01:54:52.128  2401  3009 D ActionLivenessState: [YTLog]-[ONLINE]-1730789692128-onOneActionFrame
11-05 01:54:52.128  2401  2980 D d       : 2024-11-05 01:54:52.128 | F6BAD425-7CB2-4DD9-B482-C69E2B84CD87 | YT_TAG: ActionLivenessState, Msg: [YTLog]-[ONLINE]-1730789692128-onOneActionFrame
11-05 01:54:52.130  2401  2980 D d       : 2024-11-05 01:54:52.130 | F6BAD425-7CB2-4DD9-B482-C69E2B84CD87 | YT_TAG: YtWebSocketHelper, Msg: [YTLog]-[ONLINE]-1730789692129-【WS】makeMessage 【method】SendActionFrame message len=70793 methodLength=15 dataLen=70813
11-05 01:54:52.130  2401  3019 D YtWebSocketHelper: [YTLog]-[ONLINE]-1730789692129-【WS】makeMessage 【method】SendActionFrame message len=70793 methodLength=15 dataLen=70813
11-05 01:54:52.136  2401  2980 D d       : 2024-11-05 01:54:52.136 | F6BAD425-7CB2-4DD9-B482-C69E2B84CD87 | YT_TAG: ProtobufDataPrepare, Msg: [YTLog]-[ONLINE]-1730789692136-【WS】STEP8 - sendActionFrame:1
11-05 01:54:52.136  2401  3009 D ActionLivenessState: [YTLog]-[ONLINE]-1730789692136-onOneActionFrame
11-05 01:54:52.136  2401  2980 D d       : 2024-11-05 01:54:52.136 | F6BAD425-7CB2-4DD9-B482-C69E2B84CD87 | YT_TAG: ActionLivenessState, Msg: [YTLog]-[ONLINE]-1730789692136-onOneActionFrame
11-05 01:54:52.136  2401  3019 D ProtobufDataPrepare: [YTLog]-[ONLINE]-1730789692136-【WS】STEP8 - sendActionFrame:1
11-05 01:54:52.136  2401  2980 D d       : 2024-11-05 01:54:52.136 | F6BAD425-7CB2-4DD9-B482-C69E2B84CD87 | YT_TAG: YtWebSocketHelper, Msg: [YTLog]-[ONLINE]-1730789692136-【WS】makeMessage 【method】SendActionFrame message len=71472 methodLength=15 dataLen=71492
11-05 01:54:52.137  2401  3019 D YtWebSocketHelper: [YTLog]-[ONLINE]-1730789692136-【WS】makeMessage 【method】SendActionFrame message len=71472 methodLength=15 dataLen=71492
11-05 01:54:52.143  2401  2980 D d       : 2024-11-05 01:54:52.143 | F6BAD425-7CB2-4DD9-B482-C69E2B84CD87 | YT_TAG: ProtobufDataPrepare, Msg: [YTLog]-[ONLINE]-1730789692143-【WS】STEP8 - sendActionFrame:1
11-05 01:54:52.143  2401  3009 D ActionLivenessState: [YTLog]-[ONLINE]-1730789692143-onOneActionFrame
11-05 01:54:52.143  2401  2980 D d       : 2024-11-05 01:54:52.143 | F6BAD425-7CB2-4DD9-B482-C69E2B84CD87 | YT_TAG: ActionLivenessState, Msg: [YTLog]-[ONLINE]-1730789692143-onOneActionFrame
11-05 01:54:52.143  2401  3019 D ProtobufDataPrepare: [YTLog]-[ONLINE]-1730789692143-【WS】STEP8 - sendActionFrame:1
11-05 01:54:52.144  2401  2980 D d       : 2024-11-05 01:54:52.144 | F6BAD425-7CB2-4DD9-B482-C69E2B84CD87 | YT_TAG: YtWebSocketHelper, Msg: [YTLog]-[ONLINE]-1730789692144-【WS】makeMessage 【method】SendActionFrame message len=71472 methodLength=15 dataLen=71492
11-05 01:54:52.144  2401  3019 D YtWebSocketHelper: [YTLog]-[ONLINE]-1730789692144-【WS】makeMessage 【method】SendActionFrame message len=71472 methodLength=15 dataLen=71492
11-05 01:54:52.150  2401  3019 D ProtobufDataPrepare: [YTLog]-[ONLINE]-1730789692150-【WS】STEP8 - sendActionFrame:1
11-05 01:54:52.151  2401  3009 D ActionLivenessState: [YTLog]-[ONLINE]-1730789692151-onOneActionFrame
11-05 01:54:52.151  2401  2980 D d       : 2024-11-05 01:54:52.151 | F6BAD425-7CB2-4DD9-B482-C69E2B84CD87 | YT_TAG: ProtobufDataPrepare, Msg: [YTLog]-[ONLINE]-1730789692150-【WS】STEP8 - sendActionFrame:1
11-05 01:54:52.151  2401  2980 D d       : 2024-11-05 01:54:52.151 | F6BAD425-7CB2-4DD9-B482-C69E2B84CD87 | YT_TAG: ActionLivenessState, Msg: [YTLog]-[ONLINE]-1730789692151-onOneActionFrame
11-05 01:54:52.151  2401  2980 D d       : 2024-11-05 01:54:52.151 | F6BAD425-7CB2-4DD9-B482-C69E2B84CD87 | YT_TAG: YtWebSocketHelper, Msg: [YTLog]-[ONLINE]-1730789692151-【WS】makeMessage 【method】SendActionFrame message len=73342 methodLength=15 dataLen=73362
11-05 01:54:52.152  2401  3019 D YtWebSocketHelper: [YTLog]-[ONLINE]-1730789692151-【WS】makeMessage 【method】SendActionFrame message len=73342 methodLength=15 dataLen=73362
11-05 01:54:52.158  2401  2980 D d       : 2024-11-05 01:54:52.158 | F6BAD425-7CB2-4DD9-B482-C69E2B84CD87 | YT_TAG: ProtobufDataPrepare, Msg: [YTLog]-[ONLINE]-1730789692158-【WS】STEP8 - sendActionFrame:1
11-05 01:54:52.158  2401  3019 D ProtobufDataPrepare: [YTLog]-[ONLINE]-1730789692158-【WS】STEP8 - sendActionFrame:1
11-05 01:54:52.158  2401  3009 D ActionLivenessState: [YTLog]-[ONLINE]-1730789692158-onOneActionFrame
11-05 01:54:52.158  2401  2980 D d       : 2024-11-05 01:54:52.158 | F6BAD425-7CB2-4DD9-B482-C69E2B84CD87 | YT_TAG: ActionLivenessState, Msg: [YTLog]-[ONLINE]-1730789692158-onOneActionFrame
11-05 01:54:52.159  2401  3019 D YtWebSocketHelper: [YTLog]-[ONLINE]-1730789692159-【WS】makeMessage 【method】SendActionFrame message len=73342 methodLength=15 dataLen=73362
11-05 01:54:52.159  2401  2980 D d       : 2024-11-05 01:54:52.159 | F6BAD425-7CB2-4DD9-B482-C69E2B84CD87 | YT_TAG: YtWebSocketHelper, Msg: [YTLog]-[ONLINE]-1730789692159-【WS】makeMessage 【method】SendActionFrame message len=73342 methodLength=15 dataLen=73362
11-05 01:54:52.165  2401  3019 D ProtobufDataPrepare: [YTLog]-[ONLINE]-1730789692165-【WS】STEP8 - sendActionFrame:1
11-05 01:54:52.165  2401  2980 D d       : 2024-11-05 01:54:52.165 | F6BAD425-7CB2-4DD9-B482-C69E2B84CD87 | YT_TAG: ProtobufDataPrepare, Msg: [YTLog]-[ONLINE]-1730789692165-【WS】STEP8 - sendActionFrame:1
11-05 01:54:52.165  2401  3009 D ActionLivenessState: [YTLog]-[ONLINE]-1730789692165-onOneActionFrame
11-05 01:54:52.166  2401  2980 D d       : 2024-11-05 01:54:52.166 | F6BAD425-7CB2-4DD9-B482-C69E2B84CD87 | YT_TAG: ActionLivenessState, Msg: [YTLog]-[ONLINE]-1730789692165-onOneActionFrame
11-05 01:54:52.167  2401  2980 D d       : 2024-11-05 01:54:52.166 | F6BAD425-7CB2-4DD9-B482-C69E2B84CD87 | YT_TAG: YtWebSocketHelper, Msg: [YTLog]-[ONLINE]-1730789692166-【WS】makeMessage 【method】SendActionFrame message len=74088 methodLength=15 dataLen=74108
11-05 01:54:52.167  2401  3019 D YtWebSocketHelper: [YTLog]-[ONLINE]-1730789692166-【WS】makeMessage 【method】SendActionFrame message len=74088 methodLength=15 dataLen=74108
11-05 01:54:52.172  2401  3019 D ProtobufDataPrepare: [YTLog]-[ONLINE]-1730789692172-【WS】STEP8 - sendActionFrame:1
11-05 01:54:52.173  2401  3009 D ActionLivenessState: [YTLog]-[ONLINE]-1730789692173-onOneActionFrame
11-05 01:54:52.173  2401  2980 D d       : 2024-11-05 01:54:52.172 | F6BAD425-7CB2-4DD9-B482-C69E2B84CD87 | YT_TAG: ProtobufDataPrepare, Msg: [YTLog]-[ONLINE]-1730789692172-【WS】STEP8 - sendActionFrame:1
11-05 01:54:52.173  2401  2980 D d       : 2024-11-05 01:54:52.173 | F6BAD425-7CB2-4DD9-B482-C69E2B84CD87 | YT_TAG: ActionLivenessState, Msg: [YTLog]-[ONLINE]-1730789692173-onOneActionFrame
11-05 01:54:52.173  2401  3019 D YtWebSocketHelper: [YTLog]-[ONLINE]-1730789692173-【WS】makeMessage 【method】SendActionFrame message len=74088 methodLength=15 dataLen=74108
11-05 01:54:52.173  2401  2980 D d       : 2024-11-05 01:54:52.173 | F6BAD425-7CB2-4DD9-B482-C69E2B84CD87 | YT_TAG: YtWebSocketHelper, Msg: [YTLog]-[ONLINE]-1730789692173-【WS】makeMessage 【method】SendActionFrame message len=74088 methodLength=15 dataLen=74108
11-05 01:54:52.180  2401  3009 D ActionLivenessState: [YTLog]-[ONLINE]-1730789692180-onOneActionFrame
11-05 01:54:52.181  2401  2980 D d       : 2024-11-05 01:54:52.181 | F6BAD425-7CB2-4DD9-B482-C69E2B84CD87 | YT_TAG: ActionLivenessState, Msg: [YTLog]-[ONLINE]-1730789692180-onOneActionFrame
11-05 01:54:52.187  2401  3019 D ProtobufDataPrepare: [YTLog]-[ONLINE]-1730789692187-【WS】STEP8 - sendActionFrame:1
11-05 01:54:52.187  2401  2980 D d       : 2024-11-05 01:54:52.187 | F6BAD425-7CB2-4DD9-B482-C69E2B84CD87 | YT_TAG: ProtobufDataPrepare, Msg: [YTLog]-[ONLINE]-1730789692187-【WS】STEP8 - sendActionFrame:1
11-05 01:54:52.188  2401  3009 D ActionLivenessState: [YTLog]-[ONLINE]-1730789692188-onOneActionFrame
11-05 01:54:52.188  2401  2980 D d       : 2024-11-05 01:54:52.188 | F6BAD425-7CB2-4DD9-B482-C69E2B84CD87 | YT_TAG: ActionLivenessState, Msg: [YTLog]-[ONLINE]-1730789692188-onOneActionFrame
11-05 01:54:52.188  2401  2980 D d       : 2024-11-05 01:54:52.188 | F6BAD425-7CB2-4DD9-B482-C69E2B84CD87 | YT_TAG: YtWebSocketHelper, Msg: [YTLog]-[ONLINE]-1730789692188-【WS】makeMessage 【method】SendActionFrame message len=79413 methodLength=15 dataLen=79433
11-05 01:54:52.188  2401  3019 D YtWebSocketHelper: [YTLog]-[ONLINE]-1730789692188-【WS】makeMessage 【method】SendActionFrame message len=79413 methodLength=15 dataLen=79433
11-05 01:54:52.189  2401  2980 D d       : 2024-11-05 01:54:52.189 | F6BAD425-7CB2-4DD9-B482-C69E2B84CD87 | YT_TAG: ProtobufDataPrepare, Msg: [YTLog]-[ONLINE]-1730789692189-【WS】STEP8 - sendActionFrame:1
11-05 01:54:52.189  2401  3019 D ProtobufDataPrepare: [YTLog]-[ONLINE]-1730789692189-【WS】STEP8 - sendActionFrame:1
11-05 01:54:52.190  2401  2980 D d       : 2024-11-05 01:54:52.190 | F6BAD425-7CB2-4DD9-B482-C69E2B84CD87 | YT_TAG: YtWebSocketHelper, Msg: [YTLog]-[ONLINE]-1730789692190-【WS】makeMessage 【method】SendActionFrame message len=79625 methodLength=15 dataLen=79645
11-05 01:54:52.190  2401  3019 D YtWebSocketHelper: [YTLog]-[ONLINE]-1730789692190-【WS】makeMessage 【method】SendActionFrame message len=79625 methodLength=15 dataLen=79645
11-05 01:54:52.195  2401  3019 D ProtobufDataPrepare: [YTLog]-[ONLINE]-1730789692195-【WS】STEP8 - sendActionFrame:1
11-05 01:54:52.195  2401  3009 D ActionLivenessState: [YTLog]-[ONLINE]-1730789692195-onOneActionFrame
11-05 01:54:52.195  2401  2980 D d       : 2024-11-05 01:54:52.195 | F6BAD425-7CB2-4DD9-B482-C69E2B84CD87 | YT_TAG: ProtobufDataPrepare, Msg: [YTLog]-[ONLINE]-1730789692195-【WS】STEP8 - sendActionFrame:1
11-05 01:54:52.195  2401  2980 D d       : 2024-11-05 01:54:52.195 | F6BAD425-7CB2-4DD9-B482-C69E2B84CD87 | YT_TAG: ActionLivenessState, Msg: [YTLog]-[ONLINE]-1730789692195-onOneActionFrame
11-05 01:54:52.196  2401  3019 D YtWebSocketHelper: [YTLog]-[ONLINE]-1730789692196-【WS】makeMessage 【method】SendActionFrame message len=80012 methodLength=15 dataLen=80032
11-05 01:54:52.196  2401  2980 D d       : 2024-11-05 01:54:52.196 | F6BAD425-7CB2-4DD9-B482-C69E2B84CD87 | YT_TAG: YtWebSocketHelper, Msg: [YTLog]-[ONLINE]-1730789692196-【WS】makeMessage 【method】SendActionFrame message len=80012 methodLength=15 dataLen=80032
11-05 01:54:52.203  2401  2980 D d       : 2024-11-05 01:54:52.202 | F6BAD425-7CB2-4DD9-B482-C69E2B84CD87 | YT_TAG: ProtobufDataPrepare, Msg: [YTLog]-[ONLINE]-1730789692202-【WS】STEP8 - sendActionFrame:1
11-05 01:54:52.203  2401  3019 D ProtobufDataPrepare: [YTLog]-[ONLINE]-1730789692202-【WS】STEP8 - sendActionFrame:1
11-05 01:54:52.203  2401  3009 D ActionLivenessState: [YTLog]-[ONLINE]-1730789692203-onOneActionFrame
11-05 01:54:52.203  2401  2980 D d       : 2024-11-05 01:54:52.203 | F6BAD425-7CB2-4DD9-B482-C69E2B84CD87 | YT_TAG: ActionLivenessState, Msg: [YTLog]-[ONLINE]-1730789692203-onOneActionFrame
11-05 01:54:52.203  2401  2980 D d       : 2024-11-05 01:54:52.203 | F6BAD425-7CB2-4DD9-B482-C69E2B84CD87 | YT_TAG: YtWebSocketHelper, Msg: [YTLog]-[ONLINE]-1730789692203-【WS】makeMessage 【method】SendActionFrame message len=82214 methodLength=15 dataLen=82234
11-05 01:54:52.203  2401  3019 D YtWebSocketHelper: [YTLog]-[ONLINE]-1730789692203-【WS】makeMessage 【method】SendActionFrame message len=82214 methodLength=15 dataLen=82234
11-05 01:54:52.210  2401  2980 D d       : 2024-11-05 01:54:52.210 | F6BAD425-7CB2-4DD9-B482-C69E2B84CD87 | YT_TAG: ProtobufDataPrepare, Msg: [YTLog]-[ONLINE]-1730789692210-【WS】STEP8 - sendActionFrame:1
11-05 01:54:52.210  2401  3019 D ProtobufDataPrepare: [YTLog]-[ONLINE]-1730789692210-【WS】STEP8 - sendActionFrame:1
11-05 01:54:52.210  2401  3009 D ActionLivenessState: [YTLog]-[ONLINE]-1730789692210-onOneActionFrame
11-05 01:54:52.211  2401  2980 D d       : 2024-11-05 01:54:52.211 | F6BAD425-7CB2-4DD9-B482-C69E2B84CD87 | YT_TAG: ActionLivenessState, Msg: [YTLog]-[ONLINE]-1730789692210-onOneActionFrame
11-05 01:54:52.212  2401  2980 D d       : 2024-11-05 01:54:52.212 | F6BAD425-7CB2-4DD9-B482-C69E2B84CD87 | YT_TAG: YtWebSocketHelper, Msg: [YTLog]-[ONLINE]-1730789692212-【WS】makeMessage 【method】SendActionFrame message len=82214 methodLength=15 dataLen=82234
11-05 01:54:52.212  2401  3019 D YtWebSocketHelper: [YTLog]-[ONLINE]-1730789692212-【WS】makeMessage 【method】SendActionFrame message len=82214 methodLength=15 dataLen=82234
11-05 01:54:52.218  2401  3019 D ProtobufDataPrepare: [YTLog]-[ONLINE]-1730789692218-【WS】STEP8 - sendActionFrame:1
11-05 01:54:52.218  2401  2980 D d       : 2024-11-05 01:54:52.218 | F6BAD425-7CB2-4DD9-B482-C69E2B84CD87 | YT_TAG: ProtobufDataPrepare, Msg: [YTLog]-[ONLINE]-1730789692218-【WS】STEP8 - sendActionFrame:1
11-05 01:54:52.218  2401  3009 D ActionLivenessState: [YTLog]-[ONLINE]-1730789692218-onRecordingDone
11-05 01:54:52.218  2401  2980 D d       : 2024-11-05 01:54:52.218 | F6BAD425-7CB2-4DD9-B482-C69E2B84CD87 | YT_TAG: ActionLivenessState, Msg: [YTLog]-[ONLINE]-1730789692218-onRecordingDone
11-05 01:54:52.218  2401  3019 D YtWebSocketHelper: [YTLog]-[ONLINE]-1730789692218-【WS】makeMessage 【method】SendActionFrame message len=82155 methodLength=15 dataLen=82175
11-05 01:54:52.218  2401  2980 D d       : 2024-11-05 01:54:52.218 | F6BAD425-7CB2-4DD9-B482-C69E2B84CD87 | YT_TAG: YtWebSocketHelper, Msg: [YTLog]-[ONLINE]-1730789692218-【WS】makeMessage 【method】SendActionFrame message len=82155 methodLength=15 dataLen=82175
11-05 01:54:52.228  2401  3009 D FaceTrackerState: [YTLog]-[ONLINE]-1730789692228-{"TraceType":"FaceTracker","TraceData":"H4sIAAAAAAAAANVU2WrbUBD9Fz1PzWx38x\/0G0IwbqK0BjcJsiiUkH\/vmXsl6EObPtdYHmY5Z1b5bXqc1\/lhPS34mY53wiR4vDAl43uabt\/m6zovp9t6XufpyDQ9nR\/mG0Lfpqfl\/H3+\/Dgds9K0LrCHgpCdTBJJKmTFKYmA7fXl8rwGWCyTJu5u9UpSKmQhaa3bVUIqKcNvTlJhU8Qlg85kgctCZsBFCgmZSFtIcJdNNnBYgz94EplDd+QFNnxSoLfg9yFbcCAHD+zQefPzFh95ww5etSFFem5j1NmArbXzDT1t\/rLFR6\/AuPfeR42Brb3HHoN+em+ow1LYwVVyj7eCXrCgLit48ujX0JfmwIM3BV9D\/ZU8dDFyzFG1kbv0WXvkB9Yd+Wr4c6\/RNepXckFdGXbWXq9z6jN0Bl6Ak9hTxEM3xCv3+lw3XNgLcNHPLnf7HrfjNh6R2KVRnE70IzEH1CiINexFFHG4DYk6UL\/gVjz8GfzoQTBLjxsCT0L\/6nF62ueVZOwmoZ+4F68xY\/AV7BO35rET3IVr6jkt9hq+Yv2EzccpG2oZ96D7XnHaPy63y5crXpE7wARr\/9MD18fev7n+xwent30\/7PqfNL+jMejz89frfFqm4yc9cC3YgOZSE94A252vcOZDqYyPcqtccS6b7yf+oQ4NN4JPrVwaF3m\/f\/8F245GtgkFAAA="}
11-05 01:54:52.228  2401  2980 D d       : 2024-11-05 01:54:52.228 | F6BAD425-7CB2-4DD9-B482-C69E2B84CD87 | YT_TAG: FaceTrackerState, Msg: [YTLog]-[ONLINE]-1730789692228-{"TraceType":"FaceTracker","TraceData":"H4sIAAAAAAAAANVU2WrbUBD9Fz1PzWx38x\/0G0IwbqK0BjcJsiiUkH\/vmXsl6EObPtdYHmY5Z1b5bXqc1\/lhPS34mY53wiR4vDAl43uabt\/m6zovp9t6XufpyDQ9nR\/mG0Lfpqfl\/H3+\/Dgds9K0LrCHgpCdTBJJKmTFKYmA7fXl8rwGWCyTJu5u9UpSKmQhaa3bVUIqKcNvTlJhU8Qlg85kgctCZsBFCgmZSFtIcJdNNnBYgz94EplDd+QFNnxSoLfg9yFbcCAHD+zQefPzFh95ww5etSFFem5j1NmArbXzDT1t\/rLFR6\/AuPfeR42Brb3HHoN+em+ow1LYwVVyj7eCXrCgLit48ujX0JfmwIM3BV9D\/ZU8dDFyzFG1kbv0WXvkB9Yd+Wr4c6\/RNepXckFdGXbWXq9z6jN0Bl6Ak9hTxEM3xCv3+lw3XNgLcNHPLnf7HrfjNh6R2KVRnE70IzEH1CiINexFFHG4DYk6UL\/gVjz8GfzoQTBLjxsCT0L\/6nF62ueVZOwmoZ+4F68xY\/AV7BO35rET3IVr6jkt9hq+Yv2EzccpG2oZ96D7XnHaPy63y5crXpE7wARr\/9MD18fev7n+xwent30\/7PqfNL+jMejz89frfFqm4yc9cC3YgOZSE94A252vcOZDqYyPcqtccS6b7yf+oQ4NN4JPrVwaF3m\/f\/8F245GtgkFAAA="}
11-05 01:54:52.228  2401  3009 D FaceDetectHelper: [YTLog]-[ONLINE]-1730789692228-{"TraceType":"FaceQuality","TraceData":{"quality_type":"eye_close","quality_score":"0.09072935,0.019832494","quality_thr":0.2199999988079071}}
11-05 01:54:52.229  2401  2980 D d       : 2024-11-05 01:54:52.229 | F6BAD425-7CB2-4DD9-B482-C69E2B84CD87 | YT_TAG: FaceDetectHelper, Msg: [YTLog]-[ONLINE]-1730789692228-{"TraceType":"FaceQuality","TraceData":{"quality_type":"eye_close","quality_score":"0.09072935,0.019832494","quality_thr":0.2199999988079071}}
11-05 01:54:52.294  2401  3009 D FaceTrackerState: [YTLog]-[ONLINE]-1730789692294-{"TraceType":"FaceTracker","TraceData":"H4sIAAAAAAAAANWTTW7bQAyF76L1NBgOOX++Qc8QBIabKK0BNw1soUAR5O79OJIWXbRddFUB8vOQjxzykXqbnuZlflyOV36mw73EILxWY8gaH8J0+zJflvl6vC2nZZ4OMUzPp8f5BvVter6evs4fn6ZD0TAtV+x+gLInkxIkW9CaQxYh2+u388viwaIlpCy4a0jWgtQG1iC9Y48hpTj8KeJXDdLchj8r5xg0wy8SVEFyqDjmkPqGtW9n57fVrzmocTaazPg7SKPOkZZA434D+R+pr1NfBxv2RhycweesuvI1UWPn\/tgHri\/3trLePeI3P7bBb95rpxYb6Pck5ey9JjCRW\/raGzZ1jRK11zK0GljpvWJv8Ir3i52+UvF48mbP14aelqhDNJiu2pnJyGOuRSkg9zX3l1G\/pTx6NYHHaC2mUadF7HAsYhdHakdX857IbT4z5\/m52Ip1u3\/H3b7z9rgtj4jPCp3J7\/2LrP0JserzSPDg+P543cKOmPuZi9GDMDvzHZAacnSdjdWjfl9oiWMemX58H4w5qNax7JqJc23ZKUM\/LejeXWvXOY0VVisrUu+6D32bu7La38+386cLn8g9kkuMv33\/4P5L5P\/20g4S+m\/\/l9Z+iUbp08vny3y8TocPclcsxloKIyotFpZr877izXe1RJ7EB9cYWNmdP6aDR3Z\/apHcxNL7w\/tPhkI46AwFAAA="}
11-05 01:54:52.294  2401  2980 D d       : 2024-11-05 01:54:52.294 | F6BAD425-7CB2-4DD9-B482-C69E2B84CD87 | YT_TAG: FaceTrackerState, Msg: [YTLog]-[ONLINE]-1730789692294-{"TraceType":"FaceTracker","TraceData":"H4sIAAAAAAAAANWTTW7bQAyF76L1NBgOOX++Qc8QBIabKK0BNw1soUAR5O79OJIWXbRddFUB8vOQjxzykXqbnuZlflyOV36mw73EILxWY8gaH8J0+zJflvl6vC2nZZ4OMUzPp8f5BvVter6evs4fn6ZD0TAtV+x+gLInkxIkW9CaQxYh2+u388viwaIlpCy4a0jWgtQG1iC9Y48hpTj8KeJXDdLchj8r5xg0wy8SVEFyqDjmkPqGtW9n57fVrzmocTaazPg7SKPOkZZA434D+R+pr1NfBxv2RhycweesuvI1UWPn\/tgHri\/3trLePeI3P7bBb95rpxYb6Pck5ey9JjCRW\/raGzZ1jRK11zK0GljpvWJv8Ir3i52+UvF48mbP14aelqhDNJiu2pnJyGOuRSkg9zX3l1G\/pTx6NYHHaC2mUadF7HAsYhdHakdX857IbT4z5\/m52Ip1u3\/H3b7z9rgtj4jPCp3J7\/2LrP0JserzSPDg+P543cKOmPuZi9GDMDvzHZAacnSdjdWjfl9oiWMemX58H4w5qNax7JqJc23ZKUM\/LejeXWvXOY0VVisrUu+6D32bu7La38+386cLn8g9kkuMv33\/4P5L5P\/20g4S+m\/\/l9Z+iUbp08vny3y8TocPclcsxloKIyotFpZr877izXe1RJ7EB9cYWNmdP6aDR3Z\/apHcxNL7w\/tPhkI46AwFAAA="}
11-05 01:54:52.301  2401  3009 D FaceTrackerState: [YTLog]-[ONLINE]-1730789692301-{"TraceType":"FaceTracker","TraceData":"H4sIAAAAAAAAANWTW05bQQyG93Kep2g89tyyg64BIZTCoY2UAkqOKlWIvffzTPJUUJ8bZXBs\/77\/vC2P67Y+bPcn\/iy7W4lBeFZjyBrvwnL+sR639XR\/3vbbuuxiWJ72D+sZ6NvydNr\/XL8+LrtiYdlO2F0Bck0mFiRb0Kohi2d7fTk8bx4smkPKFMslJKtBap2yN2QPSXhZQor4VfGjJ\/w5ocegGXxBKpIcKsRRKnl8Jne96o5v+MEprRi6eV38rQcpfWCkUatThzdiIjk6uI5s2Bs2MAOPrpoGXlNEUj+2IefzmDzzjN8XP7aBb3NGNWqZx8nsMdJjQibimGfMxvxj1uRrzAOvlRpVpmQGZf0+ryq9FY8nb575fJ828qVg7DGlHoz5fdfmuygZSf3mfu8ZO7WGDhFSQUYZdS1iB2MRu7ikdyng0dXxfeJcLzplvdS\/yqv9irvGXfKI+C3ZN\/nV78TdtJQgiXn9PqkMvHBLM6cXZHU\/dzG\/E7u0PvNl78+cel4\/OgXHPTLzOB+szR072RWumd8ETvn8XlPJo+6DvlqdO3VKehl88fhx9wS1fx3Oh29H\/kVuCRNW9NHDNb8fOz4L+x8fxPPvZwP\/M7z\/FcuS98\/fj+v9adl9kZtcaolRVKJa43wX5yvOfNNK59NazrlHuHxx\/l526SYm9\/Uq2nqtMb\/fvf8B6L9mkwcFAAA="}
11-05 01:54:52.301  2401  2980 D d       : 2024-11-05 01:54:52.301 | F6BAD425-7CB2-4DD9-B482-C69E2B84CD87 | YT_TAG: FaceTrackerState, Msg: [YTLog]-[ONLINE]-1730789692301-{"TraceType":"FaceTracker","TraceData":"H4sIAAAAAAAAANWTW05bQQyG93Kep2g89tyyg64BIZTCoY2UAkqOKlWIvffzTPJUUJ8bZXBs\/77\/vC2P67Y+bPcn\/iy7W4lBeFZjyBrvwnL+sR639XR\/3vbbuuxiWJ72D+sZ6NvydNr\/XL8+LrtiYdlO2F0Bck0mFiRb0Kohi2d7fTk8bx4smkPKFMslJKtBap2yN2QPSXhZQor4VfGjJ\/w5ocegGXxBKpIcKsRRKnl8Jne96o5v+MEprRi6eV38rQcpfWCkUatThzdiIjk6uI5s2Bs2MAOPrpoGXlNEUj+2IefzmDzzjN8XP7aBb3NGNWqZx8nsMdJjQibimGfMxvxj1uRrzAOvlRpVpmQGZf0+ryq9FY8nb575fJ828qVg7DGlHoz5fdfmuygZSf3mfu8ZO7WGDhFSQUYZdS1iB2MRu7ikdyng0dXxfeJcLzplvdS\/yqv9irvGXfKI+C3ZN\/nV78TdtJQgiXn9PqkMvHBLM6cXZHU\/dzG\/E7u0PvNl78+cel4\/OgXHPTLzOB+szR072RWumd8ETvn8XlPJo+6DvlqdO3VKehl88fhx9wS1fx3Oh29H\/kVuCRNW9NHDNb8fOz4L+x8fxPPvZwP\/M7z\/FcuS98\/fj+v9adl9kZtcaolRVKJa43wX5yvOfNNK59NazrlHuHxx\/l526SYm9\/Uq2nqtMb\/fvf8B6L9mkwcFAAA="}
11-05 01:54:52.308  2401  3009 D FaceTrackerState: [YTLog]-[ONLINE]-1730789692308-{"TraceType":"FaceTracker","TraceData":"H4sIAAAAAAAAANWU3WobQQyF32Wvp2Y00szO+A36DCEYN9m0BjcJ66UQQt49n2a9lF6YXNd4fJB09K\/kfXiclulhOcz8DPs7iUF4NsaQNd6H4fJrOi\/TfLgsx2Ua9jEMT8eH6QL1fXiaj7+n74\/DvuQwLDN6F6BswcSC5Bx01JBFiPb6cnpe3FnUQsqxm5ONQcYCliCtgi0kqd2eInZN2JET9ixgC5rhlxhUR3glqDgSs11x3GT4cLqdnGoJbMQhXgULuRrxK7ym5Ncu97yN+hpY0Vd0vM5HVmpyviZqbOSPtWPP38hbyxrHddXt7scoEnkqHKvUoh3XGpEj+gSm1PvvvUV8s+upfVxn1ZEFqc+swiver\/PJUdyfuHmN5\/M0lyUFU+2zM4s9jnl+Vme29maae72WbJU5hFTAKL1Oi+jhWEQvjr4n4vgM1Plt5XmPRVf96HL6i5t+421+1zgivkvmTHzvR9ArNQpcZU6S4DEb8TqoX7gRczt7Md8THPMbIk72nVg\/vT6v7P2wz0w\/fg\/GHnzGfuzKXZnvpEjvXwt1EEdHuGPi+e2UFb3Ofg9t3WtLnPaf0+X048yfyF2jbEZ062G+wfjC8X97jO\/6vdnxlyHav87M+fj88zwd5mH\/TXaWsrSUtLQY1U\/3an3FWnax9U+0ovyLqJvxbdjLLuPBR9l\/LVE+7j8+ATbnWc0KBQAA"}
11-05 01:54:52.308  2401  2980 D d       : 2024-11-05 01:54:52.308 | F6BAD425-7CB2-4DD9-B482-C69E2B84CD87 | YT_TAG: FaceTrackerState, Msg: [YTLog]-[ONLINE]-1730789692308-{"TraceType":"FaceTracker","TraceData":"H4sIAAAAAAAAANWU3WobQQyF32Wvp2Y00szO+A36DCEYN9m0BjcJ66UQQt49n2a9lF6YXNd4fJB09K\/kfXiclulhOcz8DPs7iUF4NsaQNd6H4fJrOi\/TfLgsx2Ua9jEMT8eH6QL1fXiaj7+n74\/DvuQwLDN6F6BswcSC5Bx01JBFiPb6cnpe3FnUQsqxm5ONQcYCliCtgi0kqd2eInZN2JET9ixgC5rhlxhUR3glqDgSs11x3GT4cLqdnGoJbMQhXgULuRrxK7ym5Ncu97yN+hpY0Vd0vM5HVmpyviZqbOSPtWPP38hbyxrHddXt7scoEnkqHKvUoh3XGpEj+gSm1PvvvUV8s+upfVxn1ZEFqc+swiver\/PJUdyfuHmN5\/M0lyUFU+2zM4s9jnl+Vme29maae72WbJU5hFTAKL1Oi+jhWEQvjr4n4vgM1Plt5XmPRVf96HL6i5t+421+1zgivkvmTHzvR9ArNQpcZU6S4DEb8TqoX7gRczt7Md8THPMbIk72nVg\/vT6v7P2wz0w\/fg\/GHnzGfuzKXZnvpEjvXwt1EEdHuGPi+e2UFb3Ofg9t3WtLnPaf0+X048yfyF2jbEZ062G+wfjC8X97jO\/6vdnxlyHav87M+fj88zwd5mH\/TXaWsrSUtLQY1U\/3an3FWnax9U+0ovyLqJvxbdjLLuPBR9l\/LVE+7j8+ATbnWc0KBQAA"}
