07-15 16:05:25.409   329   329 W NineDSpaceManager: warning: no space9d service
07-15 16:05:25.409   329   329 I SystemServer: NetworkWatchlistService
07-15 16:05:25.409   329   329 I SystemServiceManager: Starting com.android.server.net.watchlist.NetworkWatchlistService$Lifecycle
07-15 16:05:25.409   329   329 W NineDSpaceManager: warning: no space9d service
07-15 16:05:25.415   329   329 I WatchlistSettings: Reload watchlist settings done
07-15 16:05:25.416   329   329 I SystemServer: PinnerService
07-15 16:05:25.416   329   329 I SystemServiceManager: Starting com.android.server.PinnerService
07-15 16:05:25.416   329   476 W NineDSpaceManager: warning: no space9d service
07-15 16:05:25.416   329   476 I WatchlistLoggingHandler: Last report time is larger than current time, reset report
07-15 16:05:25.416   329   476 W NineDSpaceManager: warning: no space9d service
07-15 16:05:25.416   329   329 I SystemServer: SignedConfigService
07-15 16:05:25.417   329   329 W NineDSpaceManager: warning: no space9d service
07-15 16:05:25.417   329   329 W NineDSpaceManager: warning: no space9d service
07-15 16:05:25.417   329   329 I SystemServer: StartInputMethodManagerLifecycle
07-15 16:05:25.417   329   329 I SystemServiceManager: Starting com.android.server.inputmethod.InputMethodManagerService$Lifecycle
07-15 16:05:25.417   329   476 I WatchlistLoggingHandler: No need to aggregate record yet.
07-15 16:05:25.417   329   476 I WatchlistLoggingHandler: Milliseconds spent on tryAggregateRecords(): 2
07-15 16:05:25.417   329   329 W NineDSpaceManager: warning: no space9d service
07-15 16:05:25.418   329   329 I SystemServer: StartAccessibilityManagerService
07-15 16:05:25.418   329   329 I SystemServiceManager: Starting com.android.server.accessibility.AccessibilityManagerService$Lifecycle
07-15 16:05:25.418   329   329 I SystemServer: MakeDisplayReady
07-15 16:05:25.418   329   329 W NineDSpaceManager: warning: no space9d service
07-15 16:05:25.418   329   329 I chatty  : uid=1000 system_server identical 1 line
07-15 16:05:25.418   329   329 W NineDSpaceManager: warning: no space9d service
07-15 16:05:25.419   329   329 I ActivityTaskManager: Config changes=20005df8 {1.0 ?mcc?mnc [en_US] ldltr sw360dp w360dp h616dp 320dpi nrml long port ?uimode ?night -touch -keyb/v/h -nav/h winConfig={ mBounds=Rect(0, 0 - 720, 1280) mAppBounds=Rect(0, 0 - 720, 1280) mWindowingMode=fullscreen mDisplayWindowingMode=fullscreen mActivityType=undefined mAlwaysOnTop=undefined mRotation=ROTATION_0} s.2}
07-15 16:05:25.420   329   329 W NineDSpaceManager: warning: no space9d service
07-15 16:05:25.421   329   329 I ActivityTaskManager: Override config changes=60007dfc {1.0 ?mcc?mnc [en_US] ldltr sw360dp w360dp h616dp 320dpi nrml long port ?uimode ?night -touch -keyb/v/h -nav/h winConfig={ mBounds=Rect(0, 0 - 720, 1280) mAppBounds=Rect(0, 0 - 720, 1280) mWindowingMode=fullscreen mDisplayWindowingMode=fullscreen mActivityType=undefined mAlwaysOnTop=undefined mRotation=ROTATION_0} s.2} for displayId=0
07-15 16:05:25.422   329   329 W LocalDisplayAdapter: Requested mode ID 0 not available, dropping from allowed set.
07-15 16:05:25.422   329   329 I SystemServer: StartStorageManagerService
07-15 16:05:25.422   329   329 I SystemServiceManager: Starting com.android.server.StorageManagerService$Lifecycle
07-15 16:05:25.424   329   477 D StorageManagerService: Thinking about init, mBootCompleted=false, mDaemonConnected=true
07-15 16:05:25.424   329   477 D StorageManagerService: Thinking about reset, mBootCompleted=false, mDaemonConnected=true
07-15 16:05:25.424   329   329 I SystemServer: StartStorageStatsService
07-15 16:05:25.424   329   329 I SystemServiceManager: Starting com.android.server.usage.StorageStatsService$Lifecycle
07-15 16:05:25.425   329   374 W NineDSpaceManager: warning: no space9d service
07-15 16:05:25.425   329   329 I SystemServer: StartUiModeManager
07-15 16:05:25.425   329   329 I SystemServiceManager: Starting com.android.server.UiModeManagerService
07-15 16:05:25.426   329   329 W NineDSpaceManager: warning: no space9d service
07-15 16:05:25.426   329   329 I chatty  : uid=1000 system_server identical 1 line
07-15 16:05:25.426   329   329 W NineDSpaceManager: warning: no space9d service
07-15 16:05:25.427   329   329 I SystemServer: UpdatePackagesIfNeeded
07-15 16:05:25.427   329   329 I Watchdog: Pausing HandlerChecker: main thread for reason: dexopt. Pause count: 1
07-15 16:05:25.427   329   329 I Watchdog: Resuming HandlerChecker: main thread for reason: dexopt. Pause count: 0
07-15 16:05:25.427   329   329 I SystemServer: PerformFstrimIfNeeded
07-15 16:05:25.427   329   329 W NineDSpaceManager: warning: no space9d service
07-15 16:05:25.427   329   329 I SystemServer: StartLockSettingsService
07-15 16:05:25.427   329   329 I SystemServiceManager: Starting com.android.server.locksettings.LockSettingsService$Lifecycle
07-15 16:05:25.429   329   478 I ActivityTaskManager: Config changes=200 {1.0 ?mcc?mnc [en_US] ldltr sw360dp w360dp h616dp 320dpi nrml long port -touch -keyb/v/h -nav/h winConfig={ mBounds=Rect(0, 0 - 720, 1280) mAppBounds=Rect(0, 0 - 720, 1280) mWindowingMode=fullscreen mDisplayWindowingMode=fullscreen mActivityType=undefined mAlwaysOnTop=undefined mRotation=ROTATION_0} s.4}
07-15 16:05:25.430    85    85 I Zygote  : Lazily preloading resources.
07-15 16:05:25.430    85    85 D Zygote  : begin preload
07-15 16:05:25.430    85    85 I Zygote  : Calling ZygoteHooks.beginPreload()
07-15 16:05:25.433   329   478 I ActivityTaskManager: Override config changes=200 {1.0 ?mcc?mnc [en_US] ldltr sw360dp w360dp h616dp 320dpi nrml long port -touch -keyb/v/h -nav/h winConfig={ mBounds=Rect(0, 0 - 720, 1280) mAppBounds=Rect(0, 0 - 720, 1280) mWindowingMode=fullscreen mDisplayWindowingMode=fullscreen mActivityType=undefined mAlwaysOnTop=undefined mRotation=ROTATION_0} s.4} for displayId=0
07-15 16:05:25.433    85    85 I Zygote  : Preloading classes...
07-15 16:05:25.434    85    85 W Zygote  : Class not found for preloading: android.app.-$$Lambda$ActivityThread$ZXDWm3IBeFmLnFVblhB-IOZCr9o
07-15 16:05:25.450   329   329 I SystemServer: StartTestHarnessMode
07-15 16:05:25.450   329   329 I SystemServiceManager: Starting com.android.server.testharness.TestHarnessModeService
07-15 16:05:25.451    29    29 I hwservicemanager: getTransport: Cannot find entry android.hardware.oemlock@1.0::IOemLock/default in either framework or device manifest.
07-15 16:05:25.451   329   329 I OemLock : OemLock HAL not present on device
07-15 16:05:25.451   329   329 I SystemServer: StartDeviceIdleController
07-15 16:05:25.451    85    85 W Zygote  : Class not found for preloading: android.bluetooth.BluetoothA2dp$2
07-15 16:05:25.451   329   329 I SystemServiceManager: Starting com.android.server.DeviceIdleController
07-15 16:05:25.452   329   329 W NineDSpaceManager: warning: no space9d service
07-15 16:05:25.452   329   329 I SystemServer: StartDevicePolicyManager
07-15 16:05:25.452   329   329 I SystemServiceManager: Starting com.android.server.devicepolicy.DevicePolicyManagerService$Lifecycle
07-15 16:05:25.452    85    85 I PackageBackwardCompatibility: Could not find android.content.pm.AndroidTestBaseUpdater, ignoring
07-15 16:05:25.453   329   329 W NineDSpaceManager: warning: no space9d service
07-15 16:05:25.453   329   329 I SystemServer: StartStatusBarManagerService
07-15 16:05:25.453   329   329 W NineDSpaceManager: warning: no space9d service
07-15 16:05:25.453   329   329 D SystemServer: ContentCaptureService disabled because resource is not overlaid
07-15 16:05:25.453   329   329 D SystemServer: AttentionService is not configured on this device
07-15 16:05:25.453   329   329 D SystemServer: SystemCaptionsManagerService disabled because resource is not overlaid
07-15 16:05:25.453   329   329 D SystemServer: AppPredictionService not defined by OEM
07-15 16:05:25.453   329   329 D SystemServer: ContentSuggestionsService not defined by OEM
07-15 16:05:25.453   329   329 I SystemServer: InitNetworkStackClient
07-15 16:05:25.454   329   329 I SystemServer: StartNetworkManagementService
07-15 16:05:25.454    83   280 I netd    : registerUnsolicitedEventListener() <0.01ms>
07-15 16:05:25.454   329   329 I SystemServer: StartIpSecService
07-15 16:05:25.455   329   329 I SystemServer: StartTextServicesManager
07-15 16:05:25.455   329   329 I SystemServiceManager: Starting com.android.server.textservices.TextServicesManagerService$Lifecycle
07-15 16:05:25.455   329   329 I SystemServer: StartTextClassificationManagerService
07-15 16:05:25.455   329   329 I SystemServiceManager: Starting com.android.server.textclassifier.TextClassificationManagerService$Lifecycle
07-15 16:05:25.455   329   329 I SystemServer: StartNetworkScoreService
07-15 16:05:25.455   329   329 I SystemServiceManager: Starting com.android.server.NetworkScoreService$Lifecycle
07-15 16:05:25.455   329   329 I SystemServer: StartNetworkStatsService
07-15 16:05:25.456   329   329 I SystemServer: StartNetworkPolicyManagerService
07-15 16:05:25.457   329   329 I SystemServer: StartWifi
07-15 16:05:25.457   329   329 I SystemServiceManager: Starting com.android.server.wifi.WifiService
07-15 16:05:25.462   329   329 W NineDSpaceManager: warning: no space9d service
07-15 16:05:25.491   329   485 I chatty  : uid=1000(system) ClientModeImpl expire 14 lines
07-15 16:05:25.492   329   329 I chatty  : uid=1000 system_server identical 26 lines
07-15 16:05:25.492   329   329 W NineDSpaceManager: warning: no space9d service
07-15 16:05:25.493   329   329 I SystemServer: StartWifiScanning
07-15 16:05:25.493   329   329 I SystemServiceManager: Starting com.android.server.wifi.scanner.WifiScanningService
07-15 16:05:25.494   329   329 I SystemServer: StartWifiP2P
07-15 16:05:25.494   329   329 I SystemServiceManager: Starting com.android.server.wifi.p2p.WifiP2pService
07-15 16:05:25.496   329   329 I SystemServer: StartEthernet
07-15 16:05:25.496   329   329 I SystemServiceManager: Starting com.android.server.ethernet.EthernetService
07-15 16:05:25.497   329   329 I SystemServer: StartConnectivityService
07-15 16:05:25.497   329   329 D ConnectivityService: ConnectivityService starting up
07-15 16:05:25.498   329   329 W NineDSpaceManager: warning: no space9d service
07-15 16:05:25.502   329   329 D ConnectivityService: wifiOnly=false
07-15 16:05:25.504   329   329 W NineDSpaceManager: warning: no space9d service
07-15 16:05:25.506   329   329 I chatty  : uid=1000 system_server identical 3 lines
07-15 16:05:25.506   329   329 W NineDSpaceManager: warning: no space9d service
07-15 16:05:25.507   329   329 I SystemServer: StartNsdService
07-15 16:05:25.507   329   329 W NineDSpaceManager: warning: no space9d service
07-15 16:05:25.507   329   329 D NsdService: Network service discovery is enabled
07-15 16:05:25.508   329   329 I SystemServer: StartSystemUpdateManagerService
07-15 16:05:25.508   329   329 I SystemUpdateManagerService: No existing info file /data/system/system-update-info.xml
07-15 16:05:25.508   329   329 I SystemServer: StartUpdateLockService
07-15 16:05:25.510   107   137 D rkdisplay-resources: Frame buffers:
07-15 16:05:25.510   107   137 D rkdisplay-resources: id        size    pitch
07-15 16:05:25.510   107   137 E hwc-drm-crtc: Could not get FEATURE property
07-15 16:05:25.510   107   137 E hwc-drm-crtc: Failed to get left margin property
07-15 16:05:25.510   107   137 E hwc-drm-crtc: Failed to get right margin property
07-15 16:05:25.510   107   137 E hwc-drm-crtc: Failed to get top margin property
07-15 16:05:25.510   107   137 E hwc-drm-crtc: Failed to get bottom margin property
07-15 16:05:25.511   107   137 E hwc-drm-crtc: Could not get FEATURE property
07-15 16:05:25.511   107   137 E hwc-drm-crtc: Failed to get left margin property
07-15 16:05:25.511   107   137 E hwc-drm-crtc: Failed to get right margin property
07-15 16:05:25.511   107   137 E hwc-drm-crtc: Failed to get top margin property
07-15 16:05:25.511   107   137 E hwc-drm-crtc: Failed to get bottom margin property
07-15 16:05:25.511   107   137 E hwc-drm-crtc: Could not get FEATURE property
07-15 16:05:25.511   107   137 E hwc-drm-crtc: Failed to get left margin property
07-15 16:05:25.511   107   137 E hwc-drm-crtc: Failed to get right margin property
07-15 16:05:25.511   107   137 E hwc-drm-crtc: Failed to get top margin property
07-15 16:05:25.511   107   137 E hwc-drm-crtc: Failed to get bottom margin property
07-15 16:05:25.511   107   137 E hwc-drm-crtc: Could not get FEATURE property
07-15 16:05:25.511   107   137 E hwc-drm-crtc: Failed to get left margin property
07-15 16:05:25.511   107   137 E hwc-drm-crtc: Failed to get right margin property
07-15 16:05:25.511   107   137 E hwc-drm-crtc: Failed to get top margin property
07-15 16:05:25.511   107   137 E hwc-drm-crtc: Failed to get bottom margin property
07-15 16:05:25.511   107   137 E hwc-drm-crtc: Could not get FEATURE property
07-15 16:05:25.511   107   137 E hwc-drm-crtc: Failed to get left margin property
07-15 16:05:25.511   107   137 E hwc-drm-crtc: Failed to get right margin property
07-15 16:05:25.511   107   137 E hwc-drm-crtc: Failed to get top margin property
07-15 16:05:25.511   107   137 E hwc-drm-crtc: Failed to get bottom margin property
07-15 16:05:25.511   107   137 E hwc-drm-crtc: Could not get FEATURE property
07-15 16:05:25.511   107   137 E hwc-drm-crtc: Failed to get left margin property
07-15 16:05:25.511   107   137 E hwc-drm-crtc: Failed to get right margin property
07-15 16:05:25.511   107   137 E hwc-drm-crtc: Failed to get top margin property
07-15 16:05:25.511   107   137 E hwc-drm-crtc: Failed to get bottom margin property
07-15 16:05:25.511   107   137 E hwc-drm-crtc: Could not get FEATURE property
07-15 16:05:25.511   107   137 E hwc-drm-crtc: Failed to get left margin property
07-15 16:05:25.511   107   137 E hwc-drm-crtc: Failed to get right margin property
07-15 16:05:25.511   107   137 E hwc-drm-crtc: Failed to get top margin property
07-15 16:05:25.511   107   137 E hwc-drm-crtc: Failed to get bottom margin property
07-15 16:05:25.511   107   137 E hwc-drm-crtc: Could not get FEATURE property
07-15 16:05:25.511   107   137 E hwc-drm-crtc: Failed to get left margin property
07-15 16:05:25.511   107   137 E hwc-drm-crtc: Failed to get right margin property
07-15 16:05:25.511   107   137 E hwc-drm-crtc: Failed to get top margin property
07-15 16:05:25.511   107   137 E hwc-drm-crtc: Failed to get bottom margin property
07-15 16:05:25.511   107   137 D rkdisplay-resources:  SOC_ID:
07-15 16:05:25.511   107   137 D rkdisplay-resources:           flags: immutable object
07-15 16:05:25.511   107   137 D rkdisplay-resources:           value:3588
07-15 16:05:25.511   107   137 D rkdisplay-resources: 
07-15 16:05:25.511   107   137 D rkdisplay-resources: current_crtc id : 62  crtid : 58
07-15 16:05:25.511   107   137 D rkdisplay-resources: current_crtc id : 68  crtid : 64
07-15 16:05:25.511   107   137 D rkdisplay-resources: current_crtc id : 74  crtid : 70
07-15 16:05:25.511   107   137 D rkdisplay-resources: current_crtc id : 80  crtid : 76
07-15 16:05:25.511   107   137 D rkdisplay-resources: current_crtc id : 86  crtid : 82
07-15 16:05:25.511   107   137 D rkdisplay-resources: current_crtc id : 92  crtid : 88
07-15 16:05:25.511   107   137 D rkdisplay-resources: current_crtc id : 98  crtid : 94
07-15 16:05:25.511   107   137 D rkdisplay-resources: current_crtc id : 104  crtid : 100
07-15 16:05:25.511   107   137 D rkdisplay-resources: Encoders:
07-15 16:05:25.511   107   137 D rkdisplay-resources: id        crtc    type    possible crtcs  possible clones
07-15 16:05:25.511   107   137 D rkdisplay-resources: 3e        3a      (invalid)       1       1
07-15 16:05:25.511   107   137 D rkdisplay-resources: 
07-15 16:05:25.511   107   137 D rkdisplay-resources: 44        40      (invalid)       2       2
07-15 16:05:25.511   107   137 D rkdisplay-resources: 
07-15 16:05:25.511   107   137 D rkdisplay-resources: 4a        46      (invalid)       4       4
07-15 16:05:25.511   107   137 D rkdisplay-resources: 
07-15 16:05:25.511   107   137 D rkdisplay-resources: 50        4c      (invalid)       8       8
07-15 16:05:25.511   107   137 D rkdisplay-resources: 
07-15 16:05:25.511   107   137 D rkdisplay-resources: 56        52      (invalid)       10      10
07-15 16:05:25.511   107   137 D rkdisplay-resources: 
07-15 16:05:25.511   107   137 D rkdisplay-resources: 5c        58      (invalid)       20      20
07-15 16:05:25.511   107   137 D rkdisplay-resources: 
07-15 16:05:25.511   107   137 D rkdisplay-resources: 62        5e      (invalid)       40      40
07-15 16:05:25.511   107   137 D rkdisplay-resources: 
07-15 16:05:25.511   107   137 D rkdisplay-resources: 68        64      (invalid)       80      80
07-15 16:05:25.511   107   137 D rkdisplay-resources: 
07-15 16:05:25.512   107   137 D hwc-drm-connector: crtc_id_property_: name CRTC_ID 
07-15 16:05:25.512   107   137 W hwc-drm-connector: Could not get hdmi_output_colorimetry property
07-15 16:05:25.512   107   137 W hwc-drm-connector: Could not get hdmi_output_format property
07-15 16:05:25.512   107   137 W hwc-drm-connector: UpdateModes Could not get hdmi_output_colorimetry property
07-15 16:05:25.512   107   137 W hwc-drm-connector: UpdateModes Could not get hdmi_output_format property
07-15 16:05:25.513   107   137 D hwc-drm-connector: crtc_id_property_: name CRTC_ID 
07-15 16:05:25.513   107   137 W hwc-drm-connector: Could not get hdmi_output_colorimetry property
07-15 16:05:25.513   107   137 W hwc-drm-connector: Could not get hdmi_output_format property
07-15 16:05:25.513   107   137 W hwc-drm-connector: UpdateModes Could not get hdmi_output_colorimetry property
07-15 16:05:25.513   107   137 W hwc-drm-connector: UpdateModes Could not get hdmi_output_format property
07-15 16:05:25.514   107   137 D hwc-drm-connector: crtc_id_property_: name CRTC_ID 
07-15 16:05:25.514   107   137 W hwc-drm-connector: Could not get hdmi_output_colorimetry property
07-15 16:05:25.514   107   137 W hwc-drm-connector: Could not get hdmi_output_format property
07-15 16:05:25.515   107   137 W hwc-drm-connector: UpdateModes Could not get hdmi_output_colorimetry property
07-15 16:05:25.515   107   137 W hwc-drm-connector: UpdateModes Could not get hdmi_output_format property
07-15 16:05:25.515   107   137 D hwc-drm-connector: crtc_id_property_: name CRTC_ID 
07-15 16:05:25.515   107   137 W hwc-drm-connector: Could not get hdmi_output_colorimetry property
07-15 16:05:25.515   107   137 W hwc-drm-connector: Could not get hdmi_output_format property
07-15 16:05:25.515    85    85 E ActivityRecognitionHardware: activity_recognition HAL is deprecated. class_init is effectively a no-op
07-15 16:05:25.516   107   137 W hwc-drm-connector: UpdateModes Could not get hdmi_output_colorimetry property
07-15 16:05:25.516   107   137 W hwc-drm-connector: UpdateModes Could not get hdmi_output_format property
07-15 16:05:25.516   107   137 D hwc-drm-connector: crtc_id_property_: name CRTC_ID 
07-15 16:05:25.516   107   137 W hwc-drm-connector: Could not get hdmi_output_colorimetry property
07-15 16:05:25.516   107   137 W hwc-drm-connector: Could not get hdmi_output_format property
07-15 16:05:25.517   107   137 W hwc-drm-connector: UpdateModes Could not get hdmi_output_colorimetry property
07-15 16:05:25.517   107   137 W hwc-drm-connector: UpdateModes Could not get hdmi_output_format property
07-15 16:05:25.517   107   137 D hwc-drm-connector: crtc_id_property_: name CRTC_ID 
07-15 16:05:25.517   107   137 W hwc-drm-connector: Could not get hdmi_output_colorimetry property
07-15 16:05:25.517   107   137 W hwc-drm-connector: Could not get hdmi_output_format property
07-15 16:05:25.518   107   137 W hwc-drm-connector: UpdateModes Could not get hdmi_output_colorimetry property
07-15 16:05:25.518   107   137 W hwc-drm-connector: UpdateModes Could not get hdmi_output_format property
07-15 16:05:25.518   107   137 D hwc-drm-connector: crtc_id_property_: name CRTC_ID 
07-15 16:05:25.519   107   137 W hwc-drm-connector: Could not get hdmi_output_colorimetry property
07-15 16:05:25.519   107   137 W hwc-drm-connector: Could not get hdmi_output_format property
07-15 16:05:25.519   107   137 W hwc-drm-connector: UpdateModes Could not get hdmi_output_colorimetry property
07-15 16:05:25.519   107   137 W hwc-drm-connector: UpdateModes Could not get hdmi_output_format property
07-15 16:05:25.520   107   137 D hwc-drm-connector: crtc_id_property_: name CRTC_ID 
07-15 16:05:25.520   107   137 W hwc-drm-connector: Could not get hdmi_output_colorimetry property
07-15 16:05:25.520   107   137 W hwc-drm-connector: Could not get hdmi_output_format property
07-15 16:05:25.520   107   137 W hwc-drm-connector: UpdateModes Could not get hdmi_output_colorimetry property
07-15 16:05:25.520   107   137 W hwc-drm-connector: UpdateModes Could not get hdmi_output_format property
07-15 16:05:25.520   107   137 E rkdisplay-resources: failed to find primary display
07-15 16:05:25.520   107   137 D hw_output: nativeInit: 
07-15 16:05:25.520   107   137 W hwc-drm-connector: UpdateModes Could not get hdmi_output_colorimetry property
07-15 16:05:25.520   107   137 W hwc-drm-connector: UpdateModes Could not get hdmi_output_format property
07-15 16:05:25.520   107   137 D hw_output: old_state 1 cur_state 1 conn->get_type() 15
07-15 16:05:25.521   107   137 W hwc-drm-connector: UpdateModes Could not get hdmi_output_colorimetry property
07-15 16:05:25.521   107   137 W hwc-drm-connector: UpdateModes Could not get hdmi_output_format property
07-15 16:05:25.521   107   137 D hw_output: old_state 1 cur_state 1 conn->get_type() 15
07-15 16:05:25.521   107   137 W hwc-drm-connector: UpdateModes Could not get hdmi_output_colorimetry property
07-15 16:05:25.521   107   137 W hwc-drm-connector: UpdateModes Could not get hdmi_output_format property
07-15 16:05:25.521   107   137 D hw_output: old_state 1 cur_state 1 conn->get_type() 15
07-15 16:05:25.522   107   137 W hwc-drm-connector: UpdateModes Could not get hdmi_output_colorimetry property
07-15 16:05:25.522   107   137 W hwc-drm-connector: UpdateModes Could not get hdmi_output_format property
07-15 16:05:25.522   107   137 D hw_output: old_state 1 cur_state 1 conn->get_type() 15
07-15 16:05:25.522   107   137 W hwc-drm-connector: UpdateModes Could not get hdmi_output_colorimetry property
07-15 16:05:25.522   107   137 W hwc-drm-connector: UpdateModes Could not get hdmi_output_format property
07-15 16:05:25.522   107   137 D hw_output: old_state 1 cur_state 1 conn->get_type() 15
07-15 16:05:25.523   107   137 W hwc-drm-connector: UpdateModes Could not get hdmi_output_colorimetry property
07-15 16:05:25.523   107   137 W hwc-drm-connector: UpdateModes Could not get hdmi_output_format property
07-15 16:05:25.523   107   137 D hw_output: old_state 1 cur_state 1 conn->get_type() 15
07-15 16:05:25.523   107   137 W hwc-drm-connector: UpdateModes Could not get hdmi_output_colorimetry property
07-15 16:05:25.523   107   137 W hwc-drm-connector: UpdateModes Could not get hdmi_output_format property
07-15 16:05:25.523   107   137 D hw_output: old_state 1 cur_state 1 conn->get_type() 15
07-15 16:05:25.524   107   137 W hwc-drm-connector: UpdateModes Could not get hdmi_output_colorimetry property
07-15 16:05:25.524   107   137 W hwc-drm-connector: UpdateModes Could not get hdmi_output_format property
07-15 16:05:25.524   107   137 D hw_output: old_state 1 cur_state 1 conn->get_type() 15
07-15 16:05:25.524   107   137 E hw_output: hw_output_hotplug_update 794 Failed to find primary display
07-15 16:05:25.524   107   137 D hw_output: primary: 0x0 extend: 0x0 
07-15 16:05:25.525   329   329 I SystemServer: StartNotificationManager
07-15 16:05:25.525   329   329 I SystemServiceManager: Starting com.android.server.notification.NotificationManagerService
07-15 16:05:25.528   329   329 W NineDSpaceManager: warning: no space9d service
07-15 16:05:25.530   329   329 D ConditionProviders.SCP: new ScheduleConditionProvider()
07-15 16:05:25.530   329   329 W NineDSpaceManager: warning: no space9d service
07-15 16:05:25.530   329   329 I chatty  : uid=1000 system_server identical 1 line
07-15 16:05:25.531   329   329 W NineDSpaceManager: warning: no space9d service
07-15 16:05:25.531   329   329 I NotificationListeners: Read notification listener permissions from xml
07-15 16:05:25.532   329   329 I NotificationAssistants: Read notification assistant permissions from xml
07-15 16:05:25.532   329   329 I ConditionProviders: Read condition provider permissions from xml
07-15 16:05:25.532   329   329 I ConditionProviders: Read condition provider permissions from xml
07-15 16:05:25.532   329   329 D NotificationAssistants: Approving default notification assistant for user 0
07-15 16:05:25.532   329   329 W NineDSpaceManager: warning: no space9d service
07-15 16:05:25.532   329   329 I ConditionProviders:  Allowing condition provider android.ext.services/android.ext.services.notification.Assistant
07-15 16:05:25.532   329   329 D NotificationService: Set default NAS to be android.ext.services/android.ext.services.notification.Assistant in 0
07-15 16:05:25.532   329   329 W NineDSpaceManager: warning: no space9d service
07-15 16:05:25.532   329   329 W NineDSpaceManager: warning: no space9d service
07-15 16:05:25.532   329   374 W NineDSpaceManager: warning: no space9d service
07-15 16:05:25.533   329   374 I chatty  : uid=1000(system) android.io identical 1 line
07-15 16:05:25.533   329   374 W NineDSpaceManager: warning: no space9d service
07-15 16:05:25.534   329   329 I SystemServer: StartDeviceMonitor
07-15 16:05:25.534   329   329 I SystemServiceManager: Starting com.android.server.storage.DeviceStorageMonitorService
07-15 16:05:25.534   329   329 I SystemServer: StartLocationManagerService
07-15 16:05:25.535   329   329 I SystemServer: StartCountryDetectorService
07-15 16:05:25.535   329   496 W NineDSpaceManager: warning: no space9d service
07-15 16:05:25.535   329   329 I SystemServer: StartTimeDetectorService
07-15 16:05:25.535   329   329 I SystemServiceManager: Starting com.android.server.timedetector.TimeDetectorService$Lifecycle
07-15 16:05:25.535   329   496 W NineDSpaceManager: warning: no space9d service
07-15 16:05:25.535   329   496 W NineDSpaceManager: warning: no space9d service
07-15 16:05:25.535   329   329 I SystemServer: StartSearchManagerService
07-15 16:05:25.535   329   329 I SystemServiceManager: Starting com.android.server.search.SearchManagerService$Lifecycle
07-15 16:05:25.535    85    85 I zygote  : Thread[1,tid=85,Native,Thread*=0xf4d66e00,peer=0x12c40078,"main"] recursive attempt to load library "libmedia_jni.so"
07-15 16:05:25.535   329   329 I SystemServer: StartWallpaperManagerService
07-15 16:05:25.535   329   329 I SystemServiceManager: Starting com.android.server.wallpaper.WallpaperManagerService$Lifecycle
07-15 16:05:25.535    85    85 D MtpDeviceJNI: register_android_mtp_MtpDevice
07-15 16:05:25.535    85    85 I zygote  : Thread[1,tid=85,Native,Thread*=0xf4d66e00,peer=0x12c40078,"main"] recursive attempt to load library "libmedia_jni.so"
07-15 16:05:25.536   329   329 I SystemServer: StartAudioService
07-15 16:05:25.536   329   329 I SystemServiceManager: Starting com.android.server.audio.AudioService$Lifecycle
07-15 16:05:25.536   329   374 W NineDSpaceManager: warning: no space9d service
07-15 16:05:25.536   329   374 I chatty  : uid=1000(system) android.io identical 1 line
07-15 16:05:25.536   329   374 W NineDSpaceManager: warning: no space9d service
07-15 16:05:25.538   329   329 W NineDSpaceManager: warning: no space9d service
07-15 16:05:25.536    85    85 I zygote  : Thread[1,tid=85,Native,Thread*=0xf4d66e00,peer=0x12c40078,"main"] recursive attempt to load library "libmedia_jni.so"
07-15 16:05:25.538   112   112 D PermissionCache: checking android.permission.MODIFY_AUDIO_ROUTING for uid=1000 => granted (335 us)
07-15 16:05:25.539    85    85 W Zygote  : Class not found for preloading: android.media.audiopolicy.AudioProductStrategies
07-15 16:05:25.539    85    85 W Zygote  : Class not found for preloading: android.media.audiopolicy.AudioVolumeGroups
07-15 16:05:25.540   112   159 D PermissionCache: checking android.permission.MODIFY_AUDIO_SETTINGS for uid=1000 => granted (48 us)
07-15 16:05:25.540    89   120 W DeviceHAL: Error from HAL Device in function set_mic_mute: Function not implemented
07-15 16:05:25.541    89   120 W DeviceHAL: Error from HAL Device in function set_mic_mute: Function not implemented
07-15 16:05:25.561   112   112 D AudioFlinger: isLowRamDevice:false totalMemory:16704221184 mClientSharedHeapSize:33554432
07-15 16:05:25.557   329   329 I chatty  : uid=1000 system_server identical 273 lines
07-15 16:05:25.557   329   329 W NineDSpaceManager: warning: no space9d service
07-15 16:05:25.562   329   329 I SystemServer: StartDockObserver
07-15 16:05:25.562   329   329 I SystemServiceManager: Starting com.android.server.DockObserver
07-15 16:05:25.562   329   329 W DockObserver: This kernel does not have dock station support
07-15 16:05:25.562   329   329 I SystemServer: StartWiredAccessoryManager
07-15 16:05:25.562   329   329 W WiredAccessoryManager: This kernel does not have wired headset support
07-15 16:05:25.562   329   329 W WiredAccessoryManager: This kernel does not have usb audio support
07-15 16:05:25.562   329   329 W WiredAccessoryManager: This kernel does not have HDMI audio support
07-15 16:05:25.562   329   329 I SystemServer: StartAdbService
07-15 16:05:25.563   329   329 I SystemServiceManager: Starting com.android.server.adb.AdbService$Lifecycle
07-15 16:05:25.563   329   329 I SystemServer: StartUsbService
07-15 16:05:25.563   329   329 I SystemServiceManager: Starting com.android.server.usb.UsbService$Lifecycle
07-15 16:05:25.563   329   329 E UsbDeviceManager: failed to write to /sys/class/android_usb/android0/f_rndis/ethaddr
07-15 16:05:25.563    29    29 I hwservicemanager: getTransport: Cannot find entry android.hardware.usb.gadget@1.0::IUsbGadget/default in either framework or device manifest.
07-15 16:05:25.564   329   329 I UsbDeviceManager: USB GADGET HAL not present in the device
07-15 16:05:25.564   329   329 I UsbDeviceManager: java.util.NoSuchElementException
07-15 16:05:25.564   329   329 I UsbDeviceManager:      at android.os.HwBinder.getService(Native Method)
07-15 16:05:25.564   329   329 I UsbDeviceManager:      at android.hardware.usb.gadget.V1_0.IUsbGadget.getService(IUsbGadget.java:55)
07-15 16:05:25.564   329   329 I UsbDeviceManager:      at android.hardware.usb.gadget.V1_0.IUsbGadget.getService(IUsbGadget.java:62)
07-15 16:05:25.564   329   329 I UsbDeviceManager:      at com.android.server.usb.UsbDeviceManager.<init>(UsbDeviceManager.java:262)
07-15 16:05:25.564   329   329 I UsbDeviceManager:      at com.android.server.usb.UsbService.<init>(UsbService.java:150)
07-15 16:05:25.564   329   329 I UsbDeviceManager:      at com.android.server.usb.UsbService$Lifecycle.onStart(UsbService.java:84)
07-15 16:05:25.564   329   329 I UsbDeviceManager:      at com.android.server.SystemServiceManager.startService(SystemServiceManager.java:130)
07-15 16:05:25.564   329   329 I UsbDeviceManager:      at com.android.server.SystemServiceManager.startService(SystemServiceManager.java:117)
07-15 16:05:25.564   329   329 I UsbDeviceManager:      at com.android.server.SystemServiceManager.startService(SystemServiceManager.java:76)
07-15 16:05:25.564   329   329 I UsbDeviceManager:      at com.android.server.SystemServer.startOtherServices(SystemServer.java:1559)
07-15 16:05:25.564   329   329 I UsbDeviceManager:      at com.android.server.SystemServer.run(SystemServer.java:514)
07-15 16:05:25.564   329   329 I UsbDeviceManager:      at com.android.server.SystemServer.main(SystemServer.java:351)
07-15 16:05:25.564   329   329 I UsbDeviceManager:      at java.lang.reflect.Method.invoke(Native Method)
07-15 16:05:25.564   329   329 I UsbDeviceManager:      at com.android.internal.os.RuntimeInit$MethodAndArgsCaller.run(RuntimeInit.java:492)
07-15 16:05:25.564   329   329 I UsbDeviceManager:      at com.android.internal.os.ZygoteInit.main(ZygoteInit.java:908)
07-15 16:05:25.564   329   329 E UsbDeviceManager: Failed to open control for mtp
07-15 16:05:25.564   329   329 E UsbDeviceManager: Failed to open control for ptp
07-15 16:05:25.566   329   329 W StorageManagerService: No primary storage defined yet; hacking together a stub
07-15 16:05:25.567   329   329 E UsbDeviceManager: Error initializing UsbHandler
07-15 16:05:25.567   329   329 E UsbDeviceManager: java.io.FileNotFoundException: /sys/class/android_usb/android0/state: open failed: ENOENT (No such file or directory)
07-15 16:05:25.567   329   329 E UsbDeviceManager:      at libcore.io.IoBridge.open(IoBridge.java:496)
07-15 16:05:25.567   329   329 E UsbDeviceManager:      at java.io.FileInputStream.<init>(FileInputStream.java:159)
07-15 16:05:25.567   329   329 E UsbDeviceManager:      at android.os.FileUtils.readTextFile(FileUtils.java:614)
07-15 16:05:25.567   329   329 E UsbDeviceManager:      at com.android.server.usb.UsbDeviceManager$UsbHandlerLegacy.<init>(UsbDeviceManager.java:1372)
07-15 16:05:25.567   329   329 E UsbDeviceManager:      at com.android.server.usb.UsbDeviceManager.<init>(UsbDeviceManager.java:286)
07-15 16:05:25.567   329   329 E UsbDeviceManager:      at com.android.server.usb.UsbService.<init>(UsbService.java:150)
07-15 16:05:25.567   329   329 E UsbDeviceManager:      at com.android.server.usb.UsbService$Lifecycle.onStart(UsbService.java:84)
07-15 16:05:25.567   329   329 E UsbDeviceManager:      at com.android.server.SystemServiceManager.startService(SystemServiceManager.java:130)
07-15 16:05:25.567   329   329 E UsbDeviceManager:      at com.android.server.SystemServiceManager.startService(SystemServiceManager.java:117)
07-15 16:05:25.567   329   329 E UsbDeviceManager:      at com.android.server.SystemServiceManager.startService(SystemServiceManager.java:76)
07-15 16:05:25.567   329   329 E UsbDeviceManager:      at com.android.server.SystemServer.startOtherServices(SystemServer.java:1559)
07-15 16:05:25.567   329   329 E UsbDeviceManager:      at com.android.server.SystemServer.run(SystemServer.java:514)
07-15 16:05:25.567   329   329 E UsbDeviceManager:      at com.android.server.SystemServer.main(SystemServer.java:351)
07-15 16:05:25.567   329   329 E UsbDeviceManager:      at java.lang.reflect.Method.invoke(Native Method)
07-15 16:05:25.567   329   329 E UsbDeviceManager:      at com.android.internal.os.RuntimeInit$MethodAndArgsCaller.run(RuntimeInit.java:492)
07-15 16:05:25.567   329   329 E UsbDeviceManager:      at com.android.internal.os.ZygoteInit.main(ZygoteInit.java:908)
07-15 16:05:25.567   329   329 E UsbDeviceManager: Caused by: android.system.ErrnoException: open failed: ENOENT (No such file or directory)
07-15 16:05:25.567   329   329 E UsbDeviceManager:      at libcore.io.Linux.open(Native Method)
07-15 16:05:25.567   329   329 E UsbDeviceManager:      at libcore.io.ForwardingOs.open(ForwardingOs.java:167)
07-15 16:05:25.567   329   329 E UsbDeviceManager:      at libcore.io.BlockGuardOs.open(BlockGuardOs.java:252)
07-15 16:05:25.567   329   329 E UsbDeviceManager:      at libcore.io.IoBridge.open(IoBridge.java:482)
07-15 16:05:25.567   329   329 E UsbDeviceManager:      ... 15 more
07-15 16:05:25.568    29    29 I hwservicemanager: getTransport: Cannot find entry android.hardware.usb@1.0::IUsb/default in either framework or device manifest.
07-15 16:05:25.568   329   329 E UsbPortManager: connectToProxy: usb hal service not found. Did the service fail to start?
07-15 16:05:25.568   329   329 E UsbPortManager: java.util.NoSuchElementException
07-15 16:05:25.568   329   329 E UsbPortManager:        at android.os.HwBinder.getService(Native Method)
07-15 16:05:25.568   329   329 E UsbPortManager:        at android.os.HwBinder.getService(HwBinder.java:83)
07-15 16:05:25.568   329   329 E UsbPortManager:        at android.hardware.usb.V1_0.IUsb.getService(IUsb.java:70)
07-15 16:05:25.568   329   329 E UsbPortManager:        at android.hardware.usb.V1_0.IUsb.getService(IUsb.java:77)
07-15 16:05:25.568   329   329 E UsbPortManager:        at com.android.server.usb.UsbPortManager.connectToProxy(UsbPortManager.java:780)
07-15 16:05:25.568   329   329 E UsbPortManager:        at com.android.server.usb.UsbPortManager.<init>(UsbPortManager.java:175)
07-15 16:05:25.568   329   329 E UsbPortManager:        at com.android.server.usb.UsbService.<init>(UsbService.java:153)
07-15 16:05:25.568   329   329 E UsbPortManager:        at com.android.server.usb.UsbService$Lifecycle.onStart(UsbService.java:84)
07-15 16:05:25.568   329   329 E UsbPortManager:        at com.android.server.SystemServiceManager.startService(SystemServiceManager.java:130)
07-15 16:05:25.568   329   329 E UsbPortManager:        at com.android.server.SystemServiceManager.startService(SystemServiceManager.java:117)
07-15 16:05:25.568   329   329 E UsbPortManager:        at com.android.server.SystemServiceManager.startService(SystemServiceManager.java:76)
07-15 16:05:25.568   329   329 E UsbPortManager:        at com.android.server.SystemServer.startOtherServices(SystemServer.java:1559)
07-15 16:05:25.568   329   329 E UsbPortManager:        at com.android.server.SystemServer.run(SystemServer.java:514)
07-15 16:05:25.568   329   329 E UsbPortManager:        at com.android.server.SystemServer.main(SystemServer.java:351)
07-15 16:05:25.568   329   329 E UsbPortManager:        at java.lang.reflect.Method.invoke(Native Method)
07-15 16:05:25.568   329   329 E UsbPortManager:        at com.android.internal.os.RuntimeInit$MethodAndArgsCaller.run(RuntimeInit.java:492)
07-15 16:05:25.568   329   329 E UsbPortManager:        at com.android.internal.os.ZygoteInit.main(ZygoteInit.java:908)
07-15 16:05:25.569   329   329 I SystemServer: StartSerialService
07-15 16:05:25.569   329   329 I SystemServer: StartHardwarePropertiesManagerService
07-15 16:05:25.569    29    29 I hwservicemanager: getTransport: Cannot find entry android.hardware.thermal@1.0::IThermal/default in either framework or device manifest.
07-15 16:05:25.569   329   329 I SystemServer: StartTwilightService
07-15 16:05:25.569   329   329 I SystemServiceManager: Starting com.android.server.twilight.TwilightService
07-15 16:05:25.569   329   329 I SystemServer: StartColorDisplay
07-15 16:05:25.569   329   329 I SystemServiceManager: Starting com.android.server.display.color.ColorDisplayService
07-15 16:05:25.569   329   329 I SystemServer: StartJobScheduler
07-15 16:05:25.569   329   329 I SystemServiceManager: Starting com.android.server.job.JobSchedulerService
07-15 16:05:25.571   329   329 D JobStore: Start tag: job-info
07-15 16:05:25.571   329   329 I JobStore: Read 2 jobs
07-15 16:05:25.572   329   329 W NineDSpaceManager: warning: no space9d service
07-15 16:05:25.573    85    85 W Zygote  : Class not found for preloading: android.view.-$$Lambda$SurfaceView$Cs7TGTdA1lXf9qW8VOJAfEsMjdk
07-15 16:05:25.573   329   329 I SystemServer: StartSoundTrigger
07-15 16:05:25.573   329   329 I SystemServiceManager: Starting com.android.server.soundtrigger.SoundTriggerService
07-15 16:05:25.573   329   329 I SystemServer: StartTrustManager
07-15 16:05:25.573   329   329 I SystemServiceManager: Starting com.android.server.trust.TrustManagerService
07-15 16:05:25.573   329   329 W NineDSpaceManager: warning: no space9d service
07-15 16:05:25.573   329   329 W NineDSpaceManager: warning: no space9d service
07-15 16:05:25.574   329   329 I SystemServer: StartBackupManager
07-15 16:05:25.574   329   329 I SystemServiceManager: Starting com.android.server.backup.BackupManagerService$Lifecycle
07-15 16:05:25.574   329   329 I SystemServer: StartAppWidgetService
07-15 16:05:25.574   329   329 I SystemServiceManager: Starting com.android.server.appwidget.AppWidgetService
07-15 16:05:25.574   329   329 I SystemServer: StartRoleManagerService
07-15 16:05:25.575   329   329 I SystemServer: StartVoiceRecognitionManager
07-15 16:05:25.575   329   329 I SystemServiceManager: Starting com.android.server.voiceinteraction.VoiceInteractionManagerService
07-15 16:05:25.575    85    85 W Zygote  : Class not found for preloading: android.view.SurfaceView$3
07-15 16:05:25.575   329   329 I RoleUserState: Read roles.xml successfully
07-15 16:05:25.575   329   329 W NineDSpaceManager: warning: no space9d service
07-15 16:05:25.576   329   329 I chatty  : uid=1000 system_server identical 1 line
07-15 16:05:25.576   329   329 W NineDSpaceManager: warning: no space9d service
07-15 16:05:25.576   329   329 I SystemServer: StartGestureLauncher
07-15 16:05:25.576   329   329 I SystemServiceManager: Starting com.android.server.GestureLauncherService
07-15 16:05:25.576   329   329 I SystemServer: StartSensorNotification
07-15 16:05:25.576   329   329 I SystemServiceManager: Starting com.android.server.SensorNotificationService
07-15 16:05:25.576   329   329 I SystemServer: StartContextHubSystemService
07-15 16:05:25.576   329   329 I SystemServiceManager: Starting com.android.server.ContextHubSystemService
07-15 16:05:25.576   329   329 I SystemServer: StartDiskStatsService
07-15 16:05:25.576    85    85 W Zygote  : Class not found for preloading: android.view.textclassifier.-$$Lambda$TextClassificationManager$JIaezIJbMig_-kVzN6oArzkTsJE
07-15 16:05:25.576   329   329 I SystemServer: RuntimeService
07-15 16:05:25.576    29    29 I hwservicemanager: getTransport: Cannot find entry android.hardware.contexthub@1.0::IContexthub/default in either framework or device manifest.
07-15 16:05:25.576   329   504 I chatty  : uid=1000 system_server expire 1 line
07-15 16:05:25.577   329   329 I SystemServer: StartNetworkTimeUpdateService
07-15 16:05:25.577   329   329 W NineDSpaceManager: warning: no space9d service
07-15 16:05:25.577   329   329 W NineDSpaceManager: warning: no space9d service
07-15 16:05:25.577   329   329 D SystemServer: Using networkTimeUpdater class=class com.android.server.NewNetworkTimeUpdateService
07-15 16:05:25.577   329   329 I SystemServer: CertBlacklister
07-15 16:05:25.577   329   329 I SystemServer: StartEmergencyAffordanceService
07-15 16:05:25.577   329   329 I SystemServiceManager: Starting com.android.server.emergency.EmergencyAffordanceService
07-15 16:05:25.577   329   329 I SystemServer: StartDreamManager
07-15 16:05:25.577   329   329 I SystemServiceManager: Starting com.android.server.dreams.DreamManagerService
07-15 16:05:25.577   329   329 I SystemServer: AddGraphicsStatsService
07-15 16:05:25.578   329   329 I SystemServer: StartPrintManager
07-15 16:05:25.578   329   329 I SystemServiceManager: Starting com.android.server.print.PrintManagerService
07-15 16:05:25.578   329   329 I SystemServer: StartCompanionDeviceManager
07-15 16:05:25.578   329   329 I SystemServiceManager: Starting com.android.server.companion.CompanionDeviceManagerService
07-15 16:05:25.578   329   329 I SystemServer: StartRestrictionManager
07-15 16:05:25.578   329   329 I SystemServiceManager: Starting com.android.server.restrictions.RestrictionsManagerService
07-15 16:05:25.578   329   329 I SystemServer: StartMediaSessionService
07-15 16:05:25.578   329   329 I SystemServiceManager: Starting com.android.server.media.MediaSessionService
07-15 16:05:25.581    85    85 W Zygote  : Class not found for preloading: com.android.internal.net.NetworkStatsFactory
07-15 16:05:25.581   329   329 W NineDSpaceManager: warning: no space9d service
07-15 16:05:25.581   329   329 I SystemServer: StartMediaResourceMonitor
07-15 16:05:25.581   329   329 I SystemServiceManager: Starting com.android.server.media.MediaResourceMonitorService
07-15 16:05:25.582   329   329 I SystemServer: StartMediaRouterService
07-15 16:05:25.582   329   329 I SystemServer: StartBackgroundDexOptService
07-15 16:05:25.582   329   329 I SystemServer: StartDynamicCodeLoggingService
07-15 16:05:25.582   329   329 I SystemServer: StartPruneInstantAppsJobService
07-15 16:05:25.582   329   329 I SystemServer: StartShortcutServiceLifecycle
07-15 16:05:25.582   329   329 I SystemServiceManager: Starting com.android.server.pm.ShortcutService$Lifecycle
07-15 16:05:25.583   329   329 I SystemServer: StartLauncherAppsService
07-15 16:05:25.583   329   329 I SystemServiceManager: Starting com.android.server.pm.LauncherAppsService
07-15 16:05:25.583    85    85 W Zygote  : Class not found for preloading: com.android.internal.telephony.-$$Lambda$PhoneSubInfoController$8HFbCDJDN1mrLJG980qYH5MGqMk
07-15 16:05:25.583   329   329 I SystemServer: StartCrossProfileAppsService
07-15 16:05:25.583   329   329 I SystemServiceManager: Starting com.android.server.pm.CrossProfileAppsService
07-15 16:05:25.583    85    85 W Zygote  : Class not found for preloading: com.android.internal.telephony.-$$Lambda$PhoneSubInfoController$U28a_EGx2cvmQhDfRRgonMt5Zrc
07-15 16:05:25.583    85    85 W Zygote  : Class not found for preloading: com.android.internal.telephony.-$$Lambda$SubscriptionInfoUpdater$-zZXM9oMRZ3vZz7dJOG19J00Bmw
07-15 16:05:25.583    85    85 W Zygote  : Class not found for preloading: com.android.internal.telephony.-$$Lambda$SubscriptionInfoUpdater$D5yF1HbS4cvCyoAj3FESkPtA_0g
07-15 16:05:25.583    85    85 W Zygote  : Class not found for preloading: com.android.internal.telephony.-$$Lambda$SubscriptionInfoUpdater$MMx9iQX0JVqqMPLTUZhdBubFSzU
07-15 16:05:25.583   329   329 I SystemServer: StartMediaProjectionManager
07-15 16:05:25.583   329   329 I SystemServiceManager: Starting com.android.server.media.projection.MediaProjectionManagerService
07-15 16:05:25.584   329   329 I SystemServer: StartSliceManagerService
07-15 16:05:25.584   329   329 I SystemServiceManager: Starting com.android.server.slice.SliceManagerService$Lifecycle
07-15 16:05:25.584    85    85 W Zygote  : Class not found for preloading: com.android.internal.telephony.NewNitzStateMachine$1
07-15 16:05:25.584    85    85 W Zygote  : Class not found for preloading: com.android.internal.telephony.NewNitzStateMachine
07-15 16:05:25.584    85    85 W Zygote  : Class not found for preloading: com.android.internal.telephony.NewTimeServiceHelper$1
07-15 16:05:25.584    85    85 W Zygote  : Class not found for preloading: com.android.internal.telephony.NewTimeServiceHelper$Listener
07-15 16:05:25.584    85    85 W Zygote  : Class not found for preloading: com.android.internal.telephony.NewTimeServiceHelper
07-15 16:05:25.584    85    85 W Zygote  : Class not found for preloading: com.android.internal.telephony.PhoneConfigurationModels
07-15 16:05:25.584   329   329 I SystemServer: StartCameraServiceProxy
07-15 16:05:25.584   329   329 I SystemServiceManager: Starting com.android.server.camera.CameraServiceProxy
07-15 16:05:25.585    85    85 W Zygote  : Class not found for preloading: com.android.internal.telephony.SubscriptionController$ScLocalLog
07-15 16:05:25.585   329   329 I SystemServer: StartStatsCompanionService
07-15 16:05:25.585   329   329 I SystemServiceManager: Starting com.android.server.stats.StatsCompanionService$Lifecycle
07-15 16:05:25.585    85    85 W Zygote  : Class not found for preloading: com.android.internal.telephony.UiccSmsController
07-15 16:05:25.585    85    85 W Zygote  : Class not found for preloading: com.android.internal.telephony.dataconnection.DcController$2
07-15 16:05:25.585   329   329 I StatsCompanionService: register thermal listener successfully
07-15 16:05:25.586   329   329 I SystemServer: StartIncidentCompanionService
07-15 16:05:25.586   329   329 I SystemServiceManager: Starting com.android.server.incident.IncidentCompanionService
07-15 16:05:25.586   329   329 I SystemServer: StartMmsService
07-15 16:05:25.586   329   329 I SystemServiceManager: Starting com.android.server.MmsServiceBroker
07-15 16:05:25.587   329   329 I SystemServer: StartAutoFillService
07-15 16:05:25.587   329   329 I SystemServiceManager: Starting com.android.server.autofill.AutofillManagerService
07-15 16:05:25.587   329   329 W NineDSpaceManager: warning: no space9d service
07-15 16:05:25.587   329   329 I chatty  : uid=1000 system_server identical 5 lines
07-15 16:05:25.588   329   329 W NineDSpaceManager: warning: no space9d service
07-15 16:05:25.588   329   329 I SystemServer: StartClipboardService
07-15 16:05:25.588   329   329 I SystemServiceManager: Starting com.android.server.clipboard.ClipboardService
07-15 16:05:25.588   329   329 I SystemServer: AppServiceManager
07-15 16:05:25.588   329   329 I SystemServiceManager: Starting com.android.server.appbinding.AppBindingService$Lifecycle
07-15 16:05:25.588   329   329 I SystemServer: MakeVibratorServiceReady
07-15 16:05:25.588   329   329 W NineDSpaceManager: warning: no space9d service
07-15 16:05:25.589   329   329 I chatty  : uid=1000 system_server identical 2 lines
07-15 16:05:25.589   329   329 W NineDSpaceManager: warning: no space9d service
07-15 16:05:25.589   329   329 I SystemServer: MakeLockSettingsServiceReady
07-15 16:05:25.592    29    29 I hwservicemanager: getTransport: Cannot find entry android.hardware.weaver@1.0::IWeaver/default in either framework or device manifest.
07-15 16:05:25.592   329   329 I SyntheticPasswordManager: Device does not support weaver
07-15 16:05:25.592    29    29 I hwservicemanager: getTransport: Cannot find entry android.hardware.authsecret@1.0::IAuthSecret/default in either framework or device manifest.
07-15 16:05:25.592   329   329 I LockSettingsService: Device doesn't implement AuthSecret HAL
07-15 16:05:25.592   329   329 E LockSettingsStorage: Cannot read file java.io.FileNotFoundException: /data/system/gatekeeper.password.key: open failed: ENOENT (No such file or directory)
07-15 16:05:25.592   329   329 E LockSettingsStorage: Cannot read file java.io.FileNotFoundException: /data/system/password.key: open failed: ENOENT (No such file or directory)
