07-15 16:05:26.767    83    83 I netd    : bandwidthSetGlobalAlert(2097152) -> ServiceSpecificException(2, "No such file or directory") <0.03ms>
07-15 16:05:26.768   329   380 E memtrack: Couldn't load memtrack module
07-15 16:05:26.768   329   380 W android.os.Debug: failed to get memory consumption info: -1
07-15 16:05:26.768   329   380 E memtrack: Couldn't load memtrack module
07-15 16:05:26.768   329   380 W android.os.Debug: failed to get memory consumption info: -1
07-15 16:05:26.768   329   380 E memtrack: Couldn't load memtrack module
07-15 16:05:26.768   329   380 W android.os.Debug: failed to get memory consumption info: -1
07-15 16:05:26.768   329   380 E memtrack: Couldn't load memtrack module
07-15 16:05:26.768   329   380 W android.os.Debug: failed to get memory consumption info: -1
07-15 16:05:26.769   329   380 E memtrack: Couldn't load memtrack module
07-15 16:05:26.769   329   380 W android.os.Debug: failed to get memory consumption info: -1
07-15 16:05:26.769   329   380 E memtrack: Couldn't load memtrack module
07-15 16:05:26.769   329   380 W android.os.Debug: failed to get memory consumption info: -1
07-15 16:05:26.770   329   380 E memtrack: Couldn't load memtrack module
07-15 16:05:26.770   329   380 W android.os.Debug: failed to get memory consumption info: -1
07-15 16:05:26.770   329   380 E memtrack: Couldn't load memtrack module
07-15 16:05:26.770   329   380 W android.os.Debug: failed to get memory consumption info: -1
07-15 16:05:26.770   329   380 E memtrack: Couldn't load memtrack module
07-15 16:05:26.770   329   380 W android.os.Debug: failed to get memory consumption info: -1
07-15 16:05:26.770   329   380 E memtrack: Couldn't load memtrack module
07-15 16:05:26.770   329   380 W android.os.Debug: failed to get memory consumption info: -1
07-15 16:05:26.770   329   380 E memtrack: Couldn't load memtrack module
07-15 16:05:26.770   329   380 W android.os.Debug: failed to get memory consumption info: -1
07-15 16:05:26.771   329   380 E memtrack: Couldn't load memtrack module
07-15 16:05:26.771   329   380 W android.os.Debug: failed to get memory consumption info: -1
07-15 16:05:26.771   329   380 E memtrack: Couldn't load memtrack module
07-15 16:05:26.771   329   380 W android.os.Debug: failed to get memory consumption info: -1
07-15 16:05:26.771   329   380 E memtrack: Couldn't load memtrack module
07-15 16:05:26.771   329   380 W android.os.Debug: failed to get memory consumption info: -1
07-15 16:05:26.771   329   380 E memtrack: Couldn't load memtrack module
07-15 16:05:26.771   329   380 W android.os.Debug: failed to get memory consumption info: -1
07-15 16:05:26.771   329   380 E memtrack: Couldn't load memtrack module
07-15 16:05:26.771   329   380 W android.os.Debug: failed to get memory consumption info: -1
07-15 16:05:26.771   329   380 E memtrack: Couldn't load memtrack module
07-15 16:05:26.771   329   380 W android.os.Debug: failed to get memory consumption info: -1
07-15 16:05:26.771   329   380 E memtrack: Couldn't load memtrack module
07-15 16:05:26.771   329   380 W android.os.Debug: failed to get memory consumption info: -1
07-15 16:05:26.771   329   380 E memtrack: Couldn't load memtrack module
07-15 16:05:26.771   329   380 W android.os.Debug: failed to get memory consumption info: -1
07-15 16:05:26.774   329   516 E LightsService: Light requested not available on this device. 0
07-15 16:05:26.765   329   482 I chatty  : uid=1000(system) NetworkPolicy identical 1 line
07-15 16:05:26.768   329   482 W NetworkStats: problem registering for global alert: java.lang.IllegalStateException: android.os.ServiceSpecificException: No such file or directory (code 2)
07-15 16:05:26.807   329   405 W NineDSpaceManager: warning: no space9d service
07-15 16:05:26.807   329   516 E LightsService: Light requested not available on this device. 0
07-15 16:05:26.845   175   175 D incidentd: WorkDirectory::getReports
07-15 16:05:26.880   329   488 D ConnectivityService: Got NetworkFactory Messenger for WifiNetworkFactory
07-15 16:05:26.880   329   488 D ConnectivityService: Got NetworkFactory Messenger for UntrustedWifiNetworkFactory
07-15 16:05:26.880   329   568 W NineDSpaceManager: warning: no space9d service
07-15 16:05:26.881   329   488 W BestClock: java.time.DateTimeException: Missing NTP fix
07-15 16:05:26.882   329   488 W BestClock: java.time.DateTimeException: Missing NTP fix
07-15 16:05:26.887   329   481 W BestClock: java.time.DateTimeException: Missing NTP fix
07-15 16:05:26.893   979   979 I bootstat: Service started: /system/bin/bootstat --record_boot_complete --record_boot_reason --record_time_since_factory_reset -l 
07-15 16:05:26.894   979   979 E bootstat: Failed to read /data/misc/bootstat/post_decrypt_time_elapsed: No such file or directory
07-15 16:05:26.894   979   979 E bootstat: Failed to parse boot time record: /data/misc/bootstat/post_decrypt_time_elapsed
07-15 16:05:26.912    83    83 I netd    : trafficSwapActiveStatsMap() <25.36ms>
07-15 16:05:26.913    83    83 I netd    : tetherGetStats() <0.65ms>
07-15 16:05:26.916   329   481 W BestClock: java.time.DateTimeException: Missing NTP fix
07-15 16:05:26.917   329   482 W BestClock: java.time.DateTimeException: Missing NTP fix
07-15 16:05:26.917   329   488 W BestClock: java.time.DateTimeException: Missing NTP fix
07-15 16:05:26.920   329   488 W BestClock: java.time.DateTimeException: Missing NTP fix
07-15 16:05:26.920   329   485 D WifiNetworkFactory: got request NetworkRequest [ TRACK_DEFAULT id=9, [ Capabilities: INTERNET&NOT_RESTRICTED&TRUSTED Uid: 1000] ] with score 50 and serial 3
07-15 16:05:26.920   329   485 D WifiNetworkFactory: got request NetworkRequest [ REQUEST id=1, [ Capabilities: INTERNET&NOT_RESTRICTED&TRUSTED&NOT_VPN] ] with score 50 and serial 3
07-15 16:05:26.920   329   485 D WifiNetworkFactory: got request NetworkRequest [ TRACK_DEFAULT id=12, [ Capabilities: INTERNET&NOT_RESTRICTED&TRUSTED Uid: 1001] ] with score 50 and serial 3
07-15 16:05:26.920   329   485 D WifiNetworkFactory: got request NetworkRequest [ REQUEST id=7, [ Capabilities: INTERNET&NOT_RESTRICTED&TRUSTED&NOT_VPN] ] with score 50 and serial 3
07-15 16:05:26.920   329   485 D WifiNetworkFactory: got request NetworkRequest [ TRACK_DEFAULT id=13, [ Capabilities: INTERNET&NOT_RESTRICTED&TRUSTED Uid: 10083] ] with score 50 and serial 3
07-15 16:05:26.920   329   485 D WifiNetworkFactory: got request NetworkRequest [ BACKGROUND_REQUEST id=2, [ Transports: CELLULAR Capabilities: INTERNET&NOT_RESTRICTED&TRUSTED&NOT_VPN] ] with score 50 and serial 3
07-15 16:05:26.920   329   485 D UntrustedWifiNetworkFactory: got request NetworkRequest [ TRACK_DEFAULT id=9, [ Capabilities: INTERNET&NOT_RESTRICTED&TRUSTED Uid: 1000] ] with score 50 and serial 3
07-15 16:05:26.920   329   485 D UntrustedWifiNetworkFactory: got request NetworkRequest [ REQUEST id=1, [ Capabilities: INTERNET&NOT_RESTRICTED&TRUSTED&NOT_VPN] ] with score 50 and serial 3
07-15 16:05:26.920   329   485 D UntrustedWifiNetworkFactory: got request NetworkRequest [ TRACK_DEFAULT id=12, [ Capabilities: INTERNET&NOT_RESTRICTED&TRUSTED Uid: 1001] ] with score 50 and serial 3
07-15 16:05:26.920   329   485 D UntrustedWifiNetworkFactory: got request NetworkRequest [ REQUEST id=7, [ Capabilities: INTERNET&NOT_RESTRICTED&TRUSTED&NOT_VPN] ] with score 50 and serial 3
07-15 16:05:26.920   329   485 D UntrustedWifiNetworkFactory: got request NetworkRequest [ TRACK_DEFAULT id=13, [ Capabilities: INTERNET&NOT_RESTRICTED&TRUSTED Uid: 10083] ] with score 50 and serial 3
07-15 16:05:26.920   329   485 D UntrustedWifiNetworkFactory: got request NetworkRequest [ BACKGROUND_REQUEST id=2, [ Transports: CELLULAR Capabilities: INTERNET&NOT_RESTRICTED&TRUSTED&NOT_VPN] ] with score 50 and serial 3
07-15 16:05:26.981   987   987 E Parcel  : Reading a NULL string not supported here.
07-15 16:05:26.982   329   568 D SettingsProvider: ftrace:settings(method:PUT_secure, name:user_setup_complete)
07-15 16:05:26.982   329   568 W NineDSpaceManager: warning: no space9d service
07-15 16:05:27.113    84    84 W         : Connect socket err: Connection refused
07-15 16:05:27.127    84    84 D Zygote  : Forked child process 992
07-15 16:05:27.129   329   382 W NineDSpaceManager: warning: no space9d service
07-15 16:05:27.130   329   382 I ActivityManager: Start proc 992:com.android.bluetooth/1002 for service {com.android.bluetooth/com.android.bluetooth.btservice.AdapterService}
07-15 16:05:27.135   992   992 W         : Connect socket err: Connection refused
07-15 16:05:27.135   992   992 I Zygote  : seccomp disabled by setenforce 0
07-15 16:05:27.140   992   992 E droid.bluetoot: Not starting debugger since process cannot load the jdwp agent.
07-15 16:05:27.151   992   992 I droid.bluetoot: The ClassLoaderContext is a special shared library.
07-15 16:05:27.165   329   568 W NineDSpaceManager: warning: no space9d service
07-15 16:05:27.153   992   992 I droid.bluetoot: The ClassLoaderContext is a special shared library.
07-15 16:05:27.166   992   992 V AdapterServiceConfig: Adding A2dpService
07-15 16:05:27.166   992   992 V AdapterServiceConfig: Adding HidHostService
07-15 16:05:27.166   992   992 V AdapterServiceConfig: Adding PanService
07-15 16:05:27.166   992   992 V AdapterServiceConfig: Adding GattService
07-15 16:05:27.166   992   992 V AdapterServiceConfig: Adding AvrcpTargetService
07-15 16:05:27.167   992   992 V AdapterServiceConfig: Adding HidDeviceService
07-15 16:05:27.167   992   992 V AdapterServiceConfig: Adding BluetoothOppService
07-15 16:05:27.177   992   992 I         : [0715/160527.177860:INFO:com_android_bluetooth_btservice_AdapterService.cpp(628)] hal_util_load_bt_library loaded HAL: btinterface=0x7a20022440, handle=0x7a51d8e515150221
07-15 16:05:27.178   992   992 D BluetoothAdapterService: onCreate()
07-15 16:05:27.178   992   992 D bluetooth: -----> getDefaultAdapter()
07-15 16:05:27.178   992   992 D bluetooth: --11111111111111111111111111
07-15 16:05:27.178   992   992 D bluetooth: --1122222222222222222222222222222222
07-15 16:05:27.178   992   992 D bluetooth: -----> BluetoothAdapter(IBluetoothManager managerService)
07-15 16:05:27.178   992   992 D bluetooth: --1111111666666666666666666666661111
07-15 16:05:27.179   992   992 D bluetooth: --11111111777777777777777777711111
07-15 16:05:27.179   992   992 D bluetooth: --11111888888888888888888888888888811
07-15 16:05:27.179   992   992 D bluetooth: --111111113333333333333333333333331111
07-15 16:05:27.179   992   992 D bluetooth: --111444444444444444444111111
07-15 16:05:27.180   992   992 D bluetooth: -----> getDefaultAdapter()
07-15 16:05:27.180   992   992 D bluetooth: --111444444444444444444111111
07-15 16:05:27.180   992   992 D AdapterState: make() - Creating AdapterState
07-15 16:05:27.181   992  1012 I AdapterState: OFF : entered 
07-15 16:05:27.181   992  1012 D AdapterProperties: Setting state to OFF
07-15 16:05:27.182   992   992 I bt_btif : init: start restricted = 0 ; niap = 0
07-15 16:05:27.182   992  1013 I         : [0715/160527.182641:INFO:message_loop_thread.cc(175)] Run: message loop starting for thread bt_stack_manager_thread
07-15 16:05:27.182   992  1013 I bt_stack_manager: event_init_stack is initializing the stack
07-15 16:05:27.183   992  1013 I         : [0715/160527.183156:INFO:btif_config.cc(756)] hash_file: Disabled for multi-user
07-15 16:05:27.183   992  1013 I         : [0715/160527.183192:INFO:btif_config.cc(784)] read_checksum_file: Disabled for multi-user
07-15 16:05:27.183   992  1013 E         : [0715/160527.183237:ERROR:config.cc(74)] config_new: unable to open file '/data/misc/bluedroid/bt_config.conf': No such file or directory
07-15 16:05:27.183   992  1013 W bt_btif_config: init unable to load config file: /data/misc/bluedroid/bt_config.conf; using backup.
07-15 16:05:27.183   992  1013 I         : [0715/160527.183286:INFO:btif_config.cc(756)] hash_file: Disabled for multi-user
07-15 16:05:27.183   992  1013 I         : [0715/160527.183311:INFO:btif_config.cc(784)] read_checksum_file: Disabled for multi-user
07-15 16:05:27.183   992  1013 E         : [0715/160527.183346:ERROR:config.cc(74)] config_new: unable to open file '/data/misc/bluedroid/bt_config.bak': No such file or directory
07-15 16:05:27.183   992  1013 W bt_btif_config: init unable to load backup; attempting to transcode legacy file.
07-15 16:05:27.183   992  1013 E bt_btif_config_transcode: btif_config_transcode unable to load XML file '/data/misc/bluedroid/bt_config.xml': 3
07-15 16:05:27.183   992  1013 E bt_btif_config: init unable to transcode legacy file; creating empty config.
07-15 16:05:27.183   992  1013 W         : [0715/160527.183480:WARNING:btif_config.cc(164)] read_or_set_metrics_salt: Failed to read metrics salt from config
07-15 16:05:27.183   992  1013 I         : [0715/160527.183506:INFO:btif_config.cc(175)] read_or_set_metrics_salt: Metrics salt is not invalid, creating new one
07-15 16:05:27.183   992  1013 W libc    : pthread_create sched_setscheduler(1, {1}) call failed: Operation not permitted
07-15 16:05:27.183   992  1013 E bt_osi_alarm: timer_create_internal unable to create timer with clock 7: Operation not permitted
07-15 16:05:27.198   992  1013 F         : [0715/160527.183797:FATAL:alarm.cc(171)] Check failed: false. 
07-15 16:05:27.198   992  1013 F         : #00 0x0000007a202b829f /system/lib64/libchrome.so+0x00000000000b829f
07-15 16:05:27.198   992  1013 F         : #01 0x0000007a1ff064a3 /system/lib64/libbluetooth.so+0x00000000003454a3
07-15 16:05:27.198   992  1013 F         : #02 0x0000007a1fde207f /system/lib64/libbluetooth.so+0x000000000022107f
07-15 16:05:27.198   992  1013 F         : #03 0x0000007a1ff04c1b /system/lib64/libbluetooth.so+0x0000000000343c1b
07-15 16:05:27.198   992  1013 F         : #04 0x0000007a1fe25a03 /system/lib64/libbluetooth.so+0x0000000000264a03
07-15 16:05:27.198   992  1013 F         : #05 0x0000007a202a05bf /system/lib64/libchrome.so+0x00000000000a05bf
07-15 16:05:27.198   992  1013 F         : #06 0x0000007a202bfb4b /system/lib64/libchrome.so+0x00000000000bfb4b
07-15 16:05:27.198   992  1013 F         : #07 0x0000007a202bfef3 /system/lib64/libchrome.so+0x00000000000bfef3
07-15 16:05:27.198   992  1013 F         : #08 0x0000007a202c166b /system/lib64/libchrome.so+0x00000000000c166b
07-15 16:05:27.198   992  1013 F         : #09 0x0000007a202e323f /system/lib64/libchrome.so+0x00000000000e323f
07-15 16:05:27.198   992  1013 F         : #10 0x0000007a1fd5cf2f /system/lib64/libbluetooth.so+0x000000000019bf2f
07-15 16:05:27.198   992  1013 F         : #11 0x0000007a1fd5ccdb /system/lib64/libbluetooth.so+0x000000000019bcdb
07-15 16:05:27.198   992  1013 F         : #12 0x0000007a1fd5cd73 /system/lib64/libbluetooth.so+0x000000000019bd73
07-15 16:05:27.198   992  1013 F         : #13 0x0000007b0b12478b /apex/com.android.runtime/lib64/bionic/libc.so+0x00000000000e278b
07-15 16:05:27.198   992  1013 F         : #14 0x0000007b0b0c6e27 /apex/com.android.runtime/lib64/bionic/libc.so+0x0000000000084e27
07-15 16:05:27.198   992  1013 F         : #15 0xffffffffffffffff <unknown>
07-15 16:05:27.198   992  1013 F         : 
07-15 16:05:27.198   992  1013 F libc    : Fatal signal 6 (SIGABRT), code -1 (SI_QUEUE) in tid 1013 (bt_stack_manage), pid 992 (droid.bluetooth)
07-15 16:05:27.241  1018  1018 I crash_dump64: obtaining output fd from tombstoned, type: kDebuggerdTombstone
07-15 16:05:27.241   217   217 I /system/bin/tombstoned: received crash request for pid 1013
07-15 16:05:27.241  1018  1018 I crash_dump64: performing dump of process 992 (target tid = 1013)
07-15 16:05:27.249  1018  1018 F DEBUG   : *** *** *** *** *** *** *** *** *** *** *** *** *** *** *** ***
07-15 16:05:27.249  1018  1018 F DEBUG   : Build fingerprint: 'samsung/GT-P7500/GT-P7500:3.2/HTJ85B/XWKL1:user/release-keys'
07-15 16:05:27.249  1018  1018 F DEBUG   : Revision: '0'
07-15 16:05:27.249  1018  1018 F DEBUG   : ABI: 'arm64'
07-15 16:05:27.249  1018  1018 F DEBUG   : Timestamp: 2024-07-15 16:05:27+0800
07-15 16:05:27.249  1018  1018 F DEBUG   : pid: 992, tid: 1013, name: bt_stack_manage  >>> com.android.bluetooth <<<
07-15 16:05:27.249  1018  1018 F DEBUG   : uid: 1002
07-15 16:05:27.249  1018  1018 F DEBUG   : signal 6 (SIGABRT), code -1 (SI_QUEUE), fault addr --------
07-15 16:05:27.249  1018  1018 F DEBUG   : Abort message: '[0715/160527.183797:FATAL:alarm.cc(171)] Check failed: false. 
07-15 16:05:27.249  1018  1018 F DEBUG   : #00 0x0000007a202b829f /system/lib64/libchrome.so+0x00000000000b829f
07-15 16:05:27.249  1018  1018 F DEBUG   : #01 0x0000007a1ff064a3 /system/lib64/libbluetooth.so+0x00000000003454a3
07-15 16:05:27.249  1018  1018 F DEBUG   : #02 0x0000007a1fde207f /system/lib64/libbluetooth.so+0x000000000022107f
07-15 16:05:27.249  1018  1018 F DEBUG   : #03 0x0000007a1ff04c1b /system/lib64/libbluetooth.so+0x0000000000343c1b
07-15 16:05:27.249  1018  1018 F DEBUG   : #04 0x0000007a1fe25a03 /system/lib64/libbluetooth.so+0x0000000000264a03
07-15 16:05:27.249  1018  1018 F DEBUG   : #05 0x0000007a202a05bf /system/lib64/libchrome.so+0x00000000000a05bf
07-15 16:05:27.249  1018  1018 F DEBUG   : #06 0x0000007a202bfb4b /system/lib64/libchrome.so+0x00000000000bfb4b
07-15 16:05:27.249  1018  1018 F DEBUG   : #07 0x0000007a202bfef3 /system/lib64/libchrome.so+0x00000000000bfef3
07-15 16:05:27.249  1018  1018 F DEBUG   : #08 0x0000007a202c166b /system/lib64/libchrome.so+0x00000000000c166b
07-15 16:05:27.249  1018  1018 F DEBUG   : #09 0x0000007a202e323f /system/lib64/libchrome.so+0x00000000000e323f
07-15 16:05:27.249  1018  1018 F DEBUG   : #10 0x0000007a1fd5cf2f /system/lib64/libbluetooth.so+0x000000000019bf2f
07-15 16:05:27.249  1018  1018 F DEBUG   : #11 0x0000007a1fd5ccdb /system/lib64/libbluetooth.so+0x000000000019bcdb
07-15 16:05:27.249  1018  1018 F DEBUG   : #12 0x0000007a1fd5cd73 /system/lib64/libbluetooth.so+0x000000000019bd73
07-15 16:05:27.249  1018  1018 F DEBUG   : #13 0x0000007b0b12478b /apex/com.android.runtime/lib64/bionic/libc.so+0x00000000000e278b
07-15 16:05:27.249  1018  1018 F DEBUG   : #14 0x0000007b0b0c6e27 /apex/com.android.runtime/lib64/bionic/libc.so+0x0000000000084e27
07-15 16:05:27.249  1018  1018 F DEBUG   : #15 0xffffffffffffffff <unknown>
07-15 16:05:27.249  1018  1018 F DEBUG   : 
07-15 16:05:27.249  1018  1018 F DEBUG   : '
07-15 16:05:27.249  1018  1018 F DEBUG   :     x0  0000000000000000  x1  00000000000003f5  x2  0000000000000006  x3  0000007a1e8d0cf0
07-15 16:05:27.249  1018  1018 F DEBUG   :     x4  0080000000000000  x5  0080000000000000  x6  0080000000000000  x7  0000000000008000
07-15 16:05:27.249  1018  1018 F DEBUG   :     x8  00000000000000f0  x9  38da63fcbd8a3cfd  x10 0000000000000001  x11 0000000000000000
07-15 16:05:27.249  1018  1018 F DEBUG   :     x12 fffffff0fffffbdf  x13 0000000000000030  x14 ffffffffffffffff  x15 0000000000004000
07-15 16:05:27.249  1018  1018 F DEBUG   :     x16 0000007b0b1328c0  x17 0000007b0b110770  x18 0000007a1dd68038  x19 00000000000003e0
07-15 16:05:27.249  1018  1018 F DEBUG   :     x20 00000000000003f5  x21 00000000ffffffff  x22 0000007a1e8d1280  x23 0000007b0b12c620
07-15 16:05:27.249  1018  1018 F DEBUG   :     x24 0000007a20329000  x25 0000007a1e8d0dd8  x26 0000007a1e8d0dd8  x27 0000007a1e8d2020
07-15 16:05:27.249  1018  1018 F DEBUG   :     x28 0000007a20045000  x29 0000007a1e8d0d90
07-15 16:05:27.249  1018  1018 F DEBUG   :     sp  0000007a1e8d0cd0  lr  0000007b0b0c5250  pc  0000007b0b0c527c
07-15 16:05:27.288  1018  1018 F DEBUG   : 
07-15 16:05:27.288  1018  1018 F DEBUG   : backtrace:
07-15 16:05:27.288  1018  1018 F DEBUG   :       #00 pc 000000000008327c  /apex/com.android.runtime/lib64/bionic/libc.so (abort+160) (BuildId: 1d1747e84a5e1d82e589c1d16a31e7bb)
07-15 16:05:27.288  1018  1018 F DEBUG   :       #01 pc 000000000009f5c0  /system/lib64/libchrome.so (base::debug::BreakDebugger()+20) (BuildId: 66f7265e5a10125bd5da972b4a53cb8e)
07-15 16:05:27.288  1018  1018 F DEBUG   :       #02 pc 00000000000b86e4  /system/lib64/libchrome.so (logging::LogMessage::~LogMessage()+1240) (BuildId: 66f7265e5a10125bd5da972b4a53cb8e)
07-15 16:05:27.288  1018  1018 F DEBUG   :       #03 pc 00000000003454a0  /system/lib64/libbluetooth.so (alarm_new_internal(char const*, bool)+952) (BuildId: af49075c96e60428726714c2f5d73b21)
07-15 16:05:27.288  1018  1018 F DEBUG   :       #04 pc 000000000022107c  /system/lib64/libbluetooth.so (_ZL4initv.4603.cfi+2368) (BuildId: af49075c96e60428726714c2f5d73b21)
07-15 16:05:27.288  1018  1018 F DEBUG   :       #05 pc 0000000000343c18  /system/lib64/libbluetooth.so (module_init(module_t const*)+256) (BuildId: af49075c96e60428726714c2f5d73b21)
07-15 16:05:27.288  1018  1018 F DEBUG   :       #06 pc 0000000000264a00  /system/lib64/libbluetooth.so (event_init_stack(void*) [clone .cfi]+152) (BuildId: af49075c96e60428726714c2f5d73b21)
07-15 16:05:27.288  1018  1018 F DEBUG   :       #07 pc 00000000000a05bc  /system/lib64/libchrome.so (base::debug::TaskAnnotator::RunTask(char const*, base::PendingTask*)+188) (BuildId: 66f7265e5a10125bd5da972b4a53cb8e)
07-15 16:05:27.288  1018  1018 F DEBUG   :       #08 pc 00000000000bfb48  /system/lib64/libchrome.so (base::MessageLoop::RunTask(base::PendingTask*)+308) (BuildId: 66f7265e5a10125bd5da972b4a53cb8e)
07-15 16:05:27.288  1018  1018 F DEBUG   :       #09 pc 00000000000bfef0  /system/lib64/libchrome.so (base::MessageLoop::DoWork()+476) (BuildId: 66f7265e5a10125bd5da972b4a53cb8e)
07-15 16:05:27.288  1018  1018 F DEBUG   :       #10 pc 00000000000c1668  /system/lib64/libchrome.so (base::MessagePumpDefault::Run(base::MessagePump::Delegate*)+184) (BuildId: 66f7265e5a10125bd5da972b4a53cb8e)
07-15 16:05:27.288  1018  1018 F DEBUG   :       #11 pc 00000000000e323c  /system/lib64/libchrome.so (base::RunLoop::Run()+84) (BuildId: 66f7265e5a10125bd5da972b4a53cb8e)
07-15 16:05:27.288  1018  1018 F DEBUG   :       #12 pc 000000000019bf2c  /system/lib64/libbluetooth.so (bluetooth::common::MessageLoopThread::Run(std::__1::promise<void>)+304) (BuildId: af49075c96e60428726714c2f5d73b21)
07-15 16:05:27.288  1018  1018 F DEBUG   :       #13 pc 000000000019bcd8  /system/lib64/libbluetooth.so (bluetooth::common::MessageLoopThread::RunThread(bluetooth::common::MessageLoopThread*, std::__1::promise<void>) [clone .cfi]+48) (BuildId: af49075c96e60428726714c2f5d73b21)
07-15 16:05:27.288  1018  1018 F DEBUG   :       #14 pc 000000000019bd70  /system/lib64/libbluetooth.so (_ZNSt3__114__thread_proxyINS_5tupleIJNS_10unique_ptrINS_15__thread_structENS_14default_deleteIS3_EEEEPFvPN9bluetooth6common17MessageLoopThreadENS_7promiseIvEEESA_SC_EEEEEPvSG_.cfi+100) (BuildId: af49075c96e60428726714c2f5d73b21)
07-15 16:05:27.288  1018  1018 F DEBUG   :       #15 pc 00000000000e2788  /apex/com.android.runtime/lib64/bionic/libc.so (__pthread_start(void*)+36) (BuildId: 1d1747e84a5e1d82e589c1d16a31e7bb)
07-15 16:05:27.288  1018  1018 F DEBUG   :       #16 pc 0000000000084e24  /apex/com.android.runtime/lib64/bionic/libc.so (__start_thread+64) (BuildId: 1d1747e84a5e1d82e589c1d16a31e7bb)
07-15 16:05:27.299   542   670 D ImageWallpaper: finishRendering, preserve=false
07-15 16:05:27.484   217   217 E /system/bin/tombstoned: Tombstone written to: /data/tombstones/tombstone_01
07-15 16:05:27.167   329   568 I chatty  : uid=1000(system) Binder:329_4 identical 2 lines
07-15 16:05:27.182   329   568 W NineDSpaceManager: warning: no space9d service
07-15 16:05:27.484   329  1021 W NineDSpaceManager: warning: no space9d service
07-15 16:05:27.486   329   373 W NineDSpaceManager: warning: no space9d service
07-15 16:05:27.517   329   760 I ActivityManager: Process com.android.bluetooth (pid 992) has died: psvc PER 
07-15 16:05:27.517   329   760 W ActivityManager: Scheduling restart of crashed service com.android.bluetooth/.btservice.AdapterService in 1800000ms
07-15 16:05:27.518    84    84 I Zygote  : Process 992 exited due to signal 6 (Aborted)
07-15 16:05:27.518   329   373 W NineDSpaceManager: warning: no space9d service
07-15 16:05:27.542   329   383 I libprocessgroup: Successfully killed process cgroup uid 1002 pid 992 in 24ms
07-15 16:05:27.907   706   721 W System  : A resource failed to call end. 
07-15 16:05:27.907   706   721 W System  : A resource failed to call end. 
07-15 16:05:27.908   706   721 W System  : A resource failed to call close. 
07-15 16:05:28.737   329   374 E BluetoothManagerService: MESSAGE_TIMEOUT_BIND
07-15 16:05:29.510   103   144 E JWSensorsHal: connect to /data/misc/sensor/sensor_ctrl error:2 No such file or directory
07-15 16:05:29.542    89   157 E JWAudioHAL: connect to /data/misc/audioserver/audio_out error:2 No such file or directory
07-15 16:05:30.316   453   453 E /vendor/bin/hostapd_nohidl: check_wifi_chip_type_string : APXXX: Permission denied
07-15 16:05:30.316   453   453 I hostapd : Current wifi chip is APXXX
07-15 16:05:30.316   453   453 I hostapd : wlan1: interface state COUNTRY_UPDATE->HT_SCAN
07-15 16:05:30.844    94   698 I jw_gps  : connecter thread exit pid:94, tid:698
07-15 16:05:30.847   329   372 E GnssLocationProvider: android_location_GnssLocationProvider_set_agps_server: AGPS interface not supported
07-15 16:05:30.848   329   372 W NineDSpaceManager: warning: no space9d service
07-15 16:05:30.849    94    94 W GnssHAL_GnssInterface: setCallback called more than once. Unexpected unless test.
07-15 16:05:30.849    94    94 D jw_gps  : gps_init called
07-15 16:05:30.849    94    94 D jw_gps  : gps state initialized
07-15 16:05:30.849   329   372 I GnssLocationProvider: Unable to initialize IGnssXtra interface.
07-15 16:05:30.849   329   372 I GnssLocationProvider: Unable to initialize IAGnss interface.
07-15 16:05:30.849   329   372 I GnssLocationProvider: Unable to initialize IGnssGeofencing interface.
07-15 16:05:30.849   329   372 I GnssLocationProvider: Unable to initialize IGnssNi interface.
07-15 16:05:30.849   329   372 I GnssLocationProvider: Unable to initialize IAGnssRil interface.
07-15 16:05:30.849    94  1035 I jw_gps  : connecter thread init pid:94, tid:1035
07-15 16:05:30.849   329   372 E GnssLocationProvider: android_location_GnssLocationProvider_set_agps_server: AGPS interface not supported
07-15 16:05:30.849    94  1035 E jw_gps  : connect to /data/misc/gps/gps_ctrl error:2 No such file or directory
07-15 16:05:30.849    94  1036 I jw_gps  : gps thread running, gps_fd is -1, control_fd is :10
07-15 16:05:30.849   329   372 E GnssBatchingProvider: Failed to initialize GNSS batching
07-15 16:05:30.850   329   372 W Looper  : Slow dispatch took 5007ms android.fg h=com.android.server.location.GnssLocationProvider$ProviderHandler c=null m=13
07-15 16:05:30.850   329   372 W NineDSpaceManager: warning: no space9d service
07-15 16:05:30.850   329   372 I GnssBlacklistHelper: Update GNSS satellite blacklist: 
07-15 16:05:30.850   329   372 W Looper  : Slow delivery took 5010ms android.fg h=com.android.server.location.GnssLocationProvider$ProviderHandler c=com.android.server.location.-$$Lambda$5U-_NhZgxqnYDZhpyacq4qBxh8k@9932ed2 m=0
07-15 16:05:30.851   329   372 W NineDSpaceManager: warning: no space9d service
07-15 16:05:30.852   329   329 V SettingsProvider: Notifying for 0: content://settings/secure/location_providers_allowed
07-15 16:05:30.852   329   372 W NineDSpaceManager: warning: no space9d service
07-15 16:05:30.855   329   329 I system_server: The ClassLoaderContext is a special shared library.
07-15 16:05:30.858   329   372 I EthernetTracker: interfaceLinkStateChanged, iface: wlan0, up: false
07-15 16:05:30.859   329   513 D EthernetNetworkFactory: updateInterfaceLinkState, iface: wlan0, up: false
07-15 16:05:30.857   329   372 I chatty  : uid=1000(system) android.fg identical 12 lines
07-15 16:05:30.857   329   372 W NineDSpaceManager: warning: no space9d service
07-15 16:05:30.859   329   372 I UsbDeviceManager: Setting USB config to mtp
07-15 16:05:30.860   329   329 I system_server: The ClassLoaderContext is a special shared library.
07-15 16:05:30.868    32    32 D vold    : fscrypt_prepare_user_storage for volume null, user 0, serial 0, flags 2
07-15 16:05:30.868    32    32 D vold    : Preparing: /data/system_ce/0
07-15 16:05:30.868    32    32 D vold    : Preparing: /data/misc_ce/0
07-15 16:05:30.868    32    32 D vold    : Preparing: /data/vendor_ce/0
07-15 16:05:30.868    32    32 D vold    : Preparing: /data/media/0
07-15 16:05:30.868    32    32 D vold    : Preparing: /data/data
07-15 16:05:30.868    32    32 D vold    : Starting restorecon of /data/system_ce/0
07-15 16:05:30.871   329   329 W NineDSpaceManager: warning: no space9d service
07-15 16:05:30.872   329   329 W NineDSpaceManager: warning: no space9d service
07-15 16:05:30.872    32    32 D vold    : Finished restorecon of /data/system_ce/0
07-15 16:05:30.872    32    32 D vold    : Starting restorecon of /data/vendor_ce/0
07-15 16:05:30.872   329   329 W NineDSpaceManager: warning: no space9d service
07-15 16:05:30.872   329   329 W NineDSpaceManager: warning: no space9d service
07-15 16:05:30.874    32    32 D vold    : Finished restorecon of /data/vendor_ce/0
07-15 16:05:30.874    32    32 D vold    : Starting restorecon of /data/misc_ce/0
07-15 16:05:30.877    32    32 D vold    : Finished restorecon of /data/misc_ce/0
07-15 16:05:30.877    32    32 D vold    : /system/bin/vold_prepare_subdirs
07-15 16:05:30.877    32    32 D vold    :     prepare
07-15 16:05:30.877    32    32 D vold    :     
07-15 16:05:30.877    32    32 D vold    :     0
07-15 16:05:30.877    32    32 D vold    :     2
07-15 16:05:30.891  1040  1040 D vold_prepare_subdirs: Setting up mode 700 uid 0 gid 0 context null on path: /data/misc_ce/0/vold
07-15 16:05:30.891  1040  1040 D vold_prepare_subdirs: Setting up mode 700 uid 0 gid 0 context null on path: /data/misc_ce/0/storaged
07-15 16:05:30.891  1040  1040 D vold_prepare_subdirs: Setting up mode 700 uid 0 gid 0 context null on path: /data/misc_ce/0/rollback
07-15 16:05:30.891  1040  1040 D vold_prepare_subdirs: Setting up mode 700 uid 1000 gid 1000 context null on path: /data/system_ce/0/backup
07-15 16:05:30.891  1040  1040 D vold_prepare_subdirs: Setting up mode 700 uid 1000 gid 1000 context null on path: /data/system_ce/0/backup_stage
07-15 16:05:30.891  1040  1040 D vold_prepare_subdirs: Setting up mode 700 uid 1000 gid 1000 context null on path: /data/vendor_ce/0/facedata
07-15 16:05:30.892   329   372 V UserDataPreparer: Found /data/user/0 with serial number 0
07-15 16:05:30.892   329   372 V UserDataPreparer: Found /data/system_ce/0 with serial number 0
07-15 16:05:30.892   329   372 D UserDataPreparer: Setting property: sys.user.0.ce_available=true
07-15 16:05:30.893   329   372 V PackageManager: reconcileAppsData for null u0 0x2 migrateAppData=false
07-15 16:05:30.917   329   372 V PackageManager: reconcileAppsData finished 126 packages
07-15 16:05:30.917   329   372 I ActivityManager: User 0 state changed from RUNNING_LOCKED to RUNNING_UNLOCKING
07-15 16:05:30.917   329   372 D ActivityManager: Unlocking user 0 progress 20
07-15 16:05:30.917   329   381 I SystemServiceManager: Calling onUnlockUser u0
07-15 16:05:30.918   179   451 D installd: Found storage mount /dev/fuse at /mnt/runtime/default/emulated
07-15 16:05:30.919   329   381 D BluetoothManagerService: User 0 unlocked
07-15 16:05:30.919   329   374 D BluetoothManagerService: MESSAGE_USER_UNLOCKED
07-15 16:05:30.919   329   381 D StorageManagerService: onUnlockUser 0
07-15 16:05:30.920    32    32 D vold    : Linking /storage/emulated/0 to /mnt/user/0/primary
07-15 16:05:30.921   329   329 W system_server: resources.arsc in APK '/system/priv-app/SogouInput_11.40_android_sweb/SogouInput_11.40_android_sweb.apk' is compressed.
07-15 16:05:30.926   329   381 W NineDSpaceManager: warning: no space9d service
07-15 16:05:30.926   329   381 W TextServicesManagerService: no available spell checker services found
07-15 16:05:30.926   329   381 W NineDSpaceManager: warning: no space9d service
07-15 16:05:30.927   329   381 D WifiService: Handle user unlock 0
07-15 16:05:30.926   329   381 W NineDSpaceManager: warning: no space9d service
07-15 16:05:30.927   329   485 W NineDSpaceManager: warning: no space9d service
07-15 16:05:30.928   329   485 D WakeupConfigStoreData: WifiWake user data has been read
07-15 16:05:30.929   329   485 D WifiConfigStore: Reading from user stores completed in 1 ms.
07-15 16:05:30.931   329   381 W NineDSpaceManager: warning: no space9d service
07-15 16:05:30.931   329   381 W NineDSpaceManager: warning: no space9d service
07-15 16:05:30.932   329   381 W VoiceInteractionManagerService: no available voice interaction services found for user 0
07-15 16:05:30.932   329   381 W VoiceInteractionManagerService: no available voice recognition services found for user 0
07-15 16:05:30.933   329   503 I BackupManagerService: Starting service for user: 0
07-15 16:05:30.934   329   381 W NineDSpaceManager: warning: no space9d service
07-15 16:05:30.934   329   381 W NineDSpaceManager: warning: no space9d service
07-15 16:05:30.935   329   503 W NineDSpaceManager: warning: no space9d service
07-15 16:05:30.935   329   381 W AppBindingService: [Default SMS app] u0 Target package not found
07-15 16:05:30.935   329   503 V BackupManagerService: Starting with transport com.android.localtransport/.LocalTransport
07-15 16:05:30.935   329   381 D ActivityManager: UserController event: finishUserUnlocked(0)
07-15 16:05:30.935   329   381 I ActivityManager: User 0 state changed from RUNNING_UNLOCKING to RUNNING_UNLOCKED
07-15 16:05:30.935   329   381 D SystemServerTiming: SystemUserUnlock took to complete: 4236ms
07-15 16:05:30.935   329   503 D BackupManagerService: Started thread backup-0 for user 0
07-15 16:05:30.936   329   381 V ActivityManager: Installing ContentProviderInfo{name=com.android.launcher3 className=com.android.quickstep.LauncherSearchIndexablesProvider}
07-15 16:05:30.936   329   381 V ActivityManager: Installing ContentProviderInfo{name=com.android.launcher3.settings className=com.android.launcher3.LauncherProvider}
07-15 16:05:30.936   329   381 V ActivityManager: Installing ContentProviderInfo{name=com.android.launcher3.androidx-startup className=androidx.startup.InitializationProvider}
07-15 16:05:30.937   329   381 V ActivityManager: Installing ContentProviderInfo{name=contacts;com.android.contacts className=com.android.providers.contacts.ContactsProvider2}
07-15 16:05:30.937   329   381 V ActivityManager: Installing ContentProviderInfo{name=call_log className=com.android.providers.contacts.CallLogProvider}
07-15 16:05:30.937   329   381 V ActivityManager: Installing ContentProviderInfo{name=com.android.voicemail className=com.android.providers.contacts.VoicemailContentProvider}
07-15 16:05:30.937   329   381 V ActivityManager: Installing ContentProviderInfo{name=com.android.contacts.metadata className=com.android.providers.contacts.ContactMetadataProvider}
07-15 16:05:30.937   329   381 V ActivityManager: Installing ContentProviderInfo{name=com.android.contacts.dumpfile className=com.android.providers.contacts.debug.DumpFileProvider}
07-15 16:05:30.937   329   381 D ActivityManager: UserController event: finishUserUnlockedCompleted(0)
07-15 16:05:30.937   329   381 I ActivityManager: Posting BOOT_COMPLETED user #0
07-15 16:05:30.937   329   503 W NineDSpaceManager: warning: no space9d service
07-15 16:05:30.938   706   706 D CarrierSvcBindHelper: Received android.intent.action.USER_UNLOCKED
07-15 16:05:30.937   329   503 W NineDSpaceManager: warning: no space9d service
07-15 16:05:30.939   329   479 W NineDSpaceManager: warning: no space9d service
07-15 16:05:30.940   706   706 D CarrierSvcBindHelper: No carrier app for: 0
07-15 16:05:30.940   706   706 D IntentBroadcaster: Rebroadcasting intent android.intent.action.SIM_STATE_CHANGED LOADED for slotId 0
07-15 16:05:30.941   727   727 D FallbackHome: User unlocked and real home found; let's go!
07-15 16:05:30.943   329   503 E BackupPasswordManager: Unable to read backup pw version
07-15 16:05:30.944   329   503 E BackupPasswordManager: Unable to read saved backup pw hash
07-15 16:05:30.951   329   857 I ActivityTaskManager: START u0 {act=android.intent.action.MAIN cat=[android.intent.category.HOME] flg=0x10000100 cmp=com.android.launcher3/.Launcher} from uid 0
07-15 16:05:30.951    84    84 W         : Connect socket err: Connection refused
07-15 16:05:30.955   329   485 D WifiConfigStore: Writing to stores completed in 25 ms.
07-15 16:05:30.955    84    84 D Zygote  : Forked child process 1053
07-15 16:05:30.956   329   372 E GnssLocationProvider: android_location_GnssLocationProvider_set_agps_server: AGPS interface not supported
07-15 16:05:30.956   329   382 W NineDSpaceManager: warning: no space9d service
07-15 16:05:30.957   329   649 W NineDSpaceManager: warning: no space9d service
07-15 16:05:30.959   329   857 I ActivityTaskManager: getPackageFerformanceMode--ComponentInfo{com.android.launcher3/com.android.launcher3.Launcher}----com.android.launcher3
07-15 16:05:30.960   329   857 W NineDSpaceManager: warning: no space9d service
07-15 16:05:30.961   329   329 W NineDSpaceManager: warning: no space9d service
07-15 16:05:30.962   706   706 I VvmSimStateTracker: android.intent.action.SIM_STATE_CHANGED
07-15 16:05:30.961   329   329 W NineDSpaceManager: warning: no space9d service
07-15 16:05:30.963   329   382 I ActivityManager: Start proc 1053:com.android.ext/1000 for added application com.android.ext
07-15 16:05:30.964   329   760 W NineDSpaceManager: warning: no space9d service
07-15 16:05:30.965   329   568 W NineDSpaceManager: warning: no space9d service
07-15 16:05:30.965   329   329 W NineDSpaceManager: warning: no space9d service
07-15 16:05:30.965   329   329 I chatty  : uid=1000 system_server identical 3 lines
07-15 16:05:30.965   329   329 W NineDSpaceManager: warning: no space9d service
07-15 16:05:30.966   329   503 W NineDSpaceManager: warning: no space9d service
07-15 16:05:30.968  1053  1053 I Zygote  : seccomp disabled by setenforce 0
07-15 16:05:30.968   329   372 E GnssLocationProvider: android_location_GnssLocationProvider_set_agps_server: AGPS interface not supported
07-15 16:05:30.969   329   372 W NineDSpaceManager: warning: no space9d service
07-15 16:05:30.969   329   503 V BackupManagerService: No ancestral data
07-15 16:05:30.969   329   329 W NineDSpaceManager: warning: no space9d service
07-15 16:05:30.969   329   329 W NineDSpaceManager: warning: no space9d service
07-15 16:05:30.969   329   329 V NotificationAssistants: disabling notification assistant for user 0: ComponentInfo{android.ext.services/android.ext.services.notification.Assistant}
07-15 16:05:30.969   329   329 D NotificationListeners: Removing active service ComponentInfo{android.ext.services/android.ext.services.notification.Assistant}
07-15 16:05:30.970   329   329 V NotificationAssistants: enabling notification assistant for 0: ComponentInfo{android.ext.services/android.ext.services.notification.Assistant}
07-15 16:05:30.970   329   329 V NotificationAssistants: binding: Intent { act=android.service.notification.NotificationAssistantService cmp=android.ext.services/.notification.Assistant (has extras) }
07-15 16:05:30.970   329   354 D CountryDetector: The first listener is added
07-15 16:05:30.970   925   925 I ContactsDatabaseHelper: updateUseStrictPhoneNumberComparison: CN
07-15 16:05:30.970   329   329 V NotificationListeners: enabling notification listener for 0: ComponentInfo{com.android.launcher3/com.android.launcher3.notification.NotificationListener}
07-15 16:05:30.970   329   329 V NotificationListeners: binding: Intent { act=android.service.notification.NotificationListenerService cmp=com.android.launcher3/.notification.NotificationListener (has extras) }
07-15 16:05:30.970   706   839 D PhoneInterfaceManager: [PhoneIntfMgr] isUserDataEnabled: subId=1 phoneId=0
07-15 16:05:30.971   706   839 D PhoneInterfaceManager: [PhoneIntfMgr] isUserDataEnabled: subId=1 retVal=true
07-15 16:05:30.971   329   329 W NotificationListeners: Not binding notification listener service ComponentInfo{com.android.server/public class com.android.server.component.NotificationService}: service not found
07-15 16:05:30.971   329   372 I GnssNetworkConnectivityHandler: updateNetworkState, state=CLOSED, connected=true, network=100, capabilities=[ Transports: CELLULAR Capabilities: SUPL&INTERNET&NOT_RESTRICTED&TRUSTED&NOT_VPN&VALIDATED&NOT_ROAMING&FOREGROUND&NOT_CONGESTED&NOT_SUSPENDED LinkUpBandwidth>=14Kbps LinkDnBandwidth>=14Kbps Specifier: <1>], apn: cmnet, availableNetworkCount: 1
07-15 16:05:30.971  1053  1053 E com.android.ex: Not starting debugger since process cannot load the jdwp agent.
07-15 16:05:30.971   329   372 I GnssLocationProvider: No GNSS Satellite Blacklist interface available
07-15 16:05:30.972   329   568 W NineDSpaceManager: warning: no space9d service
07-15 16:05:30.973   329   354 W NineDSpaceManager: warning: no space9d service
07-15 16:05:30.973    84    84 W         : Connect socket err: Connection refused
07-15 16:05:30.973   329   329 V NotificationListeners: enabling notification listener for 0: ComponentInfo{com.chaozhuo.filemanager/com.chaozhuo.phoenix_one.notification.NotificationPopManager}
07-15 16:05:30.973   329   329 V NotificationListeners: binding: Intent { act=android.service.notification.NotificationListenerService cmp=com.chaozhuo.filemanager/com.chaozhuo.phoenix_one.notification.NotificationPopManager (has extras) }
07-15 16:05:30.973   329   857 W NineDSpaceManager: warning: no space9d service
07-15 16:05:30.973   329   329 V NotificationListeners: enabling notification listener for 0: ComponentInfo{com.android.server/com.android.server.component.NotificationService}
07-15 16:05:30.973   329   329 V NotificationListeners: binding: Intent { act=android.service.notification.NotificationListenerService cmp=com.android.server/.component.NotificationService (has extras) }
07-15 16:05:30.974   329   354 W NineDSpaceManager: warning: no space9d service
07-15 16:05:30.975   329   329 I AccountManagerService: User 0 is unlocked - opening CE database
07-15 16:05:30.974   329   354 W NineDSpaceManager: warning: no space9d service
07-15 16:05:30.975   329   479 W NineDSpaceManager: warning: no space9d service
07-15 16:05:30.976   329   353 W NineDSpaceManager: warning: no space9d service
07-15 16:05:30.977   329   479 W NineDSpaceManager: warning: no space9d service
07-15 16:05:30.977   329   329 W system_server: resources.arsc in APK '/system/priv-app/qqbrowser_15.1.5.5032_GA_20240604_115940_1100125022/qqbrowser_15.1.5.5032_GA_20240604_115940_1100125022.apk' is compressed.
07-15 16:05:30.979    84    84 D Zygote  : Forked child process 1078
07-15 16:05:30.979   774   774 W ActivityThread: handleWindowVisibility: no activity for token android.os.BinderProxy@34fcced
07-15 16:05:30.980   329   380 W NineDSpaceManager: warning: no space9d service
07-15 16:05:30.980   329  1045 V BackupManagerConstants: getKeyValueBackupIntervalMilliseconds(...) returns 14400000
07-15 16:05:30.980   329  1045 V BackupManagerConstants: getKeyValueBackupFuzzMilliseconds(...) returns 600000
07-15 16:05:30.980   329  1045 V BackupManagerConstants: getKeyValueBackupRequiredNetworkType(...) returns 1
07-15 16:05:30.980   329  1045 V BackupManagerConstants: getKeyValueBackupRequireCharging(...) returns true
07-15 16:05:30.980   329  1045 V KeyValueBackupJob: Scheduling k/v pass in 241 minutes
07-15 16:05:30.981   329   353 W NineDSpaceManager: warning: no space9d service
07-15 16:05:30.982   329  1061 D SntpClient: request time failed: java.net.UnknownHostException: Unable to resolve host "asia.pool.ntp.org": No address associated with hostname
07-15 16:05:30.982   329  1061 E NtpTimeHelper: requestTime failed
07-15 16:05:30.983   329   372 W NineDSpaceManager: warning: no space9d service
07-15 16:05:30.983   329   382 W NineDSpaceManager: warning: no space9d service
07-15 16:05:30.983   329   372 W NineDSpaceManager: warning: no space9d service
07-15 16:05:30.984   329   372 W NineDSpaceManager: warning: no space9d service
07-15 16:05:30.985   329   382 I ActivityManager: Start proc 1078:com.android.se/1068 for added application com.android.se
07-15 16:05:30.986  1078  1078 W         : Connect socket err: Connection refused
07-15 16:05:30.986  1078  1078 I Zygote  : seccomp disabled by setenforce 0
07-15 16:05:30.986   329   503 I BackupManagerService: Backup enabled => false
07-15 16:05:30.988  1078  1078 E com.android.se: Not starting debugger since process cannot load the jdwp agent.
07-15 16:05:30.988   329   372 W NineDSpaceManager: warning: no space9d service
07-15 16:05:30.989   329   372 I ActivityTaskManager: Loading recents for user 0 into memory.
07-15 16:05:30.989   925  1076 D ContactsDatabaseHelper: WAL enabled for contacts2.db: true
07-15 16:05:30.991   329   857 W NineDSpaceManager: warning: no space9d service
07-15 16:05:30.992   329   380 W NineDSpaceManager: warning: no space9d service
07-15 16:05:30.995  1053  1053 I com.android.ex: The ClassLoaderContext is a special shared library.
07-15 16:05:30.995   329   329 D WifiService: resetting networks because SIM was loaded
07-15 16:05:30.997   774   774 I Launcher: onCreate..
07-15 16:05:30.993   329   380 W NineDSpaceManager: warning: no space9d service
07-15 16:05:30.998   329   329 V NotificationAssistants: 0 notification assistant service connected: ComponentInfo{android.ext.services/android.ext.services.notification.Assistant}
07-15 16:05:30.999   805   874 D ExtAssistant: File doesn't exist or isn't readable yet
07-15 16:05:30.999   925   925 I ContactsPerf: VoicemailContentProvider.onCreate start
07-15 16:05:31.000   329   518 W NineDSpaceManager: warning: no space9d service
07-15 16:05:31.001   925   925 I ContactsPerf: VoicemailContentProvider.onCreate finish
07-15 16:05:31.002   329   479 W NineDSpaceManager: warning: no space9d service
07-15 16:05:31.004   542   542 D InterruptionStateProvider: No heads up: unimportant notification: -1|com.android.systemui|1396986699|disk:259,0|10083
07-15 16:05:31.005   329   857 W NineDSpaceManager: warning: no space9d service
07-15 16:05:31.006   542   542 D InterruptionStateProvider: No heads up: unimportant notification: -1|com.android.systemui|1396986699|disk:259,0|10083
07-15 16:05:31.009    84    84 W         : Connect socket err: Connection refused
07-15 16:05:31.012   329   353 W NineDSpaceManager: warning: no space9d service
07-15 16:05:31.012  1053  1053 D System::Settings: getInt system hide_root_entry error: hide_root_entry
07-15 16:05:31.016  1078  1078 I com.android.se: The ClassLoaderContext is a special shared library.
07-15 16:05:31.018   329   760 I ActivityManager: Force stopping com.android.settings appid=1000 user=0: from pid 1053
07-15 16:05:31.018   329   760 I ActivityManager: Killing 727:com.android.settings/1000 (adj 199): stop com.android.settings
07-15 16:05:31.019   329   760 W ActivityTaskManager: Force removing ActivityRecord{70dee8c u0 com.android.settings/.FallbackHome t1 f}: app died, no saved state
07-15 16:05:31.020   329   373 W NineDSpaceManager: warning: no space9d service
07-15 16:05:31.022   774   774 D Tonal   : Tonal Palette - index: 0. Main color: ff011c1f
07-15 16:05:31.022   774   774 D Tonal   : Colors: ff011c1f, ff023238, ff034d50, ff04696e, ff059393, ff06a6b8, ff07c7dc, ff3dd6e7, ff51ddf9, ff6fdffa, ff92e2fb, ffc4eefd, ffe5f9fe
07-15 16:05:31.024    84    84 D Zygote  : Forked child process 1109
07-15 16:05:31.025   329   382 W NineDSpaceManager: warning: no space9d service
07-15 16:05:31.025   329   382 W ActivityManager: Slow operation: 89ms so far, now at startProcess: returned from zygote!
07-15 16:05:31.026  1109  1109 I Zygote  : seccomp disabled by setenforce 0
07-15 16:05:31.030   706   706 D CarrierSvcBindHelper: No carrier app for: 0
07-15 16:05:31.035   329   372 I AppWidgetServiceImpl: Processing of handleUserUnlocked u0 took 45 ms
07-15 16:05:31.036  1078  1078 I SecureElementService: main onCreate
07-15 16:05:31.036   951   951 I DigitalWidgetProvider: onReceive: Intent { act=android.appwidget.action.APPWIDGET_ENABLED flg=0x10 cmp=com.android.deskclock/com.android.alarmclock.DigitalAppWidgetProvider }
07-15 16:05:31.036    29    29 I hwservicemanager: getTransport: Cannot find entry android.hardware.secure_element@1.1::ISecureElement/eSE1 in either framework or device manifest.
07-15 16:05:31.037  1078  1078 D SecureElement-Terminal-eSE1: SE Hal V1.1 is not supported
07-15 16:05:31.037    29    29 I hwservicemanager: getTransport: Cannot find entry android.hardware.secure_element@1.0::ISecureElement/eSE1 in either framework or device manifest.
07-15 16:05:31.037  1078  1078 I SecureElementService: No HAL implementation for eSE1
07-15 16:05:31.037    29    29 I hwservicemanager: getTransport: Cannot find entry android.hardware.secure_element@1.1::ISecureElement/SIM1 in either framework or device manifest.
07-15 16:05:31.037  1078  1078 D SecureElement-Terminal-SIM1: SE Hal V1.1 is not supported
07-15 16:05:31.037    29    29 I hwservicemanager: getTransport: Cannot find entry android.hardware.secure_element@1.0::ISecureElement/SIM1 in either framework or device manifest.
07-15 16:05:31.037  1078  1078 I SecureElementService: No HAL implementation for SIM1
07-15 16:05:31.038  1109  1109 E .android.serve: Not starting debugger since process cannot load the jdwp agent.
07-15 16:05:31.038   774   774 V Launcher: LauncherAppState initiated
07-15 16:05:31.041   329   382 W ActivityManager: Slow operation: 106ms so far, now at startProcess: done updating battery stats
07-15 16:05:31.041   329   382 W ActivityManager: Slow operation: 106ms so far, now at startProcess: building log message
07-15 16:05:31.041   329   382 I ActivityManager: Start proc 1109:com.android.server/1000 for added application com.android.server
07-15 16:05:31.041   329   382 W ActivityManager: Slow operation: 106ms so far, now at startProcess: starting to update pids map
