07-15 16:05:25.885   189   307 I MediaCodecsXmlParser: limit: block-count-range = 1-8192
07-15 16:05:25.885   189   307 I MediaCodecsXmlParser: limit: blocks-per-second-range = 1-244800
07-15 16:05:25.885   189   307 I MediaCodecsXmlParser: limit: bitrate-range = 1-10000000
07-15 16:05:25.885   189   307 I MediaCodecsXmlParser: limit: max-concurrent-instances = 1
07-15 16:05:25.885   189   307 I MediaCodecsXmlParser: limit: feature-adaptive-playback = 0
07-15 16:05:25.885   189   307 I MediaCodecsXmlParser: limit: alignment = 2x2
07-15 16:05:25.885   189   307 I MediaCodecsXmlParser: limit: block-size = 16x16
07-15 16:05:25.885   189   307 I MediaCodecsXmlParser: limit: size-range = 2x2-1280x720
07-15 16:05:25.885   189   307 I MediaCodecsXmlParser: limit: block-count-range = 1-3600
07-15 16:05:25.885   189   307 I MediaCodecsXmlParser: limit: blocks-per-second-range = 1-108000
07-15 16:05:25.885   189   307 I MediaCodecsXmlParser: limit: bitrate-range = 1-5000000
07-15 16:05:25.885   189   307 I MediaCodecsXmlParser: limit: max-concurrent-instances = 1
07-15 16:05:25.885   189   307 I MediaCodecsXmlParser: limit: feature-adaptive-playback = 0
07-15 16:05:25.885   189   307 D MediaCodecsXmlParser: disabling c2.android.av1.decoder
07-15 16:05:25.885   189   307 I MediaCodecsXmlParser: limit: size-range = 2x2-320x240
07-15 16:05:25.885   189   307 I MediaCodecsXmlParser: limit: alignment = 2x2
07-15 16:05:25.885   189   307 I MediaCodecsXmlParser: limit: block-size = 16x16
07-15 16:05:25.885   189   307 I MediaCodecsXmlParser: limit: block-count-range = 1-16384
07-15 16:05:25.885   189   307 I MediaCodecsXmlParser: limit: blocks-per-second-range = 1-2073600
07-15 16:05:25.885   189   307 I MediaCodecsXmlParser: limit: bitrate-range = 1-120000000
07-15 16:05:25.885   189   307 I MediaCodecsXmlParser: limit: max-concurrent-instances = 32
07-15 16:05:25.885   189   307 I MediaCodecsXmlParser: limit: feature-adaptive-playback = 0
07-15 16:05:25.885   189   307 I MediaCodecsXmlParser: limit: size-range = 16x16-1920x1088
07-15 16:05:25.885   189   307 I MediaCodecsXmlParser: limit: alignment = 2x2
07-15 16:05:25.885   189   307 I MediaCodecsXmlParser: limit: block-size = 16x16
07-15 16:05:25.885   189   307 I MediaCodecsXmlParser: limit: blocks-per-second-range = 1-244800
07-15 16:05:25.885   189   307 I MediaCodecsXmlParser: limit: bitrate-range = 1-20000000
07-15 16:05:25.885   189   307 I MediaCodecsXmlParser: limit: max-concurrent-instances = 32
07-15 16:05:25.885   189   307 I MediaCodecsXmlParser: limit: feature-adaptive-playback = 0
07-15 16:05:25.885   189   307 I MediaCodecsXmlParser: limit: max-channel-count = 2
07-15 16:05:25.885   189   307 I MediaCodecsXmlParser: limit: sample-rate-ranges = 8000,11025,12000,16000,22050,24000,32000,44100,48000
07-15 16:05:25.885   189   307 I MediaCodecsXmlParser: limit: bitrate-range = 8000-960000
07-15 16:05:25.885   189   307 I MediaCodecsXmlParser: limit: max-concurrent-instances = 32
07-15 16:05:25.885   189   307 I MediaCodecsXmlParser: limit: max-channel-count = 1
07-15 16:05:25.885   189   307 I MediaCodecsXmlParser: limit: sample-rate-ranges = 8000
07-15 16:05:25.885   189   307 I MediaCodecsXmlParser: limit: bitrate-range = 4750-12200
07-15 16:05:25.885   189   307 I MediaCodecsXmlParser: limit: max-concurrent-instances = 32
07-15 16:05:25.885   189   307 I MediaCodecsXmlParser: limit: feature-bitrate-modes = CBR
07-15 16:05:25.885   189   307 I MediaCodecsXmlParser: limit: max-channel-count = 1
07-15 16:05:25.885   189   307 I MediaCodecsXmlParser: limit: sample-rate-ranges = 16000
07-15 16:05:25.885   189   307 I MediaCodecsXmlParser: limit: bitrate-range = 6600-23850
07-15 16:05:25.885   189   307 I MediaCodecsXmlParser: limit: max-concurrent-instances = 32
07-15 16:05:25.885   189   307 I MediaCodecsXmlParser: limit: feature-bitrate-modes = CBR
07-15 16:05:25.885   189   307 I MediaCodecsXmlParser: limit: max-channel-count = 2
07-15 16:05:25.885   189   307 I MediaCodecsXmlParser: limit: sample-rate-ranges = 1-655350
07-15 16:05:25.885   189   307 I MediaCodecsXmlParser: limit: bitrate-range = 1-21000000
07-15 16:05:25.885   189   307 I MediaCodecsXmlParser: limit: complexity-default = 5
07-15 16:05:25.885   189   307 I MediaCodecsXmlParser: limit: complexity-range = 0-8
07-15 16:05:25.885   189   307 I MediaCodecsXmlParser: limit: max-concurrent-instances = 32
07-15 16:05:25.885   189   307 I MediaCodecsXmlParser: limit: feature-bitrate-modes = CQ
07-15 16:05:25.885   189   307 I MediaCodecsXmlParser: limit: max-channel-count = 2
07-15 16:05:25.885   189   307 I MediaCodecsXmlParser: limit: sample-rate-ranges = 8000,12000,16000,24000,48000
07-15 16:05:25.885   189   307 I MediaCodecsXmlParser: limit: bitrate-range = 500-512000
07-15 16:05:25.885   189   307 I MediaCodecsXmlParser: limit: complexity-default = 5
07-15 16:05:25.885   189   307 I MediaCodecsXmlParser: limit: complexity-range = 0-10
07-15 16:05:25.885   189   307 I MediaCodecsXmlParser: limit: max-concurrent-instances = 32
07-15 16:05:25.885   189   307 I MediaCodecsXmlParser: limit: feature-bitrate-modes = CBR
07-15 16:05:25.885   189   307 I MediaCodecsXmlParser: limit: size-range = 176x144-176x144
07-15 16:05:25.885   189   307 I MediaCodecsXmlParser: limit: alignment = 16x16
07-15 16:05:25.885   189   307 I MediaCodecsXmlParser: limit: bitrate-range = 1-128000
07-15 16:05:25.885   189   307 I MediaCodecsXmlParser: limit: max-concurrent-instances = 1
07-15 16:05:25.885   189   307 I MediaCodecsXmlParser: limit: size-range = 16x16-176x144
07-15 16:05:25.885   189   307 I MediaCodecsXmlParser: limit: alignment = 16x16
07-15 16:05:25.885   189   307 I MediaCodecsXmlParser: limit: block-size = 16x16
07-15 16:05:25.885   189   307 I MediaCodecsXmlParser: limit: blocks-per-second-range = 12-1485
07-15 16:05:25.885   189   307 I MediaCodecsXmlParser: limit: bitrate-range = 1-64000
07-15 16:05:25.885   189   307 I MediaCodecsXmlParser: limit: max-concurrent-instances = 1
07-15 16:05:25.885   189   307 I MediaCodecsXmlParser: limit: alignment = 2x2
07-15 16:05:25.885   189   307 I MediaCodecsXmlParser: limit: block-size = 16x16
07-15 16:05:25.885   189   307 I MediaCodecsXmlParser: limit: size-range = 176x144-1280x720
07-15 16:05:25.885   189   307 I MediaCodecsXmlParser: limit: block-count-range = 1-1620
07-15 16:05:25.885   189   307 I MediaCodecsXmlParser: limit: blocks-per-second-range = 1-40500
07-15 16:05:25.885   189   307 I MediaCodecsXmlParser: limit: bitrate-range = 1-2000000
07-15 16:05:25.885   189   307 I MediaCodecsXmlParser: limit: max-concurrent-instances = 32
07-15 16:05:25.885   189   307 I MediaCodecsXmlParser: limit: feature-intra-refresh = 0
07-15 16:05:25.885   189   307 I MediaCodecsXmlParser: limit: alignment = 2x2
07-15 16:05:25.885   189   307 I MediaCodecsXmlParser: limit: block-size = 16x16
07-15 16:05:25.885   189   307 I MediaCodecsXmlParser: limit: size-range = 2x2-1280x720
07-15 16:05:25.885   189   307 I MediaCodecsXmlParser: limit: block-count-range = 1-3600
07-15 16:05:25.885   189   307 I MediaCodecsXmlParser: limit: bitrate-range = 1-4000000
07-15 16:05:25.885   189   307 I MediaCodecsXmlParser: limit: max-concurrent-instances = 32
07-15 16:05:25.885   189   307 I MediaCodecsXmlParser: limit: feature-bitrate-modes = VBR,CBR
07-15 16:05:25.885   189   307 D MediaCodecsXmlParser: disabling c2.android.hevc.encoder
07-15 16:05:25.885   189   307 I MediaCodecsXmlParser: limit: size-range = 2x2-512x512
07-15 16:05:25.885   189   307 I MediaCodecsXmlParser: limit: alignment = 2x2
07-15 16:05:25.885   189   307 I MediaCodecsXmlParser: limit: block-size = 8x8
07-15 16:05:25.885   189   307 I MediaCodecsXmlParser: limit: block-count-range = 1-4096
07-15 16:05:25.885   189   307 I MediaCodecsXmlParser: limit: blocks-per-second-range = 1-122880
07-15 16:05:25.885   189   307 I MediaCodecsXmlParser: limit: frame-rate-range = 1-120
07-15 16:05:25.885   189   307 I MediaCodecsXmlParser: limit: bitrate-range = 1-10000000
07-15 16:05:25.885   189   307 I MediaCodecsXmlParser: limit: complexity-default = 0
07-15 16:05:25.885   189   307 I MediaCodecsXmlParser: limit: complexity-range = 0-10
07-15 16:05:25.885   189   307 I MediaCodecsXmlParser: limit: quality-scale = linear
07-15 16:05:25.885   189   307 I MediaCodecsXmlParser: limit: quality-default = 80
07-15 16:05:25.885   189   307 I MediaCodecsXmlParser: limit: quality-range = 0-100
07-15 16:05:25.886   189   307 I MediaCodecsXmlParser: limit: max-concurrent-instances = 32
07-15 16:05:25.886   189   307 I MediaCodecsXmlParser: limit: feature-bitrate-modes = VBR,CBR,CQ
07-15 16:05:25.886   189   307 D MediaCodecsXmlParser: disabling c2.android.vp9.encoder
07-15 16:05:25.886   189   307 I MediaCodecsXmlParser: limit: size-range = 2x2-2048x2048
07-15 16:05:25.886   189   307 I MediaCodecsXmlParser: limit: alignment = 2x2
07-15 16:05:25.886   189   307 I MediaCodecsXmlParser: limit: block-size = 16x16
07-15 16:05:25.886   189   307 I MediaCodecsXmlParser: limit: block-count-range = 1-3600
07-15 16:05:25.886   189   307 I MediaCodecsXmlParser: limit: bitrate-range = 1-40000000
07-15 16:05:25.886   189   307 I MediaCodecsXmlParser: limit: max-concurrent-instances = 32
07-15 16:05:25.886   189   307 I MediaCodecsXmlParser: limit: feature-bitrate-modes = VBR,CBR
07-15 16:05:25.886   189   307 D MediaCodecsXmlParser: Cannot find 
07-15 16:05:25.886   189   307 D MediaCodecsXmlParser: parsing /vendor/etc/media_codecs.xml...
07-15 16:05:25.886   189   307 D MediaCodecsXmlParser: parsing /vendor/etc/media_codecs_google_audio.xml...
07-15 16:05:25.886   189   307 I MediaCodecsXmlParser: limit: max-channel-count = 2
07-15 16:05:25.886   189   307 I MediaCodecsXmlParser: limit: sample-rate-ranges = 8000,11025,12000,16000,22050,24000,32000,44100,48000
07-15 16:05:25.886   189   307 I MediaCodecsXmlParser: limit: bitrate-range = 8000-320000
07-15 16:05:25.886   189   307 I MediaCodecsXmlParser: limit: max-channel-count = 1
07-15 16:05:25.886   189   307 I MediaCodecsXmlParser: limit: sample-rate-ranges = 8000
07-15 16:05:25.886   189   307 I MediaCodecsXmlParser: limit: bitrate-range = 4750-12200
07-15 16:05:25.886   189   307 I MediaCodecsXmlParser: limit: max-channel-count = 1
07-15 16:05:25.886   189   307 I MediaCodecsXmlParser: limit: sample-rate-ranges = 16000
07-15 16:05:25.886   189   307 I MediaCodecsXmlParser: limit: bitrate-range = 6600-23850
07-15 16:05:25.886   189   307 I MediaCodecsXmlParser: limit: max-channel-count = 8
07-15 16:05:25.886   189   307 I MediaCodecsXmlParser: limit: sample-rate-ranges = 7350,8000,11025,12000,16000,22050,24000,32000,44100,48000
07-15 16:05:25.886   189   307 I MediaCodecsXmlParser: limit: bitrate-range = 8000-960000
07-15 16:05:25.886   189   307 I MediaCodecsXmlParser: limit: max-channel-count = 1
07-15 16:05:25.886   189   307 I MediaCodecsXmlParser: limit: sample-rate-ranges = 8000
07-15 16:05:25.886   189   307 I MediaCodecsXmlParser: limit: bitrate-range = 64000
07-15 16:05:25.886   189   307 I MediaCodecsXmlParser: limit: max-channel-count = 1
07-15 16:05:25.886   189   307 I MediaCodecsXmlParser: limit: sample-rate-ranges = 8000
07-15 16:05:25.886   189   307 I MediaCodecsXmlParser: limit: bitrate-range = 64000
07-15 16:05:25.886   189   307 I MediaCodecsXmlParser: limit: max-channel-count = 8
07-15 16:05:25.886   189   307 I MediaCodecsXmlParser: limit: sample-rate-ranges = 8000-96000
07-15 16:05:25.886   189   307 I MediaCodecsXmlParser: limit: bitrate-range = 32000-500000
07-15 16:05:25.886   189   307 I MediaCodecsXmlParser: limit: max-channel-count = 8
07-15 16:05:25.886   189   307 I MediaCodecsXmlParser: limit: sample-rate-ranges = 48000
07-15 16:05:25.886   189   307 I MediaCodecsXmlParser: limit: bitrate-range = 6000-510000
07-15 16:05:25.886   189   307 I MediaCodecsXmlParser: limit: max-channel-count = 8
07-15 16:05:25.886   189   307 I MediaCodecsXmlParser: limit: sample-rate-ranges = 8000-96000
07-15 16:05:25.886   189   307 I MediaCodecsXmlParser: limit: bitrate-range = 1-10000000
07-15 16:05:25.886   189   307 I MediaCodecsXmlParser: limit: max-channel-count = 8
07-15 16:05:25.886   189   307 I MediaCodecsXmlParser: limit: sample-rate-ranges = 8000-96000
07-15 16:05:25.886   189   307 I MediaCodecsXmlParser: limit: bitrate-range = 1-10000000
07-15 16:05:25.886   189   307 I MediaCodecsXmlParser: limit: max-channel-count = 6
07-15 16:05:25.886   189   307 I MediaCodecsXmlParser: limit: sample-rate-ranges = 8000,11025,12000,16000,22050,24000,32000,44100,48000
07-15 16:05:25.886   189   307 I MediaCodecsXmlParser: limit: bitrate-range = 8000-960000
07-15 16:05:25.886   189   307 I MediaCodecsXmlParser: limit: max-channel-count = 1
07-15 16:05:25.886   189   307 I MediaCodecsXmlParser: limit: sample-rate-ranges = 8000
07-15 16:05:25.886   189   307 I MediaCodecsXmlParser: limit: bitrate-range = 4750-12200
07-15 16:05:25.886   189   307 I MediaCodecsXmlParser: limit: feature-bitrate-modes = CBR
07-15 16:05:25.886   189   307 I MediaCodecsXmlParser: limit: max-channel-count = 1
07-15 16:05:25.886   189   307 I MediaCodecsXmlParser: limit: sample-rate-ranges = 16000
07-15 16:05:25.886   189   307 I MediaCodecsXmlParser: limit: bitrate-range = 6600-23850
07-15 16:05:25.886   189   307 I MediaCodecsXmlParser: limit: feature-bitrate-modes = CBR
07-15 16:05:25.886   189   307 I MediaCodecsXmlParser: limit: max-channel-count = 2
07-15 16:05:25.886   189   307 I MediaCodecsXmlParser: limit: sample-rate-ranges = 1-655350
07-15 16:05:25.886   189   307 I MediaCodecsXmlParser: limit: bitrate-range = 1-21000000
07-15 16:05:25.886   189   307 I MediaCodecsXmlParser: limit: complexity-default = 5
07-15 16:05:25.886   189   307 I MediaCodecsXmlParser: limit: complexity-range = 0-8
07-15 16:05:25.886   189   307 I MediaCodecsXmlParser: limit: feature-bitrate-modes = CQ
07-15 16:05:25.886   189   307 I MediaCodecsXmlParser: limit: size-range = 96x96-4096x2160
07-15 16:05:25.886   189   307 I MediaCodecsXmlParser: limit: alignment = 4x4
07-15 16:05:25.886   189   307 I MediaCodecsXmlParser: limit: block-size = 16x16
07-15 16:05:25.886   189   307 I MediaCodecsXmlParser: limit: blocks-per-second-range = 1-489600
07-15 16:05:25.886   189   307 I MediaCodecsXmlParser: limit: bitrate-range = 1-10000000
07-15 16:05:25.886   189   307 I MediaCodecsXmlParser: limit: feature-adaptive-playback = 0
07-15 16:05:25.886   189   307 I MediaCodecsXmlParser: limit: max-concurrent-instances = 6
07-15 16:05:25.886   189   307 I MediaCodecsXmlParser: limit: performance-point-3840x2160-range = 60-60
07-15 16:05:25.886   189   307 I MediaCodecsXmlParser: limit: size-range = 176x144-1920x1088
07-15 16:05:25.886   189   307 I MediaCodecsXmlParser: limit: alignment = 8x8
07-15 16:05:25.886   189   307 I MediaCodecsXmlParser: limit: block-size = 16x16
07-15 16:05:25.886   189   307 I MediaCodecsXmlParser: limit: blocks-per-second-range = 1-244800
07-15 16:05:25.886   189   307 I MediaCodecsXmlParser: limit: bitrate-range = 1-10000000
07-15 16:05:25.886   189   307 I MediaCodecsXmlParser: limit: feature-adaptive-playback = 0
07-15 16:05:25.886   189   307 I MediaCodecsXmlParser: limit: max-concurrent-instances = 6
07-15 16:05:25.886   189   307 I MediaCodecsXmlParser: limit: performance-point-1920x1088-range = 60-60
07-15 16:05:25.886   189   307 I MediaCodecsXmlParser: limit: size-range = 176x144-1920x1088
07-15 16:05:25.886   189   307 I MediaCodecsXmlParser: limit: alignment = 8x8
07-15 16:05:25.886   189   307 I MediaCodecsXmlParser: limit: block-size = 16x16
07-15 16:05:25.886   189   307 I MediaCodecsXmlParser: limit: blocks-per-second-range = 1-244800
07-15 16:05:25.886   189   307 I MediaCodecsXmlParser: limit: bitrate-range = 1-10000000
07-15 16:05:25.886   189   307 I MediaCodecsXmlParser: limit: feature-adaptive-playback = 0
07-15 16:05:25.886   189   307 I MediaCodecsXmlParser: limit: max-concurrent-instances = 6
07-15 16:05:25.886   189   307 I MediaCodecsXmlParser: limit: performance-point-1920x1088-range = 60-60
07-15 16:05:25.886   189   307 I MediaCodecsXmlParser: limit: size-range = 176x144-1920x1088
07-15 16:05:25.886   189   307 I MediaCodecsXmlParser: limit: alignment = 8x8
07-15 16:05:25.886   189   307 I MediaCodecsXmlParser: limit: block-size = 16x16
07-15 16:05:25.886   189   307 I MediaCodecsXmlParser: limit: blocks-per-second-range = 1-244800
07-15 16:05:25.886   189   307 I MediaCodecsXmlParser: limit: bitrate-range = 1-10000000
07-15 16:05:25.886   189   307 I MediaCodecsXmlParser: limit: feature-adaptive-playback = 0
07-15 16:05:25.886   189   307 I MediaCodecsXmlParser: limit: max-concurrent-instances = 6
07-15 16:05:25.886   189   307 I MediaCodecsXmlParser: limit: performance-point-1920x1088-range = 60-60
07-15 16:05:25.886   189   307 I MediaCodecsXmlParser: limit: size-range = 176x144-1920x1088
07-15 16:05:25.886   189   307 I MediaCodecsXmlParser: limit: alignment = 8x8
07-15 16:05:25.886   189   307 I MediaCodecsXmlParser: limit: block-size = 16x16
07-15 16:05:25.886   189   307 I MediaCodecsXmlParser: limit: blocks-per-second-range = 1-244800
07-15 16:05:25.886   189   307 I MediaCodecsXmlParser: limit: bitrate-range = 1-10000000
07-15 16:05:25.886   189   307 I MediaCodecsXmlParser: limit: feature-adaptive-playback = 0
07-15 16:05:25.886   189   307 I MediaCodecsXmlParser: limit: max-concurrent-instances = 6
07-15 16:05:25.886   189   307 I MediaCodecsXmlParser: limit: performance-point-1920x1088-range = 60-60
07-15 16:05:25.886   189   307 I MediaCodecsXmlParser: limit: size-range = 176x144-1920x1088
07-15 16:05:25.886   189   307 I MediaCodecsXmlParser: limit: alignment = 8x8
07-15 16:05:25.886   189   307 I MediaCodecsXmlParser: limit: block-size = 16x16
07-15 16:05:25.886   189   307 I MediaCodecsXmlParser: limit: blocks-per-second-range = 1-244800
07-15 16:05:25.886   189   307 I MediaCodecsXmlParser: limit: bitrate-range = 1-10000000
07-15 16:05:25.886   189   307 I MediaCodecsXmlParser: limit: feature-adaptive-playback = 0
07-15 16:05:25.886   189   307 I MediaCodecsXmlParser: limit: max-concurrent-instances = 6
07-15 16:05:25.886   189   307 I MediaCodecsXmlParser: limit: performance-point-1920x1088-range = 60-60
07-15 16:05:25.886   189   307 I MediaCodecsXmlParser: limit: size-range = 400x400-4096x2160
07-15 16:05:25.886   189   307 I MediaCodecsXmlParser: limit: alignment = 2x2
07-15 16:05:25.886   189   307 I MediaCodecsXmlParser: limit: block-size = 16x16
07-15 16:05:25.886   189   307 I MediaCodecsXmlParser: limit: blocks-per-second-range = 1-244800
07-15 16:05:25.886   189   307 I MediaCodecsXmlParser: limit: bitrate-range = 1-10000000
07-15 16:05:25.886   189   307 I MediaCodecsXmlParser: limit: feature-adaptive-playback = 0
07-15 16:05:25.886   189   307 I MediaCodecsXmlParser: limit: max-concurrent-instances = 6
07-15 16:05:25.886   189   307 I MediaCodecsXmlParser: limit: performance-point-3840x2160-range = 60-60
07-15 16:05:25.886   189   307 I MediaCodecsXmlParser: limit: size-range = 176x144-1920x1088
07-15 16:05:25.886   189   307 I MediaCodecsXmlParser: limit: alignment = 16x8
07-15 16:05:25.886   189   307 I MediaCodecsXmlParser: limit: bitrate-range = 1-10000000
07-15 16:05:25.886   189   307 I MediaCodecsXmlParser: limit: feature-bitrate-modes = VBR,CBR
07-15 16:05:25.886   189   307 I MediaCodecsXmlParser: limit: max-concurrent-instances = 4
07-15 16:05:25.886   189   307 I MediaCodecsXmlParser: limit: performance-point-1920x1088-range = 60-60
07-15 16:05:25.886   189   307 I MediaCodecsXmlParser: limit: size-range = 176x144-1920x1088
07-15 16:05:25.886   189   307 I MediaCodecsXmlParser: limit: alignment = 16x8
07-15 16:05:25.886   189   307 I MediaCodecsXmlParser: limit: bitrate-range = 1-10000000
07-15 16:05:25.886   189   307 I MediaCodecsXmlParser: limit: feature-bitrate-modes = VBR,CBR
07-15 16:05:25.886   189   307 I MediaCodecsXmlParser: limit: max-concurrent-instances = 4
07-15 16:05:25.886   189   307 I MediaCodecsXmlParser: limit: performance-point-1920x1088-range = 60-60
07-15 16:05:25.886   189   307 I MediaCodecsXmlParser: limit: size-range = 176x144-1920x1088
07-15 16:05:25.886   189   307 I MediaCodecsXmlParser: limit: alignment = 16x8
07-15 16:05:25.886   189   307 I MediaCodecsXmlParser: limit: bitrate-range = 1-10000000
07-15 16:05:25.887   189   307 I MediaCodecsXmlParser: limit: feature-bitrate-modes = VBR,CBR
07-15 16:05:25.887   189   307 I MediaCodecsXmlParser: limit: max-concurrent-instances = 4
07-15 16:05:25.887   189   307 I MediaCodecsXmlParser: limit: performance-point-1920x1088-range = 60-60
07-15 16:05:25.887   189   307 D MediaCodecsXmlParser: parsing /vendor/etc/media_codecs_google_video.xml...
07-15 16:05:25.887   189   307 I MediaCodecsXmlParser: limit: size-range = 2x2-1280x720
07-15 16:05:25.887   189   307 I MediaCodecsXmlParser: limit: alignment = 8x8
07-15 16:05:25.887   189   307 I MediaCodecsXmlParser: limit: block-size = 16x16
07-15 16:05:25.887   189   307 I MediaCodecsXmlParser: limit: blocks-per-second-range = 1-983040
07-15 16:05:25.887   189   307 I MediaCodecsXmlParser: limit: bitrate-range = 1-40000000
07-15 16:05:25.887   189   307 I MediaCodecsXmlParser: limit: feature-adaptive-playback = 0
07-15 16:05:25.887   189   307 I MediaCodecsXmlParser: limit: size-range = 64x64-1280x720
07-15 16:05:25.887   189   307 I MediaCodecsXmlParser: limit: alignment = 8x8
07-15 16:05:25.887   189   307 I MediaCodecsXmlParser: limit: block-size = 16x16
07-15 16:05:25.887   189   307 I MediaCodecsXmlParser: limit: blocks-per-second-range = 1-244800
07-15 16:05:25.887   189   307 I MediaCodecsXmlParser: limit: bitrate-range = 1-10000000
07-15 16:05:25.887   189   307 I MediaCodecsXmlParser: limit: feature-adaptive-playback = 0
07-15 16:05:25.887   189   307 I MediaCodecsXmlParser: limit: max-concurrent-instances = 32
07-15 16:05:25.887   189   307 I MediaCodecsXmlParser: limit: size-range = 64x64-1280x720
07-15 16:05:25.887   189   307 I MediaCodecsXmlParser: limit: alignment = 2x2
07-15 16:05:25.887   189   307 I MediaCodecsXmlParser: limit: block-size = 16x16
07-15 16:05:25.887   189   307 I MediaCodecsXmlParser: limit: blocks-per-second-range = 1-244800
07-15 16:05:25.887   189   307 I MediaCodecsXmlParser: limit: bitrate-range = 1-10000000
07-15 16:05:25.887   189   307 I MediaCodecsXmlParser: limit: feature-adaptive-playback = 0
07-15 16:05:25.887   189   307 I MediaCodecsXmlParser: limit: max-concurrent-instances = 32
07-15 16:05:25.887   189   307 I MediaCodecsXmlParser: limit: size-range = 2x2-1280x720
07-15 16:05:25.887   189   307 I MediaCodecsXmlParser: limit: alignment = 8x8
07-15 16:05:25.887   189   307 I MediaCodecsXmlParser: limit: block-size = 16x16
07-15 16:05:25.887   189   307 I MediaCodecsXmlParser: limit: blocks-per-second-range = 1-983040
07-15 16:05:25.887   189   307 I MediaCodecsXmlParser: limit: bitrate-range = 1-40000000
07-15 16:05:25.887   189   307 I MediaCodecsXmlParser: limit: feature-adaptive-playback = 0
07-15 16:05:25.887   189   307 I MediaCodecsXmlParser: limit: size-range = 176x144-176x144
07-15 16:05:25.887   189   307 I MediaCodecsXmlParser: limit: alignment = 16x16
07-15 16:05:25.887   189   307 I MediaCodecsXmlParser: limit: bitrate-range = 1-128000
07-15 16:05:25.887   189   307 I MediaCodecsXmlParser: limit: size-range = 16x16-176x144
07-15 16:05:25.887   189   307 I MediaCodecsXmlParser: limit: alignment = 16x16
07-15 16:05:25.887   189   307 I MediaCodecsXmlParser: limit: block-size = 16x16
07-15 16:05:25.887   189   307 I MediaCodecsXmlParser: limit: blocks-per-second-range = 12-1485
07-15 16:05:25.887   189   307 I MediaCodecsXmlParser: limit: bitrate-range = 1-64000
07-15 16:05:25.887   189   307 I MediaCodecsXmlParser: limit: size-range = 176x144-1280x720
07-15 16:05:25.887   189   307 I MediaCodecsXmlParser: limit: alignment = 2x2
07-15 16:05:25.887   189   307 I MediaCodecsXmlParser: limit: bitrate-range = 1-40000000
07-15 16:05:25.887   189   307 I MediaCodecsXmlParser: limit: feature-bitrate-modes = VBR,CBR
07-15 16:05:25.887   189   307 I MediaCodecsXmlParser: limit: size-range = 176x144-1280x720
07-15 16:05:25.887   189   307 I MediaCodecsXmlParser: limit: alignment = 2x2
07-15 16:05:25.887   189   307 I MediaCodecsXmlParser: limit: bitrate-range = 1-40000000
07-15 16:05:25.887   189   307 I MediaCodecsXmlParser: limit: feature-bitrate-modes = VBR,CBR
07-15 16:05:25.887   189   307 D MediaCodecsXmlParser: parsing /vendor/etc/media_codecs_performance.xml...
07-15 16:05:25.887   189   307 I MediaCodecsXmlParser: limit: measured-frame-rate-320x240-range = 165-165
07-15 16:05:25.887   189   307 I MediaCodecsXmlParser: limit: measured-frame-rate-720x480-range = 149-149
07-15 16:05:25.887   189   307 I MediaCodecsXmlParser: limit: measured-frame-rate-1280x720-range = 73-73
07-15 16:05:25.887   189   307 I MediaCodecsXmlParser: limit: measured-frame-rate-1920x1080-range = 18-18
07-15 16:05:25.887   189   307 I MediaCodecsXmlParser: limit: measured-frame-rate-320x240-range = 165-165
07-15 16:05:25.887   189   307 I MediaCodecsXmlParser: limit: measured-frame-rate-720x480-range = 149-149
07-15 16:05:25.887   189   307 I MediaCodecsXmlParser: limit: measured-frame-rate-1280x720-range = 73-73
07-15 16:05:25.887   189   307 I MediaCodecsXmlParser: limit: measured-frame-rate-1920x1080-range = 18-18
07-15 16:05:25.887   189   307 I MediaCodecsXmlParser: limit: measured-frame-rate-320x240-range = 165-165
07-15 16:05:25.887   189   307 I MediaCodecsXmlParser: limit: measured-frame-rate-720x480-range = 149-149
07-15 16:05:25.887   189   307 I MediaCodecsXmlParser: limit: measured-frame-rate-1280x720-range = 73-73
07-15 16:05:25.887   189   307 I MediaCodecsXmlParser: limit: measured-frame-rate-1920x1080-range = 18-18
07-15 16:05:25.887   189   307 I MediaCodecsXmlParser: limit: measured-frame-rate-320x240-range = 306-306
07-15 16:05:25.887   189   307 I MediaCodecsXmlParser: limit: measured-frame-rate-720x480-range = 54-54
07-15 16:05:25.887   189   307 I MediaCodecsXmlParser: limit: measured-frame-rate-1280x720-range = 58-58
07-15 16:05:25.887   189   307 I MediaCodecsXmlParser: limit: measured-frame-rate-176x144-range = 619-619
07-15 16:05:25.887   189   307 I MediaCodecsXmlParser: limit: measured-frame-rate-176x144-range = 619-619
07-15 16:05:25.887   189   307 I MediaCodecsXmlParser: limit: measured-frame-rate-320x180-range = 55-55
07-15 16:05:25.887   189   307 I MediaCodecsXmlParser: limit: measured-frame-rate-640x360-range = 35-35
07-15 16:05:25.887   189   307 I MediaCodecsXmlParser: limit: measured-frame-rate-1280x720-range = 28-28
07-15 16:05:25.887   189   307 I MediaCodecsXmlParser: limit: measured-frame-rate-1920x1080-range = 32-32
07-15 16:05:25.887   189   307 I MediaCodecsXmlParser: limit: measured-frame-rate-320x240-range = 617-617
07-15 16:05:25.887   189   307 I MediaCodecsXmlParser: limit: measured-frame-rate-720x480-range = 559-559
07-15 16:05:25.887   189   307 I MediaCodecsXmlParser: limit: measured-frame-rate-1280x720-range = 276-276
07-15 16:05:25.887   189   307 I MediaCodecsXmlParser: limit: measured-frame-rate-1920x1080-range = 164-164
07-15 16:05:25.887   189   307 I MediaCodecsXmlParser: limit: measured-frame-rate-3840x2160-range = 130-130
07-15 16:05:25.887   189   307 D MediaCodecsXmlParser: MediaCodec: cannot update non-existing codec at line 63 of /vendor/etc/media_codecs_performance.xml
07-15 16:05:25.887   189   307 D MediaCodecsXmlParser: MediaCodec: cannot update non-existing codec at line 70 of /vendor/etc/media_codecs_performance.xml
07-15 16:05:25.887   189   307 I MediaCodecsXmlParser: limit: measured-frame-rate-320x180-range = 500-500
07-15 16:05:25.887   189   307 I MediaCodecsXmlParser: limit: measured-frame-rate-640x360-range = 387-387
07-15 16:05:25.887   189   307 I MediaCodecsXmlParser: limit: measured-frame-rate-1280x720-range = 112-112
07-15 16:05:25.887   189   307 I MediaCodecsXmlParser: limit: measured-frame-rate-1920x1080-range = 77-77
07-15 16:05:25.887   189   307 I MediaCodecsXmlParser: limit: measured-frame-rate-176x144-range = 600-600
07-15 16:05:25.887   189   307 I MediaCodecsXmlParser: limit: measured-frame-rate-352x288-range = 600-600
07-15 16:05:25.887   189   307 I MediaCodecsXmlParser: limit: measured-frame-rate-176x144-range = 600-600
07-15 16:05:25.887   189   307 I MediaCodecsXmlParser: limit: measured-frame-rate-352x288-range = 700-700
07-15 16:05:25.887   189   307 I MediaCodecsXmlParser: limit: measured-frame-rate-640x360-range = 164-286
07-15 16:05:25.887   189   307 I MediaCodecsXmlParser: limit: measured-frame-rate-720x480-range = 245-261
07-15 16:05:25.887   189   307 I MediaCodecsXmlParser: limit: measured-frame-rate-1280x720-range = 181-189
07-15 16:05:25.887   189   307 I MediaCodecsXmlParser: limit: measured-frame-rate-1920x1080-range = 130-130
07-15 16:05:25.887   189   307 I MediaCodecsXmlParser: limit: measured-frame-rate-3840x2160-range = 130-130
07-15 16:05:25.887   189   307 I MediaCodecsXmlParser: limit: measured-frame-rate-320x240-range = 230-230
07-15 16:05:25.887   189   307 I MediaCodecsXmlParser: limit: measured-frame-rate-720x480-range = 132-132
07-15 16:05:25.887   189   307 I MediaCodecsXmlParser: limit: measured-frame-rate-1280x720-range = 38-38
07-15 16:05:25.887   189   307 I MediaCodecsXmlParser: limit: measured-frame-rate-1920x1080-range = 51-51
07-15 16:05:25.887   189   307 I MediaCodecsXmlParser: limit: measured-frame-rate-352x288-range = 253-253
07-15 16:05:25.887   189   307 I MediaCodecsXmlParser: limit: measured-frame-rate-640x360-range = 128-128
07-15 16:05:25.887   189   307 I MediaCodecsXmlParser: limit: measured-frame-rate-720x480-range = 104-104
07-15 16:05:25.887   189   307 I MediaCodecsXmlParser: limit: measured-frame-rate-1280x720-range = 91-91
07-15 16:05:25.887   189   307 I MediaCodecsXmlParser: limit: measured-frame-rate-320x180-range = 432-432
07-15 16:05:25.887   189   307 I MediaCodecsXmlParser: limit: measured-frame-rate-640x360-range = 320-320
07-15 16:05:25.887   189   307 I MediaCodecsXmlParser: limit: measured-frame-rate-1280x720-range = 48-48
07-15 16:05:25.887   189   307 I MediaCodecsXmlParser: limit: measured-frame-rate-1920x1080-range = 24-24
07-15 16:05:25.887   189   307 I MediaCodecsXmlParser: limit: measured-frame-rate-320x180-range = 432-432
07-15 16:05:25.887   189   307 I MediaCodecsXmlParser: limit: measured-frame-rate-640x360-range = 320-320
07-15 16:05:25.887   189   307 I MediaCodecsXmlParser: limit: measured-frame-rate-1280x720-range = 38-42
07-15 16:05:25.887   189   307 I MediaCodecsXmlParser: limit: measured-frame-rate-1920x1080-range = 94-94
07-15 16:05:25.887   189   307 D MediaCodecsXmlParser: MediaCodec: cannot update non-existing codec at line 122 of /vendor/etc/media_codecs_performance.xml
07-15 16:05:25.887   200   200 V C2Store : in init
07-15 16:05:25.887   200   200 V C2Store : loading dll
07-15 16:05:25.887   706   706 D CarrierIdDatabaseHelper: CarrierIdDatabaseHelper: 5
07-15 16:05:25.888   329   382 W NineDSpaceManager: warning: no space9d service
07-15 16:05:25.888   329   382 I ActivityManager: Start proc 727:com.android.settings/1000 for activity {com.android.settings/com.android.settings.FallbackHome}
07-15 16:05:25.888   727   727 I Zygote  : seccomp disabled by setenforce 0
07-15 16:05:25.889   189   307 I Codec2InfoBuilder: adding type 'audio/mp4a-latm'
07-15 16:05:25.889   200   256 V C2Store : in init
07-15 16:05:25.889   200   256 V C2Store : loading dll
07-15 16:05:25.889   200   259 V C2Store : in ~ComponentModule
07-15 16:05:25.889   200   259 V C2Store : unloading dll
07-15 16:05:25.890   189   307 I Codec2InfoBuilder: adding type 'audio/mp4a-latm'
07-15 16:05:25.890   727   727 E ndroid.setting: Not starting debugger since process cannot load the jdwp agent.
07-15 16:05:25.891   200   259 V C2Store : in init
07-15 16:05:25.891   200   259 V C2Store : loading dll
07-15 16:05:25.891   200   733 V C2Store : in ~ComponentModule
07-15 16:05:25.891   200   733 V C2Store : unloading dll
07-15 16:05:25.892   329   329 W NineDSpaceManager: warning: no space9d service
07-15 16:05:25.892   189   307 I Codec2InfoBuilder: adding type 'audio/3gpp'
07-15 16:05:25.892   329   649 W NineDSpaceManager: warning: no space9d service
07-15 16:05:25.892   200   259 V C2Store : in init
07-15 16:05:25.892   200   259 V C2Store : loading dll
07-15 16:05:25.892   200   256 V C2Store : in ~ComponentModule
07-15 16:05:25.892   200   256 V C2Store : unloading dll
07-15 16:05:25.896   189   307 I Codec2InfoBuilder: adding type 'audio/3gpp'
07-15 16:05:25.892   329   649 W NineDSpaceManager: warning: no space9d service
07-15 16:05:25.896   329   354 W NineDSpaceManager: warning: no space9d service
07-15 16:05:25.896   200   256 V C2Store : in ~ComponentModule
07-15 16:05:25.896   200   256 V C2Store : unloading dll
07-15 16:05:25.896   200   745 V C2Store : in init
07-15 16:05:25.896   200   745 V C2Store : loading dll
07-15 16:05:25.898   706   706 D CarrierIdProvider: update database from pb file
07-15 16:05:25.899   329   354 W NineDSpaceManager: warning: no space9d service
07-15 16:05:25.899   329   329 W NineDSpaceManager: warning: no space9d service
07-15 16:05:25.900   189   307 I Codec2InfoBuilder: adding type 'audio/amr-wb'
07-15 16:05:25.900   200   200 V C2Store : in init
07-15 16:05:25.900   200   200 V C2Store : loading dll
07-15 16:05:25.900   200   745 V C2Store : in ~ComponentModule
07-15 16:05:25.900   200   745 V C2Store : unloading dll
07-15 16:05:25.901   706   706 E CarrierIdProvider: read carrier list from ota pb failure: java.io.FileNotFoundException: /data/misc/carrierid/carrier_list.pb: open failed: ENOENT (No such file or directory)
07-15 16:05:25.901   189   307 I Codec2InfoBuilder: adding type 'audio/amr-wb'
07-15 16:05:25.901   706   706 D CarrierIdProvider: latest version: 16777232 need update: false
07-15 16:05:25.901   200   744 V C2Store : in init
07-15 16:05:25.901   200   744 V C2Store : loading dll
07-15 16:05:25.903   329   329 W NineDSpaceManager: warning: no space9d service
07-15 16:05:25.903   329   329 D ConditionProviders: Subscribing to condition://android/event?userId=-10000&calendar=&reply=1 with ComponentInfo{android/com.android.server.notification.EventConditionProvider}
07-15 16:05:25.903   329   329 D ConditionProviders: Subscribing to condition://android/schedule?days=1.2.3.4.5.6.7&start=22.0&end=7.0&exitAtAlarm=true with ComponentInfo{android/com.android.server.notification.ScheduleConditionProvider}
07-15 16:05:25.904   189   307 D Codec2InfoBuilder: codec entry for 'c2.android.av1.decoder' is disabled
07-15 16:05:25.904   200   256 V C2Store : in init
07-15 16:05:25.904   200   256 V C2Store : loading dll
07-15 16:05:25.904   200   259 V C2Store : in ~ComponentModule
07-15 16:05:25.904   200   259 V C2Store : unloading dll
07-15 16:05:25.905   329   329 W NineDSpaceManager: warning: no space9d service
07-15 16:05:25.906   329   329 I chatty  : uid=1000 system_server identical 1 line
07-15 16:05:25.906   329   329 W NineDSpaceManager: warning: no space9d service
07-15 16:05:25.906   329   329 V SettingsProvider: Notifying for 0: content://settings/secure/location_mode
07-15 16:05:25.906   329   329 V SettingsProvider: Notifying for 0: content://settings/global/location_global_kill_switch
07-15 16:05:25.906   727   727 I ndroid.setting: The ClassLoaderContext is a special shared library.
07-15 16:05:25.907   200   200 V C2Store : in ~ComponentModule
07-15 16:05:25.907   200   200 V C2Store : unloading dll
07-15 16:05:25.908   189   307 I Codec2InfoBuilder: adding type 'video/avc'
07-15 16:05:25.908   727   727 I ndroid.setting: The ClassLoaderContext is a special shared library.
07-15 16:05:25.913   329   329 W NineDSpaceManager: warning: no space9d service
07-15 16:05:25.914   329   329 D BluetoothManagerService: Trying to bind to profile: 1, while Bluetooth was disabled
07-15 16:05:25.914   542   542 V MediaRouter: Selecting route: RouteInfo{ name=Phone, description=null, status=null, category=RouteCategory{ name=System types=ROUTE_TYPE_LIVE_AUDIO ROUTE_TYPE_LIVE_VIDEO  groupable=false }, supportedTypes=ROUTE_TYPE_LIVE_AUDIO ROUTE_TYPE_LIVE_VIDEO , presentationDisplay=Display id 1: DisplayInfo{"HDMI Screen, displayId 1", uniqueId "local:1", app 1024 x 768, real 1024 x 768, largest app 1024 x 768, smallest app 1024 x 768, mode 2, defaultMode 2, modes [{id=2, width=1024, height=768, fps=60.000004}], colorMode 0, supportedColorModes [0], hdrCapabilities android.view.Display$HdrCapabilities@40f16308, rotation 0, density 227 (227.0 x 227.0) dpi, layerStack 1, appVsyncOff 1000000, presDeadline 16666666, type HDMI, address {port=1}, state ON, FLAG_SECURE, FLAG_SUPPORTS_PROTECTED_BUFFERS, FLAG_PRESENTATION, removeMode 0}, DisplayMetrics{density=1.41875, width=1024, height=768, scaledDensity=1.41875, xdpi=227.0, ydpi=227.0}, isValid=true }
07-15 16:05:25.915   329   649 W NineDSpaceManager: warning: no space9d service
07-15 16:05:25.916   329   649 W NineDSpaceManager: warning: no space9d service
07-15 16:05:25.916   329   756 I Telecom : BluetoothRouteManager: getBluetoothAudioConnectedDevice: no service available.
07-15 16:05:25.916   200   754 V C2Store : in ~ComponentModule
07-15 16:05:25.916   200   754 V C2Store : unloading dll
07-15 16:05:25.917   200   259 V C2Store : in init
07-15 16:05:25.917   200   259 V C2Store : loading dll
07-15 16:05:25.917   706   706 V PhoneGlobals: onCreate()...
07-15 16:05:25.917   200   259 I /apex/com.android.media.swcodec/bin/mediaswcodec: missing struct descriptor #Param::CoreIndex(--004) for field values of struct #Param::CoreIndex(F-12004)
07-15 16:05:25.918   329   329 I Telecom : SystemStateHelper: Registering car mode receiver: android.content.IntentFilter@92b74b2: TS.init@AAA
07-15 16:05:25.918   329   353 W NineDSpaceManager: warning: no space9d service
07-15 16:05:25.918   200   259 I /apex/com.android.media.swcodec/bin/mediaswcodec: missing struct descriptor #Param::CoreIndex(--004) for field values of struct #Param::CoreIndex(F-12004)
07-15 16:05:25.919   189   307 I Codec2InfoBuilder: adding type 'video/avc'
07-15 16:05:25.921   200   733 V C2Store : in init
07-15 16:05:25.921   200   733 V C2Store : loading dll
07-15 16:05:25.920   329   353 W NineDSpaceManager: warning: no space9d service
07-15 16:05:25.921   329   354 W NineDSpaceManager: warning: no space9d service
07-15 16:05:25.921   200   200 V C2Store : in ~ComponentModule
07-15 16:05:25.921   200   200 V C2Store : unloading dll
07-15 16:05:25.922   329   354 I chatty  : uid=1000(system) Binder:329_2 identical 2 lines
07-15 16:05:25.922   329   354 W NineDSpaceManager: warning: no space9d service
07-15 16:05:25.923   329   353 W NineDSpaceManager: warning: no space9d service
07-15 16:05:25.924   329   353 W NineDSpaceManager: warning: no space9d service
07-15 16:05:25.924   329   354 W NineDSpaceManager: warning: no space9d service
07-15 16:05:25.925    29    29 I hwservicemanager: getTransport: Cannot find entry android.hardware.radio@1.4::IRadio/slot1 in either framework or device manifest.
07-15 16:05:25.926    29    29 I hwservicemanager: getTransport: Cannot find entry android.hardware.radio@1.3::IRadio/slot1 in either framework or device manifest.
07-15 16:05:25.926    29    29 I hwservicemanager: getTransport: Cannot find entry android.hardware.radio@1.2::IRadio/slot1 in either framework or device manifest.
07-15 16:05:25.925   329   354 W NineDSpaceManager: warning: no space9d service
07-15 16:05:25.926   329   353 W NineDSpaceManager: warning: no space9d service
07-15 16:05:25.926   189   307 I Codec2InfoBuilder: adding type 'audio/flac'
07-15 16:05:25.927   200   733 V C2Store : in ~ComponentModule
07-15 16:05:25.927   200   733 V C2Store : unloading dll
07-15 16:05:25.927    29    29 I hwservicemanager: getTransport: Cannot find entry android.hardware.radio@1.1::IRadio/slot1 in either framework or device manifest.
07-15 16:05:25.927   706   706 I android_os_HwBinder: HwBinder: Starting thread pool for getting: android.hardware.radio@1.0::IRadio/slot1
07-15 16:05:25.928   200   745 V C2Store : in init
07-15 16:05:25.928   200   745 V C2Store : loading dll
07-15 16:05:25.929   329   763 I Telecom : Logging.Events: Non-call EVENT: AUDIO_ROUTE, Entering state QuiescentSpeakerRoute
07-15 16:05:25.929   329   763 I Telecom : BluetoothRouteManager: getBluetoothAudioConnectedDevice: no service available.
07-15 16:05:25.930   189   307 I Codec2InfoBuilder: adding type 'audio/flac'
07-15 16:05:25.931   679   679 I WebViewZygoteInit: Beginning application preload for com.android.webview
07-15 16:05:25.932   542   542 I vol.Events: writeEvent collection_started
07-15 16:05:25.932   329   354 W NineDSpaceManager: warning: no space9d service
07-15 16:05:25.933    84    84 W         : Connect socket err: Connection refused
07-15 16:05:25.934   679   679 I webview_zygote: The ClassLoaderContext is a special shared library.
07-15 16:05:25.938    84    84 D Zygote  : Forked child process 774
07-15 16:05:25.940   774   774 I Zygote  : seccomp disabled by setenforce 0
07-15 16:05:25.941   329   382 W NineDSpaceManager: warning: no space9d service
07-15 16:05:25.941   329   382 I ActivityManager: Start proc 774:com.android.launcher3/1000 for service {com.android.launcher3/com.android.quickstep.TouchInteractionService}
07-15 16:05:25.941    29    29 I hwservicemanager: getTransport: Cannot find entry android.hardware.radio.deprecated@1.0::IOemHook/slot1 in either framework or device manifest.
07-15 16:05:25.942   774   774 E droid.launcher: Not starting debugger since process cannot load the jdwp agent.
07-15 16:05:25.942   200   200 V C2Store : in init
07-15 16:05:25.942   200   200 V C2Store : loading dll
07-15 16:05:25.944   200   256 V C2Store : in ~ComponentModule
07-15 16:05:25.944   200   256 V C2Store : unloading dll
07-15 16:05:25.945   329   760 W NineDSpaceManager: warning: no space9d service
07-15 16:05:25.945   189   307 I Codec2InfoBuilder: adding type 'audio/g711-alaw'
07-15 16:05:25.946   706   767 W System.err: java.lang.RuntimeException: RIL_REQUEST_GET_HARDWARE_CONFIG invalid hardward type:-1
07-15 16:05:25.946   706   767 W System.err:    at com.android.internal.telephony.RIL.convertHalHwConfigList(RIL.java:5806)
07-15 16:05:25.946   706   767 W System.err:    at com.android.internal.telephony.RadioResponse.responseHardwareConfig(RadioResponse.java:2206)
07-15 16:05:25.946   706   767 W System.err:    at com.android.internal.telephony.RadioResponse.getHardwareConfigResponse(RadioResponse.java:1254)
07-15 16:05:25.946   706   767 W System.err:    at android.hardware.radio.V1_4.IRadioResponse$Stub.onTransact(IRadioResponse.java:5010)
07-15 16:05:25.946   706   767 E android_os_HwBinder: Uncaught exception!
07-15 16:05:25.946   706   706 D TelephonyProvider: dbh.onOpen: ok, queried table=siminfo
07-15 16:05:25.947   706   706 D TelephonyProvider: dbh.onOpen: ok, queried table=carriers
07-15 16:05:25.949   727   761 I mali_so : [File] : hardware/arm/maliT760/driver/product/base/src/mali_base_kbase.c; [Line] : 1292; [Func] : base_context_deal_with_version_affairs_rk_ext;
07-15 16:05:25.949   727   761 I mali_so : arm_release_ver of this mali_so is 'g12p0-01eac0', rk_so_ver is '5'.
07-15 16:05:25.949   727   761 I mali_so : [File] : hardware/arm/maliT760/driver/product/base/src/mali_base_kbase.c; [Line] : 1308; [Func] : base_context_deal_with_version_affairs_rk_ext;
07-15 16:05:25.949   727   761 I mali_so : arm_release_vers are match. to set the full mali_ver 'g12p0-01eac0-5' as value of 'sys.gmali.version'.
07-15 16:05:25.950   679   679 I WebViewZygoteInit: Application preload done
07-15 16:05:25.950   200   733 V C2Store : in ~ComponentModule
07-15 16:05:25.950   200   733 V C2Store : unloading dll
07-15 16:05:25.951   329   755 W NineDSpaceManager: warning: no space9d service
07-15 16:05:25.952   200   745 V C2Store : in init
07-15 16:05:25.952   200   745 V C2Store : loading dll
07-15 16:05:25.953   329   772 I Telecom : CallAudioModeStateMachine: Message received: null.: TS.init->CAMSM.pM_1@AAA
07-15 16:05:25.953    29    29 I hwservicemanager: getTransport: Cannot find entry android.hardware.configstore@1.0::ISurfaceFlingerConfigs/default in either framework or device manifest.
07-15 16:05:25.953   329   329 W NineDSpaceManager: warning: no space9d service
07-15 16:05:25.955   189   307 I Codec2InfoBuilder: adding type 'audio/g711-mlaw'
07-15 16:05:25.955   774   774 D ApplicationLoaders: Returning zygote-cached class loader: /system/framework/android.hidl.base-V1.0-java.jar
07-15 16:05:25.955   774   774 D ApplicationLoaders: Returning zygote-cached class loader: /system/framework/android.hidl.manager-V1.0-java.jar
07-15 16:05:25.955   774   774 D ApplicationLoaders: Returning zygote-cached class loader: /system/framework/android.hidl.base-V1.0-java.jar
07-15 16:05:25.956   200   200 V C2Store : in ~ComponentModule
07-15 16:05:25.956   200   200 V C2Store : unloading dll
07-15 16:05:25.956   200   733 V C2Store : in init
07-15 16:05:25.956   200   733 V C2Store : loading dll
07-15 16:05:25.956   774   774 I droid.launcher: The ClassLoaderContext is a special shared library.
07-15 16:05:25.958   189   307 D Codec2InfoBuilder: codec entry for 'c2.android.gsm.decoder' is disabled
07-15 16:05:25.958   200   200 V C2Store : in init
07-15 16:05:25.958   200   200 V C2Store : loading dll
07-15 16:05:25.960   200   259 V C2Store : in ~ComponentModule
07-15 16:05:25.960   200   259 V C2Store : unloading dll
07-15 16:05:25.961   329   353 W NineDSpaceManager: warning: no space9d service
07-15 16:05:25.963   774   774 I Launcher: Launcher3,VersionCode:24061716,VersionName:1.0
07-15 16:05:25.964   189   307 I Codec2InfoBuilder: adding type 'video/3gpp'
07-15 16:05:25.964   329   353 W NineDSpaceManager: warning: no space9d service
07-15 16:05:25.964   329   329 I Telecom : MissedCallNotifierImpl: reloadFromDatabase: Boot not yet complete -- call log db may not be available. Deferring loading until boot complete for user 0: TS.init@AAA
07-15 16:05:25.965   329   353 W NineDSpaceManager: warning: no space9d service
07-15 16:05:25.965   329   329 D BluetoothManagerService: Trying to bind to profile: 1, while Bluetooth was disabled
07-15 16:05:25.966   329   353 W NineDSpaceManager: warning: no space9d service
07-15 16:05:25.966   329   353 W NineDSpaceManager: warning: no space9d service
07-15 16:05:25.966   329   329 I Telecom : Class: TelecomSystem.INSTANCE being set
07-15 16:05:25.967   329   329 W ContextImpl: Calling a method in the system process without a qualified user: android.app.ContextImpl.startService:1570 android.content.ContextWrapper.startService:669 com.android.server.telecom.components.TelecomService.initializeTelecomSystem:196 com.android.server.telecom.components.TelecomService.onBind:71 android.app.ActivityThread.handleBindService:3990 
07-15 16:05:25.967   329   329 D PackageWatchdog: Getting all observed packages pending health checks
07-15 16:05:25.967   329   329 I PackageWatchdog: Syncing health check requests for packages: {}
07-15 16:05:25.968   329   329 I ExplicitHealthCheckController: Service not ready to get health check supported packages. Binding...
07-15 16:05:25.968   329   353 W NineDSpaceManager: warning: no space9d service
07-15 16:05:25.968   329   755 W NineDSpaceManager: warning: no space9d service
07-15 16:05:25.968   329   329 I ExplicitHealthCheckController: Explicit health check service is bound
07-15 16:05:25.968   329   329 V SettingsProvider: Notifying for 0: content://settings/global/boot_count
07-15 16:05:25.969   200   200 V C2Store : in ~ComponentModule
07-15 16:05:25.969   200   200 V C2Store : unloading dll
07-15 16:05:25.969   200   733 V C2Store : in init
07-15 16:05:25.969   200   733 V C2Store : loading dll
07-15 16:05:25.970   774   774 D TouchInteractionService: Touch service connected
07-15 16:05:25.970   329   353 W NineDSpaceManager: warning: no space9d service
07-15 16:05:25.970    84    84 W         : Connect socket err: Connection refused
07-15 16:05:25.971   189   307 I Codec2InfoBuilder: adding type 'video/3gpp'
07-15 16:05:25.972   200   745 V C2Store : in init
07-15 16:05:25.972   200   745 V C2Store : loading dll
07-15 16:05:25.975   200   733 V C2Store : in ~ComponentModule
07-15 16:05:25.975   200   733 V C2Store : unloading dll
07-15 16:05:25.975    84    84 D Zygote  : Forked child process 805
07-15 16:05:25.970   329   353 I chatty  : uid=1000(system) Binder:329_1 identical 2 lines
07-15 16:05:25.972   329   353 W NineDSpaceManager: warning: no space9d service
07-15 16:05:25.975   329   376 W LocalDisplayAdapter: Requested mode ID 0 not available, dropping from allowed set.
07-15 16:05:25.975   189   307 I Codec2InfoBuilder: adding type 'video/hevc'
07-15 16:05:25.977   200   259 V C2Store : in init
07-15 16:05:25.977   200   259 V C2Store : loading dll
07-15 16:05:25.978   200   259 D C2SoftHevcEnc: Given level 6000 does not cover current configuration: adjusting to 6001
07-15 16:05:25.979   329   382 W NineDSpaceManager: warning: no space9d service
07-15 16:05:25.979   329   382 I ActivityManager: Start proc 805:android.ext.services/u0a47 for service {android.ext.services/android.ext.services.watchdog.ExplicitHealthCheckServiceImpl}
07-15 16:05:25.979   200   259 D C2SoftHevcEnc: Given level 6000 does not cover current configuration: adjusting to 6001
07-15 16:05:25.979   200   200 V C2Store : in ~ComponentModule
07-15 16:05:25.979   200   200 V C2Store : unloading dll
07-15 16:05:25.980   189   307 D Codec2InfoBuilder: codec entry for 'c2.android.hevc.encoder' is disabled
07-15 16:05:25.980   200   200 V C2Store : in init
07-15 16:05:25.980   200   200 V C2Store : loading dll
07-15 16:05:25.981   200   754 V C2Store : in ~ComponentModule
07-15 16:05:25.981   200   754 V C2Store : unloading dll
07-15 16:05:25.981   189   307 I Codec2InfoBuilder: adding type 'audio/mpeg'
