130|23f88d37a3aa:/ # reboot                                                                                                                                                              
^[[Aroot@antdock:~# dexe.sh 3
23f88d37a3aa:/ # logcat
--------- beginning of system
07-15 16:05:24.113    32    32 I vold    : Vold 3.0 (the awakening) firing up
07-15 16:05:24.113    32    32 D vold    : Detected support for: ext4 f2fs vfat
07-15 16:05:24.114    32    32 E vold    : Failed open: No such file or directory
07-15 16:05:24.115    32    32 D vold    : VoldNativeService::start() completed OK
07-15 16:05:24.119    32    41 I vold    : Found disk at /devices/platform/fe190000.pcie/pci0004:40/0004:40:00.0/0004:41:00.0/nvme/nvme0/nvme0n1 but delaying scan due to secure keyguard
07-15 16:05:24.140    32    32 I Checkpoint: cp_prepareCheckpoint called
07-15 16:05:24.214    32    32 D vold    : fscrypt_init_user0
07-15 16:05:24.214    32    32 D vold    : fscrypt_prepare_user_storage for volume null, user 0, serial 0, flags 1
07-15 16:05:24.214    32    32 D vold    : Preparing: /data/system/users/0
07-15 16:05:24.214    32    32 D vold    : Preparing: /data/misc/profiles/cur/0
07-15 16:05:24.214    32    32 D vold    : Preparing: /data/system_de/0
07-15 16:05:24.214    32    32 D vold    : Preparing: /data/misc_de/0
07-15 16:05:24.214    32    32 D vold    : Preparing: /data/vendor_de/0
07-15 16:05:24.214    32    32 D vold    : Preparing: /data/user_de/0
07-15 16:05:24.214    32    32 D vold    : /system/bin/vold_prepare_subdirs
07-15 16:05:24.214    32    32 D vold    :     prepare
07-15 16:05:24.214    32    32 D vold    :     
07-15 16:05:24.214    32    32 D vold    :     0
07-15 16:05:24.214    32    32 D vold    :     1
07-15 16:05:24.231    32    32 D vold    : fscrypt_unlock_user_key 0 serial=0 token_present=0
07-15 16:05:24.456   106   106 I android.hardware.wifi@1.0-service: Wifi Hal is booting up...
07-15 16:05:24.464   106   106 I ServiceManagement: Registered android.hardware.wifi@1.3::IWifi/default (start delay of 48ms)
07-15 16:05:24.640   196   196 I wificond: wificond is starting up...
07-15 16:05:24.663   198   198 D DrmService: ----------------running drmservice---------------
07-15 16:05:24.663   198   198 E DrmService: rknand_sys_storage open fail
07-15 16:05:24.663   198   198 D DrmService: Get HID data:
--------- beginning of main
07-15 16:05:24.680    84    84 W Zygote  : Class not found for preloading: android.bluetooth.BluetoothA2dp$2
07-15 16:05:24.680   197   197 I MediaCodecsXmlParser: limit: measured-frame-rate-320x240-range = 165-165
07-15 16:05:24.680   197   197 I MediaCodecsXmlParser: limit: measured-frame-rate-720x480-range = 149-149
07-15 16:05:24.680   197   197 I MediaCodecsXmlParser: limit: measured-frame-rate-1280x720-range = 73-73
07-15 16:05:24.680   197   197 I MediaCodecsXmlParser: limit: measured-frame-rate-1920x1080-range = 18-18
07-15 16:05:24.680   197   197 I MediaCodecsXmlParser: limit: measured-frame-rate-320x240-range = 165-165
07-15 16:05:24.680   197   197 I MediaCodecsXmlParser: limit: measured-frame-rate-720x480-range = 149-149
07-15 16:05:24.680   197   197 I MediaCodecsXmlParser: limit: measured-frame-rate-1280x720-range = 73-73
07-15 16:05:24.680   197   197 I MediaCodecsXmlParser: limit: measured-frame-rate-1920x1080-range = 18-18
07-15 16:05:24.681   197   197 I MediaCodecsXmlParser: limit: measured-frame-rate-320x240-range = 165-165
07-15 16:05:24.681   197   197 I MediaCodecsXmlParser: limit: measured-frame-rate-720x480-range = 149-149
07-15 16:05:24.681   197   197 I MediaCodecsXmlParser: limit: measured-frame-rate-1280x720-range = 73-73
07-15 16:05:24.681   197   197 I MediaCodecsXmlParser: limit: measured-frame-rate-1920x1080-range = 18-18
07-15 16:05:24.681   197   197 I MediaCodecsXmlParser: limit: measured-frame-rate-320x240-range = 306-306
07-15 16:05:24.681   197   197 I MediaCodecsXmlParser: limit: measured-frame-rate-720x480-range = 54-54
07-15 16:05:24.681   197   197 I MediaCodecsXmlParser: limit: measured-frame-rate-1280x720-range = 58-58
07-15 16:05:24.681   197   197 I MediaCodecsXmlParser: limit: measured-frame-rate-176x144-range = 619-619
07-15 16:05:24.681   197   197 I MediaCodecsXmlParser: limit: measured-frame-rate-176x144-range = 619-619
07-15 16:05:24.681   197   197 I MediaCodecsXmlParser: limit: measured-frame-rate-320x180-range = 55-55
07-15 16:05:24.681   197   197 I MediaCodecsXmlParser: limit: measured-frame-rate-640x360-range = 35-35
07-15 16:05:24.681   197   197 I MediaCodecsXmlParser: limit: measured-frame-rate-1280x720-range = 28-28
07-15 16:05:24.681   197   197 I MediaCodecsXmlParser: limit: measured-frame-rate-1920x1080-range = 32-32
07-15 16:05:24.681   197   197 I MediaCodecsXmlParser: limit: measured-frame-rate-320x240-range = 617-617
07-15 16:05:24.681   197   197 I MediaCodecsXmlParser: limit: measured-frame-rate-720x480-range = 559-559
07-15 16:05:24.681   197   197 I MediaCodecsXmlParser: limit: measured-frame-rate-1280x720-range = 276-276
07-15 16:05:24.681   197   197 I MediaCodecsXmlParser: limit: measured-frame-rate-1920x1080-range = 164-164
07-15 16:05:24.681   197   197 I MediaCodecsXmlParser: limit: measured-frame-rate-3840x2160-range = 130-130
07-15 16:05:24.681   197   197 D MediaCodecsXmlParser: MediaCodec: cannot update non-existing codec at line 63 of /vendor/etc/media_codecs_performance.xml
07-15 16:05:24.681   197   197 D MediaCodecsXmlParser: MediaCodec: cannot update non-existing codec at line 70 of /vendor/etc/media_codecs_performance.xml
07-15 16:05:24.681   197   197 I MediaCodecsXmlParser: limit: measured-frame-rate-320x180-range = 500-500
07-15 16:05:24.681   197   197 I MediaCodecsXmlParser: limit: measured-frame-rate-640x360-range = 387-387
07-15 16:05:24.681   197   197 I MediaCodecsXmlParser: limit: measured-frame-rate-1280x720-range = 112-112
07-15 16:05:24.681   197   197 I MediaCodecsXmlParser: limit: measured-frame-rate-1920x1080-range = 77-77
07-15 16:05:24.681   197   197 I MediaCodecsXmlParser: limit: measured-frame-rate-176x144-range = 600-600
07-15 16:05:24.681   197   197 I MediaCodecsXmlParser: limit: measured-frame-rate-352x288-range = 600-600
07-15 16:05:24.681   197   197 I MediaCodecsXmlParser: limit: measured-frame-rate-176x144-range = 600-600
07-15 16:05:24.681   197   197 I MediaCodecsXmlParser: limit: measured-frame-rate-352x288-range = 700-700
07-15 16:05:24.681   197   197 I MediaCodecsXmlParser: limit: measured-frame-rate-640x360-range = 164-286
07-15 16:05:24.681   197   197 I MediaCodecsXmlParser: limit: measured-frame-rate-720x480-range = 245-261
07-15 16:05:24.681   197   197 I MediaCodecsXmlParser: limit: measured-frame-rate-1280x720-range = 181-189
07-15 16:05:24.681   197   197 I MediaCodecsXmlParser: limit: measured-frame-rate-1920x1080-range = 130-130
07-15 16:05:24.681   197   197 I MediaCodecsXmlParser: limit: measured-frame-rate-3840x2160-range = 130-130
07-15 16:05:24.681   197   197 I MediaCodecsXmlParser: limit: measured-frame-rate-320x240-range = 230-230
07-15 16:05:24.681   197   197 I MediaCodecsXmlParser: limit: measured-frame-rate-720x480-range = 132-132
07-15 16:05:24.681   197   197 I MediaCodecsXmlParser: limit: measured-frame-rate-1280x720-range = 38-38
07-15 16:05:24.681   197   197 I MediaCodecsXmlParser: limit: measured-frame-rate-1920x1080-range = 51-51
07-15 16:05:24.681   197   197 I MediaCodecsXmlParser: limit: measured-frame-rate-352x288-range = 253-253
07-15 16:05:24.681   197   197 I MediaCodecsXmlParser: limit: measured-frame-rate-640x360-range = 128-128
07-15 16:05:24.681   197   197 I MediaCodecsXmlParser: limit: measured-frame-rate-720x480-range = 104-104
07-15 16:05:24.681   197   197 I MediaCodecsXmlParser: limit: measured-frame-rate-1280x720-range = 91-91
07-15 16:05:24.681   197   197 I MediaCodecsXmlParser: limit: measured-frame-rate-320x180-range = 432-432
07-15 16:05:24.681   197   197 I MediaCodecsXmlParser: limit: measured-frame-rate-640x360-range = 320-320
07-15 16:05:24.681   197   197 I MediaCodecsXmlParser: limit: measured-frame-rate-1280x720-range = 48-48
07-15 16:05:24.681   197   197 I MediaCodecsXmlParser: limit: measured-frame-rate-1920x1080-range = 24-24
07-15 16:05:24.681   197   197 I MediaCodecsXmlParser: limit: measured-frame-rate-320x180-range = 432-432
07-15 16:05:24.681   197   197 I MediaCodecsXmlParser: limit: measured-frame-rate-640x360-range = 320-320
07-15 16:05:24.681   197   197 I MediaCodecsXmlParser: limit: measured-frame-rate-1280x720-range = 38-42
07-15 16:05:24.681   197   197 I MediaCodecsXmlParser: limit: measured-frame-rate-1920x1080-range = 94-94
07-15 16:05:24.681   197   197 D MediaCodecsXmlParser: MediaCodec: cannot update non-existing codec at line 122 of /vendor/etc/media_codecs_performance.xml
07-15 16:05:24.681   197   197 D MediaCodecsXmlParser: Cannot find /data/misc/media/media_codecs_profiling_results.xml
07-15 16:05:24.682    84    84 I PackageBackwardCompatibility: Could not find android.content.pm.AndroidTestBaseUpdater, ignoring
07-15 16:05:24.684   217   217 I /system/bin/tombstoned: tombstoned successfully initialized
07-15 16:05:24.685    83    83 D TetherController: Setting IP forward enable = 0
07-15 16:05:24.691    97    97 I hwc-drm-device: BindConnectorAndCrtc,line=1665 display-id=0 Bind Connector-id=61 Crtc-id=58 success!.
07-15 16:05:24.691    97    97 E hwc-drm-two: TryAssignPlane,line=168 display 1 crtc is NULL.
07-15 16:05:24.691    97    97 E hwc-drm-two: TryAssignPlane,line=168 display 2 crtc is NULL.
07-15 16:05:24.691    97    97 E hwc-drm-two: TryAssignPlane,line=168 display 3 crtc is NULL.
07-15 16:05:24.691    97    97 E hwc-drm-two: TryAssignPlane,line=168 display 4 crtc is NULL.
07-15 16:05:24.691    97    97 E hwc-drm-two: TryAssignPlane,line=168 display 5 crtc is NULL.
07-15 16:05:24.691    97    97 E hwc-drm-two: TryAssignPlane,line=168 display 6 crtc is NULL.
07-15 16:05:24.691    97    97 E hwc-drm-two: TryAssignPlane,line=168 display 7 crtc is NULL.
07-15 16:05:24.691    97    97 W hwc-drm-two: assignPlaneByHWC,line=56 Crtc PlaneMask not set, have to use HwcPlaneMask, please check Crtc::PlaneMask info.
07-15 16:05:24.691    97    97 I hwc-drm-two: assignPlaneByHWC,line=90, crtc-id=58 mask=0x1 ,plane_mask=0xf03
07-15 16:05:24.691    97    97 E hwc-drm-two: assignPlaneByHWC,line=66 display=1 crtc is NULL.
07-15 16:05:24.691    97    97 E hwc-platform: TryAssignPlane,line=113 Failed provision stage with ret -1
07-15 16:05:24.691    97    97 W hwc-drm-device: BindDpyRes,line=1855 TryAssignPlane fail, ret = -1
07-15 16:05:24.692    97    97 E hwc-drm-two: Init,line=380 Failed to BindDpyRes for display=0 -1
07-15 16:05:24.692    97    97 E hwc-drm-two: Init::CreateDisplay
07-15 16:05:24.692    97    97 E hwc-drm-two: CreateDisplay type=1
07-15 16:05:24.692   197   197 I ServiceManagement: Registered android.hardware.media.omx@1.0::IOmx/default (start delay of 66ms)
07-15 16:05:24.692    97    97 E hwc-drm-two: display-id=1
07-15 16:05:24.692   197   197 I ServiceManagement: Removing namespace from process name android.hardware.media.omx@1.0-service to omx@1.0-service.
07-15 16:05:24.692    97    97 I hwc-drm-connector: UpdateDisplayMode,line=440, display=1 persist.vendor.resolution.Virtual-0=Unkonw
07-15 16:05:24.692    97    97 I hwc-drm-connector: UpdateDisplayMode,line=448, display=1 persist.vendor.resolution.aux=Unkonw
07-15 16:05:24.692    97    97 I hwc-drm-connector: UpdateDisplayMode,line=534, Find best mode-id=83 : 1024x768p60.000000
07-15 16:05:24.692    97    97 E hwc-drm-two: ClearDisplay,line=333 init_success_=0 skip.
07-15 16:05:24.692    97    97 I hwc-drm-device: FindAvailableCrtcByFirst,line=1452 Find display-id=1 with conn[67] crtc=64 success!
07-15 16:05:24.692   197   197 I media.codec: IOmx HAL service created.
07-15 16:05:24.692   197   197 D MediaCodecsXmlParser: parsing /vendor/etc/media_codecs.xml...
07-15 16:05:24.692   197   197 D MediaCodecsXmlParser: parsing /vendor/etc/media_codecs_google_audio.xml...
07-15 16:05:24.692   197   197 I MediaCodecsXmlParser: limit: max-channel-count = 2
07-15 16:05:24.692   197   197 I MediaCodecsXmlParser: limit: sample-rate-ranges = 8000,11025,12000,16000,22050,24000,32000,44100,48000
07-15 16:05:24.692   197   197 I MediaCodecsXmlParser: limit: bitrate-range = 8000-320000
07-15 16:05:24.692   197   197 I MediaCodecsXmlParser: limit: max-channel-count = 1
07-15 16:05:24.692   197   197 I MediaCodecsXmlParser: limit: sample-rate-ranges = 8000
07-15 16:05:24.692   197   197 I MediaCodecsXmlParser: limit: bitrate-range = 4750-12200
07-15 16:05:24.692   197   197 I MediaCodecsXmlParser: limit: max-channel-count = 1
07-15 16:05:24.692   197   197 I MediaCodecsXmlParser: limit: sample-rate-ranges = 16000
07-15 16:05:24.692   197   197 I MediaCodecsXmlParser: limit: bitrate-range = 6600-23850
07-15 16:05:24.692   197   197 I MediaCodecsXmlParser: limit: max-channel-count = 8
07-15 16:05:24.692   197   197 I MediaCodecsXmlParser: limit: sample-rate-ranges = 7350,8000,11025,12000,16000,22050,24000,32000,44100,48000
07-15 16:05:24.692   197   197 I MediaCodecsXmlParser: limit: bitrate-range = 8000-960000
07-15 16:05:24.692   197   197 I MediaCodecsXmlParser: limit: max-channel-count = 1
07-15 16:05:24.692   197   197 I MediaCodecsXmlParser: limit: sample-rate-ranges = 8000
07-15 16:05:24.692   197   197 I MediaCodecsXmlParser: limit: bitrate-range = 64000
07-15 16:05:24.692   197   197 I MediaCodecsXmlParser: limit: max-channel-count = 1
07-15 16:05:24.692   197   197 I MediaCodecsXmlParser: limit: sample-rate-ranges = 8000
07-15 16:05:24.692   197   197 I MediaCodecsXmlParser: limit: bitrate-range = 64000
07-15 16:05:24.692   197   197 I MediaCodecsXmlParser: limit: max-channel-count = 8
07-15 16:05:24.692   197   197 I MediaCodecsXmlParser: limit: sample-rate-ranges = 8000-96000
07-15 16:05:24.692   197   197 I MediaCodecsXmlParser: limit: bitrate-range = 32000-500000
07-15 16:05:24.692   197   197 I MediaCodecsXmlParser: limit: max-channel-count = 8
07-15 16:05:24.692   197   197 I MediaCodecsXmlParser: limit: sample-rate-ranges = 48000
07-15 16:05:24.692   197   197 I MediaCodecsXmlParser: limit: bitrate-range = 6000-510000
07-15 16:05:24.692   197   197 I MediaCodecsXmlParser: limit: max-channel-count = 8
07-15 16:05:24.692   197   197 I MediaCodecsXmlParser: limit: sample-rate-ranges = 8000-96000
07-15 16:05:24.692   197   197 I MediaCodecsXmlParser: limit: bitrate-range = 1-10000000
07-15 16:05:24.692   197   197 I MediaCodecsXmlParser: limit: max-channel-count = 8
07-15 16:05:24.692   197   197 I MediaCodecsXmlParser: limit: sample-rate-ranges = 8000-96000
07-15 16:05:24.692   197   197 I MediaCodecsXmlParser: limit: bitrate-range = 1-10000000
07-15 16:05:24.692   197   197 I MediaCodecsXmlParser: limit: max-channel-count = 6
07-15 16:05:24.692   197   197 I MediaCodecsXmlParser: limit: sample-rate-ranges = 8000,11025,12000,16000,22050,24000,32000,44100,48000
07-15 16:05:24.692   197   197 I MediaCodecsXmlParser: limit: bitrate-range = 8000-960000
07-15 16:05:24.692   197   197 I MediaCodecsXmlParser: limit: max-channel-count = 1
07-15 16:05:24.692   197   197 I MediaCodecsXmlParser: limit: sample-rate-ranges = 8000
07-15 16:05:24.692   197   197 I MediaCodecsXmlParser: limit: bitrate-range = 4750-12200
07-15 16:05:24.692   197   197 I MediaCodecsXmlParser: limit: feature-bitrate-modes = CBR
07-15 16:05:24.692   197   197 I MediaCodecsXmlParser: limit: max-channel-count = 1
07-15 16:05:24.692   197   197 I MediaCodecsXmlParser: limit: sample-rate-ranges = 16000
07-15 16:05:24.692   197   197 I MediaCodecsXmlParser: limit: bitrate-range = 6600-23850
07-15 16:05:24.692   197   197 I MediaCodecsXmlParser: limit: feature-bitrate-modes = CBR
07-15 16:05:24.692   197   197 I MediaCodecsXmlParser: limit: max-channel-count = 2
07-15 16:05:24.692   197   197 I MediaCodecsXmlParser: limit: sample-rate-ranges = 1-655350
07-15 16:05:24.692   197   197 I MediaCodecsXmlParser: limit: bitrate-range = 1-21000000
07-15 16:05:24.692   197   197 I MediaCodecsXmlParser: limit: complexity-default = 5
07-15 16:05:24.692   197   197 I MediaCodecsXmlParser: limit: complexity-range = 0-8
07-15 16:05:24.692   197   197 I MediaCodecsXmlParser: limit: feature-bitrate-modes = CQ
07-15 16:05:24.692   197   197 I MediaCodecsXmlParser: limit: size-range = 96x96-4096x2160
07-15 16:05:24.692   197   197 I MediaCodecsXmlParser: limit: alignment = 4x4
07-15 16:05:24.692   197   197 I MediaCodecsXmlParser: limit: block-size = 16x16
07-15 16:05:24.692   197   197 I MediaCodecsXmlParser: limit: blocks-per-second-range = 1-489600
07-15 16:05:24.692   197   197 I MediaCodecsXmlParser: limit: bitrate-range = 1-10000000
07-15 16:05:24.692   197   197 I MediaCodecsXmlParser: limit: feature-adaptive-playback = 0
07-15 16:05:24.692   197   197 I MediaCodecsXmlParser: limit: max-concurrent-instances = 6
07-15 16:05:24.692   197   197 I MediaCodecsXmlParser: limit: performance-point-3840x2160-range = 60-60
07-15 16:05:24.692   197   197 I MediaCodecsXmlParser: limit: size-range = 176x144-1920x1088
07-15 16:05:24.692   197   197 I MediaCodecsXmlParser: limit: alignment = 8x8
07-15 16:05:24.692   197   197 I MediaCodecsXmlParser: limit: block-size = 16x16
07-15 16:05:24.692   197   197 I MediaCodecsXmlParser: limit: blocks-per-second-range = 1-244800
07-15 16:05:24.692   197   197 I MediaCodecsXmlParser: limit: bitrate-range = 1-10000000
07-15 16:05:24.692   197   197 I MediaCodecsXmlParser: limit: feature-adaptive-playback = 0
07-15 16:05:24.692   197   197 I MediaCodecsXmlParser: limit: max-concurrent-instances = 6
07-15 16:05:24.692   197   197 I MediaCodecsXmlParser: limit: performance-point-1920x1088-range = 60-60
07-15 16:05:24.692   197   197 I MediaCodecsXmlParser: limit: size-range = 176x144-1920x1088
07-15 16:05:24.692   197   197 I MediaCodecsXmlParser: limit: alignment = 8x8
07-15 16:05:24.692   197   197 I MediaCodecsXmlParser: limit: block-size = 16x16
07-15 16:05:24.692   197   197 I MediaCodecsXmlParser: limit: blocks-per-second-range = 1-244800
07-15 16:05:24.692   197   197 I MediaCodecsXmlParser: limit: bitrate-range = 1-10000000
07-15 16:05:24.692   197   197 I MediaCodecsXmlParser: limit: feature-adaptive-playback = 0
07-15 16:05:24.692   197   197 I MediaCodecsXmlParser: limit: max-concurrent-instances = 6
07-15 16:05:24.692   197   197 I MediaCodecsXmlParser: limit: performance-point-1920x1088-range = 60-60
07-15 16:05:24.692   197   197 I MediaCodecsXmlParser: limit: size-range = 176x144-1920x1088
07-15 16:05:24.692   197   197 I MediaCodecsXmlParser: limit: alignment = 8x8
07-15 16:05:24.692   197   197 I MediaCodecsXmlParser: limit: block-size = 16x16
07-15 16:05:24.692   197   197 I MediaCodecsXmlParser: limit: blocks-per-second-range = 1-244800
07-15 16:05:24.692   197   197 I MediaCodecsXmlParser: limit: bitrate-range = 1-10000000
07-15 16:05:24.692   197   197 I MediaCodecsXmlParser: limit: feature-adaptive-playback = 0
07-15 16:05:24.692   197   197 I MediaCodecsXmlParser: limit: max-concurrent-instances = 6
07-15 16:05:24.692   197   197 I MediaCodecsXmlParser: limit: performance-point-1920x1088-range = 60-60
07-15 16:05:24.692   197   197 I MediaCodecsXmlParser: limit: size-range = 176x144-1920x1088
07-15 16:05:24.692   197   197 I MediaCodecsXmlParser: limit: alignment = 8x8
07-15 16:05:24.692   197   197 I MediaCodecsXmlParser: limit: block-size = 16x16
07-15 16:05:24.692   197   197 I MediaCodecsXmlParser: limit: blocks-per-second-range = 1-244800
07-15 16:05:24.692   197   197 I MediaCodecsXmlParser: limit: bitrate-range = 1-10000000
07-15 16:05:24.692   197   197 I MediaCodecsXmlParser: limit: feature-adaptive-playback = 0
07-15 16:05:24.692   197   197 I MediaCodecsXmlParser: limit: max-concurrent-instances = 6
07-15 16:05:24.692   197   197 I MediaCodecsXmlParser: limit: performance-point-1920x1088-range = 60-60
07-15 16:05:24.692   197   197 I MediaCodecsXmlParser: limit: size-range = 176x144-1920x1088
07-15 16:05:24.692   197   197 I MediaCodecsXmlParser: limit: alignment = 8x8
07-15 16:05:24.692   197   197 I MediaCodecsXmlParser: limit: block-size = 16x16
07-15 16:05:24.692   197   197 I MediaCodecsXmlParser: limit: blocks-per-second-range = 1-244800
07-15 16:05:24.692   197   197 I MediaCodecsXmlParser: limit: bitrate-range = 1-10000000
07-15 16:05:24.692   197   197 I MediaCodecsXmlParser: limit: feature-adaptive-playback = 0
07-15 16:05:24.692   197   197 I MediaCodecsXmlParser: limit: max-concurrent-instances = 6
07-15 16:05:24.693   197   197 I MediaCodecsXmlParser: limit: performance-point-1920x1088-range = 60-60
07-15 16:05:24.693   197   197 I MediaCodecsXmlParser: limit: size-range = 400x400-4096x2160
07-15 16:05:24.693   197   197 I MediaCodecsXmlParser: limit: alignment = 2x2
07-15 16:05:24.693   197   197 I MediaCodecsXmlParser: limit: block-size = 16x16
07-15 16:05:24.693   197   197 I MediaCodecsXmlParser: limit: blocks-per-second-range = 1-244800
07-15 16:05:24.693   197   197 I MediaCodecsXmlParser: limit: bitrate-range = 1-10000000
07-15 16:05:24.693   197   197 I MediaCodecsXmlParser: limit: feature-adaptive-playback = 0
07-15 16:05:24.693   197   197 I MediaCodecsXmlParser: limit: max-concurrent-instances = 6
07-15 16:05:24.693   197   197 I MediaCodecsXmlParser: limit: performance-point-3840x2160-range = 60-60
07-15 16:05:24.693   197   197 I MediaCodecsXmlParser: limit: size-range = 176x144-1920x1088
07-15 16:05:24.693   197   197 I MediaCodecsXmlParser: limit: alignment = 16x8
07-15 16:05:24.693   197   197 I MediaCodecsXmlParser: limit: bitrate-range = 1-10000000
07-15 16:05:24.693   197   197 I MediaCodecsXmlParser: limit: feature-bitrate-modes = VBR,CBR
07-15 16:05:24.693   197   197 I MediaCodecsXmlParser: limit: max-concurrent-instances = 4
07-15 16:05:24.693   197   197 I MediaCodecsXmlParser: limit: performance-point-1920x1088-range = 60-60
07-15 16:05:24.693   197   197 I MediaCodecsXmlParser: limit: size-range = 176x144-1920x1088
07-15 16:05:24.693   197   197 I MediaCodecsXmlParser: limit: alignment = 16x8
07-15 16:05:24.693   197   197 I MediaCodecsXmlParser: limit: bitrate-range = 1-10000000
07-15 16:05:24.693   197   197 I MediaCodecsXmlParser: limit: feature-bitrate-modes = VBR,CBR
07-15 16:05:24.693   197   197 I MediaCodecsXmlParser: limit: max-concurrent-instances = 4
07-15 16:05:24.693   197   197 I MediaCodecsXmlParser: limit: performance-point-1920x1088-range = 60-60
07-15 16:05:24.693   197   197 I MediaCodecsXmlParser: limit: size-range = 176x144-1920x1088
07-15 16:05:24.693   197   197 I MediaCodecsXmlParser: limit: alignment = 16x8
07-15 16:05:24.693   197   197 I MediaCodecsXmlParser: limit: bitrate-range = 1-10000000
07-15 16:05:24.693   197   197 I MediaCodecsXmlParser: limit: feature-bitrate-modes = VBR,CBR
07-15 16:05:24.693   197   197 I MediaCodecsXmlParser: limit: max-concurrent-instances = 4
07-15 16:05:24.693   197   197 I MediaCodecsXmlParser: limit: performance-point-1920x1088-range = 60-60
07-15 16:05:24.693   197   197 D MediaCodecsXmlParser: parsing /vendor/etc/media_codecs_google_video.xml...
07-15 16:05:24.693   197   197 I MediaCodecsXmlParser: limit: size-range = 2x2-1280x720
07-15 16:05:24.693   197   197 I MediaCodecsXmlParser: limit: alignment = 8x8
07-15 16:05:24.693   197   197 I MediaCodecsXmlParser: limit: block-size = 16x16
07-15 16:05:24.693   197   197 I MediaCodecsXmlParser: limit: blocks-per-second-range = 1-983040
07-15 16:05:24.693   197   197 I MediaCodecsXmlParser: limit: bitrate-range = 1-40000000
07-15 16:05:24.693   197   197 I MediaCodecsXmlParser: limit: feature-adaptive-playback = 0
07-15 16:05:24.693   197   197 I MediaCodecsXmlParser: limit: size-range = 64x64-1280x720
07-15 16:05:24.693   197   197 I MediaCodecsXmlParser: limit: alignment = 8x8
07-15 16:05:24.693   197   197 I MediaCodecsXmlParser: limit: block-size = 16x16
07-15 16:05:24.693   197   197 I MediaCodecsXmlParser: limit: blocks-per-second-range = 1-244800
07-15 16:05:24.693   197   197 I MediaCodecsXmlParser: limit: bitrate-range = 1-10000000
07-15 16:05:24.693   197   197 I MediaCodecsXmlParser: limit: feature-adaptive-playback = 0
07-15 16:05:24.693   197   197 I MediaCodecsXmlParser: limit: max-concurrent-instances = 32
07-15 16:05:24.693   197   197 I MediaCodecsXmlParser: limit: size-range = 64x64-1280x720
07-15 16:05:24.693   197   197 I MediaCodecsXmlParser: limit: alignment = 2x2
07-15 16:05:24.693   197   197 I MediaCodecsXmlParser: limit: block-size = 16x16
07-15 16:05:24.693   197   197 I MediaCodecsXmlParser: limit: blocks-per-second-range = 1-244800
07-15 16:05:24.693   197   197 I MediaCodecsXmlParser: limit: bitrate-range = 1-10000000
07-15 16:05:24.693   197   197 I MediaCodecsXmlParser: limit: feature-adaptive-playback = 0
07-15 16:05:24.693   197   197 I MediaCodecsXmlParser: limit: max-concurrent-instances = 32
07-15 16:05:24.693   197   197 I MediaCodecsXmlParser: limit: size-range = 2x2-1280x720
07-15 16:05:24.693   197   197 I MediaCodecsXmlParser: limit: alignment = 8x8
07-15 16:05:24.693   197   197 I MediaCodecsXmlParser: limit: block-size = 16x16
07-15 16:05:24.693   197   197 I MediaCodecsXmlParser: limit: blocks-per-second-range = 1-983040
07-15 16:05:24.693   197   197 I MediaCodecsXmlParser: limit: bitrate-range = 1-40000000
07-15 16:05:24.693   197   197 I MediaCodecsXmlParser: limit: feature-adaptive-playback = 0
07-15 16:05:24.693   197   197 I MediaCodecsXmlParser: limit: size-range = 176x144-176x144
07-15 16:05:24.693   197   197 I MediaCodecsXmlParser: limit: alignment = 16x16
07-15 16:05:24.693   197   197 I MediaCodecsXmlParser: limit: bitrate-range = 1-128000
07-15 16:05:24.693   197   197 I MediaCodecsXmlParser: limit: size-range = 16x16-176x144
07-15 16:05:24.693   197   197 I MediaCodecsXmlParser: limit: alignment = 16x16
07-15 16:05:24.693   197   197 I MediaCodecsXmlParser: limit: block-size = 16x16
07-15 16:05:24.693   197   197 I MediaCodecsXmlParser: limit: blocks-per-second-range = 12-1485
07-15 16:05:24.693   197   197 I MediaCodecsXmlParser: limit: bitrate-range = 1-64000
07-15 16:05:24.693   197   197 I MediaCodecsXmlParser: limit: size-range = 176x144-1280x720
07-15 16:05:24.693   197   197 I MediaCodecsXmlParser: limit: alignment = 2x2
07-15 16:05:24.693   197   197 I MediaCodecsXmlParser: limit: bitrate-range = 1-40000000
07-15 16:05:24.693   197   197 I MediaCodecsXmlParser: limit: feature-bitrate-modes = VBR,CBR
07-15 16:05:24.693   197   197 I MediaCodecsXmlParser: limit: size-range = 176x144-1280x720
07-15 16:05:24.693   197   197 I MediaCodecsXmlParser: limit: alignment = 2x2
07-15 16:05:24.693   197   197 I MediaCodecsXmlParser: limit: bitrate-range = 1-40000000
07-15 16:05:24.693   197   197 I MediaCodecsXmlParser: limit: feature-bitrate-modes = VBR,CBR
07-15 16:05:24.693   197   197 D MediaCodecsXmlParser: parsing /vendor/etc/media_codecs_performance.xml...
07-15 16:05:24.693   197   197 I MediaCodecsXmlParser: limit: measured-frame-rate-320x240-range = 165-165
07-15 16:05:24.693   197   197 I MediaCodecsXmlParser: limit: measured-frame-rate-720x480-range = 149-149
07-15 16:05:24.693   197   197 I MediaCodecsXmlParser: limit: measured-frame-rate-1280x720-range = 73-73
07-15 16:05:24.693   197   197 I MediaCodecsXmlParser: limit: measured-frame-rate-1920x1080-range = 18-18
07-15 16:05:24.693   197   197 I MediaCodecsXmlParser: limit: measured-frame-rate-320x240-range = 165-165
07-15 16:05:24.693   197   197 I MediaCodecsXmlParser: limit: measured-frame-rate-720x480-range = 149-149
07-15 16:05:24.693   197   197 I MediaCodecsXmlParser: limit: measured-frame-rate-1280x720-range = 73-73
07-15 16:05:24.693   197   197 I MediaCodecsXmlParser: limit: measured-frame-rate-1920x1080-range = 18-18
07-15 16:05:24.693   197   197 I MediaCodecsXmlParser: limit: measured-frame-rate-320x240-range = 165-165
07-15 16:05:24.693   197   197 I MediaCodecsXmlParser: limit: measured-frame-rate-720x480-range = 149-149
07-15 16:05:24.693   197   197 I MediaCodecsXmlParser: limit: measured-frame-rate-1280x720-range = 73-73
07-15 16:05:24.693   197   197 I MediaCodecsXmlParser: limit: measured-frame-rate-1920x1080-range = 18-18
07-15 16:05:24.693   197   197 I MediaCodecsXmlParser: limit: measured-frame-rate-320x240-range = 306-306
07-15 16:05:24.693   197   197 I MediaCodecsXmlParser: limit: measured-frame-rate-720x480-range = 54-54
07-15 16:05:24.693   197   197 I MediaCodecsXmlParser: limit: measured-frame-rate-1280x720-range = 58-58
07-15 16:05:24.693   197   197 I MediaCodecsXmlParser: limit: measured-frame-rate-176x144-range = 619-619
07-15 16:05:24.693   197   197 I MediaCodecsXmlParser: limit: measured-frame-rate-176x144-range = 619-619
07-15 16:05:24.693   197   197 I MediaCodecsXmlParser: limit: measured-frame-rate-320x180-range = 55-55
07-15 16:05:24.693   197   197 I MediaCodecsXmlParser: limit: measured-frame-rate-640x360-range = 35-35
07-15 16:05:24.693   197   197 I MediaCodecsXmlParser: limit: measured-frame-rate-1280x720-range = 28-28
07-15 16:05:24.693   197   197 I MediaCodecsXmlParser: limit: measured-frame-rate-1920x1080-range = 32-32
07-15 16:05:24.693   197   197 I MediaCodecsXmlParser: limit: measured-frame-rate-320x240-range = 617-617
07-15 16:05:24.693   197   197 I MediaCodecsXmlParser: limit: measured-frame-rate-720x480-range = 559-559
07-15 16:05:24.693   197   197 I MediaCodecsXmlParser: limit: measured-frame-rate-1280x720-range = 276-276
07-15 16:05:24.693   197   197 I MediaCodecsXmlParser: limit: measured-frame-rate-1920x1080-range = 164-164
07-15 16:05:24.693   197   197 I MediaCodecsXmlParser: limit: measured-frame-rate-3840x2160-range = 130-130
07-15 16:05:24.693   197   197 D MediaCodecsXmlParser: MediaCodec: cannot update non-existing codec at line 63 of /vendor/etc/media_codecs_performance.xml
07-15 16:05:24.693   197   197 D MediaCodecsXmlParser: MediaCodec: cannot update non-existing codec at line 70 of /vendor/etc/media_codecs_performance.xml
07-15 16:05:24.693   197   197 I MediaCodecsXmlParser: limit: measured-frame-rate-320x180-range = 500-500
07-15 16:05:24.693   197   197 I MediaCodecsXmlParser: limit: measured-frame-rate-640x360-range = 387-387
07-15 16:05:24.693   197   197 I MediaCodecsXmlParser: limit: measured-frame-rate-1280x720-range = 112-112
07-15 16:05:24.693   197   197 I MediaCodecsXmlParser: limit: measured-frame-rate-1920x1080-range = 77-77
07-15 16:05:24.693   197   197 I MediaCodecsXmlParser: limit: measured-frame-rate-176x144-range = 600-600
07-15 16:05:24.693   197   197 I MediaCodecsXmlParser: limit: measured-frame-rate-352x288-range = 600-600
07-15 16:05:24.693   197   197 I MediaCodecsXmlParser: limit: measured-frame-rate-176x144-range = 600-600
07-15 16:05:24.693   197   197 I MediaCodecsXmlParser: limit: measured-frame-rate-352x288-range = 700-700
07-15 16:05:24.693   197   197 I MediaCodecsXmlParser: limit: measured-frame-rate-640x360-range = 164-286
07-15 16:05:24.693   197   197 I MediaCodecsXmlParser: limit: measured-frame-rate-720x480-range = 245-261
07-15 16:05:24.693   197   197 I MediaCodecsXmlParser: limit: measured-frame-rate-1280x720-range = 181-189
07-15 16:05:24.693   197   197 I MediaCodecsXmlParser: limit: measured-frame-rate-1920x1080-range = 130-130
07-15 16:05:24.693   197   197 I MediaCodecsXmlParser: limit: measured-frame-rate-3840x2160-range = 130-130
07-15 16:05:24.693   197   197 I MediaCodecsXmlParser: limit: measured-frame-rate-320x240-range = 230-230
07-15 16:05:24.693   197   197 I MediaCodecsXmlParser: limit: measured-frame-rate-720x480-range = 132-132
07-15 16:05:24.693   197   197 I MediaCodecsXmlParser: limit: measured-frame-rate-1280x720-range = 38-38
07-15 16:05:24.693   197   197 I MediaCodecsXmlParser: limit: measured-frame-rate-1920x1080-range = 51-51
07-15 16:05:24.693   197   197 I MediaCodecsXmlParser: limit: measured-frame-rate-352x288-range = 253-253
07-15 16:05:24.693   197   197 I MediaCodecsXmlParser: limit: measured-frame-rate-640x360-range = 128-128
07-15 16:05:24.693   197   197 I MediaCodecsXmlParser: limit: measured-frame-rate-720x480-range = 104-104
07-15 16:05:24.693   197   197 I MediaCodecsXmlParser: limit: measured-frame-rate-1280x720-range = 91-91
07-15 16:05:24.693   197   197 I MediaCodecsXmlParser: limit: measured-frame-rate-320x180-range = 432-432
07-15 16:05:24.693   197   197 I MediaCodecsXmlParser: limit: measured-frame-rate-640x360-range = 320-320
07-15 16:05:24.693   197   197 I MediaCodecsXmlParser: limit: measured-frame-rate-1280x720-range = 48-48
07-15 16:05:24.693   197   197 I MediaCodecsXmlParser: limit: measured-frame-rate-1920x1080-range = 24-24
07-15 16:05:24.693   197   197 I MediaCodecsXmlParser: limit: measured-frame-rate-320x180-range = 432-432
07-15 16:05:24.693   197   197 I MediaCodecsXmlParser: limit: measured-frame-rate-640x360-range = 320-320
07-15 16:05:24.693   197   197 I MediaCodecsXmlParser: limit: measured-frame-rate-1280x720-range = 38-42
07-15 16:05:24.693   197   197 I MediaCodecsXmlParser: limit: measured-frame-rate-1920x1080-range = 94-94
07-15 16:05:24.693   197   197 D MediaCodecsXmlParser: MediaCodec: cannot update non-existing codec at line 122 of /vendor/etc/media_codecs_performance.xml
07-15 16:05:24.693   197   197 D MediaCodecsXmlParser: Cannot find /data/misc/media/media_codecs_profiling_results.xml
07-15 16:05:24.693   197   197 E MediaCodecsXmlParser: Cannot find the role for a decoder of type video/flv
07-15 16:05:24.693   197   197 E MediaCodecsXmlParser: Cannot find the role for a decoder of type video/mjpeg
07-15 16:05:24.694   169   169 I cameraserver: ServiceManager: 0xebb231a0
07-15 16:05:24.694   169   169 I CameraService: CameraService started (pid=169)
07-15 16:05:24.694   169   169 I CameraService: CameraService process starting
07-15 16:05:24.694   169   169 W BatteryNotifier: batterystats service unavailable!
07-15 16:05:24.694   169   169 W BatteryNotifier: batterystats service unavailable!
07-15 16:05:24.698   169   169 I         : Waiting for activity service
07-15 16:05:24.700   182   182 V MediaUtils: physMem: 16704221184
07-15 16:05:24.700   182   182 V MediaUtils: requested limit: 3340844220
07-15 16:05:24.700   182   182 I libc    : malloc_limit: Allocation limit enabled, max size 3340844220 bytes
07-15 16:05:24.701   216   216 I gatekeeperd: Starting gatekeeperd...
07-15 16:05:24.701   197   197 I ServiceManagement: Registered android.hardware.media.omx@1.0::IOmxStore/default (start delay of 76ms)
07-15 16:05:24.701   197   197 I ServiceManagement: Removing namespace from process name android.hardware.media.omx@1.0-service to omx@1.0-service.
07-15 16:05:24.702   198   198 E DrmService: ----vendor read sn error,try drmboot----
07-15 16:05:24.702   198   198 E DrmService: rknand_sys_storage open fail
07-15 16:05:24.702   198   198 D DrmService: verify: save serialno:  (0)
07-15 16:05:24.702   182   182 W /system/bin/mediaextractor: Could not read additional policy file '/vendor/etc/seccomp_policy/mediaextractor.policy'
07-15 16:05:24.702   182   182 W /system/bin/mediaextractor: libminijail[182]: failed to get path of fd 4: No such file or directory
07-15 16:05:24.702   182   182 W /system/bin/mediaextractor: libminijail[182]: allowing syscall: connect
07-15 16:05:24.702   182   182 W /system/bin/mediaextractor: libminijail[182]: allowing syscall: fcntl
07-15 16:05:24.702   182   182 W /system/bin/mediaextractor: libminijail[182]: allowing syscall: sendto
07-15 16:05:24.702   182   182 W /system/bin/mediaextractor: libminijail[182]: allowing syscall: socket
07-15 16:05:24.702   182   182 W /system/bin/mediaextractor: libminijail[182]: allowing syscall: writev
07-15 16:05:24.704    29    29 I hwservicemanager: getTransport: Cannot find entry android.hardware.gatekeeper@1.0::IGatekeeper/default in either framework or device manifest.
07-15 16:05:24.705   216   216 W gatekeeperd: falling back to software GateKeeper
07-15 16:05:24.705   182   182 W /system/bin/mediaextractor: libminijail[182]: logging seccomp filter failures
07-15 16:05:24.722    97    97 I hwc-drm-device: BindConnectorAndCrtc,line=1640 current_mode id=83 , w=1024,h=768,fps=60.000000 
07-15 16:05:24.728   198   198 E DrmService: Unable to open path (/sys/class/android_usb/android0/iSerial),error is(No such file or directory)
07-15 16:05:24.728   198   198 E DrmService: try /config/usb_gadget/g1/strings/0x409/serialnumber
07-15 16:05:24.728   198   198 E DrmService: Unable to open path (/config/usb_gadget/g1/strings/0x409/serialnumber),error is(No such file or directory)
07-15 16:05:24.728   195   235 W storaged: health: invalid battery status
07-15 16:05:24.731   182   182 E MediaExtractorFactory: couldn't opendir(/system/lib64/extractors)
07-15 16:05:24.738   195   235 I ServiceManager: Waiting for service 'package_native' on '/dev/binder'...
07-15 16:05:24.739    97    97 I hwc-drm-device: BindConnectorAndCrtc,line=1665 display-id=1 Bind Connector-id=67 Crtc-id=64 success!.
07-15 16:05:24.739    97    97 E hwc-drm-two: TryAssignPlane,line=168 display 2 crtc is NULL.
07-15 16:05:24.739    97    97 E hwc-drm-two: TryAssignPlane,line=168 display 3 crtc is NULL.
07-15 16:05:24.739    97    97 E hwc-drm-two: TryAssignPlane,line=168 display 4 crtc is NULL.
07-15 16:05:24.739    97    97 E hwc-drm-two: TryAssignPlane,line=168 display 5 crtc is NULL.
07-15 16:05:24.739    97    97 E hwc-drm-two: TryAssignPlane,line=168 display 6 crtc is NULL.
07-15 16:05:24.739    97    97 E hwc-drm-two: TryAssignPlane,line=168 display 7 crtc is NULL.
07-15 16:05:24.739    97    97 W hwc-drm-two: assignPlaneByHWC,line=56 Crtc PlaneMask not set, have to use HwcPlaneMask, please check Crtc::PlaneMask info.
07-15 16:05:24.739    97    97 I hwc-drm-two: assignPlaneByHWC,line=90, crtc-id=58 mask=0x1 ,plane_mask=0xf03
07-15 16:05:24.739    97    97 I hwc-drm-two: assignPlaneByHWC,line=90, crtc-id=64 mask=0x2 ,plane_mask=0xf00c
07-15 16:05:24.739    97    97 E hwc-drm-two: assignPlaneByHWC,line=66 display=2 crtc is NULL.
07-15 16:05:24.739    97    97 E hwc-platform: TryAssignPlane,line=113 Failed provision stage with ret -1
07-15 16:05:24.739    97    97 W hwc-drm-device: BindDpyRes,line=1855 TryAssignPlane fail, ret = -1
07-15 16:05:24.739    97    97 E hwc-drm-two: Init,line=380 Failed to BindDpyRes for display=1 -1
07-15 16:05:24.739    97    97 E hwc-drm-two: Init::CreateDisplay
07-15 16:05:24.739    97    97 E hwc-drm-two: CreateDisplay type=1
07-15 16:05:24.739    97    97 E hwc-drm-two: display-id=2
07-15 16:05:24.739    97    97 I hwc-drm-connector: UpdateDisplayMode,line=440, display=2 persist.vendor.resolution.Virtual-0=Unkonw
07-15 16:05:24.739    97    97 I hwc-drm-connector: UpdateDisplayMode,line=448, display=2 persist.vendor.resolution.aux=Unkonw
07-15 16:05:24.739    97    97 I hwc-drm-connector: UpdateDisplayMode,line=534, Find best mode-id=165 : 1024x768p60.000000
07-15 16:05:24.739    97    97 E hwc-drm-two: ClearDisplay,line=333 init_success_=0 skip.
07-15 16:05:24.739   237   237 I adbd    : adbd listening on port 5555
07-15 16:05:24.739    97    97 I hwc-drm-device: FindAvailableCrtcByFirst,line=1452 Find display-id=2 with conn[73] crtc=70 success!
07-15 16:05:24.740    97    97 I hwc-drm-device: BindConnectorAndCrtc,line=1640 current_mode id=165 , w=1024,h=768,fps=60.000000 
07-15 16:05:24.741   199   199 I ServiceManagement: Registered android.hardware.radio@1.1::IRadio/slot1 (start delay of 116ms)
07-15 16:05:24.741   199   199 I ServiceManagement: Registered android.hardware.radio.deprecated@1.0::IOemHook/slot1 (start delay of 116ms)
07-15 16:05:24.744    84    84 E ActivityRecognitionHardware: activity_recognition HAL is deprecated. class_init is effectively a no-op
07-15 16:05:24.754   200   200 I /apex/com.android.media.swcodec/bin/mediaswcodec: media swcodec service starting
07-15 16:05:24.754    29    29 I hwservicemanager: getTransport: Cannot find entry android.hardware.usb.gadget@1.0::IUsbGadget/default in either framework or device manifest.
07-15 16:05:24.754   218   218 I usbd    : Usb HAL not found
07-15 16:05:24.755   200   200 W /apex/com.android.media.swcodec/bin/mediaswcodec: Could not read additional policy file '/vendor/etc/seccomp_policy/mediaswcodec.policy'
07-15 16:05:24.755   200   200 W /apex/com.android.media.swcodec/bin/mediaswcodec: libminijail[200]: failed to get path of fd 4: No such file or directory
07-15 16:05:24.755   200   200 W /apex/com.android.media.swcodec/bin/mediaswcodec: libminijail[200]: allowing syscall: connect
07-15 16:05:24.755   200   200 W /apex/com.android.media.swcodec/bin/mediaswcodec: libminijail[200]: allowing syscall: fcntl
07-15 16:05:24.755   200   200 W /apex/com.android.media.swcodec/bin/mediaswcodec: libminijail[200]: allowing syscall: sendto
07-15 16:05:24.755   200   200 W /apex/com.android.media.swcodec/bin/mediaswcodec: libminijail[200]: allowing syscall: socket
07-15 16:05:24.755   200   200 W /apex/com.android.media.swcodec/bin/mediaswcodec: libminijail[200]: allowing syscall: writev
07-15 16:05:24.756   200   200 W /apex/com.android.media.swcodec/bin/mediaswcodec: libminijail[200]: logging seccomp filter failures
07-15 16:05:24.756   200   200 I CodecServiceRegistrant: Creating software Codec2 service...
07-15 16:05:24.757    97    97 I hwc-drm-device: BindConnectorAndCrtc,line=1665 display-id=2 Bind Connector-id=73 Crtc-id=70 success!.
07-15 16:05:24.757    97    97 E hwc-drm-two: TryAssignPlane,line=168 display 3 crtc is NULL.
07-15 16:05:24.757    97    97 E hwc-drm-two: TryAssignPlane,line=168 display 4 crtc is NULL.
07-15 16:05:24.757    97    97 E hwc-drm-two: TryAssignPlane,line=168 display 5 crtc is NULL.
07-15 16:05:24.757    97    97 E hwc-drm-two: TryAssignPlane,line=168 display 6 crtc is NULL.
07-15 16:05:24.757    97    97 E hwc-drm-two: TryAssignPlane,line=168 display 7 crtc is NULL.
07-15 16:05:24.757    97    97 W hwc-drm-two: assignPlaneByHWC,line=56 Crtc PlaneMask not set, have to use HwcPlaneMask, please check Crtc::PlaneMask info.
07-15 16:05:24.757    97    97 I hwc-drm-two: assignPlaneByHWC,line=90, crtc-id=58 mask=0x1 ,plane_mask=0xf03
07-15 16:05:24.757    97    97 I hwc-drm-two: assignPlaneByHWC,line=90, crtc-id=64 mask=0x2 ,plane_mask=0xf00c
07-15 16:05:24.757    97    97 I hwc-drm-two: assignPlaneByHWC,line=90, crtc-id=70 mask=0x4 ,plane_mask=0xf0030
07-15 16:05:24.757    97    97 E hwc-drm-two: assignPlaneByHWC,line=66 display=3 crtc is NULL.
07-15 16:05:24.757    97    97 E hwc-platform: TryAssignPlane,line=113 Failed provision stage with ret -1
07-15 16:05:24.757    97    97 W hwc-drm-device: BindDpyRes,line=1855 TryAssignPlane fail, ret = -1
07-15 16:05:24.757    97    97 E hwc-drm-two: Init,line=380 Failed to BindDpyRes for display=2 -1
07-15 16:05:24.757    97    97 E hwc-drm-two: Init::CreateDisplay
07-15 16:05:24.757    97    97 E hwc-drm-two: CreateDisplay type=1
07-15 16:05:24.757    97    97 E hwc-drm-two: display-id=3
07-15 16:05:24.757    97    97 I hwc-drm-connector: UpdateDisplayMode,line=440, display=3 persist.vendor.resolution.Virtual-0=Unkonw
07-15 16:05:24.757    97    97 I hwc-drm-connector: UpdateDisplayMode,line=448, display=3 persist.vendor.resolution.aux=Unkonw
07-15 16:05:24.757    97    97 I hwc-drm-connector: UpdateDisplayMode,line=534, Find best mode-id=247 : 1024x768p60.000000
07-15 16:05:24.757    97    97 E hwc-drm-two: ClearDisplay,line=333 init_success_=0 skip.
07-15 16:05:24.757    97    97 I hwc-drm-device: FindAvailableCrtcByFirst,line=1452 Find display-id=3 with conn[79] crtc=76 success!
07-15 16:05:24.758   200   200 I ServiceManagement: Registered android.hardware.media.c2@1.0::IComponentStore/software (start delay of 133ms)
07-15 16:05:24.758   200   200 I CodecServiceRegistrant: Software Codec2 service created.
07-15 16:05:24.759    97    97 I hwc-drm-device: BindConnectorAndCrtc,line=1640 current_mode id=247 , w=1024,h=768,fps=60.000000 
07-15 16:05:24.761    45    45 I ServiceManager: Waiting for service 'SurfaceFlinger' on '/dev/binder'...
07-15 16:05:24.771    85    85 I zygote  : Explicit concurrent copying GC freed 289(33KB) AllocSpace objects, 0(0B) LOS objects, 98% free, 30KB/1566KB, paused 47us total 4.603ms
07-15 16:05:24.772    84    84 I zygote64: Thread[1,tid=84,Native,Thread*=0x7b0bef8c00,peer=0x12c021e0,"main"] recursive attempt to load library "libmedia_jni.so"
07-15 16:05:24.772    84    84 D MtpDeviceJNI: register_android_mtp_MtpDevice
07-15 16:05:24.772    84    84 I zygote64: Thread[1,tid=84,Native,Thread*=0x7b0bef8c00,peer=0x12c021e0,"main"] recursive attempt to load library "libmedia_jni.so"
07-15 16:05:24.772    84    84 I zygote64: Thread[1,tid=84,Native,Thread*=0x7b0bef8c00,peer=0x12c021e0,"main"] recursive attempt to load library "libmedia_jni.so"
07-15 16:05:24.776    97    97 I hwc-drm-device: BindConnectorAndCrtc,line=1665 display-id=3 Bind Connector-id=79 Crtc-id=76 success!.
07-15 16:05:24.776    97    97 E hwc-drm-two: TryAssignPlane,line=168 display 4 crtc is NULL.
07-15 16:05:24.776    97    97 E hwc-drm-two: TryAssignPlane,line=168 display 5 crtc is NULL.
07-15 16:05:24.776    97    97 E hwc-drm-two: TryAssignPlane,line=168 display 6 crtc is NULL.
07-15 16:05:24.776    97    97 E hwc-drm-two: TryAssignPlane,line=168 display 7 crtc is NULL.
07-15 16:05:24.776    97    97 W hwc-drm-two: assignPlaneByHWC,line=56 Crtc PlaneMask not set, have to use HwcPlaneMask, please check Crtc::PlaneMask info.
07-15 16:05:24.776    97    97 I hwc-drm-two: assignPlaneByHWC,line=90, crtc-id=58 mask=0x1 ,plane_mask=0xf03
07-15 16:05:24.776    97    97 I hwc-drm-two: assignPlaneByHWC,line=90, crtc-id=64 mask=0x2 ,plane_mask=0xf00c
07-15 16:05:24.776    97    97 I hwc-drm-two: assignPlaneByHWC,line=90, crtc-id=70 mask=0x4 ,plane_mask=0xf0030
07-15 16:05:24.776    97    97 I hwc-drm-two: assignPlaneByHWC,line=90, crtc-id=76 mask=0x8 ,plane_mask=0xf000c0
07-15 16:05:24.776    97    97 E hwc-drm-two: assignPlaneByHWC,line=66 display=4 crtc is NULL.
07-15 16:05:24.776    97    97 E hwc-platform: TryAssignPlane,line=113 Failed provision stage with ret -1
07-15 16:05:24.776    97    97 W hwc-drm-device: BindDpyRes,line=1855 TryAssignPlane fail, ret = -1
07-15 16:05:24.776    97    97 E hwc-drm-two: Init,line=380 Failed to BindDpyRes for display=3 -1
07-15 16:05:24.776    97    97 E hwc-drm-two: Init::CreateDisplay
07-15 16:05:24.776    97    97 E hwc-drm-two: CreateDisplay type=1
07-15 16:05:24.776    97    97 E hwc-drm-two: display-id=4
07-15 16:05:24.776    97    97 I hwc-drm-connector: UpdateDisplayMode,line=440, display=4 persist.vendor.resolution.Virtual-0=Unkonw
07-15 16:05:24.776    97    97 I hwc-drm-connector: UpdateDisplayMode,line=448, display=4 persist.vendor.resolution.aux=Unkonw
07-15 16:05:24.776    97    97 I hwc-drm-connector: UpdateDisplayMode,line=534, Find best mode-id=329 : 1024x768p60.000000
07-15 16:05:24.776    97    97 E hwc-drm-two: ClearDisplay,line=333 init_success_=0 skip.
07-15 16:05:24.776    97    97 I hwc-drm-device: FindAvailableCrtcByFirst,line=1452 Find display-id=4 with conn[85] crtc=82 success!
07-15 16:05:24.777    84    84 W Zygote  : Class not found for preloading: android.media.audiopolicy.AudioProductStrategies
07-15 16:05:24.777    97    97 I hwc-drm-device: BindConnectorAndCrtc,line=1640 current_mode id=329 , w=1024,h=768,fps=60.000000 
07-15 16:05:24.777    84    84 W Zygote  : Class not found for preloading: android.media.audiopolicy.AudioVolumeGroups
07-15 16:05:24.785   177   177 I ScriptGuard: Server is listening for connections.
07-15 16:05:24.791    85    85 I zygote  : Explicit concurrent copying GC freed 5(32KB) AllocSpace objects, 0(0B) LOS objects, 98% free, 30KB/1566KB, paused 16us total 1.735ms
07-15 16:05:24.791    83    83 I netd    : Creating child chains: 87.2ms
07-15 16:05:24.792    83    83 I netd    : Setting up OEM hooks: 0.1ms
07-15 16:05:24.792    83    83 I netd    : Setting up FirewallController hooks: 0.0ms
07-15 16:05:24.792    83    83 I netd    : Setting up TetherController hooks: 0.6ms
07-15 16:05:24.793    83    83 I netd    : Setting up BandwidthController hooks: 0.5ms
07-15 16:05:24.793    83    83 I netd    : Setting up IdletimerController hooks: 0.0ms
07-15 16:05:24.793   268   268 I /system/bin/sshd: Server listening on :: port 22.
07-15 16:05:24.793   268   268 I /system/bin/sshd: Server listening on 0.0.0.0 port 22.
07-15 16:05:24.793   268   268 E /system/bin/sshd: error: Couldn't create pid file "/var/run/sshd.pid": Read-only file system
07-15 16:05:24.793    97    97 I hwc-drm-device: BindConnectorAndCrtc,line=1665 display-id=4 Bind Connector-id=85 Crtc-id=82 success!.
07-15 16:05:24.793    97    97 E hwc-drm-two: TryAssignPlane,line=168 display 5 crtc is NULL.
07-15 16:05:24.793    97    97 E hwc-drm-two: TryAssignPlane,line=168 display 6 crtc is NULL.
07-15 16:05:24.793    97    97 E hwc-drm-two: TryAssignPlane,line=168 display 7 crtc is NULL.
07-15 16:05:24.793    97    97 W hwc-drm-two: assignPlaneByHWC,line=56 Crtc PlaneMask not set, have to use HwcPlaneMask, please check Crtc::PlaneMask info.
07-15 16:05:24.793    97    97 I hwc-drm-two: assignPlaneByHWC,line=90, crtc-id=58 mask=0x1 ,plane_mask=0xf03
07-15 16:05:24.793    97    97 I hwc-drm-two: assignPlaneByHWC,line=90, crtc-id=64 mask=0x2 ,plane_mask=0xf00c
07-15 16:05:24.793    97    97 I hwc-drm-two: assignPlaneByHWC,line=90, crtc-id=70 mask=0x4 ,plane_mask=0xf0030
07-15 16:05:24.793    97    97 I hwc-drm-two: assignPlaneByHWC,line=90, crtc-id=76 mask=0x8 ,plane_mask=0xf000c0
07-15 16:05:24.793    97    97 I hwc-drm-two: assignPlaneByHWC,line=90, crtc-id=82 mask=0x10 ,plane_mask=0x0
07-15 16:05:24.793    97    97 E hwc-drm-two: assignPlaneByHWC,line=66 display=5 crtc is NULL.
07-15 16:05:24.793    97    97 E hwc-platform: TryAssignPlane,line=113 Failed provision stage with ret -1
07-15 16:05:24.793    97    97 W hwc-drm-device: BindDpyRes,line=1855 TryAssignPlane fail, ret = -1
07-15 16:05:24.793    97    97 E hwc-drm-two: Init,line=380 Failed to BindDpyRes for display=4 -1
