







07-05 08:39:58.159    89   950 E jw_gps  : connect to /data/misc/gps/gps_ctrl error:2 No such file or directory
07-05 08:39:58.207    84   179 E JWAudioHAL: connect to /data/misc/audioserver/audio_out error:2 No such file or directory
07-05 08:39:58.218    98   108 E JWSensorsHal: connect to /data/misc/sensor/sensor_ctrl error:2 No such file or directory
07-05 08:40:00.000   316   316 W AlarmManager: Alarm wakelock still held but sent queue empty
07-05 08:40:00.363   175 10016 I rc_model_v2: fps chg from 9 -> 12
07-05 08:40:01.054    78   227 E Netd    : Failed to dump IPv4 sockets struct tcp_info: No such file or directory
07-05 08:40:01.054    78   227 E TcpSocketMonitor: Failed to poll TCP socket info: No such file or directory
07-05 08:40:03.159    89   950 E jw_gps  : connect to /data/misc/gps/gps_ctrl error:2 No such file or directory
07-05 08:40:03.208    84   179 E JWAudioHAL: connect to /data/misc/audioserver/audio_out error:2 No such file or directory
07-05 08:40:03.218    98   108 E JWSensorsHal: connect to /data/misc/sensor/sensor_ctrl error:2 No such file or directory
07-05 08:40:08.160    89   950 E jw_gps  : connect to /data/misc/gps/gps_ctrl error:2 No such file or directory
07-05 08:40:08.208    84   179 E JWAudioHAL: connect to /data/misc/audioserver/audio_out error:2 No such file or directory
07-05 08:40:08.218    98   108 E JWSensorsHal: connect to /data/misc/sensor/sensor_ctrl error:2 No such file or directory
07-05 08:40:10.682 43836 43836 I abb     : StartCommandInProcess(73657474696e67730067657400656e61 settings.get.ena [truncated])
07-05 08:40:10.684 43836 43838 E Parcel  : Reading a NULL string not supported here.
07-05 08:40:10.687 43836 43836 I abb     : StartCommandInProcess(7061636b61676500696e7374616c6c00 package.install. [truncated])
07-05 08:40:13.160    89   950 E jw_gps  : connect to /data/misc/gps/gps_ctrl error:2 No such file or directory
07-05 08:40:13.218    84   179 E JWAudioHAL: connect to /data/misc/audioserver/audio_out error:2 No such file or directory
07-05 08:40:13.218    98   108 E JWSensorsHal: connect to /data/misc/sensor/sensor_ctrl error:2 No such file or directory
07-05 08:40:15.602   316   407 V InputDispatcher: Asynchronous input event injection succeeded.
07-05 08:40:15.737   316   407 I chatty  : uid=1000(system) InputDispatcher identical 16 lines
07-05 08:40:15.757   316   407 V InputDispatcher: Asynchronous input event injection succeeded.
07-05 08:40:15.761   175 10015 I vpu_api_legacy: setup encoder rate control config:
07-05 08:40:15.761   175 10015 I vpu_api_legacy: width  608 height 1080 format 10:1000d
07-05 08:40:15.761   175 10015 I vpu_api_legacy: rc_mode CBR qp 26 bps 4000000
07-05 08:40:15.761   175 10015 I vpu_api_legacy: fps in 60 fps out 60 gop 599
07-05 08:40:15.761   175 10015 I vpu_api_legacy: setup encoder stream feature config:
07-05 08:40:15.761   175 10015 I vpu_api_legacy: profile 66 level 31 cabac 0
07-05 08:40:15.762   175 10016 I mpp_enc : mpp_enc_proc_cfg cmd 0x320001
07-05 08:40:15.763   175 10016 I mpp_enc : mpp_enc_proc_rc_cfg change 170025
07-05 08:40:15.763   175 10016 I mpp_enc : mpp_enc_proc_rc_cfg MPP_ENC_RC_CFG_CHANGE_FPS_IN
07-05 08:40:15.763   175 10016 I mpp_enc : MPP_ENC_SET_RC_CFG bps 4000000 [3750000 : 4250000] fps [60:60] gop 599
07-05 08:40:15.763   175 10016 I mpp_enc : send header for set cfg change rc_mode/fps/gop
07-05 08:40:15.763   175 10016 I mpp_enc : set_rc_cfg rc->stats_time 0
07-05 08:40:15.763   175 10016 I mpp_enc : mode cbr bps [3750000:4000000:4250000] fps flex [60/1] -> flex [60/1] gop i [599] v [0]
07-05 08:40:15.763   175 10015 I vpu_api_legacy: vpu_api_set_enc_cfg out
07-05 08:40:15.763   175 10015 I omx_vmpp: setupEncCfg
07-05 08:40:15.763   175 10015 I omx_vmpp: setupFrameRate: framerate 60.00 
07-05 08:40:15.763   175 10015 I omx_vmpp: setupQp: qpInit 26 i 10-51 p 10-49
07-05 08:40:15.763   175 10015 E mpp_cfg : mpp_enc_cfg_set_s32: cfg rc:qp_max_step is invalid
07-05 08:40:15.763   175 10015 E mpp_cfg : mpp_enc_cfg_set_s32: cfg rc:cb_qp_offset is invalid
07-05 08:40:15.763   175 10015 E mpp_cfg : mpp_enc_cfg_set_s32: cfg rc:cr_qp_offset is invalid
07-05 08:40:15.763   175 10016 I mpp_enc : mpp_enc_proc_cfg cmd 0x320001
07-05 08:40:15.763   175 10016 I mpp_enc : mpp_enc_proc_rc_cfg change 170045
07-05 08:40:15.763   175 10016 I mpp_enc : mpp_enc_proc_rc_cfg MPP_ENC_RC_CFG_CHANGE_FPS_OUT
07-05 08:40:15.763   175 10016 I mpp_enc : MPP_ENC_SET_RC_CFG bps 4000000 [250000 : 4250000] fps [60:60] gop 599
07-05 08:40:15.763   175 10016 I mpp_enc : send header for set cfg change rc_mode/fps/gop
07-05 08:40:15.763   175 10016 I mpp_enc : set_rc_cfg rc->stats_time 0
07-05 08:40:15.763   175 10016 I mpp_enc : mode vbr bps [250000:4000000:4250000] fps flex [60/1] -> flex [60/1] gop i [599] v [0]
07-05 08:40:15.765   175 10016 I mpp_enc : xxxxmpp_packet_append
07-05 08:40:16.311   175 10016 I rc_model_v2: fps chg from 60 -> 24
07-05 08:40:16.612   175 10016 I rc_model_v2: fps chg from 24 -> 10
07-05 08:40:17.852   175 10016 I rc_model_v2: fps chg from 10 -> 3
07-05 08:40:18.160    89   950 E jw_gps  : connect to /data/misc/gps/gps_ctrl error:2 No such file or directory
07-05 08:40:18.178   175 10016 I rc_model_v2: fps chg from 3 -> 15
07-05 08:40:18.218    84   179 E JWAudioHAL: connect to /data/misc/audioserver/audio_out error:2 No such file or directory
07-05 08:40:18.218    98   108 E JWSensorsHal: connect to /data/misc/sensor/sensor_ctrl error:2 No such file or directory
07-05 08:40:18.478   175 10016 I rc_model_v2: fps chg from 15 -> 10
07-05 08:40:21.039   316   342 E memtrack: Couldn't load memtrack module
07-05 08:40:21.039   316   342 W android.os.Debug: failed to get memory consumption info: -1
07-05 08:40:22.054 43361 43731 I Luggage.ThreadBootDelegate: [, , 43731]:<<<<<< com.tencent.luggage.wxa.gl.d$e@228366793 state=COMPLETE cost=1ms pool=HotPool
07-05 08:40:22.087   316   342 E memtrack: Couldn't load memtrack module
07-05 08:40:22.088   316   342 W android.os.Debug: failed to get memory consumption info: -1
07-05 08:40:22.194 43361 43733 I Luggage.ThreadBootDelegate: [, , 43733]:<<<<<< com.tencent.luggage.wxa.gl.d$e@228366793 state=COMPLETE cost=0ms pool=HotPool
07-05 08:40:22.332 43361 43734 I Luggage.ThreadBootDelegate: [, , 43734]:<<<<<< com.tencent.luggage.wxa.gl.d$e@228366793 state=COMPLETE cost=0ms pool=HotPool
07-05 08:40:22.472 43361 43735 I Luggage.ThreadBootDelegate: [, , 43735]:<<<<<< com.tencent.luggage.wxa.gl.d$e@228366793 state=COMPLETE cost=0ms pool=HotPool
07-05 08:40:22.610 43361 43731 I Luggage.ThreadBootDelegate: [, , 43731]:<<<<<< com.tencent.luggage.wxa.gl.d$e@228366793 state=COMPLETE cost=0ms pool=HotPool
07-05 08:40:22.749 43361 43733 I Luggage.ThreadBootDelegate: [, , 43733]:<<<<<< com.tencent.luggage.wxa.gl.d$e@228366793 state=COMPLETE cost=0ms pool=HotPool
07-05 08:40:22.887 43361 43734 I Luggage.ThreadBootDelegate: [, , 43734]:<<<<<< com.tencent.luggage.wxa.gl.d$e@228366793 state=COMPLETE cost=1ms pool=HotPool
07-05 08:40:23.027 43361 43735 I Luggage.ThreadBootDelegate: [, , 43735]:<<<<<< com.tencent.luggage.wxa.gl.d$e@228366793 state=COMPLETE cost=1ms pool=HotPool
07-05 08:40:23.161    89   950 E jw_gps  : connect to /data/misc/gps/gps_ctrl error:2 No such file or directory
07-05 08:40:23.166 43361 43731 I Luggage.ThreadBootDelegate: [, , 43731]:<<<<<< com.tencent.luggage.wxa.gl.d$e@228366793 state=COMPLETE cost=1ms pool=HotPool
07-05 08:40:23.219    98   108 E JWSensorsHal: connect to /data/misc/sensor/sensor_ctrl error:2 No such file or directory
07-05 08:40:23.219    84   179 E JWAudioHAL: connect to /data/misc/audioserver/audio_out error:2 No such file or directory
07-05 08:40:23.303 43361 43733 I Luggage.ThreadBootDelegate: [, , 43733]:<<<<<< com.tencent.luggage.wxa.gl.d$e@228366793 state=COMPLETE cost=0ms pool=HotPool
07-05 08:40:23.442 43361 43734 I Luggage.ThreadBootDelegate: [, , 43734]:<<<<<< com.tencent.luggage.wxa.gl.d$e@228366793 state=COMPLETE cost=0ms pool=HotPool
07-05 08:40:23.570 43361 43735 I Luggage.ThreadBootDelegate: [, , 43735]:<<<<<< com.tencent.luggage.wxa.gl.d$e@228366793 state=COMPLETE cost=0ms pool=HotPool
07-05 08:40:23.710 43361 43731 I Luggage.ThreadBootDelegate: [, , 43731]:<<<<<< com.tencent.luggage.wxa.gl.d$e@228366793 state=COMPLETE cost=1ms pool=HotPool
07-05 08:40:23.850 43361 43733 I Luggage.ThreadBootDelegate: [, , 43733]:<<<<<< com.tencent.luggage.wxa.gl.d$e@228366793 state=COMPLETE cost=1ms pool=HotPool
07-05 08:40:23.953 43361 43734 I Luggage.ThreadBootDelegate: [, , 43734]:<<<<<< com.tencent.luggage.wxa.gl.d$e@228366793 state=COMPLETE cost=1ms pool=HotPool
07-05 08:40:24.093 43361 43735 I Luggage.ThreadBootDelegate: [, , 43735]:<<<<<< com.tencent.luggage.wxa.gl.d$e@228366793 state=COMPLETE cost=0ms pool=HotPool
07-05 08:40:24.233 43361 43731 I Luggage.ThreadBootDelegate: [, , 43731]:<<<<<< com.tencent.luggage.wxa.gl.d$e@228366793 state=COMPLETE cost=0ms pool=HotPool
07-05 08:40:24.343 43361 43733 I Luggage.ThreadBootDelegate: [, , 43733]:<<<<<< com.tencent.luggage.wxa.gl.d$e@228366793 state=COMPLETE cost=0ms pool=HotPool
07-05 08:40:24.451 43361 43734 I Luggage.ThreadBootDelegate: [, , 43734]:<<<<<< com.tencent.luggage.wxa.gl.d$e@228366793 state=COMPLETE cost=0ms pool=HotPool
07-05 08:40:24.586 43361 43735 I Luggage.ThreadBootDelegate: [, , 43735]:<<<<<< com.tencent.luggage.wxa.gl.d$e@228366793 state=COMPLETE cost=0ms pool=HotPool
07-05 08:40:24.728 43361 43731 I Luggage.ThreadBootDelegate: [, , 43731]:<<<<<< com.tencent.luggage.wxa.gl.d$e@228366793 state=COMPLETE cost=0ms pool=HotPool
07-05 08:40:24.866 43361 43733 I Luggage.ThreadBootDelegate: [, , 43733]:<<<<<< com.tencent.luggage.wxa.gl.d$e@228366793 state=COMPLETE cost=1ms pool=HotPool
07-05 08:40:24.969 43361 43734 I Luggage.ThreadBootDelegate: [, , 43734]:<<<<<< com.tencent.luggage.wxa.gl.d$e@228366793 state=COMPLETE cost=1ms pool=HotPool
07-05 08:40:25.109 43361 43735 I Luggage.ThreadBootDelegate: [, , 43735]:<<<<<< com.tencent.luggage.wxa.gl.d$e@228366793 state=COMPLETE cost=1ms pool=HotPool
07-05 08:40:25.248 43361 43731 I Luggage.ThreadBootDelegate: [, , 43731]:<<<<<< com.tencent.luggage.wxa.gl.d$e@228366793 state=COMPLETE cost=1ms pool=HotPool
07-05 08:40:25.361 43361 43733 I Luggage.ThreadBootDelegate: [, , 43733]:<<<<<< com.tencent.luggage.wxa.gl.d$e@228366793 state=COMPLETE cost=1ms pool=HotPool
07-05 08:40:25.484 43361 43734 I Luggage.ThreadBootDelegate: [, , 43734]:<<<<<< com.tencent.luggage.wxa.gl.d$e@228366793 state=COMPLETE cost=1ms pool=HotPool
07-05 08:40:25.625 43361 43735 I Luggage.ThreadBootDelegate: [, , 43735]:<<<<<< com.tencent.luggage.wxa.gl.d$e@228366793 state=COMPLETE cost=1ms pool=HotPool
07-05 08:40:25.761 43361 43731 I Luggage.ThreadBootDelegate: [, , 43731]:<<<<<< com.tencent.luggage.wxa.gl.d$e@228366793 state=COMPLETE cost=0ms pool=HotPool
07-05 08:40:25.901 43361 43733 I Luggage.ThreadBootDelegate: [, , 43733]:<<<<<< com.tencent.luggage.wxa.gl.d$e@228366793 state=COMPLETE cost=0ms pool=HotPool
07-05 08:40:26.040 43361 43734 I Luggage.ThreadBootDelegate: [, , 43734]:<<<<<< com.tencent.luggage.wxa.gl.d$e@228366793 state=COMPLETE cost=0ms pool=HotPool
07-05 08:40:26.179 43361 43735 I Luggage.ThreadBootDelegate: [, , 43735]:<<<<<< com.tencent.luggage.wxa.gl.d$e@228366793 state=COMPLETE cost=0ms pool=HotPool
07-05 08:40:26.314 43361 43731 I Luggage.ThreadBootDelegate: [, , 43731]:<<<<<< com.tencent.luggage.wxa.gl.d$e@228366793 state=COMPLETE cost=1ms pool=HotPool
07-05 08:40:26.453 43361 43733 I Luggage.ThreadBootDelegate: [, , 43733]:<<<<<< com.tencent.luggage.wxa.gl.d$e@228366793 state=COMPLETE cost=1ms pool=HotPool
07-05 08:40:26.569 43361 43734 I Luggage.ThreadBootDelegate: [, , 43734]:<<<<<< com.tencent.luggage.wxa.gl.d$e@228366793 state=COMPLETE cost=1ms pool=HotPool
07-05 08:40:26.686 43361 43735 I Luggage.ThreadBootDelegate: [, , 43735]:<<<<<< com.tencent.luggage.wxa.gl.d$e@228366793 state=COMPLETE cost=0ms pool=HotPool
07-05 08:40:26.822 43361 43731 I Luggage.ThreadBootDelegate: [, , 43731]:<<<<<< com.tencent.luggage.wxa.gl.d$e@228366793 state=COMPLETE cost=1ms pool=HotPool
07-05 08:40:26.970 43361 43733 I Luggage.ThreadBootDelegate: [, , 43733]:<<<<<< com.tencent.luggage.wxa.gl.d$e@228366793 state=COMPLETE cost=10ms pool=HotPool
07-05 08:40:27.110 43361 43734 I Luggage.ThreadBootDelegate: [, , 43734]:<<<<<< com.tencent.luggage.wxa.gl.d$e@228366793 state=COMPLETE cost=1ms pool=HotPool
07-05 08:40:27.250 43361 43735 I Luggage.ThreadBootDelegate: [, , 43735]:<<<<<< com.tencent.luggage.wxa.gl.d$e@228366793 state=COMPLETE cost=1ms pool=HotPool
07-05 08:40:27.369 43361 43731 I Luggage.ThreadBootDelegate: [, , 43731]:<<<<<< com.tencent.luggage.wxa.gl.d$e@228366793 state=COMPLETE cost=0ms pool=HotPool
07-05 08:40:27.505 43361 43733 I Luggage.ThreadBootDelegate: [, , 43733]:<<<<<< com.tencent.luggage.wxa.gl.d$e@228366793 state=COMPLETE cost=1ms pool=HotPool
07-05 08:40:27.645 43361 43734 I Luggage.ThreadBootDelegate: [, , 43734]:<<<<<< com.tencent.luggage.wxa.gl.d$e@228366793 state=COMPLETE cost=0ms pool=HotPool
07-05 08:40:27.769 43361 43735 I Luggage.ThreadBootDelegate: [, , 43735]:<<<<<< com.tencent.luggage.wxa.gl.d$e@228366793 state=COMPLETE cost=1ms pool=HotPool
07-05 08:40:27.910 43361 43731 I Luggage.ThreadBootDelegate: [, , 43731]:<<<<<< com.tencent.luggage.wxa.gl.d$e@228366793 state=COMPLETE cost=1ms pool=HotPool
07-05 08:40:28.049 43361 43733 I Luggage.ThreadBootDelegate: [, , 43733]:<<<<<< com.tencent.luggage.wxa.gl.d$e@228366793 state=COMPLETE cost=0ms pool=HotPool
07-05 08:40:28.161    89   950 E jw_gps  : connect to /data/misc/gps/gps_ctrl error:2 No such file or directory
07-05 08:40:28.165 43361 43734 I Luggage.ThreadBootDelegate: [, , 43734]:<<<<<< com.tencent.luggage.wxa.gl.d$e@228366793 state=COMPLETE cost=1ms pool=HotPool
07-05 08:40:28.219    98   108 E JWSensorsHal: connect to /data/misc/sensor/sensor_ctrl error:2 No such file or directory
07-05 08:40:28.219    84   179 E JWAudioHAL: connect to /data/misc/audioserver/audio_out error:2 No such file or directory
07-05 08:40:28.304 43361 43735 I Luggage.ThreadBootDelegate: [, , 43735]:<<<<<< com.tencent.luggage.wxa.gl.d$e@228366793 state=COMPLETE cost=1ms pool=HotPool
07-05 08:40:28.436 43361 43731 I Luggage.ThreadBootDelegate: [, , 43731]:<<<<<< com.tencent.luggage.wxa.gl.d$e@228366793 state=COMPLETE cost=1ms pool=HotPool
07-05 08:40:28.570 43361 43733 I Luggage.ThreadBootDelegate: [, , 43733]:<<<<<< com.tencent.luggage.wxa.gl.d$e@228366793 state=COMPLETE cost=1ms pool=HotPool
07-05 08:40:28.708 43361 43734 I Luggage.ThreadBootDelegate: [, , 43734]:<<<<<< com.tencent.luggage.wxa.gl.d$e@228366793 state=COMPLETE cost=1ms pool=HotPool
07-05 08:40:28.836 43361 43735 I Luggage.ThreadBootDelegate: [, , 43735]:<<<<<< com.tencent.luggage.wxa.gl.d$e@228366793 state=COMPLETE cost=1ms pool=HotPool
07-05 08:40:28.948 43361 43731 I Luggage.ThreadBootDelegate: [, , 43731]:<<<<<< com.tencent.luggage.wxa.gl.d$e@228366793 state=COMPLETE cost=0ms pool=HotPool
07-05 08:40:29.088 43361 43733 I Luggage.ThreadBootDelegate: [, , 43733]:<<<<<< com.tencent.luggage.wxa.gl.d$e@228366793 state=COMPLETE cost=0ms pool=HotPool
07-05 08:40:29.188 43361 43734 I Luggage.ThreadBootDelegate: [, , 43734]:<<<<<< com.tencent.luggage.wxa.gl.d$e@228366793 state=COMPLETE cost=0ms pool=HotPool
07-05 08:40:29.316 43361 43735 I Luggage.ThreadBootDelegate: [, , 43735]:<<<<<< com.tencent.luggage.wxa.gl.d$e@228366793 state=COMPLETE cost=0ms pool=HotPool
07-05 08:40:29.456 43361 43731 I Luggage.ThreadBootDelegate: [, , 43731]:<<<<<< com.tencent.luggage.wxa.gl.d$e@228366793 state=COMPLETE cost=1ms pool=HotPool
07-05 08:40:29.592 43361 43733 I Luggage.ThreadBootDelegate: [, , 43733]:<<<<<< com.tencent.luggage.wxa.gl.d$e@228366793 state=COMPLETE cost=0ms pool=HotPool
07-05 08:40:29.730 43361 43734 I Luggage.ThreadBootDelegate: [, , 43734]:<<<<<< com.tencent.luggage.wxa.gl.d$e@228366793 state=COMPLETE cost=1ms pool=HotPool
07-05 08:40:29.868 43361 43735 I Luggage.ThreadBootDelegate: [, , 43735]:<<<<<< com.tencent.luggage.wxa.gl.d$e@228366793 state=COMPLETE cost=0ms pool=HotPool
07-05 08:40:29.985 43361 43731 I Luggage.ThreadBootDelegate: [, , 43731]:<<<<<< com.tencent.luggage.wxa.gl.d$e@228366793 state=COMPLETE cost=1ms pool=HotPool
07-05 08:40:31.060    78   227 E Netd    : Failed to dump IPv4 sockets struct tcp_info: No such file or directory
07-05 08:40:31.060    78   227 E TcpSocketMonitor: Failed to poll TCP socket info: No such file or directory
07-05 08:40:33.161    89   950 E jw_gps  : connect to /data/misc/gps/gps_ctrl error:2 No such file or directory
07-05 08:40:33.219    98   108 E JWSensorsHal: connect to /data/misc/sensor/sensor_ctrl error:2 No such file or directory
07-05 08:40:33.219    84   179 E JWAudioHAL: connect to /data/misc/audioserver/audio_out error:2 No such file or directory
07-05 08:40:05.049   316   316 W AlarmManager: Alarm wakelock still held but sent queue empty
07-05 08:40:33.603   316   355 W PackageParser: Unknown element under <manifest>: queries at /data/app/vmdl1584935173.tmp/base.apk Binary XML file line #29
07-05 08:40:33.829   316   355 I PackageManager: Un-granting permission android.permission.REQUEST_INSTALL_PACKAGES from package com.sohu.inputmethod.sogou (protectionLevel=66 flags=0x38c83e45)
07-05 08:40:33.830   316   355 I PackageManager: Un-granting permission android.permission.GLOBAL_SEARCH from package com.android.quicksearchbox (protectionLevel=18 flags=0x3088be45)
07-05 08:40:33.830   316   355 I PackageManager: Un-granting permission android.permission.WRITE_MEDIA_STORAGE from package com.android.soundrecorder (protectionLevel=18 flags=0x3088be45)
07-05 08:40:33.830   316   355 I PackageManager: Un-granting permission android.permission.MOUNT_UNMOUNT_FILESYSTEMS from package com.android.soundrecorder (protectionLevel=18 flags=0x3088be45)
07-05 08:40:33.831   316   355 I PackageManager: Un-granting permission android.permission.INTERACT_ACROSS_USERS_FULL from package com.tencent.mtt (protectionLevel=258 flags=0x38d83e45)
07-05 08:40:33.831   316   355 I PackageManager: Un-granting permission android.permission.REQUEST_INSTALL_PACKAGES from package com.tencent.mtt (protectionLevel=66 flags=0x38d83e45)
07-05 08:40:33.831   316   355 I PackageManager: Un-granting permission android.permission.REQUEST_INSTALL_PACKAGES from package com.chaozhuo.filemanager (protectionLevel=66 flags=0x38d83e45)
07-05 08:40:33.831   316   355 I PackageManager: Un-granting permission android.permission.BIND_NOTIFICATION_LISTENER_SERVICE from package com.chaozhuo.filemanager (protectionLevel=2 flags=0x38d83e45)
07-05 08:40:33.834   316   355 I PackageManager: Un-granting permission android.permission.READ_LOGS from package com.joygames.hermesw02.aligames (protectionLevel=50 flags=0x3a18be44)
07-05 08:40:33.834   316   355 I PackageManager: Un-granting permission android.permission.GET_DETAILED_TASKS from package com.joygames.hermesw02.aligames (protectionLevel=2 flags=0x3a18be44)
07-05 08:40:33.834   316   355 I PackageManager: Un-granting permission android.permission.REQUEST_INSTALL_PACKAGES from package com.joygames.hermesw02.aligames (protectionLevel=66 flags=0x3a18be44)
07-05 08:40:33.834   316   355 I PackageManager: Un-granting permission android.permission.SYSTEM_ALERT_WINDOW from package com.joygames.hermesw02.aligames (protectionLevel=1250 flags=0x3a18be44)
07-05 08:40:33.863   316   355 I PackageManager.DexOptimizer: Running dexopt (dexoptNeeded=1) on: /data/app/com.joygames.hermesw02.aligames-ugw50vfH4UQTRzw8tcYkFQ==/base.apk pkg=com.joygames.hermesw02.aligames isa=arm64 dexoptFlags=boot_complete,profile_guided,public,enable_hidden_api_checks targetFilter=speed-profile oatDir=/data/app/com.joygames.hermesw02.aligames-ugw50vfH4UQTRzw8tcYkFQ==/oat classLoaderContext=PCL[]{PCL[/system/framework/org.apache.http.legacy.jar]}
07-05 08:40:33.863   166   512 V installd: DexInv: --- BEGIN '/data/app/com.joygames.hermesw02.aligames-ugw50vfH4UQTRzw8tcYkFQ==/base.apk' ---
07-05 08:40:33.897 43894 43894 I dex2oat : /apex/com.android.runtime/bin/dex2oat --input-vdex-fd=-1 --output-vdex-fd=9 --resolve-startup-const-strings=true --max-image-block-size=524288 --compiler-filter=speed-profile --classpath-dir=/data/app/com.joygames.hermesw02.aligames-ugw50vfH4UQTRzw8tcYkFQ== --class-loader-context=PCL[]{PCL[/system/framework/org.apache.http.legacy.jar]} --generate-mini-debug-info --compact-dex-level=none --compilation-reason=install
07-05 08:40:33.900 43894 43894 I dex2oat : setting boot class path to /apex/com.android.runtime/javalib/core-oj.jar:/apex/com.android.runtime/javalib/core-libart.jar:/apex/com.android.runtime/javalib/okhttp.jar:/apex/com.android.runtime/javalib/bouncycastle.jar:/apex/com.android.runtime/javalib/apache-xml.jar:/system/framework/framework.jar:/system/framework/ext.jar:/system/framework/telephony-common.jar:/system/framework/voip-common.jar:/system/framework/ims-common.jar:/system/framework/android.test.base.jar
07-05 08:40:34.493 43894 43894 I dex2oat : Explicit concurrent copying GC freed 23001(4740KB) AllocSpace objects, 0(0B) LOS objects, 99% free, 1112B/1537KB, paused 18us total 2.371ms
07-05 08:40:34.615 43894 43894 I dex2oat : dex2oat took 720.312ms (1.630s cpu) (threads: 8) arena alloc=8472B (8472B) java alloc=17KB (17496B) native alloc=8397KB (8599160B) free=890KB (911752B)
07-05 08:40:34.622   166   512 V installd: DexInv: --- END '/data/app/com.joygames.hermesw02.aligames-ugw50vfH4UQTRzw8tcYkFQ==/base.apk' (success) ---
07-05 08:40:34.623   316   355 V BackupManagerService: restoreAtInstall pkg=com.joygames.hermesw02.aligames token=1 restoreSet=0
07-05 08:40:34.623   316   355 V BackupManagerService: Finishing install immediately
07-05 08:40:34.624   316   355 W PackageManager: Cannot whitelist unknown permission: android.permission.FOREGROUND_SERVICE_DATA_SYNC
07-05 08:40:34.624   316   355 W PackageManager: Cannot whitelist unknown permission: com.huawei.android.launcher.permission.CHANGE_BADGE
07-05 08:40:34.624   316   355 W PackageManager: Cannot whitelist unknown permission: com.vivo.notification.permission.BADGE_ICON
07-05 08:40:34.624   316   355 W PackageManager: Cannot whitelist unknown permission: android.permission.POST_NOTIFICATIONS
07-05 08:40:34.624   316   355 W PackageManager: Cannot whitelist unknown permission: android.permission.MANAGE_EXTERNAL_STORAGE
07-05 08:40:34.624   316   355 W PackageManager: Cannot whitelist unknown permission: com.google.android.gms.permission.AD_ID
07-05 08:40:34.624   316   355 W PackageManager: Cannot whitelist unknown permission: android.permission.READ_SETTINGS
07-05 08:40:34.624   316   355 W PackageManager: Cannot whitelist unknown permission: com.asus.msa.SupplementaryDID.ACCESS
07-05 08:40:34.624   316   355 W PackageManager: Cannot whitelist unknown permission: freemme.permission.msa
07-05 08:40:34.624   316   355 I PackageManager: Un-granting permission android.permission.READ_LOGS from package com.joygames.hermesw02.aligames (protectionLevel=50 flags=0x3a18be44)
07-05 08:40:34.624   316   355 I PackageManager: Un-granting permission android.permission.GET_DETAILED_TASKS from package com.joygames.hermesw02.aligames (protectionLevel=2 flags=0x3a18be44)
07-05 08:40:34.624   316   355 I PackageManager: Un-granting permission android.permission.REQUEST_INSTALL_PACKAGES from package com.joygames.hermesw02.aligames (protectionLevel=66 flags=0x3a18be44)
07-05 08:40:34.624   316   355 I PackageManager: Un-granting permission android.permission.SYSTEM_ALERT_WINDOW from package com.joygames.hermesw02.aligames (protectionLevel=1250 flags=0x3a18be44)
07-05 08:40:34.625    31   565 D vold    : Remounting 10094 as mode default
07-05 08:40:34.625    31    31 D vold    : Remounting 10094 as mode write
07-05 08:40:34.626    31   565 D vold    : Remounting 10094 as mode write
07-05 08:40:34.628    31   565 D vold    : Remounting 10094 as mode write
07-05 08:40:34.630    31    31 D vold    : Remounting 10094 as mode write
07-05 08:40:34.634    78    78 I netd    : trafficSetNetPermForUids(4, [10094]) <0.02ms>
07-05 08:40:34.635   166   512 E         : Couldn't opendir /data/app/vmdl1584935173.tmp: No such file or directory
07-05 08:40:34.635   166   512 E installd: Failed to delete /data/app/vmdl1584935173.tmp: No such file or directory
07-05 08:40:34.642   316   316 I RoleManagerService: Granting default permissions...
07-05 08:40:34.644    78    78 I netd    : firewallSetUidRule(2, 10094, 2) <0.04ms>
07-05 08:40:34.648  1195  1372 E Parcel  : Reading a NULL string not supported here.
07-05 08:40:34.650   316   408 I InputReader: Reconfiguring input devices.  changes=0x00000010
07-05 08:40:34.652   316   316 I Telecom : DefaultDialerCache: Refreshing default dialer for user 0: now null: DDC.oR@AEo
07-05 08:40:34.655  1195  1372 E Parcel  : Reading a NULL string not supported here.
07-05 08:40:34.659  1195  1372 V Space   : sendTracking: install_callback ({"opType":"install_callback","resultCode":0,"package":"com.joygames.hermesw02.aligames","code":1})
07-05 08:40:34.661   316   316 V BackupManagerConstants: getFullBackupIntervalMilliseconds(...) returns 86400000
07-05 08:40:34.661   316   316 V BackupManagerConstants: getFullBackupRequiredNetworkType(...) returns 2
07-05 08:40:34.661   316   316 V BackupManagerConstants: getFullBackupRequireCharging(...) returns true
07-05 08:40:34.666   316   342 W system_server: resources.arsc in APK '/system/priv-app/SogouInput_11.40_android_sweb/SogouInput_11.40_android_sweb.apk' is compressed.
07-05 08:40:34.669   954   954 D CarrierSvcBindHelper: No carrier app for: 0
07-05 08:40:34.670   316   735 W BroadcastQueue: Background execution not allowed: receiving Intent { act=android.intent.action.PACKAGE_ADDED dat=package:com.joygames.hermesw02.aligames flg=0x4000010 (has extras) } to com.android.packageinstaller/.PackageInstalledReceiver
07-05 08:40:34.674   316   316 V SettingsProvider: Notifying for 0: content://settings/system/global_root
07-05 08:40:34.675   316   316 V SettingsProvider: Notifying for 0: content://settings/system/app_root_status
07-05 08:40:34.677   637  2248 E BackupHelper: Could not parse delayed permissions
07-05 08:40:34.677   637  2248 E BackupHelper: java.io.FileNotFoundException: /data/user_de/0/com.android.permissioncontroller/files/delayed_restore_permissions.xml: open failed: ENOENT (No such file or directory)
07-05 08:40:34.677   637  2248 E BackupHelper:  at libcore.io.IoBridge.open(IoBridge.java:496)
07-05 08:40:34.677   637  2248 E BackupHelper:  at java.io.FileInputStream.<init>(FileInputStream.java:159)
07-05 08:40:34.677   637  2248 E BackupHelper:  at android.app.ContextImpl.openFileInput(ContextImpl.java:600)
07-05 08:40:34.677   637  2248 E BackupHelper:  at com.android.packageinstaller.permission.service.BackupHelper.restoreDelayedState(BackupHelper.java:338)
07-05 08:40:34.677   637  2248 E BackupHelper:  at com.android.packageinstaller.permission.service.PermissionControllerServiceImpl.onRestoreDelayedRuntimePermissionsBackup(PermissionControllerServiceImpl.java:357)
07-05 08:40:34.677   637  2248 E BackupHelper:  at com.android.packageinstaller.permission.service.PermissionControllerServiceImpl.lambda$onRestoreDelayedRuntimePermissionsBackup$3$PermissionControllerServiceImpl(PermissionControllerServiceImpl.java:351)
07-05 08:40:34.677   637  2248 E BackupHelper:  at com.android.packageinstaller.permission.service.-$$Lambda$PermissionControllerServiceImpl$wHAhob5PsX8wKMTaFp8IJWkb1LE.run(Unknown Source:8)
07-05 08:40:34.677   637  2248 E BackupHelper:  at android.os.AsyncTask$SerialExecutor$1.run(AsyncTask.java:289)
07-05 08:40:34.677   637  2248 E BackupHelper:  at java.util.concurrent.ThreadPoolExecutor.runWorker(ThreadPoolExecutor.java:1167)
07-05 08:40:34.677   637  2248 E BackupHelper:  at java.util.concurrent.ThreadPoolExecutor$Worker.run(ThreadPoolExecutor.java:641)
07-05 08:40:34.677   637  2248 E BackupHelper:  at java.lang.Thread.run(Thread.java:919)
07-05 08:40:34.677   637  2248 E BackupHelper: Caused by: android.system.ErrnoException: open failed: ENOENT (No such file or directory)
07-05 08:40:34.677   637  2248 E BackupHelper:  at libcore.io.Linux.open(Native Method)
07-05 08:40:34.677   637  2248 E BackupHelper:  at libcore.io.ForwardingOs.open(ForwardingOs.java:167)
07-05 08:40:34.677   637  2248 E BackupHelper:  at libcore.io.BlockGuardOs.open(BlockGuardOs.java:252)
07-05 08:40:34.677   637  2248 E BackupHelper:  at libcore.io.ForwardingOs.open(ForwardingOs.java:167)
07-05 08:40:34.677   637  2248 E BackupHelper:  at android.app.ActivityThread$AndroidOs.open(ActivityThread.java:7337)
07-05 08:40:34.677   637  2248 E BackupHelper:  at libcore.io.IoBridge.open(IoBridge.java:482)
07-05 08:40:34.677   637  2248 E BackupHelper:  ... 10 more
07-05 08:40:34.678   954   954 D CarrierConfigLoader: mHandler: 9 phoneId: 0
07-05 08:40:34.680   316   746 W BroadcastQueue: Background execution not allowed: receiving Intent { act=android.intent.action.PACKAGE_ADDED dat=package:com.joygames.hermesw02.aligames flg=0x4000010 (has extras) } to com.android.market/.receiver.AppStatusReceiver
07-05 08:40:34.680   316   343 W BroadcastQueue: Background execution not allowed: receiving Intent { act=android.intent.action.PACKAGE_ADDED dat=package:com.joygames.hermesw02.aligames flg=0x4000010 (has extras) } to com.android.musicfx/.Compatibility$Receiver
07-05 08:40:34.680   316   343 W BroadcastQueue: Background execution not allowed: receiving Intent { act=android.intent.action.PACKAGE_ADDED dat=package:com.joygames.hermesw02.aligames flg=0x4000010 (has extras) } to com.chaozhuo.filemanager/com.wukongtv.sdk.receivers.PackageAddedReceiver
07-05 08:40:34.680   316   343 W BroadcastQueue: Background execution not allowed: receiving Intent { act=android.intent.action.PACKAGE_ADDED dat=package:com.joygames.hermesw02.aligames flg=0x4000010 (has extras) } to com.sohu.inputmethod.sogou/com.sogou.androidtool.receiver.SupportReceiver
07-05 08:40:34.687   637 43904 W ExclusiveDefaultHolderMixin: Cannot get ApplicationInfo for default holder, config: config_defaultSms, package: com.android.messaging
07-05 08:40:34.690  1195  1562 V Space   : Received message: prop:0
07-05 08:40:34.690  1195  1562 W Space   : send warn: remove ? android.net.LocalSocket@ab55548 impl:android.net.LocalSocketImpl@ce16fe1 fd:java.io.FileDescriptor@5196106
07-05 08:40:34.699   316   342 W TextServicesManagerService: no available spell checker services found
07-05 08:40:34.701   637  2248 E Parcel  : Reading a NULL string not supported here.
07-05 08:40:34.713   316   342 W VoiceInteractionManagerService: no available voice recognition services found for user 0
07-05 08:40:34.723   637  2248 I chatty  : uid=10045(com.android.permissioncontroller) AsyncTask #2 identical 3 lines
07-05 08:40:34.725   637  2248 E Parcel  : Reading a NULL string not supported here.
07-05 08:40:34.728   637   663 W ssioncontrolle: Reducing the number of considered missed Gc histogram windows from 1433 to 100
07-05 08:40:34.744   823  1260 I PackageUpdatedTask: updateToWorkSpace....
07-05 08:40:34.772   823   823 I Launcher: bindItems:com.joygames.hermesw02.aligames
07-05 08:40:34.774   823   823 D Launcher: addInScreenFromBind: WorkspaceItemInfo(id=15 type=APP container=desktop screen=0 cell(3,1) span(1,1) minSpan(1,1) rank=0 user=UserHandle{0} title=航海王：梦想指针),animateIcons:true
07-05 08:40:34.774   823   823 D Launcher.Workspace: addInScreen: x 3,y 1,screenId:0
07-05 08:40:34.774   823   823 D Launcher.Workspace: addInScreen: add to item
07-05 08:40:34.846 43499 43910 D tg_ad_mob: DeviceInfo init
07-05 08:40:34.858 43499 43910 D tg_ad_mob: successLoadPlugin, start to check splash material
07-05 08:40:34.863 43499 43914 E tg_ad_mob: ThirdPartyIdUtil turingIdClass ClassNotFoundException  = %s
07-05 08:40:34.863 43499 43914 E tg_ad_mob: java.lang.ClassNotFoundException: com.tencent.turingfd.sdk.ams.aucommon.ITuringDID
07-05 08:40:34.863 43499 43914 E tg_ad_mob:     at java.lang.Class.classForName(Native Method)
07-05 08:40:34.863 43499 43914 E tg_ad_mob:     at java.lang.Class.forName(Class.java:454)
07-05 08:40:34.863 43499 43914 E tg_ad_mob:     at java.lang.Class.forName(Class.java:379)
07-05 08:40:34.863 43499 43914 E tg_ad_mob:     at com.qq.e.comm.plugin.d.g.a(Unknown Source:3)
07-05 08:40:34.863 43499 43914 E tg_ad_mob:     at com.qq.e.comm.plugin.d.b$3.run(Unknown Source:2)
07-05 08:40:34.863 43499 43914 E tg_ad_mob:     at java.util.concurrent.ThreadPoolExecutor.runWorker(ThreadPoolExecutor.java:1167)
07-05 08:40:34.863 43499 43914 E tg_ad_mob:     at java.util.concurrent.ThreadPoolExecutor$Worker.run(ThreadPoolExecutor.java:641)
07-05 08:40:34.863 43499 43914 E tg_ad_mob:     at java.lang.Thread.run(Thread.java:919)
07-05 08:40:34.863 43499 43914 E tg_ad_mob: Caused by: java.lang.ClassNotFoundException: Didn't find class "com.tencent.turingfd.sdk.ams.aucommon.ITuringDID" on path: DexPathList[[zip file "/system/priv-app/qqbrowser_15.1.5.5032_GA_20240604_115940_1100125022/qqbrowser_15.1.5.5032_GA_20240604_115940_1100125022.apk"],nativeLibraryDirectories=[/system/priv-app/qqbrowser_15.1.5.5032_GA_20240604_115940_1100125022/lib/arm, /system/priv-app/qqbrowser_15.1.5.5032_GA_20240604_115940_1100125022/qqbrowser_15.1.5.5032_GA_20240604_115940_1100125022.apk!/lib/armeabi, /system/lib, /system/lib]]
07-05 08:40:34.863 43499 43914 E tg_ad_mob:     at dalvik.system.BaseDexClassLoader.findClass(BaseDexClassLoader.java:196)
07-05 08:40:34.863 43499 43914 E tg_ad_mob:     at java.lang.ClassLoader.loadClass(ClassLoader.java:379)
07-05 08:40:34.863 43499 43914 E tg_ad_mob:     at java.lang.ClassLoader.loadClass(ClassLoader.java:312)
07-05 08:40:34.863 43499 43914 E tg_ad_mob:     at com.tencent.tinker.loader.TinkerClassLoader.findClass(Unknown Source:11)
07-05 08:40:34.863 43499 43914 E tg_ad_mob:     at java.lang.ClassLoader.loadClass(ClassLoader.java:379)
07-05 08:40:34.863 43499 43914 E tg_ad_mob:     at java.lang.ClassLoader.loadClass(ClassLoader.java:312)
07-05 08:40:34.863 43499 43914 E tg_ad_mob:     ... 8 more
07-05 08:40:34.865 43499 43910 D tg_ad_mob: reportDp3 miss rate
07-05 08:40:34.871 43499 43910 D tg_ad_mob: reportDp3 miss rate
07-05 08:40:34.872 43499 43915 D tg_ad_mob: DeviceIdentifier get operator from interface success
07-05 08:40:34.875 43499 43910 D tg_ad_mob: reportDp3 miss rate
07-05 08:40:34.876 43499 43915 D tg_ad_mob: isHarmonyOs error: com.huawei.system.BuildEx
07-05 08:40:34.878 43499 43910 D tg_ad_mob: 启动闪屏素材检测：是否为sdk初始化true
07-05 08:40:34.878 43499 43910 D tg_ad_mob: 启动闪屏素材检测：posid []
07-05 08:40:34.878 43499 43915 D tg_ad_mob: 未调用预加载接口
07-05 08:40:34.898    78 43921 E ResolverController: No valid NAT64 prefix (100, <unspecified>/0)
07-05 08:40:34.900    78 43922 E ResolverController: No valid NAT64 prefix (100, <unspecified>/0)
07-05 08:40:34.926   316   342 I RoleUserState: Wrote roles.xml successfully
07-05 08:40:35.359   175 10016 I rc_model_v2: fps chg from 10 -> 19
07-05 08:40:35.435 43499 43918 D tg_ad_mob: Report stat event : {"ts":1720183235418,"app":"1109723029","ct":1,"lg":"zh","tz":"America\/New_York","ca":1,"pkg":"com.tencent.mtt","av":"12.1.5.5044","sv":"8.400","plv":2515,"build_num":"0","sdk_st":2,"sdk_pt":1,"ov":"10","al":29,"os":2,"st":2,"md":"rk3588_docker","pl":"samsung\/GT-P7500\/GT-P7500:3.2\/HTJ85B\/XWKL1:user\/release-keys","mn":"rk3588_docker","w":720,"h":1280,"lid":"f3f2460f-50ee-4e8e-abb3-899f79bfa107","events":[{"seq":1,"ts":1720183234855,"ei":80022,"vl":1,"ext":{"cost_time":1,"error_code":6001}},{"seq":2,"ts":1720183234862,"ei":80002,"vl":0,"ext":{"cost_time":0,"error_code":6000}},{"seq":3,"ts":1720183234863,"ei":80003,"vl":0,"ext":{"cost_time":0,"error_code":6000}},{"seq":4,"ts":1720183234863,"ei":80004,"vl":0,"ext":{"cost_time":0,"error_code":6000}},{"seq":5,"ts":1720183234864,"ei":80005,"vl":1,"ext":{"cost_time":1,"error_code":6000}},{"seq":6,"ts":1720183234864,"ei":80006,"vl":0,"ext":{"cost_time":0,"error_code":6000}},{"seq":7,"ts":1720183234864,"ei":80007,"vl":0,"ext":{"cost_time":0,"error_code":6000}},{"seq":8,"ts":1720183234864,"ei":80008,"vl":0,"ext":{"cost_time":0,"error_code":6000}},{"seq":9,"ts":1720183234865,"ei":80009,"vl":1,"ext":{"cost_time":1,"error_code":6000}},{"seq":10,"ts":1720183234865,"ei":80010,"vl":0,"ext":{"cost_time":0,"error_code":6000}},{"seq":11,"ts":1720183234865,"ei":80012,"vl":0,"ext":{"cost_time":0,"error_code":6000}},{"seq":12,"ts":1720183234866,"ei":80013,"vl":0,"ext":{"cost_time":0,"error_code":6000}},{"seq":13,"ts":1720183234867,"ei":80017,"vl":1,"ext":{"cost_time":1,"error_code":6000}},{"seq":14,"ts":1720183234874,"ei":53802,"vl":3,"ext":{}},{"seq":15,"ts":1720183234875,"ei":80018,"vl":3,"ext":{"cost_time":3,"error_code":6000}},{"seq":16,"ts":1720183234875,"ei":80019,"vl":0,"ext":{"cost_time":0,"error_code":6000}},{"seq":17,"ts":1720183234876,"ei":80020,"vl":1,"ext":{"cost_time":1,"error_code":6000}},{"seq":18,"ts":1720183234876,"ei":80001,"vl":22,"ext":{"cost_time":22,"error_code":6000}}]}
07-05 08:40:35.458    78 43935 E ResolverController: No valid NAT64 prefix (100, <unspecified>/0)
07-05 08:40:35.468   175 10015 I vpu_api_legacy: setup encoder rate control config:
07-05 08:40:35.468   175 10015 I vpu_api_legacy: width  608 height 1080 format 10:1000d
07-05 08:40:35.468   175 10015 I vpu_api_legacy: rc_mode CBR qp 26 bps 4000000
07-05 08:40:35.468   175 10015 I vpu_api_legacy: fps in 60 fps out 60 gop 599
07-05 08:40:35.468   175 10015 I vpu_api_legacy: setup encoder stream feature config:
07-05 08:40:35.468   175 10015 I vpu_api_legacy: profile 66 level 31 cabac 0
07-05 08:40:35.469   175 10016 I mpp_enc : mpp_enc_proc_cfg cmd 0x320001
07-05 08:40:35.469   175 10016 I mpp_enc : mpp_enc_proc_rc_cfg change 170025
07-05 08:40:35.469   175 10016 I mpp_enc : mpp_enc_proc_rc_cfg MPP_ENC_RC_CFG_CHANGE_FPS_IN
07-05 08:40:35.469   175 10016 I mpp_enc : MPP_ENC_SET_RC_CFG bps 4000000 [3750000 : 4250000] fps [60:60] gop 599
07-05 08:40:35.469   175 10016 I mpp_enc : send header for set cfg change rc_mode/fps/gop
07-05 08:40:35.469   175 10016 I mpp_enc : set_rc_cfg rc->stats_time 0
07-05 08:40:35.469   175 10016 I mpp_enc : mode cbr bps [3750000:4000000:4250000] fps flex [60/1] -> flex [60/1] gop i [599] v [0]
07-05 08:40:35.469   175 10015 I vpu_api_legacy: vpu_api_set_enc_cfg out
07-05 08:40:35.469   175 10015 I omx_vmpp: setupEncCfg
07-05 08:40:35.469   175 10015 I omx_vmpp: setupFrameRate: framerate 60.00 
07-05 08:40:35.469   175 10015 I omx_vmpp: setupQp: qpInit 26 i 10-51 p 10-49
07-05 08:40:35.469   175 10015 E mpp_cfg : mpp_enc_cfg_set_s32: cfg rc:qp_max_step is invalid
07-05 08:40:35.469   175 10015 E mpp_cfg : mpp_enc_cfg_set_s32: cfg rc:cb_qp_offset is invalid
07-05 08:40:35.469   175 10015 E mpp_cfg : mpp_enc_cfg_set_s32: cfg rc:cr_qp_offset is invalid
07-05 08:40:35.469   175 10016 I mpp_enc : mpp_enc_proc_cfg cmd 0x320001
07-05 08:40:35.469   175 10016 I mpp_enc : mpp_enc_proc_rc_cfg change 170045
07-05 08:40:35.469   175 10016 I mpp_enc : mpp_enc_proc_rc_cfg MPP_ENC_RC_CFG_CHANGE_FPS_OUT
07-05 08:40:35.469   175 10016 I mpp_enc : MPP_ENC_SET_RC_CFG bps 4000000 [250000 : 4250000] fps [60:60] gop 599
07-05 08:40:35.469   175 10016 I mpp_enc : send header for set cfg change rc_mode/fps/gop
07-05 08:40:35.469   175 10016 I mpp_enc : set_rc_cfg rc->stats_time 0
07-05 08:40:35.469   175 10016 I mpp_enc : mode vbr bps [250000:4000000:4250000] fps flex [60/1] -> flex [60/1] gop i [599] v [0]
07-05 08:40:35.469   175 10016 I mpp_enc : xxxxmpp_packet_append
07-05 08:40:35.691    79    79 W         : Read socket err: Try again
07-05 08:40:35.692  1195  1562 V Space   : closeClient: android.net.LocalSocket@ab55548 impl:android.net.LocalSocketImpl@ce16fe1 fd:java.io.FileDescriptor@5196106, reason: reached the end
07-05 08:40:35.702    79    79 D Zygote  : Forked child process 43936
07-05 08:40:35.705   316   344 W ActivityManager: Slow operation: 1024ms so far, now at startProcess: returned from zygote!
07-05 08:40:35.705   316   344 W ActivityManager: Slow operation: 1024ms so far, now at startProcess: done updating battery stats
07-05 08:40:35.705   316   344 W ActivityManager: Slow operation: 1025ms so far, now at startProcess: building log message
07-05 08:40:35.705   316   344 I ActivityManager: Start proc 43936:com.android.packageinstaller/u0a49 for broadcast {com.android.packageinstaller/com.android.packageinstaller.PackageInstalledReceiver}
07-05 08:40:35.705   316   344 W ActivityManager: Slow operation: 1025ms so far, now at startProcess: starting to update pids map
07-05 08:40:35.705   316   344 W ActivityManager: Slow operation: 1025ms so far, now at startProcess: done updating pids map
07-05 08:40:35.707 43936 43936 I Zygote  : seccomp disabled by setenforce 0
07-05 08:40:35.711 43936 43936 E ackageinstalle: Not starting debugger since process cannot load the jdwp agent.
07-05 08:40:35.726 43936 43936 I ackageinstalle: The ClassLoaderContext is a special shared library.
07-05 08:40:35.733   175 10016 I rc_model_v2: fps chg from 60 -> 87
07-05 08:40:36.052   175 10016 I rc_model_v2: fps chg from 87 -> 12
07-05 08:40:37.123 43499 43910 D tg_ad_mob: reportDp3 miss rate
07-05 08:40:37.136 43499 43910 I chatty  : uid=10050(com.tencent.mtt) pool-11-thread- identical 2 lines
07-05 08:40:37.140 43499 43910 D tg_ad_mob: reportDp3 miss rate
07-05 08:40:37.140 43499 43911 D tg_ad_mob: Update success
07-05 08:40:37.140 43499 43911 D tg_ad_mob: GdtConfigListener onADEvent GDT_CONFIG_UPDATE_DONE
07-05 08:40:37.140 43499 43911 D tg_ad_mob: onGdtConfigUpdateDone function call
07-05 08:40:37.144 43499 43910 D tg_ad_mob: reportDp3 miss rate
07-05 08:40:37.156    78 43957 E ResolverController: No valid NAT64 prefix (100, <unspecified>/0)
07-05 08:40:38.161    89   950 E jw_gps  : connect to /data/misc/gps/gps_ctrl error:2 No such file or directory
07-05 08:40:38.219    98   108 E JWSensorsHal: connect to /data/misc/sensor/sensor_ctrl error:2 No such file or directory
07-05 08:40:38.220    84   179 E JWAudioHAL: connect to /data/misc/audioserver/audio_out error:2 No such file or directory
07-05 08:40:40.770 43936 43954 I ackageinstalle: Waiting for a blocking GC ProfileSaver
07-05 08:40:40.777 43936 43954 I ackageinstalle: WaitForGcToComplete blocked ProfileSaver on ClassLinker for 7.737ms
07-05 08:40:43.162    89   950 E jw_gps  : connect to /data/misc/gps/gps_ctrl error:2 No such file or directory
07-05 08:40:43.220    98   108 E JWSensorsHal: connect to /data/misc/sensor/sensor_ctrl error:2 No such file or directory
07-05 08:40:43.220    84   179 E JWAudioHAL: connect to /data/misc/audioserver/audio_out error:2 No such file or directory
07-05 08:40:44.145   316   407 V InputDispatcher: Asynchronous input event injection succeeded.
07-05 08:40:44.291   316   735 I ActivityTaskManager: START u0 {act=android.intent.action.MAIN cat=[android.intent.category.LAUNCHER] flg=0x10200000 cmp=com.joygames.hermesw02.aligames/com.w02.sdk.LaunchActivity bnds=[526,307][692,550]} from uid 1000
07-05 08:40:44.280   316   407 V InputDispatcher: Asynchronous input event injection succeeded.
07-05 08:40:44.302   316   735 I ActivityTaskManager: getPackageFerformanceMode--ComponentInfo{com.joygames.hermesw02.aligames/com.w02.sdk.LaunchActivity}----com.joygames.hermesw02.aligames
07-05 08:40:44.310   823   823 I Launcher3: Launcher onPause.
07-05 08:40:44.310   316   338 E system_server: Invalid ID 0x00000000.
07-05 08:40:44.311   316   755 I ActivityTaskManager: getPackageFerformanceMode--ComponentInfo{com.joygames.hermesw02.aligames/com.w02.sdk.LaunchActivity}----com.joygames.hermesw02.aligames
07-05 08:40:44.328   316   342 E memtrack: Couldn't load memtrack module
07-05 08:40:44.328   316   342 W android.os.Debug: failed to get memory consumption info: -1
07-05 08:40:44.330  1195  1341 V Space   : Received message: prop:0
07-05 08:40:44.331  1195  1341 W Space   : send warn: remove ? android.net.LocalSocket@80253c7 impl:android.net.LocalSocketImpl@16e7df4 fd:java.io.FileDescriptor@524291d
07-05 08:40:44.339   316   342 E memtrack: Couldn't load memtrack module
07-05 08:40:44.339   316   342 W android.os.Debug: failed to get memory consumption info: -1
07-05 08:40:44.586   175 10016 I rc_model_v2: fps chg from 12 -> 43
07-05 08:40:44.887   175 10016 I rc_model_v2: fps chg from 43 -> 9
07-05 08:40:45.345    79    79 W         : Read socket err: Try again
07-05 08:40:45.345  1195  1341 V Space   : closeClient: android.net.LocalSocket@80253c7 impl:android.net.LocalSocketImpl@16e7df4 fd:java.io.FileDescriptor@524291d, reason: reached the end
07-05 08:40:45.357    79    79 D Zygote  : Forked child process 43984
07-05 08:40:45.359   316   344 W ActivityManager: Slow operation: 1041ms so far, now at startProcess: returned from zygote!
07-05 08:40:45.359   316   344 W ActivityManager: Slow operation: 1041ms so far, now at startProcess: done updating battery stats
07-05 08:40:45.360   316   344 W ActivityManager: Slow operation: 1041ms so far, now at startProcess: building log message
07-05 08:40:45.360   316   344 I ActivityManager: Start proc 43984:com.joygames.hermesw02.aligames/u0a94 for activity {com.joygames.hermesw02.aligames/com.w02.sdk.LaunchActivity}
07-05 08:40:45.360   316   344 W ActivityManager: Slow operation: 1042ms so far, now at startProcess: starting to update pids map
07-05 08:40:45.361   316   344 W ActivityManager: Slow operation: 1042ms so far, now at startProcess: done updating pids map
07-05 08:40:45.363 43984 43984 I Zygote  : seccomp disabled by setenforce 0
07-05 08:40:45.366 43984 43984 E mesw02.aligame: Not starting debugger since process cannot load the jdwp agent.
07-05 08:40:45.374  1195  1372 V Space   : sendTracking: resume_activity ({"opType":"resume_activity","resultCode":0,"component":"com.joygames.hermesw02.aligames\/com.w02.sdk.LaunchActivity","package":"com.joygames.hermesw02.aligames"})
07-05 08:40:45.376   316   338 W WindowManager: Unable to find process with pid=823 uid=1000
07-05 08:40:45.380    78    78 I netd    : firewallSetUidRule(2, 10094, 1) <0.02ms>
07-05 08:40:45.381 43984 43984 I mesw02.aligame: The ClassLoaderContext is a special shared library.
07-05 08:40:45.391 43984 43984 D GlobalSettings: USE_LEBIAN=true
07-05 08:40:45.398  1195  1493 V Space   : Received message: prop:0
07-05 08:40:45.398  1195  1493 W Space   : send warn: remove ? android.net.LocalSocket@e5a8792 impl:android.net.LocalSocketImpl@ec66563 fd:java.io.FileDescriptor@aef8560
07-05 08:40:45.454   175 10016 I rc_model_v2: fps chg from 9 -> 22
07-05 08:40:45.573   175 10015 I vpu_api_legacy: setup encoder rate control config:
07-05 08:40:45.573   175 10015 I vpu_api_legacy: width  608 height 1080 format 10:1000d
07-05 08:40:45.573   175 10015 I vpu_api_legacy: rc_mode CBR qp 26 bps 4000000
07-05 08:40:45.573   175 10015 I vpu_api_legacy: fps in 60 fps out 60 gop 599
07-05 08:40:45.573   175 10015 I vpu_api_legacy: setup encoder stream feature config:
07-05 08:40:45.573   175 10015 I vpu_api_legacy: profile 66 level 31 cabac 0
07-05 08:40:45.573   175 10016 I mpp_enc : mpp_enc_proc_cfg cmd 0x320001
07-05 08:40:45.574   175 10016 I mpp_enc : mpp_enc_proc_rc_cfg change 170025
07-05 08:40:45.574   175 10016 I mpp_enc : mpp_enc_proc_rc_cfg MPP_ENC_RC_CFG_CHANGE_FPS_IN
07-05 08:40:45.574   175 10016 I mpp_enc : MPP_ENC_SET_RC_CFG bps 4000000 [3750000 : 4250000] fps [60:60] gop 599
07-05 08:40:45.574   175 10016 I mpp_enc : send header for set cfg change rc_mode/fps/gop
07-05 08:40:45.574   175 10016 I mpp_enc : set_rc_cfg rc->stats_time 0
07-05 08:40:45.574   175 10016 I mpp_enc : mode cbr bps [3750000:4000000:4250000] fps flex [60/1] -> flex [60/1] gop i [599] v [0]
07-05 08:40:45.574   175 10015 I vpu_api_legacy: vpu_api_set_enc_cfg out
07-05 08:40:45.574   175 10015 I omx_vmpp: setupEncCfg
07-05 08:40:45.574   175 10015 I omx_vmpp: setupFrameRate: framerate 60.00 
07-05 08:40:45.574   175 10015 I omx_vmpp: setupQp: qpInit 26 i 10-51 p 10-49
07-05 08:40:45.574   175 10015 E mpp_cfg : mpp_enc_cfg_set_s32: cfg rc:qp_max_step is invalid
07-05 08:40:45.574   175 10015 E mpp_cfg : mpp_enc_cfg_set_s32: cfg rc:cb_qp_offset is invalid
07-05 08:40:45.574   175 10015 E mpp_cfg : mpp_enc_cfg_set_s32: cfg rc:cr_qp_offset is invalid
07-05 08:40:45.574   175 10016 I mpp_enc : mpp_enc_proc_cfg cmd 0x320001
07-05 08:40:45.574   175 10016 I mpp_enc : mpp_enc_proc_rc_cfg change 170045
07-05 08:40:45.574   175 10016 I mpp_enc : mpp_enc_proc_rc_cfg MPP_ENC_RC_CFG_CHANGE_FPS_OUT
07-05 08:40:45.574   175 10016 I mpp_enc : MPP_ENC_SET_RC_CFG bps 4000000 [250000 : 4250000] fps [60:60] gop 599
07-05 08:40:45.574   175 10016 I mpp_enc : send header for set cfg change rc_mode/fps/gop
07-05 08:40:45.574   175 10016 I mpp_enc : set_rc_cfg rc->stats_time 0
07-05 08:40:45.574   175 10016 I mpp_enc : mode vbr bps [250000:4000000:4250000] fps flex [60/1] -> flex [60/1] gop i [599] v [0]
07-05 08:40:45.574   175 10016 I mpp_enc : xxxxmpp_packet_append
07-05 08:40:45.806    91   222 E drm_hwc2_gralloc: hwc_get_handle_name:cann't get value from gralloc
07-05 08:40:45.806    91   222 E drm_hwc2_gralloc: hwc_get_handle_name:cann't get value from gralloc
07-05 08:40:45.827   175 10016 I rc_model_v2: fps chg from 60 -> 87
07-05 08:40:45.871   316   735 W WindowManager: Unable to find process with pid=823 uid=1000
07-05 08:40:45.872   604   604 D ImageWallpaper: wallpaper visibility changes to: false
07-05 08:40:45.886    43    43 E Layer   : [Surface(name=AppWindowToken{348ae19 token=Token{e064960 ActivityRecord{adb963 u0 com.joygames.hermesw02.aligames/com.w02.sdk.LaunchActivity t6}}})/@0x4e32cf9 - animation-leash#0] No local sync point found
07-05 08:40:45.886    43    43 E Layer   : [Surface(name=AppWindowToken{49c3825 token=Token{e60c41c ActivityRecord{a2c20ee u0 com.android.launcher3/.Launcher t4}}})/@0xcb8588a - animation-leash#0] No local sync point found
07-05 08:40:46.092   175 10016 I rc_model_v2: fps chg from 87 -> 22
