07-05 08:40:52.523 43984 44279 I awcn.TnetSpdySession:   response headers:{date=[Fri, 05 Jul 2024 12:40:52 GMT], server=[Tengine/Aserver/3.2.60_20231127141951], content-length=[0], x-auth-time=[1720183252327], s-accs-retcode=[SUCCESS], :status=[200], x-workerid=[1081990910547794533], x-at=[Zofp04ldsyQDALyIAKDTRmqhumeng:64df1fbe8efadc41dcc6221d1720197652]}
07-05 08:40:52.523 43984 44279 E NAccs.InAppConn_default:  auth httpStatusCode:200
07-05 08:40:52.523 43984 44279 E awcn.Session: |[seq:umeng:64df1fbe8efadc41dcc6221d.AWCN1_1] notifyStatus status:AUTH_SUCC
07-05 08:40:52.523 43984 44279 D awcn.TnetSpdySession: |[seq:umeng:64df1fbe8efadc41dcc6221d.AWCN1_1] ping host:https://umengacs.m.taobao.com thread:spdy-0
07-05 08:40:52.523 43984 44292 D awcn.SessionRequest: |[seq:umeng:64df1fbe8efadc41dcc6221d.AWCN1_1] Session:Session@[umeng:64df1fbe8efadc41dcc6221d.AWCN1_1|http2_0rtt_open] EventType:512 Event:
07-05 08:40:52.523 43984 44292 E awcn.SessionRequest:  sendConnectInfoToAccsByService
07-05 08:40:52.524 43984 44279 D awcn.TnetSpdySession: |[seq:umeng:64df1fbe8efadc41dcc6221d.AWCN1_1] https://umengacs.m.taobao.com submit ping ms:0 force:true
07-05 08:40:52.526 43984 44292 E awcn.SessionRequest:  sendConnectInfoToAccsByCallBack
07-05 08:40:52.526 43984 44292 D awcn.SessionRequest: |[seq:umeng:64df1fbe8efadc41dcc6221d.AWCN1_1] Connect Success session:Session@[umeng:64df1fbe8efadc41dcc6221d.AWCN1_1|http2_0rtt_open] host:https://umengacs.m.taobao.com
07-05 08:40:52.526 43984 44292 D awcn.SessionRequest:  Receive session event eventType:512
07-05 08:40:52.527 43984 44286 D NAccs.Msg_default:  Build Message dataId:1720183251682.2
07-05 08:40:52.527 43984 44286 D NAccs.Msg_default:     version:2 compress:1
07-05 08:40:52.527 43984 44286 D NAccs.Msg_default:     flag: 0x40
07-05 08:40:52.528 43984 44286 D NAccs.Msg_default:     totalLength:330
07-05 08:40:52.528 43984 44286 D NAccs.Msg_default:     dataLength:328
07-05 08:40:52.528 43984 44286 D NAccs.Msg_default:     flags:ffff8800
07-05 08:40:52.528 43984 44286 D NAccs.Msg_default:     targetLength:5
07-05 08:40:52.528 43984 44286 D NAccs.Msg_default:     target:3|dm|
07-05 08:40:52.528 43984 44286 D NAccs.Msg_default:     sourceLength:58
07-05 08:40:52.528 43984 44286 D NAccs.Msg_default:     source:Zofp04ldsyQDALyIAKDTRmqh|com.joygames.hermesw02.aligames||
07-05 08:40:52.528 43984 44286 D NAccs.Msg_default:     dataIdLength:15
07-05 08:40:52.528 43984 44286 D NAccs.Msg_default:     dataId:1720183251682.2
07-05 08:40:52.528 43984 44286 D NAccs.Msg_default:     extHeader len:0
07-05 08:40:52.529 43984 44286 D NAccs.Msg_default:     oriData:{"command":1,"appKey":"umeng:64df1fbe8efadc41dcc6221d","osType":1,"sign":"99f914df671691009057073465432f64a437d3c816b3a7f93ab508c5587d54fc","sdkVersion":221,"appVersion":"1.1.3","ttid":"android@umeng","model":"rk3588_docker","brand":"rockchip","os":"29","exts":"{\"notifyEnable\":\"true\",\"romInfo\":\"\"}"}
07-05 08:40:52.529 43984 44286 D NAccs.InAppConn_default:  sendMessage dataId:1720183251682.2 command:1 host:https://umengacs.m.taobao.com len:334 utdid:Zofp04ldsyQDALyIAKDTRmqh
07-05 08:40:52.529 43984 44286 E awcn.TnetSpdySession: |[seq:umeng:64df1fbe8efadc41dcc6221d.AWCN1_1] sendCustomFrame dataId:2 type:200
07-05 08:40:52.529 43984 43984 D awcn.SessionRequest:  onServiceConnected
07-05 08:40:52.529 43984 44286 E NAccs.InAppConn_default:  sendMessage end dataId:1720183251682.2 status:true
07-05 08:40:52.530 43984 43984 I NAccs.MsgDistributeService:  handleMessage on receive msg msg:{ when=-1ms what=0 target=com.taobao.accs.data.j }
07-05 08:40:52.530 43984 43984 I NAccs.MsgDistributeService:  handleMessage get intent success intent:Intent { act=com.taobao.accs.intent.action.RECEIVE pkg=com.joygames.hermesw02.aligames cmp=com.joygames.hermesw02.aligames/com.taobao.accs.data.MsgDistributeService (has extras) }
07-05 08:40:52.530 43984 43984 I NAccs.MsgDistributeService:  onStartCommand action:com.taobao.accs.intent.action.RECEIVE
07-05 08:40:52.530 43984 43984 I NAccs.MsgDistributeService:  onStartCommand distribute message
07-05 08:40:52.530 43984 43984 E NAccs.MsgDistribute:  distribMessage dataId:
07-05 08:40:52.530 43984 44278 E NAccs.MsgDistribute:  distribute ready action:com.taobao.accs.intent.action.RECEIVE dataId: serviceId:
07-05 08:40:52.531 43984 44278 D NAccs.MsgDistribute:  distribute start appkey: config:
07-05 08:40:52.531 43984 44278 D NAccs.MsgDistribute:  handleControlMsg configTag: dataId: serviceId: command:103 errorCode:0 appReceiver:
07-05 08:40:52.531 43984 44278 E NAccs.MsgDistribute:  handBroadCastMsg command:103
07-05 08:40:52.531 43984 44278 D NAccs.MsgDistribute:  handBroadCastMsg ACTION_CONNECT_INFO ConnectInfo{host='https://umengacs.m.taobao.com', isInapp=true, isCenterHost=true, connected=true, errorCode=0, errorDetail='null'}
07-05 08:40:52.532 43984 44280 E NAccs.InAppConn_default:  onConnectionChanged currentHost:https://umengacs.m.taobao.com changeHost:https://umengacs.m.taobao.com state:true
07-05 08:40:52.532 43984 44279 D awcn.TnetSpdySession: |[seq:umeng:64df1fbe8efadc41dcc6221d.AWCN1_1] spdyOnStreamResponse authTime:0
07-05 08:40:52.532 43984 44280 I NAccs.HeartbeatManager:  hb use alarm
07-05 08:40:52.532 43984 44280 D NAccs.HeartbeatManager:  set 270
07-05 08:40:52.532 43984 44279 D NAccs.InAppConn_default:  auth header:{date=Fri, 05 Jul 2024 12:40:52 GMT, server=Tengine/Aserver/3.2.60_20231127141951, content-length=0, x-auth-time=1720183252327, s-accs-retcode=SUCCESS, :status=200, x-workerid=1081990910547794533, x-at=Zofp04ldsyQDALyIAKDTRmqhumeng:64df1fbe8efadc41dcc6221d1720197652}
07-05 08:40:52.533 43984 44279 D awcn.TnetSpdySession:  spdyStreamCloseCallback streamId:1 errorCode:0
07-05 08:40:52.723   316   316 I RoleManagerService: Granting default permissions...
07-05 08:40:52.725   954   954 D CarrierSvcBindHelper: No carrier app for: 0
07-05 08:40:52.726   316   408 I InputReader: Reconfiguring input devices.  changes=0x00000010
07-05 08:40:52.726   316   316 I Telecom : DefaultDialerCache: Refreshing default dialer for user 0: now null: DDC.oR@AE0
07-05 08:40:52.728   637 44293 W ExclusiveDefaultHolderMixin: Cannot get ApplicationInfo for default holder, config: config_defaultSms, package: com.android.messaging
07-05 08:40:52.729   316   342 W VoiceInteractionManagerService: no available voice interaction services found for user 0
07-05 08:40:52.735   175 10016 I rc_model_v2: fps chg from 102 -> 60
07-05 08:40:52.738   637  2248 E Parcel  : Reading a NULL string not supported here.
07-05 08:40:52.750   637  2248 I chatty  : uid=10045(com.android.permissioncontroller) AsyncTask #2 identical 3 lines
07-05 08:40:52.751   637  2248 E Parcel  : Reading a NULL string not supported here.
07-05 08:40:52.769 44004 44053 I BaseService: finish zip
07-05 08:40:52.769 44004 44027 I BaseService: type=zip status=0
07-05 08:40:52.776 44004 44027 I BaseUtil: is forwardground pkg=com.joygames.hermesw02.aligames
07-05 08:40:52.776 44004 44027 I BaseUtil: top=com.w02.sdk.MainActivity, pkg=com.joygames.hermesw02.aligames, isForeground=true
07-05 08:40:52.776 44004 44027 I BaseUtil: isForeground : true
07-05 08:40:52.777 44074 44074 I BGService: add o=com.excelliance.lbsdk.main.BGService, busyCount=1
07-05 08:40:52.777 44074 44074 I BGService: onStartCommand:startForground= false
07-05 08:40:52.781 44004 44027 I BaseService: ub is:true ur is:true
07-05 08:40:52.786   823  1260 I PackageUpdatedTask: updateToWorkSpace....
07-05 08:40:52.793 44074 44074 I BGService: onStartCommand action=com.excelliance.lbsdk.action.BGService
07-05 08:40:52.794 44004 44027 I BaseService: checkJarVersionMatch baseVer : 27 mainVer : 27 mustVer : 27 uiVer : 27
07-05 08:40:52.794 44074 44074 I BGService: remove o=com.excelliance.lbsdk.main.BGService, busyCount=0
07-05 08:40:52.794 44074 44074 I BGService: scheduleImplMsg nMsg=4, time = 5000
07-05 08:40:52.794 44074 44074 I BGService: scheduleImplMsg nMsg=3, time = 10000
07-05 08:40:52.812 44004 44004 I BaseService: onDestroy
07-05 08:40:52.899 43984 43984 W networkBusiness: SDK4.sdk4 Release lockDown.res.msgtempl.get
07-05 08:40:52.927 43984 44279 I awcn.TnetSpdySession: |[seq:umeng:64df1fbe8efadc41dcc6221d.AWCN1_1] ping receive Host:https://umengacs.m.taobao.com id:1
07-05 08:40:52.928 43984 44279 E awcn.TnetSpdySession: |[seq:umeng:64df1fbe8efadc41dcc6221d.AWCN1_1] [spdyCustomControlFrameRecvCallback] len:268 frameCb:com.taobao.accs.net.k@7cebac6
07-05 08:40:52.935 43984 44279 E awcn.TnetSpdySession: |[seq:umeng:64df1fbe8efadc41dcc6221d.AWCN1_1] str:20 0 1 8 1 6 60 0 3a 5a 6f 66 70 30 34 6c 64 73 79 51 44 41 4c 79 49 41 4b 44 54 52 6d 71 68 7c 63 6f 6d 2e 6a 6f 79 67 61 6d 65 73 2e 68 65 72 6d 65 73 77 30 32 2e 61 6c 69 67 61 6d 65 73 7c 7c 5 33 7c 64 6d 7c f 31 37 32 30 31 38 33 32 35 31 36 38 32 2e 32 0 0 7b 22 64 61 74 61 22 3a 7b 22 70 61 63 6b 61 67 65 4e 61 6d 65 73 22 3a 5b 22 63 6f 6d 2e 6a 6f 79 67 61 6d 65 73 2e 68 65 72 6d 65 73 77 30 32 2e 61 6c 69 67 61 6d 65 73 22 5d 2c 22 61 67 6f 6f 43 6f 6e 74 72 6f 6c 22 3a 7b 22 63 6f 6e 74 72 6f 6c 22 3a 66 61 6c 73 65 2c 22 73 74 72 61 74 65 67 79 22 3a 5b 5d 7d 2c 22 65 76 65 6e 74 43 6f 6c 6c 65 63 74 43 6f 6e 74 72 6f 6c 22 3a 7b 22 73 77 69 74 63 68 22 3a 66 61 6c 73 65 7d 7d 2c 22 63 6f 64 65 22 3a 32 30 30 2c 22 6d 65 73 73 61 67 65 22 3a 22 73 75 63 63 65 73 73 22 7d 
07-05 08:40:52.935 43984 44279 E NAccs.InAppConn_default:  onDataReceive type:200 dataid:-1
07-05 08:40:52.936 43984 44278 I NAccs.MsgRecv_default:  onMessage host:https://umengacs.m.taobao.com
07-05 08:40:52.936 43984 44278 D NAccs.MsgRecv_default:  version:2
07-05 08:40:52.936 43984 44278 D NAccs.MsgRecv_default:  compress:0
07-05 08:40:52.936 43984 44278 D NAccs.MsgRecv_default:  totalLen:264
07-05 08:40:52.936 43984 44278 D NAccs.MsgRecv_default:  buf len:262
07-05 08:40:52.937 43984 44278 D NAccs.MsgRecv_default:  flag:6000
07-05 08:40:52.937 43984 44278 D NAccs.MsgRecv_default:  target:Zofp04ldsyQDALyIAKDTRmqh|com.joygames.hermesw02.aligames||
07-05 08:40:52.937 43984 44278 D NAccs.MsgRecv_default:  source:3|dm|
07-05 08:40:52.937 43984 44278 D NAccs.MsgRecv_default:  dataId:1720183251682.2
07-05 08:40:52.937 43984 44278 D NAccs.MsgRecv_default:  extHeaderLen:0
07-05 08:40:52.937 43984 44278 D NAccs.MsgRecv_default:  oriData:[B@b120a87
07-05 08:40:52.937 43984 44278 E NAccs.MsgRecv_default:  handleMessage dataId:1720183251682.2 type:CONTROL reqType:RES resType:NO_ACK target:Zofp04ldsyQDALyIAKDTRmqh|com.joygames.hermesw02.aligames||
07-05 08:40:52.938 43984 44278 D NAccs.MsgRecv_default:  handleControlMessage parse json:{"data":{"packageNames":["com.joygames.hermesw02.aligames"],"agooControl":{"control":false,"strategy":[]},"eventCollectControl":{"switch":false}},"code":200,"message":"success"}
07-05 08:40:52.939 43984 44278 D NAccs.MsgRecv_default:  onResult command:1 erorcode:200
07-05 08:40:52.940 43984 44278 E NAccs.MsgDistribute:  distribute ready action:com.taobao.accs.intent.action.RECEIVE dataId: serviceId:
07-05 08:40:52.940 43984 44278 D NAccs.MsgDistribute:  distribute start appkey:umeng:64df1fbe8efadc41dcc6221d config:default
07-05 08:40:52.940 43984 44278 D NAccs.MsgDistribute:  handleControlMsg configTag:default dataId: serviceId: command:1 errorCode:200 appReceiver:
07-05 08:40:52.940 43984 44278 D NAccs.MsgDistribute:  handleControlMsg agoo receiver onBindApp
07-05 08:40:52.941 43984 44278 I NAccs.TaobaoRegister:  onBindApp errorCode:200
07-05 08:40:52.943 43984 44278 W NAccs.AgooBindCache:  restoreAgooClients packs null return
07-05 08:40:52.943 43984 44278 I NAccs.AgooBindCache:  isAgooRegistered packageName:com.joygames.hermesw02.aligames appStatus: agooBindStatus:{}
07-05 08:40:52.945 43984 44278 D NAccs.UtilityImpl:  getEmuiVersion result:
07-05 08:40:52.945 43984 44278 I NAccs.RegisterDO:  buildData data:{"cmd":"register","appKey":"umeng:64df1fbe8efadc41dcc6221d","utdid":"Zofp04ldsyQDALyIAKDTRmqh","appVersion":"1.1.3","sdkVersion":"221","ttid":"android@umeng","packageName":"com.joygames.hermesw02.aligames","notifyEnable":"true","romInfo":"","c0":"rockchip","c1":"rk3588_docker"}
07-05 08:40:52.946 43984 44278 D NAccs.InAppConn_default:  start
07-05 08:40:52.947 43984 44278 D NAccs.InAppConn_default:  sendMessage ready dataId:1720183252946.3 type:DATA delay:0
07-05 08:40:52.947 43984 44278 E NAccs.MsgDistribute:  handBroadCastMsg command:1
07-05 08:40:52.947 43984 44278 W NAccs.MsgDistribute:  handBroadCastMsg not handled command
07-05 08:40:52.947 43984 44286 E NAccs.InAppConn_default:  sendMessage start dataId:1720183252946.3 type:DATA
07-05 08:40:52.947 43984 44286 D awcn.SessionCenter: |[seq:umeng:64df1fbe8efadc41dcc6221d] getInternal u:https://umengacs.m.taobao.com sessionType:LongLink timeout:10000
07-05 08:40:52.947 43984 44286 D awcn.StrategyCenter:  getSchemeByHost host:umengacs.m.taobao.com scheme:https
07-05 08:40:52.948 43984 44286 D awcn.SessionCenter: |[seq:umeng:64df1fbe8efadc41dcc6221d] get internal hit cache session session:Session@[umeng:64df1fbe8efadc41dcc6221d.AWCN1_1|http2_0rtt_open]
07-05 08:40:52.948 43984 44286 D NAccs.Msg_default:  Build Message dataId:1720183252946.3
07-05 08:40:52.948 43984 44286 D NAccs.Msg_default:     version:2 compress:1
07-05 08:40:52.948 43984 44286 D NAccs.Msg_default:     flag: 0x40
07-05 08:40:52.949 43984 44286 D NAccs.Msg_default:     totalLength:338
07-05 08:40:52.949 43984 44286 D NAccs.Msg_default:     dataLength:336
07-05 08:40:52.949 43984 44286 D NAccs.Msg_default:     flags:ffffc800
07-05 08:40:52.949 43984 44286 D NAccs.Msg_default:     targetLength:16
07-05 08:40:52.949 43984 44286 D NAccs.Msg_default:     target:2|AgooDeviceCmd|
07-05 08:40:52.949 43984 44286 D NAccs.Msg_default:     sourceLength:71
07-05 08:40:52.949 43984 44286 D NAccs.Msg_default:     source:Zofp04ldsyQDALyIAKDTRmqh|com.joygames.hermesw02.aligames|AgooDeviceCmd|
07-05 08:40:52.949 43984 44286 D NAccs.Msg_default:     dataIdLength:15
07-05 08:40:52.949 43984 44286 D NAccs.Msg_default:     dataId:1720183252946.3
07-05 08:40:52.949 43984 44286 D NAccs.Msg_default:     extHeader len:0
07-05 08:40:52.949 43984 44286 D NAccs.Msg_default:     oriData:{"cmd":"register","appKey":"umeng:64df1fbe8efadc41dcc6221d","utdid":"Zofp04ldsyQDALyIAKDTRmqh","appVersion":"1.1.3","sdkVersion":"221","ttid":"android@umeng","packageName":"com.joygames.hermesw02.aligames","notifyEnable":"true","romInfo":"","c0":"rockchip","c1":"rk3588_docker"}
07-05 08:40:52.949 43984 44286 D NAccs.InAppConn_default:  sendMessage dataId:1720183252946.3 command:100 host:https://umengacs.m.taobao.com len:342 utdid:Zofp04ldsyQDALyIAKDTRmqh
07-05 08:40:52.950 43984 44286 E awcn.TnetSpdySession: |[seq:umeng:64df1fbe8efadc41dcc6221d.AWCN1_1] sendCustomFrame dataId:3 type:200
07-05 08:40:52.950 43984 44286 E NAccs.InAppConn_default:  sendMessage end dataId:1720183252946.3 status:true
07-05 08:40:52.983   316   342 I RoleUserState: Wrote roles.xml successfully
07-05 08:40:53.162    89   950 E jw_gps  : connect to /data/misc/gps/gps_ctrl error:2 No such file or directory
07-05 08:40:53.202   175 10015 I vpu_api_legacy: setup encoder rate control config:
07-05 08:40:53.202   175 10015 I vpu_api_legacy: width  608 height 1080 format 10:1000d
07-05 08:40:53.202   175 10015 I vpu_api_legacy: rc_mode CBR qp 26 bps 4000000
07-05 08:40:53.202   175 10015 I vpu_api_legacy: fps in 60 fps out 60 gop 599
07-05 08:40:53.202   175 10015 I vpu_api_legacy: setup encoder stream feature config:
07-05 08:40:53.202   175 10015 I vpu_api_legacy: profile 66 level 31 cabac 0
07-05 08:40:53.202   175 10016 I mpp_enc : mpp_enc_proc_cfg cmd 0x320001
07-05 08:40:53.202   175 10016 I mpp_enc : mpp_enc_proc_rc_cfg change 170025
07-05 08:40:53.202   175 10016 I mpp_enc : mpp_enc_proc_rc_cfg MPP_ENC_RC_CFG_CHANGE_FPS_IN
07-05 08:40:53.202   175 10016 I mpp_enc : MPP_ENC_SET_RC_CFG bps 4000000 [3750000 : 4250000] fps [60:60] gop 599
07-05 08:40:53.202   175 10016 I mpp_enc : send header for set cfg change rc_mode/fps/gop
07-05 08:40:53.202   175 10016 I mpp_enc : set_rc_cfg rc->stats_time 0
07-05 08:40:53.202   175 10016 I mpp_enc : mode cbr bps [3750000:4000000:4250000] fps flex [60/1] -> flex [60/1] gop i [599] v [0]
07-05 08:40:53.203   175 10015 I vpu_api_legacy: vpu_api_set_enc_cfg out
07-05 08:40:53.203   175 10015 I omx_vmpp: setupEncCfg
07-05 08:40:53.203   175 10015 I omx_vmpp: setupFrameRate: framerate 60.00 
07-05 08:40:53.203   175 10015 I omx_vmpp: setupQp: qpInit 26 i 10-51 p 10-49
07-05 08:40:53.203   175 10015 E mpp_cfg : mpp_enc_cfg_set_s32: cfg rc:qp_max_step is invalid
07-05 08:40:53.204   175 10015 E mpp_cfg : mpp_enc_cfg_set_s32: cfg rc:cb_qp_offset is invalid
07-05 08:40:53.204   175 10015 E mpp_cfg : mpp_enc_cfg_set_s32: cfg rc:cr_qp_offset is invalid
07-05 08:40:53.204   175 10016 I mpp_enc : mpp_enc_proc_cfg cmd 0x320001
07-05 08:40:53.204   175 10016 I mpp_enc : mpp_enc_proc_rc_cfg change 170045
07-05 08:40:53.204   175 10016 I mpp_enc : mpp_enc_proc_rc_cfg MPP_ENC_RC_CFG_CHANGE_FPS_OUT
07-05 08:40:53.204   175 10016 I mpp_enc : MPP_ENC_SET_RC_CFG bps 4000000 [250000 : 4250000] fps [60:60] gop 599
07-05 08:40:53.204   175 10016 I mpp_enc : send header for set cfg change rc_mode/fps/gop
07-05 08:40:53.204   175 10016 I mpp_enc : set_rc_cfg rc->stats_time 0
07-05 08:40:53.204   175 10016 I mpp_enc : mode vbr bps [250000:4000000:4250000] fps flex [60/1] -> flex [60/1] gop i [599] v [0]
07-05 08:40:53.204   175 10016 I mpp_enc : xxxxmpp_packet_append
07-05 08:40:53.220    98   108 E JWSensorsHal: connect to /data/misc/sensor/sensor_ctrl error:2 No such file or directory
07-05 08:40:53.220    84   179 E JWAudioHAL: connect to /data/misc/audioserver/audio_out error:2 No such file or directory
07-05 08:40:53.346 43984 44279 E awcn.TnetSpdySession: |[seq:umeng:64df1fbe8efadc41dcc6221d.AWCN1_1] [spdyCustomControlFrameRecvCallback] len:214 frameCb:com.taobao.accs.net.k@7cebac6
07-05 08:40:53.349 43984 44279 E awcn.TnetSpdySession: |[seq:umeng:64df1fbe8efadc41dcc6221d.AWCN1_1] str:20 40 0 d2 0 d0 e0 0 47 5a 6f 66 70 30 34 6c 64 73 79 51 44 41 4c 79 49 41 4b 44 54 52 6d 71 68 7c 63 6f 6d 2e 6a 6f 79 67 61 6d 65 73 2e 68 65 72 6d 65 73 77 30 32 2e 61 6c 69 67 61 6d 65 73 7c 41 67 6f 6f 44 65 76 69 63 65 43 6d 64 7c 10 32 7c 41 67 6f 6f 44 65 76 69 63 65 43 6d 64 7c f 31 37 32 30 31 38 33 32 35 32 39 34 36 2e 33 0 0 7b 22 72 65 73 75 6c 74 43 6f 64 65 22 3a 22 73 75 63 63 65 73 73 22 2c 22 63 6d 64 22 3a 22 72 65 67 69 73 74 65 72 22 2c 22 64 65 76 69 63 65 49 64 22 3a 22 41 73 74 70 6c 73 33 6c 6d 78 70 30 42 37 54 65 70 51 37 39 45 75 33 70 75 61 55 33 4a 56 4e 75 4a 36 5f 32 30 55 49 37 4d 5f 72 6a 22 7d 
07-05 08:40:53.349 43984 44279 E NAccs.InAppConn_default:  onDataReceive type:200 dataid:-1
07-05 08:40:53.350 43984 44278 I NAccs.MsgRecv_default:  onMessage host:https://umengacs.m.taobao.com
07-05 08:40:53.350 43984 44278 D NAccs.MsgRecv_default:  version:2
07-05 08:40:53.350 43984 44278 D NAccs.MsgRecv_default:  compress:0
07-05 08:40:53.350 43984 44278 D NAccs.MsgRecv_default:  totalLen:210
07-05 08:40:53.350 43984 44278 D NAccs.MsgRecv_default:  buf len:208
07-05 08:40:53.350 43984 44278 D NAccs.MsgRecv_default:  flag:e000
07-05 08:40:53.350 43984 44278 D NAccs.MsgRecv_default:  target:Zofp04ldsyQDALyIAKDTRmqh|com.joygames.hermesw02.aligames|AgooDeviceCmd|
07-05 08:40:53.350 43984 44278 D NAccs.MsgRecv_default:  source:2|AgooDeviceCmd|
07-05 08:40:53.350 43984 44278 D NAccs.MsgRecv_default:  dataId:1720183252946.3
07-05 08:40:53.351 43984 44278 D NAccs.MsgRecv_default:  extHeaderLen:0
07-05 08:40:53.351 43984 44278 D NAccs.MsgRecv_default:  oriData:[B@c2ca377
07-05 08:40:53.351 43984 44278 E NAccs.MsgRecv_default:  handleMessage dataId:1720183252946.3 type:DATA reqType:RES resType:NO_ACK target:Zofp04ldsyQDALyIAKDTRmqh|com.joygames.hermesw02.aligames|AgooDeviceCmd|
07-05 08:40:53.351 43984 44278 D NAccs.MsgRecv_default:  handleMessage reqMessage not null
07-05 08:40:53.352 43984 44278 D NAccs.MsgRecv_default:  onResult command:100 erorcode:200
07-05 08:40:53.352 43984 44278 E NAccs.MsgDistribute:  distribute ready action:com.taobao.accs.intent.action.RECEIVE dataId:1720183252946.3 serviceId:AgooDeviceCmd
07-05 08:40:53.353 43984 44278 D NAccs.MsgDistribute:  distribute start appkey:umeng:64df1fbe8efadc41dcc6221d config:default
07-05 08:40:53.353 43984 44278 D NAccs.MsgDistribute:  handleControlMsg configTag:default dataId:1720183252946.3 serviceId:AgooDeviceCmd command:100 errorCode:200 appReceiver:
07-05 08:40:53.353 43984 44278 E NAccs.MsgDistribute:  handleBusinessMsg start dataId:1720183252946.3 serviceId:AgooDeviceCmd command:100 t1:0 t2:0 t3:0 t4:0 t5:0 t6:0
07-05 08:40:53.353 43984 44278 E NAccs.MsgDistribute:  handleBusinessMsg start dataId:1720183252946.3 serviceId:AgooDeviceCmd command:100
07-05 08:40:53.353 43984 44278 E NAccs.MsgDistribute:  handleBusinessMsg getListener not null
07-05 08:40:53.354 43984 44278 E NAccs.a :  onReceiveData dataId:1720183252946.3 serviceId:AgooDeviceCmd command:100 className:com.taobao.agoo.a.b
07-05 08:40:53.355 43984 43984 E NAccs.a :  onResponse start dataId:1720183252946.3 serviceId:AgooDeviceCmd
07-05 08:40:53.355 43984 43984 I NAccs.RequestListener:  RequestListener onResponse dataId:1720183252946.3 listener:com.umeng.message.proguard.u$3$1@dda0be4 json:{"resultCode":"success","cmd":"register","deviceId":"Astpls3lmxp0B7TepQ79Eu3puaU3JVNuJ6_20UI7M_rj"}
07-05 08:40:53.355 43984 43984 I NAccs.Config:  setDeviceToken token:Astpls3lmxp0B7TepQ79Eu3puaU3JVNuJ6_20UI7M_rj
07-05 08:40:53.356 43984 43984 I UPush.Impl: register success. deviceToken: Astpls3lmxp0B7TepQ79Eu3puaU3JVNuJ6_20UI7M_rj
07-05 08:40:53.356 43984 43984 I UPush.BaseService: enqueue cls: UmengMessageHandlerService
07-05 08:40:53.356 43984 43984 I UPush.BaseService: jobId: 21000
07-05 08:40:53.360 43984 43984 E NAccs.a :  onResponse end dataId:1720183252946.3
07-05 08:40:53.370 43984 44296 I UPush.BaseService: onHandleWork
07-05 08:40:53.371 43984 44296 I UPush.MsgHandlerService: action: com.umeng.message.action register
07-05 08:40:53.371 43984 44296 I UPush.MsgHandlerService: deviceToken: Astpls3lmxp0B7TepQ79Eu3puaU3JVNuJ6_20UI7M_rj status: true
07-05 08:40:53.429 43984 44275 I UmengPush: 注册成功 deviceToken:Astpls3lmxp0B7TepQ79Eu3puaU3JVNuJ6_20UI7M_rj
07-05 08:40:53.436 43984 44297 D UPush.Track: trackRegister deviceToken: Astpls3lmxp0B7TepQ79Eu3puaU3JVNuJ6_20UI7M_rj
07-05 08:40:53.468   175 10016 I rc_model_v2: fps chg from 60 -> 110
07-05 08:40:53.491    78 44301 E ResolverController: No valid NAT64 prefix (100, <unspecified>/0)
07-05 08:40:53.720   175 10016 I rc_model_v2: fps chg from 110 -> 59
07-05 08:40:54.203   175 10015 I vpu_api_legacy: setup encoder rate control config:
07-05 08:40:54.203   175 10015 I vpu_api_legacy: width  608 height 1080 format 10:1000d
07-05 08:40:54.203   175 10015 I vpu_api_legacy: rc_mode CBR qp 26 bps 4000000
07-05 08:40:54.203   175 10015 I vpu_api_legacy: fps in 60 fps out 60 gop 599
07-05 08:40:54.203   175 10015 I vpu_api_legacy: setup encoder stream feature config:
07-05 08:40:54.203   175 10015 I vpu_api_legacy: profile 66 level 31 cabac 0
07-05 08:40:54.203   175 10016 I mpp_enc : mpp_enc_proc_cfg cmd 0x320001
07-05 08:40:54.203   175 10016 I mpp_enc : mpp_enc_proc_rc_cfg change 170025
07-05 08:40:54.203   175 10016 I mpp_enc : mpp_enc_proc_rc_cfg MPP_ENC_RC_CFG_CHANGE_FPS_IN
07-05 08:40:54.203   175 10016 I mpp_enc : MPP_ENC_SET_RC_CFG bps 4000000 [3750000 : 4250000] fps [60:60] gop 599
07-05 08:40:54.203   175 10016 I mpp_enc : send header for set cfg change rc_mode/fps/gop
07-05 08:40:54.203   175 10016 I mpp_enc : set_rc_cfg rc->stats_time 0
07-05 08:40:54.203   175 10016 I mpp_enc : mode cbr bps [3750000:4000000:4250000] fps flex [60/1] -> flex [60/1] gop i [599] v [0]
07-05 08:40:54.204   175 10015 I vpu_api_legacy: vpu_api_set_enc_cfg out
07-05 08:40:54.204   175 10015 I omx_vmpp: setupEncCfg
07-05 08:40:54.204   175 10015 I omx_vmpp: setupFrameRate: framerate 60.00 
07-05 08:40:54.204   175 10015 I omx_vmpp: setupQp: qpInit 26 i 10-51 p 10-49
07-05 08:40:54.204   175 10015 E mpp_cfg : mpp_enc_cfg_set_s32: cfg rc:qp_max_step is invalid
07-05 08:40:54.204   175 10015 E mpp_cfg : mpp_enc_cfg_set_s32: cfg rc:cb_qp_offset is invalid
07-05 08:40:54.204   175 10015 E mpp_cfg : mpp_enc_cfg_set_s32: cfg rc:cr_qp_offset is invalid
07-05 08:40:54.204   175 10016 I mpp_enc : mpp_enc_proc_cfg cmd 0x320001
07-05 08:40:54.204   175 10016 I mpp_enc : mpp_enc_proc_rc_cfg change 170045
07-05 08:40:54.204   175 10016 I mpp_enc : mpp_enc_proc_rc_cfg MPP_ENC_RC_CFG_CHANGE_FPS_OUT
07-05 08:40:54.204   175 10016 I mpp_enc : MPP_ENC_SET_RC_CFG bps 4000000 [250000 : 4250000] fps [60:60] gop 599
07-05 08:40:54.204   175 10016 I mpp_enc : send header for set cfg change rc_mode/fps/gop
07-05 08:40:54.204   175 10016 I mpp_enc : set_rc_cfg rc->stats_time 0
07-05 08:40:54.204   175 10016 I mpp_enc : mode vbr bps [250000:4000000:4250000] fps flex [60/1] -> flex [60/1] gop i [599] v [0]
07-05 08:40:54.205   175 10016 I mpp_enc : xxxxmpp_packet_append
07-05 08:40:54.471   175 10016 I rc_model_v2: fps chg from 60 -> 112
07-05 08:40:54.666   316 43330 W DevicePolicyManager: Package com.joygames.hermesw02.aligames (uid=10094, pid=43984) cannot access Device IDs
07-05 08:40:54.668   954  1369 W TelephonyPermissions: reportAccessDeniedToReadIdentifiers:com.joygames.hermesw02.aligames:getDeviceId:isPreinstalled=false:isPrivApp=false
07-05 08:40:54.685   316 43330 W DevicePolicyManager: Package com.joygames.hermesw02.aligames (uid=10094, pid=43984) cannot access Device IDs
07-05 08:40:54.685   954  1369 W TelephonyPermissions: reportAccessDeniedToReadIdentifiers:com.joygames.hermesw02.aligames:getSubscriberId:isPreinstalled=false:isPrivApp=false
07-05 08:40:54.697    78 44304 E ResolverController: No valid NAT64 prefix (100, <unspecified>/0)
07-05 08:40:54.735   175 10016 I rc_model_v2: fps chg from 112 -> 60
07-05 08:40:54.791   316  1147 E TaskPersister: File error accessing recents directory (directory doesn't exist?).
07-05 08:40:54.889    78 44303 E ResolverController: No valid NAT64 prefix (100, <unspecified>/0)
07-05 08:40:54.909 43984 44282 I awcn.HttpDispatcher:  sendAmdcRequest hosts:[amdcopen.m.umeng.com]
07-05 08:40:54.910 43984 44282 I awcn.AmdcThreadPoolExecutor:  merge amdc request delay:4904
07-05 08:40:54.910 43984 44282 D UPush.getConnStrategyListByHost: |[seq:host] amdcopen.m.umeng.com:result []
07-05 08:40:54.910 43984 44282 I awcn.DispatchCore: |[seq:AMDC1] send amdc request url:https://amdcopen.m.umeng.com/amdc/mobileDispatch?appkey=umeng%3A64df1fbe8efadc41dcc6221d&platform=android&v=5.0 
07-05 08:40:54.910 43984 44282 I awcn.DispatchCore: host:umengacs.m.taobao.com
07-05 08:40:54.911 43984 44282 D awcn.DispatchCore: |[seq:AMDC1] amdc request. headers:{Accept-Encoding=[gzip], Connection=[close], Host=[amdcopen.m.umeng.com]}
07-05 08:40:54.922 43984 44282 D awcn.DispatchCore: |[seq:AMDC1] amdc request fail 
07-05 08:40:54.922 43984 44282 E awcn.DispatchCore: |[seq:AMDC1] amdc request fail Unable to resolve host "amdcopen.m.umeng.com": No address associated with hostname
07-05 08:40:54.922 43984 44282 I awcn.DispatchCore: |[seq:AMDC2] send amdc request url:https://amdcopen.m.umeng.com/amdc/mobileDispatch?appkey=umeng%3A64df1fbe8efadc41dcc6221d&platform=android&v=5.0 
07-05 08:40:54.922 43984 44282 I awcn.DispatchCore: host:umengacs.m.taobao.com
07-05 08:40:54.923 43984 44282 D awcn.DispatchCore: |[seq:AMDC2] amdc request. headers:{Accept-Encoding=[gzip], Connection=[close], Host=[amdcopen.m.umeng.com]}
07-05 08:40:54.926 43984 44282 D awcn.DispatchCore: |[seq:AMDC2] amdc request fail 
07-05 08:40:54.926 43984 44282 E awcn.DispatchCore: |[seq:AMDC2] amdc request fail Unable to resolve host "amdcopen.m.umeng.com": No address associated with hostname
07-05 08:40:54.927 43984 44282 I awcn.DispatchCore: |[seq:AMDC3] send amdc request url:https://59.82.113.219:443/amdc/mobileDispatch?appkey=umeng%3A64df1fbe8efadc41dcc6221d&platform=android&v=5.0 
07-05 08:40:54.927 43984 44282 I awcn.DispatchCore: host:umengacs.m.taobao.com
07-05 08:40:54.928 43984 44282 D awcn.DispatchCore: |[seq:AMDC3] amdc request. headers:{Accept-Encoding=[gzip], Connection=[close], Host=[amdcopen.m.umeng.com]}
07-05 08:40:55.202   175 10015 I vpu_api_legacy: setup encoder rate control config:
07-05 08:40:55.202   175 10015 I vpu_api_legacy: width  608 height 1080 format 10:1000d
07-05 08:40:55.202   175 10015 I vpu_api_legacy: rc_mode CBR qp 26 bps 4000000
07-05 08:40:55.202   175 10015 I vpu_api_legacy: fps in 60 fps out 60 gop 599
07-05 08:40:55.202   175 10015 I vpu_api_legacy: setup encoder stream feature config:
07-05 08:40:55.202   175 10015 I vpu_api_legacy: profile 66 level 31 cabac 0
07-05 08:40:55.202   175 10016 I mpp_enc : mpp_enc_proc_cfg cmd 0x320001
07-05 08:40:55.203   175 10016 I mpp_enc : mpp_enc_proc_rc_cfg change 170025
07-05 08:40:55.203   175 10016 I mpp_enc : mpp_enc_proc_rc_cfg MPP_ENC_RC_CFG_CHANGE_FPS_IN
07-05 08:40:55.203   175 10016 I mpp_enc : MPP_ENC_SET_RC_CFG bps 4000000 [3750000 : 4250000] fps [60:60] gop 599
07-05 08:40:55.203   175 10016 I mpp_enc : send header for set cfg change rc_mode/fps/gop
07-05 08:40:55.203   175 10016 I mpp_enc : set_rc_cfg rc->stats_time 0
07-05 08:40:55.203   175 10016 I mpp_enc : mode cbr bps [3750000:4000000:4250000] fps flex [60/1] -> flex [60/1] gop i [599] v [0]
07-05 08:40:55.203   175 10015 I vpu_api_legacy: vpu_api_set_enc_cfg out
07-05 08:40:55.203   175 10015 I omx_vmpp: setupEncCfg
07-05 08:40:55.203   175 10015 I omx_vmpp: setupFrameRate: framerate 60.00 
07-05 08:40:55.203   175 10015 I omx_vmpp: setupQp: qpInit 26 i 10-51 p 10-49
07-05 08:40:55.203   175 10015 E mpp_cfg : mpp_enc_cfg_set_s32: cfg rc:qp_max_step is invalid
07-05 08:40:55.203   175 10015 E mpp_cfg : mpp_enc_cfg_set_s32: cfg rc:cb_qp_offset is invalid
07-05 08:40:55.203   175 10015 E mpp_cfg : mpp_enc_cfg_set_s32: cfg rc:cr_qp_offset is invalid
07-05 08:40:55.203   175 10016 I mpp_enc : mpp_enc_proc_cfg cmd 0x320001
07-05 08:40:55.203   175 10016 I mpp_enc : mpp_enc_proc_rc_cfg change 170045
07-05 08:40:55.203   175 10016 I mpp_enc : mpp_enc_proc_rc_cfg MPP_ENC_RC_CFG_CHANGE_FPS_OUT
07-05 08:40:55.203   175 10016 I mpp_enc : MPP_ENC_SET_RC_CFG bps 4000000 [250000 : 4250000] fps [60:60] gop 599
07-05 08:40:55.203   175 10016 I mpp_enc : send header for set cfg change rc_mode/fps/gop
07-05 08:40:55.203   175 10016 I mpp_enc : set_rc_cfg rc->stats_time 0
07-05 08:40:55.203   175 10016 I mpp_enc : mode vbr bps [250000:4000000:4250000] fps flex [60/1] -> flex [60/1] gop i [599] v [0]
07-05 08:40:55.204   175 10016 I mpp_enc : xxxxmpp_packet_append
07-05 08:40:55.403 43984 44282 I awcn.TlsSniSocketFactory:  customized createSocket host:amdcopen.m.umeng.com
07-05 08:40:55.457   175 10016 I rc_model_v2: fps chg from 60 -> 110
07-05 08:40:55.719   175 10016 I rc_model_v2: fps chg from 110 -> 61
07-05 08:40:55.761   103   543 W AudioFlinger: createTrack_l(): mismatch between requested flags (00000008) and output flags (00000002)
07-05 08:40:55.762   103   543 D AudioFlinger: Client defaulted notificationFrames to 1234 for frameCount 2468
07-05 08:40:55.762   103   543 D AF::TrackHandle: OpPlayAudio: track:58 usage:1 not muted
07-05 08:40:55.765 43984 44319 W AudioTrack: Use of stream types is deprecated for operations other than volume control
07-05 08:40:55.765 43984 44319 W AudioTrack: See the documentation of AudioTrack() for what to use instead with android.media.AudioAttributes to qualify your playback use case
07-05 08:40:55.767 43984 44056 V HWCPipe : perf_event_open failed. Counter ID: PERF_COUNT_HW_BRANCH_MISSES
07-05 08:40:55.767 43984 44056 V HWCPipe : perf_event_open failed. Counter ID: PERF_COUNT_HW_BRANCH_INSTRUCTIONS
07-05 08:40:55.768 43984 44056 V HWCPipe : perf_event_open failed. Counter ID: PERF_COUNT_HW_CACHE_MISSES
07-05 08:40:55.768 43984 44056 V HWCPipe : perf_event_open failed. Counter ID: PERF_COUNT_HW_CACHE_REFERENCES
07-05 08:40:55.769 43984 44056 V HWCPipe : perf_event_open failed. Counter ID: PERF_COUNT_HW_INSTRUCTIONS
07-05 08:40:55.770 43984 44056 V HWCPipe : perf_event_open failed. Counter ID: PERF_COUNT_HW_CPU_CYCLES
07-05 08:40:55.770 43984 44056 V HWCPipe : PMU profiler initialization failed: PMU counters not available.
07-05 08:40:55.770 43984 44056 V HWCPipe : Mali profiler initialization failed: Failed to check version.
07-05 08:40:55.772 43984 43984 V MediaRouter: Selecting route: RouteInfo{ name=手机, description=null, status=null, category=RouteCategory{ name=系统 types=ROUTE_TYPE_LIVE_AUDIO ROUTE_TYPE_LIVE_VIDEO  groupable=false }, supportedTypes=ROUTE_TYPE_LIVE_AUDIO ROUTE_TYPE_LIVE_VIDEO , presentationDisplay=Display id 1: DisplayInfo{"HDMI 屏幕, displayId 1", uniqueId "local:1", app 1024 x 768, real 1024 x 768, largest app 1024 x 1024, smallest app 768 x 768, mode 2, defaultMode 2, modes [{id=2, width=1024, height=768, fps=60.000004}], colorMode 0, supportedColorModes [0], hdrCapabilities android.view.Display$HdrCapabilities@40f16308, rotation 0, density 227 (227.0 x 227.0) dpi, layerStack 1, appVsyncOff 1000000, presDeadline 16666666, type HDMI, address {port=1}, state ON, FLAG_SECURE, FLAG_SUPPORTS_PROTECTED_BUFFERS, FLAG_PRESENTATION, removeMode 0}, DisplayMetrics{density=1.41875, width=1024, height=768, scaledDensity=1.41875, xdpi=227.0, ydpi=227.0}, isValid=true }
07-05 08:40:55.840   316 43330 E memtrack: Couldn't load memtrack module
07-05 08:40:55.840   316 43330 W android.os.Debug: failed to get memory consumption info: -1
07-05 08:40:55.892 43984 44056 D ThinkingAnalytics.SystemInformation: #lib has been changed to: Unity
07-05 08:40:55.892 43984 44056 D ThinkingAnalytics.SystemInformation: #lib_version has been changed to: 3.0.4
07-05 08:40:55.969   175 10016 I rc_model_v2: fps chg from 61 -> 12
07-05 08:40:56.310 43984 44056 E mesw02.aligame: Invalid ID 0x00000000.
07-05 08:40:56.310 43984 44056 I chatty  : uid=10094(com.joygames.hermesw02.aligames) UnityMain identical 2 lines
07-05 08:40:56.311 43984 44056 E mesw02.aligame: Invalid ID 0x00000000.
07-05 08:40:56.311 43984 44056 E ThinkingAnalytics.TDPresetProperties: android.content.res.Resources$NotFoundException: String array resource ID #0x0
07-05 08:40:56.312 43984 44056 D ThinkingAnalytics.SystemInformation: First Install Time: 1720183233828
07-05 08:40:56.312 43984 44056 D ThinkingAnalytics.SystemInformation: Last Update Time: 1720183233828
07-05 08:40:56.312 43984 44056 I HasHarmonyOS: com.huawei.system.BuildEx
07-05 08:40:56.316   316 43330 D ConnectivityService: requestNetwork for uid/pid:10094/43984 NetworkRequest [ TRACK_DEFAULT id=36, [ Capabilities: INTERNET&NOT_RESTRICTED&TRUSTED Uid: 10094] ]
07-05 08:40:56.316   316   528 D UntrustedWifiNetworkFactory: got request NetworkRequest [ TRACK_DEFAULT id=36, [ Capabilities: INTERNET&NOT_RESTRICTED&TRUSTED Uid: 10094] ] with score 70 and serial -1
07-05 08:40:56.316   316   528 D WifiNetworkFactory: got request NetworkRequest [ TRACK_DEFAULT id=36, [ Capabilities: INTERNET&NOT_RESTRICTED&TRUSTED Uid: 10094] ] with score 70 and serial -1
07-05 08:40:56.316   954   954 D PhoneSwitcherNetworkRequstListener: got request NetworkRequest [ TRACK_DEFAULT id=36, [ Capabilities: INTERNET&NOT_RESTRICTED&TRUSTED Uid: 10094] ] with score 70 and serial -1
07-05 08:40:56.316   316   557 D Ethernet: got request NetworkRequest [ TRACK_DEFAULT id=36, [ Capabilities: INTERNET&NOT_RESTRICTED&TRUSTED Uid: 10094] ] with score 70 and serial -1
07-05 08:40:56.317   604   604 V KeyguardUpdateMonitor: onSubscriptionInfoChanged()
07-05 08:40:56.318   604   604 V KeyguardUpdateMonitor: SubInfo:{id=1, iccId=898600021[****] simSlotIndex=0 carrierId=1435 displayName=China Mobile carrierName=CHINA MOBILE nameSource=0 iconTint=-16746133 mNumber=[****] dataRoaming=0 iconBitmap=android.graphics.Bitmap@f3247a8 mcc 460 mnc 07mCountryIso=cn isEmbedded false nativeAccessRules null cardString=898600021[****] cardId=-1 isOpportunistic false mGroupUUID=null mIsGroupDisabled=false profileClass=-1 ehplmns = null hplmns = null subscriptionType=0 mGroupOwner=null carrierConfigAccessRules=null}
07-05 08:40:56.320   954  1369 D PhoneInterfaceManager: [PhoneIntfMgr] isDataEnabled: subId=1 phoneId=0
07-05 08:40:56.320   954  1369 D PhoneInterfaceManager: [PhoneIntfMgr] isDataEnabled: subId=1 retVal=true
07-05 08:40:56.321 43984 44056 I ThinkingAnalytics.TRouter: [ThinkingData] Info: TRouter init start.
07-05 08:40:56.322 43984 44056 D ThinkingAnalytics.TRouterMap: [ThinkingData] Info: No routing table found:cn.thinkingdata.module.routes.TPushModuleRouter
07-05 08:40:56.322 43984 44056 I ThinkingAnalytics.TRouter: [ThinkingData] Info: TRouter init success!
07-05 08:40:56.322 43984 44056 I ThinkingAnalyticsSDK: [ThinkingData] Info: ThinkingData SDK 3.0.0.2 initialize success with mode: NORMAL, APP ID ends with: 7a8d, server url: https://hanghwshushu.leiting.com/sync
07-05 08:40:56.322 43984 44056 E ThinkingAnalytics.TRouter: not find plugin：/thinkingdata/tpush
07-05 08:40:56.326 43984 44331 I ThinkingAnalyticsSDK: No mAutoTrackEventListener
07-05 08:40:56.331 43984 44056 I w02sdk-JOY: [UMWrapper] [init] 调用友盟预初始化
07-05 08:40:56.331 43984 44056 I w02sdk-JOY: [UMWrapper] [submitPolicyGrantResult] 通知友盟用户是否同意隐私授权 userAgree = true
07-05 08:40:56.331 43984 44056 I UMConfigure: common version is 9.6.4
07-05 08:40:56.331 43984 44056 I UMConfigure: common type is 0
07-05 08:40:56.331 43984 44056 E UMConfigure: has inited !!!
07-05 08:40:56.331 43984 44056 I w02sdk-JOY: [UMWrapper] [init] 调用友盟初始化
07-05 08:40:56.334 43984 44333 I UMConfigure: common version is 9.6.4
07-05 08:40:56.334 43984 44333 I UMConfigure: common type is 0
07-05 08:40:56.334 43984 44333 E UMConfigure: has inited !!!
07-05 08:40:56.335 43984 44333 D NAccs.AccsClientConfig:  build config:AccsClientConfig{mAppKey='umeng:64df1fbe8efadc41dcc6221d', mAppSecret='3bcdd5795f4c9c9b69c17419ce9089c2', mInappHost='umengacs.m.taobao.com', mChannelHost='umengjmacs.m.taobao.com', mStoreId='', mSecurity=2, mAuthCode='', mInappPubKey=11, mChannelPubKey=11, mKeepalive=true, mAutoUnit=false, mTag='default', mConfigEnv=0, mDisableChannel=true, mQuickReconnect=false, mAccsHeartbeatEnable=false, mPullUpEnable=false, mForePingEnable=false, mPingTimeout=0}
07-05 08:40:56.335 43984 44333 W NAccs.AccsClientConfig:  build conver old config:AccsClientConfig{mAppKey='umeng:64df1fbe8efadc41dcc6221d', mAppSecret='3bcdd5795f4c9c9b69c17419ce9089c2', mInappHost='umengacs.m.taobao.com', mChannelHost='umengjmacs.m.taobao.com', mStoreId='', mSecurity=2, mAuthCode='', mInappPubKey=11, mChannelPubKey=11, mKeepalive=true, mAutoUnit=false, mTag='default', mConfigEnv=0, mDisableChannel=true, mQuickReconnect=false, mAccsHeartbeatEnable=false, mPullUpEnable=false, mForePingEnable=false, mPingTimeout=0}
07-05 08:40:56.335 43984 44333 D NAccs.ACCSClient:  init config:AccsClientConfig{mAppKey='umeng:64df1fbe8efadc41dcc6221d', mAppSecret='3bcdd5795f4c9c9b69c17419ce9089c2', mInappHost='umengacs.m.taobao.com', mChannelHost='umengjmacs.m.taobao.com', mStoreId='', mSecurity=2, mAuthCode='', mInappPubKey=11, mChannelPubKey=11, mKeepalive=true, mAutoUnit=false, mTag='default', mConfigEnv=0, mDisableChannel=true, mQuickReconnect=false, mAccsHeartbeatEnable=false, mPullUpEnable=false, mForePingEnable=false, mPingTimeout=0}
07-05 08:40:56.335 43984 44333 I UPush.Impl: appkey: 64df1fbe8efadc41dcc6221d appSecret: 3bcdd5795f4c9c9b69c17419ce9089c2
07-05 08:40:56.335 43984 44297 I NAccs.TaobaoRegister:  register appKey:umeng:64df1fbe8efadc41dcc6221d configTag:default
07-05 08:40:56.335 43984 44297 D NAccs.ACCSManager:  getAccsInstance key:default|0
07-05 08:40:56.335 43984 44297 I NAccs.ACCSMgrImpl_default:  bindApp appKey:umeng:64df1fbe8efadc41dcc6221d
07-05 08:40:56.335 43984 44297 D NAccs.UtilityImpl:  enableService comptName:ComponentInfo{com.joygames.hermesw02.aligames/com.taobao.accs.ChannelService}
07-05 08:40:56.336 43984 44297 D NAccs.UtilityImpl:  getEmuiVersion result:
07-05 08:40:56.336 43984 44297 D NAccs.InAppConn_default:  start
07-05 08:40:56.336 43984 44297 I NAccs.ClientManager_default:  isAppBinded appStatus:2 mBindStatus:{com.joygames.hermesw02.aligames=2}
07-05 08:40:56.336 43984 44297 I NAccs.ACCSMgrImpl_default:  isAppBinded package:com.joygames.hermesw02.aligames
07-05 08:40:56.336 43984 44297 D NAccs.MsgRecv_default:  onResult command:1 erorcode:200
07-05 08:40:56.336 43984 44297 E NAccs.MsgDistribute:  distribute ready action:com.taobao.accs.intent.action.RECEIVE dataId: serviceId:
07-05 08:40:56.336 43984 44297 D NAccs.MsgDistribute:  distribute start appkey:umeng:64df1fbe8efadc41dcc6221d config:default
07-05 08:40:56.336 43984 44297 D NAccs.MsgDistribute:  handleControlMsg configTag:default dataId: serviceId: command:1 errorCode:200 appReceiver:
07-05 08:40:56.336 43984 44297 D NAccs.MsgDistribute:  handleControlMsg agoo receiver onBindApp
07-05 08:40:56.336 43984 44297 I NAccs.TaobaoRegister:  onBindApp errorCode:200
07-05 08:40:56.336 43984 44297 I NAccs.AgooBindCache:  isAgooRegistered packageName:com.joygames.hermesw02.aligames appStatus:2 agooBindStatus:{com.joygames.hermesw02.aligames=2}
07-05 08:40:56.337 43984 44297 I NAccs.Config:  getDeviceToken token:Astpls3lmxp0B7TepQ79Eu3puaU3JVNuJ6_20UI7M_rj
07-05 08:40:56.337 43984 44297 I NAccs.TaobaoRegister:  agoo already Registered return 
07-05 08:40:56.337 43984 44297 I UPush.Impl: register success. deviceToken: Astpls3lmxp0B7TepQ79Eu3puaU3JVNuJ6_20UI7M_rj
07-05 08:40:56.337 43984 44297 I UPush.BaseService: enqueue cls: UmengMessageHandlerService
07-05 08:40:56.337 43984 44297 I UPush.BaseService: jobId: 21000
07-05 08:40:56.338 43984 44297 E NAccs.MsgDistribute:  handBroadCastMsg command:1
07-05 08:40:56.338   316   342 E memtrack: Couldn't load memtrack module
07-05 08:40:56.338   316   342 W android.os.Debug: failed to get memory consumption info: -1
07-05 08:40:56.338 43984 44297 W NAccs.MsgDistribute:  handBroadCastMsg not handled command
07-05 08:40:56.339 43984 44296 I UPush.BaseService: onHandleWork
07-05 08:40:56.339 43984 44296 I UPush.MsgHandlerService: action: com.umeng.message.action register
07-05 08:40:56.339 43984 44296 I UPush.MsgHandlerService: deviceToken: Astpls3lmxp0B7TepQ79Eu3puaU3JVNuJ6_20UI7M_rj status: true
07-05 08:40:56.339 43984 44275 I UmengPush: 注册成功 deviceToken:Astpls3lmxp0B7TepQ79Eu3puaU3JVNuJ6_20UI7M_rj
07-05 08:40:56.346   316   342 E memtrack: Couldn't load memtrack module
07-05 08:40:56.346   316   342 W android.os.Debug: failed to get memory consumption info: -1
07-05 08:40:56.363 43984 44329 D ThinkingAnalytics.DatabaseAdapter: Creating a new ThinkingData events database
07-05 08:40:56.388 43984 44330 I ThinkingAnalytics.DataHandle: [ThinkingData] Info: Enqueue data(7a8d):
07-05 08:40:56.388 43984 44330 I ThinkingAnalytics.DataHandle: {
07-05 08:40:56.388 43984 44330 I ThinkingAnalytics.DataHandle:     "#type": "track",
07-05 08:40:56.388 43984 44330 I ThinkingAnalytics.DataHandle:     "#time": "2024-07-05 08:40:56.324",
07-05 08:40:56.388 43984 44330 I ThinkingAnalytics.DataHandle:     "#distinct_id": "044217f6-a499-4aa7-a65a-0c8ceae02f94",
07-05 08:40:56.388 43984 44330 I ThinkingAnalytics.DataHandle:     "#event_name": "ta_app_install",
07-05 08:40:56.388 43984 44330 I ThinkingAnalytics.DataHandle:     "properties": {
07-05 08:40:56.388 43984 44330 I ThinkingAnalytics.DataHandle:         "#lib_version": "3.0.4",
07-05 08:40:56.388 43984 44330 I ThinkingAnalytics.DataHandle:         "#carrier": "中国移动",
07-05 08:40:56.388 43984 44330 I ThinkingAnalytics.DataHandle:         "#os": "Android",
07-05 08:40:56.388 43984 44330 I ThinkingAnalytics.DataHandle:         "#device_id": "7930fadf52ca5ecb",
07-05 08:40:56.388 43984 44330 I ThinkingAnalytics.DataHandle:         "#screen_height": 1280,
07-05 08:40:56.388 43984 44330 I ThinkingAnalytics.DataHandle:         "#bundle_id": "com.joygames.hermesw02.aligames",
07-05 08:40:56.388 43984 44330 I ThinkingAnalytics.DataHandle:         "#device_model": "rk3588_docker",
07-05 08:40:56.388 43984 44330 I ThinkingAnalytics.DataHandle:         "#screen_width": 720,
07-05 08:40:56.388 43984 44330 I ThinkingAnalytics.DataHandle:         "#system_language": "zh",
07-05 08:40:56.388 43984 44330 I ThinkingAnalytics.DataHandle:         "#install_time": "2024-07-05 08:40:33.828",
07-05 08:40:56.388 43984 44330 I ThinkingAnalytics.DataHandle:         "#simulator": false,
07-05 08:40:56.388 43984 44330 I ThinkingAnalytics.DataHandle:         "#lib": "Unity",
07-05 08:40:56.388 43984 44330 I ThinkingAnalytics.DataHandle:         "#manufacturer": "rockchip",
07-05 08:40:56.388 43984 44330 I ThinkingAnalytics.DataHandle:         "#os_version": "10",
07-05 08:40:56.388 43984 44330 I ThinkingAnalytics.DataHandle:         "#app_version": "1.1.3",
07-05 08:40:56.388 43984 44330 I ThinkingAnalytics.DataHandle:         "#fps": 60,
07-05 08:40:56.388 43984 44330 I ThinkingAnalytics.DataHandle:         "#network_type": "WIFI",
07-05 08:40:56.388 43984 44330 I ThinkingAnalytics.DataHandle:         "#ram": "8.8\/15.6",
07-05 08:40:56.388 43984 44330 I ThinkingAnalytics.DataHandle:         "#disk": "168.3\/222.5",
07-05 08:40:56.388 43984 44330 I ThinkingAnalytics.DataHandle:         "#device_type": "Phone",
07-05 08:40:56.388 43984 44330 I ThinkingAnalytics.DataHandle:         "#zone_offset": -4
07-05 08:40:56.388 43984 44330 I ThinkingAnalytics.DataHandle:     },
07-05 08:40:56.388 43984 44330 I ThinkingAnalytics.DataHandle:     "#uuid": "22bf0049-b581-4d36-8cc9-69da4302d3ed"
07-05 08:40:56.388 43984 44330 I ThinkingAnalytics.DataHandle: }
07-05 08:40:56.427 43984 44331 I ThinkingAnalyticsSDK: No mAutoTrackEventListener
07-05 08:40:56.441 43984 44330 I ThinkingAnalytics.DataHandle: [ThinkingData] Info: Enqueue data(7a8d):
07-05 08:40:56.441 43984 44330 I ThinkingAnalytics.DataHandle: {
07-05 08:40:56.441 43984 44330 I ThinkingAnalytics.DataHandle:     "#type": "track",
07-05 08:40:56.441 43984 44330 I ThinkingAnalytics.DataHandle:     "#time": "2024-07-05 08:40:56.326",
07-05 08:40:56.441 43984 44330 I ThinkingAnalytics.DataHandle:     "#distinct_id": "044217f6-a499-4aa7-a65a-0c8ceae02f94",
07-05 08:40:56.441 43984 44330 I ThinkingAnalytics.DataHandle:     "#event_name": "ta_app_start",
07-05 08:40:56.441 43984 44330 I ThinkingAnalytics.DataHandle:     "properties": {
07-05 08:40:56.441 43984 44330 I ThinkingAnalytics.DataHandle:         "#lib_version": "3.0.4",
07-05 08:40:56.441 43984 44330 I ThinkingAnalytics.DataHandle:         "#carrier": "中国移动",
07-05 08:40:56.441 43984 44330 I ThinkingAnalytics.DataHandle:         "#os": "Android",
07-05 08:40:56.441 43984 44330 I ThinkingAnalytics.DataHandle:         "#device_id": "7930fadf52ca5ecb",
07-05 08:40:56.441 43984 44330 I ThinkingAnalytics.DataHandle:         "#screen_height": 1280,
07-05 08:40:56.441 43984 44330 I ThinkingAnalytics.DataHandle:         "#bundle_id": "com.joygames.hermesw02.aligames",
07-05 08:40:56.441 43984 44330 I ThinkingAnalytics.DataHandle:         "#device_model": "rk3588_docker",
07-05 08:40:56.441 43984 44330 I ThinkingAnalytics.DataHandle:         "#screen_width": 720,
07-05 08:40:56.441 43984 44330 I ThinkingAnalytics.DataHandle:         "#system_language": "zh",
07-05 08:40:56.441 43984 44330 I ThinkingAnalytics.DataHandle:         "#install_time": "2024-07-05 08:40:33.828",
07-05 08:40:56.441 43984 44330 I ThinkingAnalytics.DataHandle:         "#simulator": false,
07-05 08:40:56.441 43984 44330 I ThinkingAnalytics.DataHandle:         "#lib": "Unity",
07-05 08:40:56.441 43984 44330 I ThinkingAnalytics.DataHandle:         "#manufacturer": "rockchip",
07-05 08:40:56.441 43984 44330 I ThinkingAnalytics.DataHandle:         "#os_version": "10",
07-05 08:40:56.441 43984 44330 I ThinkingAnalytics.DataHandle:         "#app_version": "1.1.3",
07-05 08:40:56.441 43984 44330 I ThinkingAnalytics.DataHandle:         "#fps": 60,
07-05 08:40:56.441 43984 44330 I ThinkingAnalytics.DataHandle:         "#network_type": "WIFI",
07-05 08:40:56.441 43984 44330 I ThinkingAnalytics.DataHandle:         "#ram": "8.8\/15.6",
07-05 08:40:56.441 43984 44330 I ThinkingAnalytics.DataHandle:         "#disk": "168.3\/222.5",
07-05 08:40:56.441 43984 44330 I ThinkingAnalytics.DataHandle:         "#device_type": "Phone",
07-05 08:40:56.441 43984 44330 I ThinkingAnalytics.DataHandle:         "#resume_from_background": false,
07-05 08:40:56.441 43984 44330 I ThinkingAnalytics.DataHandle:         "#zone_offset": -4
07-05 08:40:56.441 43984 44330 I ThinkingAnalytics.DataHandle:     },
07-05 08:40:56.441 43984 44330 I ThinkingAnalytics.DataHandle:     "#uuid": "eced58a0-ecd0-4d4c-b136-d65862d1604f"
07-05 08:40:56.441 43984 44330 I ThinkingAnalytics.DataHandle: }
07-05 08:40:56.502    78 44334 E ResolverController: No valid NAT64 prefix (100, <unspecified>/0)
07-05 08:40:56.502    78 44324 E ResolverController: No valid NAT64 prefix (100, <unspecified>/0)
07-05 08:40:56.541 43984 44056 E Unity   : [HotLoadManager][OnStreamingAssetVersionLoaded] Streaming-VersionConfig load success! version: 1.0.3.2, apkVersion: 1.1.3
07-05 08:40:56.541 43984 44056 E Unity   : W02HotLoad.HotLoadManager:OnStreamingAssetVersionLoaded(String)
07-05 08:40:56.541 43984 44056 E Unity   : W02HotLoad.OnWebRequestSuccessHandler:Invoke(DownloadHandler)
07-05 08:40:56.541 43984 44056 E Unity   : System.Action`1:Invoke(T)
07-05 08:40:56.541 43984 44056 E Unity   : UnityEngine.AsyncOperation:InvokeCompletionEvent()
07-05 08:40:56.541 43984 44056 E Unity   : 
07-05 08:40:56.542 43984 44056 E Unity   : [HotLoadManager][OnStreamingAssetVersionLoaded] remote version load url: https://hanghwqddl.leiting.com/version/channel/Release_OBT/Android/VersionConfig.json
07-05 08:40:56.542 43984 44056 E Unity   : W02HotLoad.HotLoadManager:OnStreamingAssetVersionLoaded(String)
07-05 08:40:56.542 43984 44056 E Unity   : W02HotLoad.OnWebRequestSuccessHandler:Invoke(DownloadHandler)
07-05 08:40:56.542 43984 44056 E Unity   : System.Action`1:Invoke(T)
