07-05 08:41:01.818 43984 44056 E Unity   : W02HotLoad.OnWebRequestSuccessHandler:Invoke(DownloadHandler)
07-05 08:41:01.818 43984 44056 E Unity   : System.Action`1:Invoke(T)
07-05 08:41:01.818 43984 44056 E Unity   : UnityEngine.AsyncOperation:InvokeCompletionEvent()
07-05 08:41:01.818 43984 44056 E Unity   : 
07-05 08:41:01.818    78 44386 E ResolverController: No valid NAT64 prefix (100, <unspecified>/0)
07-05 08:41:01.819 43984 44056 E Unity   : [HotLoadManager][OnStreamingAssetVersionLoaded] remote version load url: https://hanghwqddl.leiting.com/version/channel/Release_OBT/Android/VersionConfig.json
07-05 08:41:01.819 43984 44056 E Unity   : W02HotLoad.HotLoadManager:OnStreamingAssetVersionLoaded(String)
07-05 08:41:01.819 43984 44056 E Unity   : W02HotLoad.OnWebRequestSuccessHandler:Invoke(DownloadHandler)
07-05 08:41:01.819 43984 44056 E Unity   : System.Action`1:Invoke(T)
07-05 08:41:01.819 43984 44056 E Unity   : UnityEngine.AsyncOperation:InvokeCompletionEvent()
07-05 08:41:01.819 43984 44056 E Unity   : 
07-05 08:41:01.822 43984 44058 W mesw02.aligame: resources.arsc in APK '/system/priv-app/qqbrowser_15.1.5.5032_GA_20240604_115940_1100125022/qqbrowser_15.1.5.5032_GA_20240604_115940_1100125022.apk' is compressed.
07-05 08:41:01.879    78 44389 E ResolverController: No valid NAT64 prefix (100, <unspecified>/0)
07-05 08:41:02.831 44074 44143 I BGService: nothing to do, quit
07-05 08:41:02.833 44074 44074 I BGService: onDestroy
07-05 08:41:02.833 44074 44143 I Process : Sending signal. PID: 44074 SIG: 9
07-05 08:41:02.861   316 43330 I ActivityManager: Process com.joygames.hermesw02.aligames:lebian.dns (pid 44074) has died: fore SVC 
07-05 08:41:02.861   316   345 I libprocessgroup: Successfully killed process cgroup uid 10094 pid 44074 in 0ms
07-05 08:41:02.861    79    79 I Zygote  : Process 44074 exited due to signal 9 (Killed)
07-05 08:41:03.163    89   950 E jw_gps  : connect to /data/misc/gps/gps_ctrl error:2 No such file or directory
07-05 08:41:03.202   175 10015 I vpu_api_legacy: setup encoder rate control config:
07-05 08:41:03.202   175 10015 I vpu_api_legacy: width  608 height 1080 format 10:1000d
07-05 08:41:03.202   175 10015 I vpu_api_legacy: rc_mode CBR qp 26 bps 4000000
07-05 08:41:03.202   175 10015 I vpu_api_legacy: fps in 60 fps out 60 gop 599
07-05 08:41:03.202   175 10015 I vpu_api_legacy: setup encoder stream feature config:
07-05 08:41:03.202   175 10015 I vpu_api_legacy: profile 66 level 31 cabac 0
07-05 08:41:03.202   175 10016 I mpp_enc : mpp_enc_proc_cfg cmd 0x320001
07-05 08:41:03.202   175 10016 I mpp_enc : mpp_enc_proc_rc_cfg change 170025
07-05 08:41:03.202   175 10016 I mpp_enc : mpp_enc_proc_rc_cfg MPP_ENC_RC_CFG_CHANGE_FPS_IN
07-05 08:41:03.202   175 10016 I mpp_enc : MPP_ENC_SET_RC_CFG bps 4000000 [3750000 : 4250000] fps [60:60] gop 599
07-05 08:41:03.202   175 10016 I mpp_enc : send header for set cfg change rc_mode/fps/gop
07-05 08:41:03.202   175 10016 I mpp_enc : set_rc_cfg rc->stats_time 0
07-05 08:41:03.202   175 10016 I mpp_enc : mode cbr bps [3750000:4000000:4250000] fps flex [60/1] -> flex [60/1] gop i [599] v [0]
07-05 08:41:03.202   175 10015 I vpu_api_legacy: vpu_api_set_enc_cfg out
07-05 08:41:03.202   175 10015 I omx_vmpp: setupEncCfg
07-05 08:41:03.202   175 10015 I omx_vmpp: setupFrameRate: framerate 60.00 
07-05 08:41:03.202   175 10015 I omx_vmpp: setupQp: qpInit 26 i 10-51 p 10-49
07-05 08:41:03.202   175 10015 E mpp_cfg : mpp_enc_cfg_set_s32: cfg rc:qp_max_step is invalid
07-05 08:41:03.202   175 10015 E mpp_cfg : mpp_enc_cfg_set_s32: cfg rc:cb_qp_offset is invalid
07-05 08:41:03.202   175 10015 E mpp_cfg : mpp_enc_cfg_set_s32: cfg rc:cr_qp_offset is invalid
07-05 08:41:03.202   175 10016 I mpp_enc : mpp_enc_proc_cfg cmd 0x320001
07-05 08:41:03.202   175 10016 I mpp_enc : mpp_enc_proc_rc_cfg change 170045
07-05 08:41:03.202   175 10016 I mpp_enc : mpp_enc_proc_rc_cfg MPP_ENC_RC_CFG_CHANGE_FPS_OUT
07-05 08:41:03.202   175 10016 I mpp_enc : MPP_ENC_SET_RC_CFG bps 4000000 [250000 : 4250000] fps [60:60] gop 599
07-05 08:41:03.202   175 10016 I mpp_enc : send header for set cfg change rc_mode/fps/gop
07-05 08:41:03.202   175 10016 I mpp_enc : set_rc_cfg rc->stats_time 0
07-05 08:41:03.203   175 10016 I mpp_enc : mode vbr bps [250000:4000000:4250000] fps flex [60/1] -> flex [60/1] gop i [599] v [0]
07-05 08:41:03.203   175 10016 I mpp_enc : xxxxmpp_packet_append
07-05 08:41:03.221    98   108 E JWSensorsHal: connect to /data/misc/sensor/sensor_ctrl error:2 No such file or directory
07-05 08:41:03.221    84   179 E JWAudioHAL: connect to /data/misc/audioserver/audio_out error:2 No such file or directory
07-05 08:41:03.504 43984 44058 I UPush.LogDataProtocol: launch policy: -1
07-05 08:41:03.504 43984 44058 I UPush.LogDataProtocol: tag policy: -1
07-05 08:41:03.735   175 10016 I rc_model_v2: fps chg from 60 -> 30
07-05 08:41:04.460 43984 44056 E Unity   : ServerURL: https://hanghwqddl.leiting.com/asset/release/Release_OBT/Android/Version-1.0.6/VDA1CA0932.130/
07-05 08:41:04.460 43984 44056 E Unity   : W02HotLoad.HotLoadManager:InitTGRP(Action`2)
07-05 08:41:04.460 43984 44056 E Unity   : LaunchHotLoadSystem:OnVersionCheckFinish(Int32, Int32, String)
07-05 08:41:04.460 43984 44056 E Unity   : W02HotLoad.VersionCheckHandle:Invoke(Int32, Int32, String)
07-05 08:41:04.460 43984 44056 E Unity   : W02HotLoad.OnWebRequestSuccessHandler:Invoke(DownloadHandler)
07-05 08:41:04.460 43984 44056 E Unity   : W02HotLoad.<CoroutineDownLoadFile>d__84:MoveNext()
07-05 08:41:04.460 43984 44056 E Unity   : UnityEngine.SetupCoroutine:InvokeMoveNext(IEnumerator, IntPtr)
07-05 08:41:04.460 43984 44056 E Unity   : 
07-05 08:41:05.203   175 10015 I vpu_api_legacy: setup encoder rate control config:
07-05 08:41:05.203   175 10015 I vpu_api_legacy: width  608 height 1080 format 10:1000d
07-05 08:41:05.203   175 10015 I vpu_api_legacy: rc_mode CBR qp 26 bps 4000000
07-05 08:41:05.203   175 10015 I vpu_api_legacy: fps in 60 fps out 60 gop 599
07-05 08:41:05.203   175 10015 I vpu_api_legacy: setup encoder stream feature config:
07-05 08:41:05.203   175 10015 I vpu_api_legacy: profile 66 level 31 cabac 0
07-05 08:41:05.203   175 10016 I mpp_enc : mpp_enc_proc_cfg cmd 0x320001
07-05 08:41:05.204   175 10016 I mpp_enc : mpp_enc_proc_rc_cfg change 170025
07-05 08:41:05.204   175 10016 I mpp_enc : mpp_enc_proc_rc_cfg MPP_ENC_RC_CFG_CHANGE_FPS_IN
07-05 08:41:05.204   175 10016 I mpp_enc : MPP_ENC_SET_RC_CFG bps 4000000 [3750000 : 4250000] fps [60:60] gop 599
07-05 08:41:05.204   175 10016 I mpp_enc : send header for set cfg change rc_mode/fps/gop
07-05 08:41:05.204   175 10016 I mpp_enc : set_rc_cfg rc->stats_time 0
07-05 08:41:05.204   175 10016 I mpp_enc : mode cbr bps [3750000:4000000:4250000] fps flex [60/1] -> flex [60/1] gop i [599] v [0]
07-05 08:41:05.204   175 10015 I vpu_api_legacy: vpu_api_set_enc_cfg out
07-05 08:41:05.204   175 10015 I omx_vmpp: setupEncCfg
07-05 08:41:05.204   175 10015 I omx_vmpp: setupFrameRate: framerate 60.00 
07-05 08:41:05.204   175 10015 I omx_vmpp: setupQp: qpInit 26 i 10-51 p 10-49
07-05 08:41:05.204   175 10015 E mpp_cfg : mpp_enc_cfg_set_s32: cfg rc:qp_max_step is invalid
07-05 08:41:05.204   175 10015 E mpp_cfg : mpp_enc_cfg_set_s32: cfg rc:cb_qp_offset is invalid
07-05 08:41:05.204   175 10015 E mpp_cfg : mpp_enc_cfg_set_s32: cfg rc:cr_qp_offset is invalid
07-05 08:41:05.204   175 10016 I mpp_enc : mpp_enc_proc_cfg cmd 0x320001
07-05 08:41:05.204   175 10016 I mpp_enc : mpp_enc_proc_rc_cfg change 170045
07-05 08:41:05.204   175 10016 I mpp_enc : mpp_enc_proc_rc_cfg MPP_ENC_RC_CFG_CHANGE_FPS_OUT
07-05 08:41:05.205   175 10016 I mpp_enc : MPP_ENC_SET_RC_CFG bps 4000000 [250000 : 4250000] fps [60:60] gop 599
07-05 08:41:05.205   175 10016 I mpp_enc : send header for set cfg change rc_mode/fps/gop
07-05 08:41:05.205   175 10016 I mpp_enc : set_rc_cfg rc->stats_time 0
07-05 08:41:05.205   175 10016 I mpp_enc : mode vbr bps [250000:4000000:4250000] fps flex [60/1] -> flex [60/1] gop i [599] v [0]
07-05 08:41:05.205   175 10016 I mpp_enc : xxxxmpp_packet_append
07-05 08:41:05.736   175 10016 I rc_model_v2: fps chg from 60 -> 30
07-05 08:41:06.338 43984 44278 D NAccs.InAppConn_default:  startChannelService
07-05 08:41:06.338 43984 44278 I NAccs.a :  dispatchIntent bind service start intent:Intent { act=com.taobao.accs.intent.action.START_SERVICE cmp=com.joygames.hermesw02.aligames/com.taobao.accs.ChannelService (has extras) }
07-05 08:41:06.342   316   342 E memtrack: Couldn't load memtrack module
07-05 08:41:06.342   316   342 W android.os.Debug: failed to get memory consumption info: -1
07-05 08:41:06.342 43984 43984 D NAccs.a :  bindService connected componentName:ComponentInfo{com.joygames.hermesw02.aligames/com.taobao.accs.ChannelService}
07-05 08:41:06.342 43984 44278 D NAccs.AdapterGlobalClientInfo:  getAgooCustomServiceName serviceName:com.umeng.message.component.UmengIntentService
07-05 08:41:06.342 43984 44278 I NAccs.a :  dispatchIntent bind service start intent:Intent { act=org.agoo.android.intent.action.REPORT pkg=com.joygames.hermesw02.aligames cmp=com.joygames.hermesw02.aligames/com.umeng.message.component.UmengIntentService }
07-05 08:41:06.343 43984 43984 I NAccs.BaseService:  handleMessage on receive msg msg:{ when=-1ms what=0 target=com.taobao.accs.base.BaseService$1 }
07-05 08:41:06.343 43984 43984 I NAccs.BaseService:  handleMessage get intent success intent:Intent { act=com.taobao.accs.intent.action.START_SERVICE cmp=com.joygames.hermesw02.aligames/com.taobao.accs.ChannelService (has extras) }
07-05 08:41:06.344 43984 43984 D NAccs.a :  bindService connected componentName:ComponentInfo{com.joygames.hermesw02.aligames/com.umeng.message.component.UmengIntentService}
07-05 08:41:06.344 43984 44278 I NAccs.ElectionServiceImpl:  onStartCommand begin action:com.taobao.accs.intent.action.START_SERVICE
07-05 08:41:06.344 43984 44278 I NAccs.ElectionServiceImpl:  handleStartCommand configTag:default appkey:umeng:64df1fbe8efadc41dcc6221d appSecret:3bcdd5795f4c9c9b69c17419ce9089c2 ttid:android@umeng pkg:com.joygames.hermesw02.aligames
07-05 08:41:06.344 43984 44278 I NAccs.ElectionServiceImpl:  getConnection configTag:default start:false
07-05 08:41:06.344 43984 44278 E NAccs.ElectionServiceImpl:  getConnection channel disabled! configTag:default
07-05 08:41:06.344 43984 44278 E NAccs.ElectionServiceImpl:  handleStartCommand start action, no connection configTag:default
07-05 08:41:06.344 43984 44278 I NAccs.ServiceImpl:  onHostStartCommand intent:Intent { act=com.taobao.accs.intent.action.START_SERVICE cmp=com.joygames.hermesw02.aligames/com.taobao.accs.ChannelService (has extras) }
07-05 08:41:06.344 43984 43984 I NAccs.BaseIntentService:  handleMessage on receive msg msg:{ when=-1ms what=0 target=org.android.agoo.control.g }
07-05 08:41:06.345 43984 44278 D NAccs.ServiceImpl:  onHostStartCommand key:appKey  value:umeng:64df1fbe8efadc41dcc6221d
07-05 08:41:06.345 43984 43984 I NAccs.BaseIntentService:  handleMessage get intent success intent:Intent { act=org.agoo.android.intent.action.REPORT pkg=com.joygames.hermesw02.aligames cmp=com.joygames.hermesw02.aligames/com.umeng.message.component.UmengIntentService }
07-05 08:41:06.345 43984 44278 D NAccs.ServiceImpl:  onHostStartCommand key:configTag  value:default
07-05 08:41:06.345 43984 44278 D NAccs.ServiceImpl:  onHostStartCommand key:mode  value:0
07-05 08:41:06.345 43984 44278 D NAccs.ServiceImpl:  onHostStartCommand key:ttid  value:android@umeng
07-05 08:41:06.345 43984 44278 D NAccs.ServiceImpl:  onHostStartCommand key:packageName  value:com.joygames.hermesw02.aligames
07-05 08:41:06.345 43984 44278 D NAccs.ServiceImpl:  onHostStartCommand key:app_sercet  value:3bcdd5795f4c9c9b69c17419ce9089c2
07-05 08:41:06.345 43984 44278 D NAccs.ServiceImpl:  onHostStartCommand key:agoo_app_key  value:umeng:64df1fbe8efadc41dcc6221d
07-05 08:41:06.345 43984 44278 I NAccs.LoadSoFailUtil:  getSoFailTimes times:0
07-05 08:41:06.345 43984 44278 D NAccs.ServiceImpl:  handleAction action:com.taobao.accs.intent.action.START_SERVICE
07-05 08:41:06.345 43984 44278 W NAccs.ServiceImpl:  tryConnect no connections
07-05 08:41:06.345 43984 44278 I NAccs.BaseIntentService:  onHandleIntent,action=org.agoo.android.intent.action.REPORT,agooCommand=com.joygames.hermesw02.aligames.intent.action.COMMAND,mipushCommand=com.joygames.hermesw02.aligames.intent.thirdPush.action.COMMAND
07-05 08:41:06.346 43984 44278 I NAccs.BaseIntentService:  is report cache msg,Config.isReportCacheMsg(mContext)=false
07-05 08:41:06.346 43984 44278 D NAccs.isClearTime:  now=1720183266346,now - lastTime=4594,istrue=false
07-05 08:41:06.346 43984 44278 I NAccs.BaseIntentService:  is clear all msg=false
07-05 08:41:06.346 43984 44278 D NAccs.isClearTime:  now=1720183266346,now - lastTime=4594,istrue=false
07-05 08:41:06.714 43984 44259 I crashsdk: crashsdk uploading logs
07-05 08:41:07.203   175 10015 I vpu_api_legacy: setup encoder rate control config:
07-05 08:41:07.203   175 10015 I vpu_api_legacy: width  608 height 1080 format 10:1000d
07-05 08:41:07.203   175 10015 I vpu_api_legacy: rc_mode CBR qp 26 bps 4000000
07-05 08:41:07.203   175 10015 I vpu_api_legacy: fps in 60 fps out 60 gop 599
07-05 08:41:07.203   175 10015 I vpu_api_legacy: setup encoder stream feature config:
07-05 08:41:07.203   175 10015 I vpu_api_legacy: profile 66 level 31 cabac 0
07-05 08:41:07.203   175 10016 I mpp_enc : mpp_enc_proc_cfg cmd 0x320001
07-05 08:41:07.203   175 10016 I mpp_enc : mpp_enc_proc_rc_cfg change 170025
07-05 08:41:07.203   175 10016 I mpp_enc : mpp_enc_proc_rc_cfg MPP_ENC_RC_CFG_CHANGE_FPS_IN
07-05 08:41:07.203   175 10016 I mpp_enc : MPP_ENC_SET_RC_CFG bps 4000000 [3750000 : 4250000] fps [60:60] gop 599
07-05 08:41:07.208   175 10016 I mpp_enc : send header for set cfg change rc_mode/fps/gop
07-05 08:41:07.209   175 10016 I mpp_enc : set_rc_cfg rc->stats_time 0
07-05 08:41:07.209   175 10016 I mpp_enc : mode cbr bps [3750000:4000000:4250000] fps flex [60/1] -> flex [60/1] gop i [599] v [0]
07-05 08:41:07.209   175 10015 I vpu_api_legacy: vpu_api_set_enc_cfg out
07-05 08:41:07.209   175 10015 I omx_vmpp: setupEncCfg
07-05 08:41:07.209   175 10015 I omx_vmpp: setupFrameRate: framerate 60.00 
07-05 08:41:07.209   175 10015 I omx_vmpp: setupQp: qpInit 26 i 10-51 p 10-49
07-05 08:41:07.209   175 10015 E mpp_cfg : mpp_enc_cfg_set_s32: cfg rc:qp_max_step is invalid
07-05 08:41:07.209   175 10015 E mpp_cfg : mpp_enc_cfg_set_s32: cfg rc:cb_qp_offset is invalid
07-05 08:41:07.209   175 10015 E mpp_cfg : mpp_enc_cfg_set_s32: cfg rc:cr_qp_offset is invalid
07-05 08:41:07.223   175 10016 I mpp_enc : mpp_enc_proc_cfg cmd 0x320001
07-05 08:41:07.223   175 10016 I mpp_enc : mpp_enc_proc_rc_cfg change 170045
07-05 08:41:07.223   175 10016 I mpp_enc : mpp_enc_proc_rc_cfg MPP_ENC_RC_CFG_CHANGE_FPS_OUT
07-05 08:41:07.223   175 10016 I mpp_enc : MPP_ENC_SET_RC_CFG bps 4000000 [250000 : 4250000] fps [60:60] gop 599
07-05 08:41:07.224   175 10016 I mpp_enc : send header for set cfg change rc_mode/fps/gop
07-05 08:41:07.224   175 10016 I mpp_enc : set_rc_cfg rc->stats_time 0
07-05 08:41:07.224   175 10016 I mpp_enc : mode vbr bps [250000:4000000:4250000] fps flex [60/1] -> flex [60/1] gop i [599] v [0]
07-05 08:41:07.224   175 10016 I mpp_enc : xxxxmpp_packet_append
07-05 08:41:07.227 43984 44230 I newStatForPM: ——————————————8——————————————
07-05 08:41:07.227 43984 44230 I newStatForPM: bizType=1`bizId=901223
07-05 08:41:07.753   316   342 E memtrack: Couldn't load memtrack module
07-05 08:41:07.753   316   342 W android.os.Debug: failed to get memory consumption info: -1
07-05 08:41:07.770   175 10016 I rc_model_v2: fps chg from 60 -> 30
07-05 08:41:08.163    89   950 E jw_gps  : connect to /data/misc/gps/gps_ctrl error:2 No such file or directory
07-05 08:41:08.221    98   108 E JWSensorsHal: connect to /data/misc/sensor/sensor_ctrl error:2 No such file or directory
07-05 08:41:08.221    84   179 E JWAudioHAL: connect to /data/misc/audioserver/audio_out error:2 No such file or directory
07-05 08:41:09.204   175 10015 I vpu_api_legacy: setup encoder rate control config:
07-05 08:41:09.205   175 10015 I vpu_api_legacy: width  608 height 1080 format 10:1000d
07-05 08:41:09.205   175 10015 I vpu_api_legacy: rc_mode CBR qp 26 bps 4000000
07-05 08:41:09.205   175 10015 I vpu_api_legacy: fps in 60 fps out 60 gop 599
07-05 08:41:09.205   175 10015 I vpu_api_legacy: setup encoder stream feature config:
07-05 08:41:09.205   175 10015 I vpu_api_legacy: profile 66 level 31 cabac 0
07-05 08:41:09.205   175 10016 I mpp_enc : mpp_enc_proc_cfg cmd 0x320001
07-05 08:41:09.205   175 10016 I mpp_enc : mpp_enc_proc_rc_cfg change 170025
07-05 08:41:09.205   175 10016 I mpp_enc : mpp_enc_proc_rc_cfg MPP_ENC_RC_CFG_CHANGE_FPS_IN
07-05 08:41:09.205   175 10016 I mpp_enc : MPP_ENC_SET_RC_CFG bps 4000000 [3750000 : 4250000] fps [60:60] gop 599
07-05 08:41:09.205   175 10016 I mpp_enc : send header for set cfg change rc_mode/fps/gop
07-05 08:41:09.205   175 10016 I mpp_enc : set_rc_cfg rc->stats_time 0
07-05 08:41:09.205   175 10016 I mpp_enc : mode cbr bps [3750000:4000000:4250000] fps flex [60/1] -> flex [60/1] gop i [599] v [0]
07-05 08:41:09.205   175 10015 I vpu_api_legacy: vpu_api_set_enc_cfg out
07-05 08:41:09.205   175 10015 I omx_vmpp: setupEncCfg
07-05 08:41:09.205   175 10015 I omx_vmpp: setupFrameRate: framerate 60.00 
07-05 08:41:09.205   175 10015 I omx_vmpp: setupQp: qpInit 26 i 10-51 p 10-49
07-05 08:41:09.205   175 10015 E mpp_cfg : mpp_enc_cfg_set_s32: cfg rc:qp_max_step is invalid
07-05 08:41:09.205   175 10015 E mpp_cfg : mpp_enc_cfg_set_s32: cfg rc:cb_qp_offset is invalid
07-05 08:41:09.205   175 10015 E mpp_cfg : mpp_enc_cfg_set_s32: cfg rc:cr_qp_offset is invalid
07-05 08:41:09.205   175 10016 I mpp_enc : mpp_enc_proc_cfg cmd 0x320001
07-05 08:41:09.205   175 10016 I mpp_enc : mpp_enc_proc_rc_cfg change 170045
07-05 08:41:09.205   175 10016 I mpp_enc : mpp_enc_proc_rc_cfg MPP_ENC_RC_CFG_CHANGE_FPS_OUT
07-05 08:41:09.205   175 10016 I mpp_enc : MPP_ENC_SET_RC_CFG bps 4000000 [250000 : 4250000] fps [60:60] gop 599
07-05 08:41:09.205   175 10016 I mpp_enc : send header for set cfg change rc_mode/fps/gop
07-05 08:41:09.205   175 10016 I mpp_enc : set_rc_cfg rc->stats_time 0
07-05 08:41:09.206   175 10016 I mpp_enc : mode vbr bps [250000:4000000:4250000] fps flex [60/1] -> flex [60/1] gop i [599] v [0]
07-05 08:41:09.206   175 10016 I mpp_enc : xxxxmpp_packet_append
07-05 08:41:09.471   175 10016 I rc_model_v2: fps chg from 60 -> 41
07-05 08:41:09.736   175 10016 I rc_model_v2: fps chg from 41 -> 30
07-05 08:41:11.201   175 10015 I vpu_api_legacy: setup encoder rate control config:
07-05 08:41:11.201   175 10015 I vpu_api_legacy: width  608 height 1080 format 10:1000d
07-05 08:41:11.201   175 10015 I vpu_api_legacy: rc_mode CBR qp 26 bps 4000000
07-05 08:41:11.201   175 10015 I vpu_api_legacy: fps in 60 fps out 60 gop 599
07-05 08:41:11.201   175 10015 I vpu_api_legacy: setup encoder stream feature config:
07-05 08:41:11.201   175 10015 I vpu_api_legacy: profile 66 level 31 cabac 0
07-05 08:41:11.201   175 10016 I mpp_enc : mpp_enc_proc_cfg cmd 0x320001
07-05 08:41:11.201   175 10016 I mpp_enc : mpp_enc_proc_rc_cfg change 170025
07-05 08:41:11.201   175 10016 I mpp_enc : mpp_enc_proc_rc_cfg MPP_ENC_RC_CFG_CHANGE_FPS_IN
07-05 08:41:11.201   175 10016 I mpp_enc : MPP_ENC_SET_RC_CFG bps 4000000 [3750000 : 4250000] fps [60:60] gop 599
07-05 08:41:11.201   175 10016 I mpp_enc : send header for set cfg change rc_mode/fps/gop
07-05 08:41:11.201   175 10016 I mpp_enc : set_rc_cfg rc->stats_time 0
07-05 08:41:11.201   175 10016 I mpp_enc : mode cbr bps [3750000:4000000:4250000] fps flex [60/1] -> flex [60/1] gop i [599] v [0]
07-05 08:41:11.201   175 10015 I vpu_api_legacy: vpu_api_set_enc_cfg out
07-05 08:41:11.202   175 10015 I omx_vmpp: setupEncCfg
07-05 08:41:11.202   175 10015 I omx_vmpp: setupFrameRate: framerate 60.00 
07-05 08:41:11.202   175 10015 I omx_vmpp: setupQp: qpInit 26 i 10-51 p 10-49
07-05 08:41:11.202   175 10015 E mpp_cfg : mpp_enc_cfg_set_s32: cfg rc:qp_max_step is invalid
07-05 08:41:11.202   175 10015 E mpp_cfg : mpp_enc_cfg_set_s32: cfg rc:cb_qp_offset is invalid
07-05 08:41:11.202   175 10015 E mpp_cfg : mpp_enc_cfg_set_s32: cfg rc:cr_qp_offset is invalid
07-05 08:41:11.202   175 10016 I mpp_enc : mpp_enc_proc_cfg cmd 0x320001
07-05 08:41:11.202   175 10016 I mpp_enc : mpp_enc_proc_rc_cfg change 170045
07-05 08:41:11.202   175 10016 I mpp_enc : mpp_enc_proc_rc_cfg MPP_ENC_RC_CFG_CHANGE_FPS_OUT
07-05 08:41:11.202   175 10016 I mpp_enc : MPP_ENC_SET_RC_CFG bps 4000000 [250000 : 4250000] fps [60:60] gop 599
07-05 08:41:11.202   175 10016 I mpp_enc : send header for set cfg change rc_mode/fps/gop
07-05 08:41:11.202   175 10016 I mpp_enc : set_rc_cfg rc->stats_time 0
07-05 08:41:11.202   175 10016 I mpp_enc : mode vbr bps [250000:4000000:4250000] fps flex [60/1] -> flex [60/1] gop i [599] v [0]
07-05 08:41:11.202   175 10016 I mpp_enc : xxxxmpp_packet_append
07-05 08:41:11.471   175 10016 I rc_model_v2: fps chg from 60 -> 44
07-05 08:41:11.736   175 10016 I rc_model_v2: fps chg from 44 -> 30
07-05 08:41:13.163    89   950 E jw_gps  : connect to /data/misc/gps/gps_ctrl error:2 No such file or directory
07-05 08:41:13.204   175 10015 I vpu_api_legacy: setup encoder rate control config:
07-05 08:41:13.204   175 10015 I vpu_api_legacy: width  608 height 1080 format 10:1000d
07-05 08:41:13.204   175 10015 I vpu_api_legacy: rc_mode CBR qp 26 bps 4000000
07-05 08:41:13.204   175 10015 I vpu_api_legacy: fps in 60 fps out 60 gop 599
07-05 08:41:13.204   175 10015 I vpu_api_legacy: setup encoder stream feature config:
07-05 08:41:13.204   175 10015 I vpu_api_legacy: profile 66 level 31 cabac 0
07-05 08:41:13.204   175 10016 I mpp_enc : mpp_enc_proc_cfg cmd 0x320001
07-05 08:41:13.204   175 10016 I mpp_enc : mpp_enc_proc_rc_cfg change 170025
07-05 08:41:13.204   175 10016 I mpp_enc : mpp_enc_proc_rc_cfg MPP_ENC_RC_CFG_CHANGE_FPS_IN
07-05 08:41:13.204   175 10016 I mpp_enc : MPP_ENC_SET_RC_CFG bps 4000000 [3750000 : 4250000] fps [60:60] gop 599
07-05 08:41:13.204   175 10016 I mpp_enc : send header for set cfg change rc_mode/fps/gop
07-05 08:41:13.204   175 10016 I mpp_enc : set_rc_cfg rc->stats_time 0
07-05 08:41:13.204   175 10016 I mpp_enc : mode cbr bps [3750000:4000000:4250000] fps flex [60/1] -> flex [60/1] gop i [599] v [0]
07-05 08:41:13.205   175 10015 I vpu_api_legacy: vpu_api_set_enc_cfg out
07-05 08:41:13.205   175 10015 I omx_vmpp: setupEncCfg
07-05 08:41:13.205   175 10015 I omx_vmpp: setupFrameRate: framerate 60.00 
07-05 08:41:13.205   175 10015 I omx_vmpp: setupQp: qpInit 26 i 10-51 p 10-49
07-05 08:41:13.205   175 10015 E mpp_cfg : mpp_enc_cfg_set_s32: cfg rc:qp_max_step is invalid
07-05 08:41:13.205   175 10015 E mpp_cfg : mpp_enc_cfg_set_s32: cfg rc:cb_qp_offset is invalid
07-05 08:41:13.205   175 10015 E mpp_cfg : mpp_enc_cfg_set_s32: cfg rc:cr_qp_offset is invalid
07-05 08:41:13.205   175 10016 I mpp_enc : mpp_enc_proc_cfg cmd 0x320001
07-05 08:41:13.206   175 10016 I mpp_enc : mpp_enc_proc_rc_cfg change 170045
07-05 08:41:13.206   175 10016 I mpp_enc : mpp_enc_proc_rc_cfg MPP_ENC_RC_CFG_CHANGE_FPS_OUT
07-05 08:41:13.206   175 10016 I mpp_enc : MPP_ENC_SET_RC_CFG bps 4000000 [250000 : 4250000] fps [60:60] gop 599
07-05 08:41:13.206   175 10016 I mpp_enc : send header for set cfg change rc_mode/fps/gop
07-05 08:41:13.206   175 10016 I mpp_enc : set_rc_cfg rc->stats_time 0
07-05 08:41:13.206   175 10016 I mpp_enc : mode vbr bps [250000:4000000:4250000] fps flex [60/1] -> flex [60/1] gop i [599] v [0]
07-05 08:41:13.206   175 10016 I mpp_enc : xxxxmpp_packet_append
07-05 08:41:13.221    98   108 E JWSensorsHal: connect to /data/misc/sensor/sensor_ctrl error:2 No such file or directory
07-05 08:41:13.222    84   179 E JWAudioHAL: connect to /data/misc/audioserver/audio_out error:2 No such file or directory
07-05 08:41:13.737   175 10016 I rc_model_v2: fps chg from 60 -> 30
07-05 08:41:15.202   175 10015 I vpu_api_legacy: setup encoder rate control config:
07-05 08:41:15.202   175 10015 I vpu_api_legacy: width  608 height 1080 format 10:1000d
07-05 08:41:15.202   175 10015 I vpu_api_legacy: rc_mode CBR qp 26 bps 4000000
07-05 08:41:15.202   175 10015 I vpu_api_legacy: fps in 60 fps out 60 gop 599
07-05 08:41:15.202   175 10015 I vpu_api_legacy: setup encoder stream feature config:
07-05 08:41:15.202   175 10015 I vpu_api_legacy: profile 66 level 31 cabac 0
07-05 08:41:15.203   175 10016 I mpp_enc : mpp_enc_proc_cfg cmd 0x320001
07-05 08:41:15.203   175 10016 I mpp_enc : mpp_enc_proc_rc_cfg change 170025
07-05 08:41:15.203   175 10016 I mpp_enc : mpp_enc_proc_rc_cfg MPP_ENC_RC_CFG_CHANGE_FPS_IN
07-05 08:41:15.203   175 10016 I mpp_enc : MPP_ENC_SET_RC_CFG bps 4000000 [3750000 : 4250000] fps [60:60] gop 599
07-05 08:41:15.203   175 10016 I mpp_enc : send header for set cfg change rc_mode/fps/gop
07-05 08:41:15.203   175 10016 I mpp_enc : set_rc_cfg rc->stats_time 0
07-05 08:41:15.203   175 10016 I mpp_enc : mode cbr bps [3750000:4000000:4250000] fps flex [60/1] -> flex [60/1] gop i [599] v [0]
07-05 08:41:15.203   175 10015 I vpu_api_legacy: vpu_api_set_enc_cfg out
07-05 08:41:15.203   175 10015 I omx_vmpp: setupEncCfg
07-05 08:41:15.203   175 10015 I omx_vmpp: setupFrameRate: framerate 60.00 
07-05 08:41:15.203   175 10015 I omx_vmpp: setupQp: qpInit 26 i 10-51 p 10-49
07-05 08:41:15.203   175 10015 E mpp_cfg : mpp_enc_cfg_set_s32: cfg rc:qp_max_step is invalid
07-05 08:41:15.203   175 10015 E mpp_cfg : mpp_enc_cfg_set_s32: cfg rc:cb_qp_offset is invalid
07-05 08:41:15.203   175 10015 E mpp_cfg : mpp_enc_cfg_set_s32: cfg rc:cr_qp_offset is invalid
07-05 08:41:15.203   175 10016 I mpp_enc : mpp_enc_proc_cfg cmd 0x320001
07-05 08:41:15.203   175 10016 I mpp_enc : mpp_enc_proc_rc_cfg change 170045
07-05 08:41:15.203   175 10016 I mpp_enc : mpp_enc_proc_rc_cfg MPP_ENC_RC_CFG_CHANGE_FPS_OUT
07-05 08:41:15.204   175 10016 I mpp_enc : MPP_ENC_SET_RC_CFG bps 4000000 [250000 : 4250000] fps [60:60] gop 599
07-05 08:41:15.204   175 10016 I mpp_enc : send header for set cfg change rc_mode/fps/gop
07-05 08:41:15.204   175 10016 I mpp_enc : set_rc_cfg rc->stats_time 0
07-05 08:41:15.204   175 10016 I mpp_enc : mode vbr bps [250000:4000000:4250000] fps flex [60/1] -> flex [60/1] gop i [599] v [0]
07-05 08:41:15.204   175 10016 I mpp_enc : xxxxmpp_packet_append
07-05 08:41:15.736   175 10016 I rc_model_v2: fps chg from 60 -> 30
07-05 08:41:17.203   175 10015 I vpu_api_legacy: setup encoder rate control config:
07-05 08:41:17.203   175 10015 I vpu_api_legacy: width  608 height 1080 format 10:1000d
07-05 08:41:17.203   175 10015 I vpu_api_legacy: rc_mode CBR qp 26 bps 4000000
07-05 08:41:17.203   175 10015 I vpu_api_legacy: fps in 60 fps out 60 gop 599
07-05 08:41:17.203   175 10015 I vpu_api_legacy: setup encoder stream feature config:
07-05 08:41:17.203   175 10015 I vpu_api_legacy: profile 66 level 31 cabac 0
07-05 08:41:17.204   175 10016 I mpp_enc : mpp_enc_proc_cfg cmd 0x320001
07-05 08:41:17.204   175 10016 I mpp_enc : mpp_enc_proc_rc_cfg change 170025
07-05 08:41:17.204   175 10016 I mpp_enc : mpp_enc_proc_rc_cfg MPP_ENC_RC_CFG_CHANGE_FPS_IN
07-05 08:41:17.204   175 10016 I mpp_enc : MPP_ENC_SET_RC_CFG bps 4000000 [3750000 : 4250000] fps [60:60] gop 599
07-05 08:41:17.204   175 10016 I mpp_enc : send header for set cfg change rc_mode/fps/gop
07-05 08:41:17.204   175 10016 I mpp_enc : set_rc_cfg rc->stats_time 0
07-05 08:41:17.204   175 10016 I mpp_enc : mode cbr bps [3750000:4000000:4250000] fps flex [60/1] -> flex [60/1] gop i [599] v [0]
07-05 08:41:17.204   175 10015 I vpu_api_legacy: vpu_api_set_enc_cfg out
07-05 08:41:17.205   175 10015 I omx_vmpp: setupEncCfg
07-05 08:41:17.205   175 10015 I omx_vmpp: setupFrameRate: framerate 60.00 
07-05 08:41:17.205   175 10015 I omx_vmpp: setupQp: qpInit 26 i 10-51 p 10-49
07-05 08:41:17.205   175 10015 E mpp_cfg : mpp_enc_cfg_set_s32: cfg rc:qp_max_step is invalid
07-05 08:41:17.205   175 10015 E mpp_cfg : mpp_enc_cfg_set_s32: cfg rc:cb_qp_offset is invalid
07-05 08:41:17.205   175 10015 E mpp_cfg : mpp_enc_cfg_set_s32: cfg rc:cr_qp_offset is invalid
07-05 08:41:17.205   175 10016 I mpp_enc : mpp_enc_proc_cfg cmd 0x320001
07-05 08:41:17.205   175 10016 I mpp_enc : mpp_enc_proc_rc_cfg change 170045
07-05 08:41:17.205   175 10016 I mpp_enc : mpp_enc_proc_rc_cfg MPP_ENC_RC_CFG_CHANGE_FPS_OUT
07-05 08:41:17.205   175 10016 I mpp_enc : MPP_ENC_SET_RC_CFG bps 4000000 [250000 : 4250000] fps [60:60] gop 599
07-05 08:41:17.205   175 10016 I mpp_enc : send header for set cfg change rc_mode/fps/gop
07-05 08:41:17.205   175 10016 I mpp_enc : set_rc_cfg rc->stats_time 0
07-05 08:41:17.205   175 10016 I mpp_enc : mode vbr bps [250000:4000000:4250000] fps flex [60/1] -> flex [60/1] gop i [599] v [0]
07-05 08:41:17.206   175 10016 I mpp_enc : xxxxmpp_packet_append
07-05 08:41:17.737   175 10016 I rc_model_v2: fps chg from 60 -> 30
07-05 08:41:18.163    89   950 E jw_gps  : connect to /data/misc/gps/gps_ctrl error:2 No such file or directory
07-05 08:41:18.222    98   108 E JWSensorsHal: connect to /data/misc/sensor/sensor_ctrl error:2 No such file or directory
07-05 08:41:18.222    84   179 E JWAudioHAL: connect to /data/misc/audioserver/audio_out error:2 No such file or directory
07-05 08:41:18.493 43984 44240 W CallBeforeFilter: [enqueueBefore] log.collect.sdklog
07-05 08:41:18.772    78 44431 E ResolverController: No valid NAT64 prefix (100, <unspecified>/0)
07-05 08:41:18.894 43984 43984 W networkBusiness: SDK7.sdk7 Release lockDown.log.collect.sdklog
07-05 08:41:19.202   175 10015 I vpu_api_legacy: setup encoder rate control config:
07-05 08:41:19.202   175 10015 I vpu_api_legacy: width  608 height 1080 format 10:1000d
07-05 08:41:19.202   175 10015 I vpu_api_legacy: rc_mode CBR qp 26 bps 4000000
07-05 08:41:19.202   175 10015 I vpu_api_legacy: fps in 60 fps out 60 gop 599
07-05 08:41:19.202   175 10015 I vpu_api_legacy: setup encoder stream feature config:
07-05 08:41:19.202   175 10015 I vpu_api_legacy: profile 66 level 31 cabac 0
07-05 08:41:19.202   175 10016 I mpp_enc : mpp_enc_proc_cfg cmd 0x320001
07-05 08:41:19.202   175 10016 I mpp_enc : mpp_enc_proc_rc_cfg change 170025
07-05 08:41:19.202   175 10016 I mpp_enc : mpp_enc_proc_rc_cfg MPP_ENC_RC_CFG_CHANGE_FPS_IN
07-05 08:41:19.202   175 10016 I mpp_enc : MPP_ENC_SET_RC_CFG bps 4000000 [3750000 : 4250000] fps [60:60] gop 599
07-05 08:41:19.202   175 10016 I mpp_enc : send header for set cfg change rc_mode/fps/gop
07-05 08:41:19.202   175 10016 I mpp_enc : set_rc_cfg rc->stats_time 0
07-05 08:41:19.202   175 10016 I mpp_enc : mode cbr bps [3750000:4000000:4250000] fps flex [60/1] -> flex [60/1] gop i [599] v [0]
07-05 08:41:19.203   175 10015 I vpu_api_legacy: vpu_api_set_enc_cfg out
07-05 08:41:19.203   175 10015 I omx_vmpp: setupEncCfg
07-05 08:41:19.203   175 10015 I omx_vmpp: setupFrameRate: framerate 60.00 
07-05 08:41:19.203   175 10015 I omx_vmpp: setupQp: qpInit 26 i 10-51 p 10-49
07-05 08:41:19.203   175 10015 E mpp_cfg : mpp_enc_cfg_set_s32: cfg rc:qp_max_step is invalid
07-05 08:41:19.203   175 10015 E mpp_cfg : mpp_enc_cfg_set_s32: cfg rc:cb_qp_offset is invalid
07-05 08:41:19.203   175 10015 E mpp_cfg : mpp_enc_cfg_set_s32: cfg rc:cr_qp_offset is invalid
07-05 08:41:19.203   175 10016 I mpp_enc : mpp_enc_proc_cfg cmd 0x320001
07-05 08:41:19.203   175 10016 I mpp_enc : mpp_enc_proc_rc_cfg change 170045
07-05 08:41:19.203   175 10016 I mpp_enc : mpp_enc_proc_rc_cfg MPP_ENC_RC_CFG_CHANGE_FPS_OUT
07-05 08:41:19.203   175 10016 I mpp_enc : MPP_ENC_SET_RC_CFG bps 4000000 [250000 : 4250000] fps [60:60] gop 599
07-05 08:41:19.203   175 10016 I mpp_enc : send header for set cfg change rc_mode/fps/gop
07-05 08:41:19.203   175 10016 I mpp_enc : set_rc_cfg rc->stats_time 0
07-05 08:41:19.203   175 10016 I mpp_enc : mode vbr bps [250000:4000000:4250000] fps flex [60/1] -> flex [60/1] gop i [599] v [0]
07-05 08:41:19.204   175 10016 I mpp_enc : xxxxmpp_packet_append
07-05 08:41:19.471   175 10016 I rc_model_v2: fps chg from 60 -> 44
07-05 08:41:19.738   175 10016 I rc_model_v2: fps chg from 44 -> 29
07-05 08:41:21.480   175   705 E OMXNodeInstance: emptyBuffer::storeFenceInMeta(0xec17bf60:rk._encoder.avc, 0xec16cd60 [8@0xec16cd60 (0..+8) f=10 ts=551151875462 fc=38] { IN=0/2 OUT=4/4 }) ERROR: ??(0xffffffc2)
07-05 08:41:21.480   175   705 W         : Unrecognized status value: -62
07-05 08:41:21.480   175   705 W TWGraphicBufferSource: Unrecognized status value: -62
07-05 08:41:21.480   175   705 W GraphicBufferSource: WARNING: emptyGraphicBuffer failed: 0xffffffc2
