07-05 08:40:46.394   175 10016 I rc_model_v2: fps chg from 22 -> 9
07-05 08:40:46.411    79    79 W         : Read socket err: Try again
07-05 08:40:46.412  1195  1493 V Space   : closeClient: android.net.LocalSocket@e5a8792 impl:android.net.LocalSocketImpl@ec66563 fd:java.io.FileDescriptor@aef8560, reason: reached the end
07-05 08:40:46.441    79    79 D Zygote  : Forked child process 44004
07-05 08:40:46.444   316   344 W ActivityManager: Slow operation: 1048ms so far, now at startProcess: returned from zygote!
07-05 08:40:46.444   316   344 W ActivityManager: Slow operation: 1048ms so far, now at startProcess: done updating battery stats
07-05 08:40:46.444   316   344 W ActivityManager: Slow operation: 1048ms so far, now at startProcess: building log message
07-05 08:40:46.444   316   344 I ActivityManager: Start proc 44004:com.joygames.hermesw02.aligames:lebian.base/u0a94 for content provider {com.joygames.hermesw02.aligames/com.excelliance.lbsdk.preferences.provider.LBContentProvider}
07-05 08:40:46.444   316   344 W ActivityManager: Slow operation: 1048ms so far, now at startProcess: starting to update pids map
07-05 08:40:46.444   316   344 W ActivityManager: Slow operation: 1048ms so far, now at startProcess: done updating pids map
07-05 08:40:46.449 44004 44004 I Zygote  : seccomp disabled by setenforce 0
07-05 08:40:46.453 44004 44004 E mes:lebian.bas: Not starting debugger since process cannot load the jdwp agent.
07-05 08:40:46.463 44004 44004 I mes:lebian.bas: The ClassLoaderContext is a special shared library.
07-05 08:40:46.471 44004 44004 D GlobalSettings: USE_LEBIAN=true
07-05 08:40:46.475 44004 44004 D ActivityThread: Loading provider com.joygames.hermesw02.aligames:com.excelliance.lbsdk.preferences.provider.LBContentProvider: com.excelliance.lbsdk.preferences.provider.LBContentProvider
07-05 08:40:46.475 44004 44004 W SQLiteCompatibilityWalFlags: Cannot read global setting sqlite_compatibility_wal_flags - Application state not available
07-05 08:40:46.539 43984 43984 I ProcessManager: record: name:com.joygames.hermesw02.aligames pid:43984
07-05 08:40:46.540 43984 43984 I LBSMC   : reinstalled, runningOnVm=false
07-05 08:40:46.768 43984 43984 I LBSMC   : start base
07-05 08:40:46.769 44004 44023 I LBContentProvider: start service
07-05 08:40:46.772 44004 44004 I BaseService: onStartCommand:startForground= false
07-05 08:40:46.772 44004 44027 I BaseService: from=1, action=null
07-05 08:40:46.772 44004 44027 I BaseService: queryUpdateInfo entered..
07-05 08:40:46.794 43984 43984 I LBSdkHelper: privacyIsChecked:true
07-05 08:40:46.794 43984 43984 I LBSdkHelper: runningOnVm false, procName com.joygames.hermesw02.aligames
07-05 08:40:46.795 43984 43984 I MultiDex: VM with version 2.1.0 has multidex support
07-05 08:40:46.795 43984 43984 I MultiDex: install
07-05 08:40:46.795 43984 43984 I MultiDex: VM has multidex support, MultiDex support library is disabled.
07-05 08:40:46.797 43984 43984 I LBMustModule: checkOverlayInstall, base.apk(/data/app/com.joygames.hermesw02.aligames-ugw50vfH4UQTRzw8tcYkFQ==/base.apk)
07-05 08:40:46.799 44004 44027 I BaseUtil: getUrlRoot: https=0
07-05 08:40:46.876 43984 43984 W PackageParser: Unknown element under <manifest>: queries at /data/app/com.joygames.hermesw02.aligames-ugw50vfH4UQTRzw8tcYkFQ==/base.apk Binary XML file line #29
07-05 08:40:46.885 44004 44027 W PackageParser: Unknown element under <manifest>: queries at /data/app/com.joygames.hermesw02.aligames-ugw50vfH4UQTRzw8tcYkFQ==/base.apk Binary XML file line #29
07-05 08:40:46.945 44004 44027 I HKUtil  : isEmulator: device= rk3588_docker,brand= rockchip,name=rk3588_docker
07-05 08:40:46.946 44004 44027 I HKUtil  : is_bluestacks_emulator: time1:0 time2:0 time3:0
07-05 08:40:46.946 44004 44027 I HKUtil  : is_mumu_emulator time3:0 time4:0
07-05 08:40:46.946 44004 44027 I HKUtil  : r time:0
07-05 08:40:47.003 44004 44027 I BaseService: chkinf i:28CE2003F91D992AEDD8B9545C59F9BB c:arm64-v8a r:10 b:rockchip m:rk3588_docker
07-05 08:40:47.008 44004 44027 D NetworkSecurityConfig: Using Network Security Config from resource lebian_network_security_config debugBuild: false
07-05 08:40:47.012 43984 43984 I VersionManager: enableNext next:null
07-05 08:40:47.020    78 44031 E ResolverController: No valid NAT64 prefix (100, <unspecified>/0)
07-05 08:40:47.038 43984 43984 I BaseUtil: handleComponents flag=0
07-05 08:40:47.051 43984 43984 I LBSdkHelper: attachBaseContext: needHook false
07-05 08:40:47.057 43984 43984 I LBSdkHelper: removeProxyProviders: remove ContentProviderInfo{name=com.joygames.hermesw02.aligames:com.excelliance.kxqp.platform.proxy.gameplugin.ContentProviderProxy.P00 className=com.excelliance.kxqp.platform.proxy.gameplugin.ContentProviderProxy$P00}:com.joygames.hermesw02.aligames:com.excelliance.kxqp.platform.proxy.gameplugin.ContentProviderProxy.P00
07-05 08:40:47.072 43984 43984 I LBSdkHelper: load mainjar
07-05 08:40:47.072 43984 43984 I LBSMC   : load:name= lbsdk.jar,proc=com.joygames.hermesw02.aligames, jarFile=/data/user/0/com.joygames.hermesw02.aligames/.lebiansdk/lbsdk.jar
07-05 08:40:47.084 43984 43984 I HKUtil  : is_bluestacks_emulator: time1:0 time2:0 time3:0
07-05 08:40:47.084 43984 43984 I HKUtil  : is_mumu_emulator time3:0 time4:0
07-05 08:40:47.084 43984 43984 I HKUtil  : r time:0
07-05 08:40:47.134 43984 43984 W mesw02.aligame: Opening an oat file without a class loader. Are you using the deprecated DexFile APIs?
07-05 08:40:47.151 43984 43984 I LBSdkHelper: load uijar
07-05 08:40:47.151 43984 43984 I LBSMC   : load:name= lbui.jar,proc=com.joygames.hermesw02.aligames, jarFile=/data/user/0/com.joygames.hermesw02.aligames/.lebiansdk/lbui.jar
07-05 08:40:47.152 43984 43984 I HKUtil  : is_bluestacks_emulator: time1:0 time2:0 time3:0
07-05 08:40:47.152 43984 43984 I HKUtil  : is_mumu_emulator time3:0 time4:0
07-05 08:40:47.152 43984 43984 I HKUtil  : r time:0
07-05 08:40:47.153 43984 43984 W mesw02.aligame: Opening an oat file without a class loader. Are you using the deprecated DexFile APIs?
07-05 08:40:47.207 43984 43984 I LBSdkHelper: top:com.w02.sdk.LaunchActivity
07-05 08:40:47.207 43984 43984 I LBSdkHelper: bwbxInit isPrivacy:false
07-05 08:40:47.211 43984 43984 I BwbxUIImpl: init is record:false
07-05 08:40:47.230 43984 43984 I BwbxUtil: bwbx init
07-05 08:40:47.230 43984 43984 I BwbxUtil: classloader:dalvik.system.PathClassLoader[DexPathList[[zip file "/data/app/com.joygames.hermesw02.aligames-ugw50vfH4UQTRzw8tcYkFQ==/base.apk"],nativeLibraryDirectories=[/data/app/com.joygames.hermesw02.aligames-ugw50vfH4UQTRzw8tcYkFQ==/lib/arm64, /data/app/com.joygames.hermesw02.aligames-ugw50vfH4UQTRzw8tcYkFQ==/base.apk!/lib/arm64-v8a, /system/lib64, /product/lib64]]]
07-05 08:40:47.232 43984 43984 W BwbxUtil: engine not be set
07-05 08:40:47.232 43984 43984 W BwbxUtil: engine size:14
07-05 08:40:47.235 43984 43984 I BwbxUtil: bwbx init engine:unity
07-05 08:40:47.239 43984 43984 I AssetUpdateUtil: getFilePathInResHu: null
07-05 08:40:47.239 43984 43984 I GameUtil: no origSize, zipType:1
07-05 08:40:47.242 43984 43984 I AssetUpdateUtil: getFilePathInResHu: null
07-05 08:40:47.242 43984 43984 I GameUtil: no origSize, zipType:2
07-05 08:40:47.245 43984 43984 I AssetUpdateUtil: getFilePathInResHu: null
07-05 08:40:47.245 43984 43984 I GameUtil: no origSize, zipType:1
07-05 08:40:47.248 43984 43984 I AssetUpdateUtil: getFilePathInResHu: null
07-05 08:40:47.248 43984 43984 I GameUtil: no origSize, zipType:2
07-05 08:40:47.248 43984 43984 I BwbxUtil: after getOrigSize origSize:0 origSizeCompress:0 origSizeTwice:0 origSizeCompressTwice:0
07-05 08:40:47.257 43984 43984 W PackageParser: Unknown element under <manifest>: queries at /data/app/com.joygames.hermesw02.aligames-ugw50vfH4UQTRzw8tcYkFQ==/base.apk Binary XML file line #29
07-05 08:40:47.260 43984 43984 I BwbxUtil: needSoOut :false
07-05 08:40:47.262 43984 43984 I AssetUpdateUtil: getFilePathInResHu: null
07-05 08:40:47.263 43984 43984 I BwbxUtil: no localData
07-05 08:40:47.263 43984 43984 I BwbxUtil: java.io.FileNotFoundException: localData.png
07-05 08:40:47.263 43984 43984 I BwbxUtil:      at android.content.res.AssetManager.nativeOpenAsset(Native Method)
07-05 08:40:47.263 43984 43984 I BwbxUtil:      at android.content.res.AssetManager.open(AssetManager.java:824)
07-05 08:40:47.263 43984 43984 I BwbxUtil:      at android.content.res.AssetManager.open(AssetManager.java:801)
07-05 08:40:47.263 43984 43984 I BwbxUtil:      at com.excelliance.lbsdk.main.e.a(Unknown Source:57)
07-05 08:40:47.263 43984 43984 I BwbxUtil:      at com.excelliance.lbsdk.main.e.a(Unknown Source:1)
07-05 08:40:47.263 43984 43984 I BwbxUtil:      at com.excelliance.lbsdk.main.bwbx.BwbxUtil.P(Unknown Source:19)
07-05 08:40:47.263 43984 43984 I BwbxUtil:      at com.excelliance.lbsdk.main.bwbx.BwbxUtil.initPrivacy(Unknown Source:261)
07-05 08:40:47.263 43984 43984 I BwbxUtil:      at com.excelliance.lbsdk.main.bwbx.BwbxUtil.init(Unknown Source:14)
07-05 08:40:47.263 43984 43984 I BwbxUtil:      at java.lang.reflect.Method.invoke(Native Method)
07-05 08:40:47.263 43984 43984 I BwbxUtil:      at com.excelliance.lbsdk.must.base.BwbxUtilHelper.init(BwbxUtilHelper.java:55)
07-05 08:40:47.263 43984 43984 I BwbxUtil:      at com.excelliance.lbsdk.must.LBSdkHelper.bwbxInit(LBSdkHelper.java:472)
07-05 08:40:47.263 43984 43984 I BwbxUtil:      at com.excelliance.lbsdk.must.LBSdkHelper.attachBaseContext(LBSdkHelper.java:202)
07-05 08:40:47.263 43984 43984 I BwbxUtil:      at java.lang.reflect.Method.invoke(Native Method)
07-05 08:40:47.263 43984 43984 I BwbxUtil:      at com.excelliance.lbsdk.LBSdkHelper.attachBaseContext(Unknown Source:447)
07-05 08:40:47.263 43984 43984 I BwbxUtil:      at com.excelliance.open.LBApplication.attachBaseContext(Unknown Source:24)
07-05 08:40:47.263 43984 43984 I BwbxUtil:      at android.app.Application.attach(Application.java:351)
07-05 08:40:47.263 43984 43984 I BwbxUtil:      at android.app.Instrumentation.newApplication(Instrumentation.java:1156)
07-05 08:40:47.263 43984 43984 I BwbxUtil:      at android.app.LoadedApk.makeApplication(LoadedApk.java:1218)
07-05 08:40:47.263 43984 43984 I BwbxUtil:      at android.app.ActivityThread.handleBindApplication(ActivityThread.java:6513)
07-05 08:40:47.263 43984 43984 I BwbxUtil:      at android.app.ActivityThread.access$1300(ActivityThread.java:229)
07-05 08:40:47.263 43984 43984 I BwbxUtil:      at android.app.ActivityThread$H.handleMessage(ActivityThread.java:1869)
07-05 08:40:47.263 43984 43984 I BwbxUtil:      at android.os.Handler.dispatchMessage(Handler.java:107)
07-05 08:40:47.263 43984 43984 I BwbxUtil:      at android.os.Looper.loop(Looper.java:214)
07-05 08:40:47.263 43984 43984 I BwbxUtil:      at android.app.ActivityThread.main(ActivityThread.java:7438)
07-05 08:40:47.263 43984 43984 I BwbxUtil:      at java.lang.reflect.Method.invoke(Native Method)
07-05 08:40:47.263 43984 43984 I BwbxUtil:      at com.android.internal.os.RuntimeInit$MethodAndArgsCaller.run(RuntimeInit.java:492)
07-05 08:40:47.263 43984 43984 I BwbxUtil:      at com.android.internal.os.ZygoteInit.main(ZygoteInit.java:930)
07-05 08:40:47.283 43984 43984 I BigAssetPrepare: isBigAssets:false
07-05 08:40:47.290 43984 43984 I AssetRedirector: record:false gameCachePath:null gameApkPath:null
07-05 08:40:47.290 43984 43984 I AssetRedirector: is full pkg
07-05 08:40:47.296 43984 43984 I AssetUpdateUtil: getFilePathInResHu: null
07-05 08:40:47.311 43984 43984 I BaseUtil: is forwardground pkg=com.joygames.hermesw02.aligames
07-05 08:40:47.311 43984 43984 I BaseUtil: top=com.w02.sdk.LaunchActivity, pkg=com.joygames.hermesw02.aligames, isForeground=true
07-05 08:40:47.311 43984 43984 I BaseUtil: isForeground : true
07-05 08:40:47.313 43984 44034 I GameUtil: pid=43984, name=com.joygames.hermesw02.aligames
07-05 08:40:47.317 43984 44033 I BaseUtil: getUrlRoot: https=0
07-05 08:40:47.318 43984 44034 I BaseUtil: getUrlRoot: https=0
07-05 08:40:47.276 43984 43984 I chatty  : uid=10094(com.joygames.hermesw02.aligames) identical 1 line
07-05 08:40:47.321 43984 43984 W PackageParser: Unknown element under <manifest>: queries at /data/app/com.joygames.hermesw02.aligames-ugw50vfH4UQTRzw8tcYkFQ==/base.apk Binary XML file line #29
07-05 08:40:47.332 43984 44033 W PackageParser: Unknown element under <manifest>: queries at /data/app/com.joygames.hermesw02.aligames-ugw50vfH4UQTRzw8tcYkFQ==/base.apk Binary XML file line #29
07-05 08:40:47.334 43984 44034 W PackageParser: Unknown element under <manifest>: queries at /data/app/com.joygames.hermesw02.aligames-ugw50vfH4UQTRzw8tcYkFQ==/base.apk Binary XML file line #29
07-05 08:40:47.337 43984 44033 I LBBwbxDownloader: getResourceBase URL:http://mcidh3vy.cfcn.loveota.com/getresdomain.php?chid=70028&vercode=24032101&cpmeta=channel&pkg=com.joygames.hermesw02.aligames, retry=1
07-05 08:40:47.339 43984 44034 I GameUtil: getNotifySwitch URL:http://mcidh3vy.cscn.loveota.com/sdkstctr.php?chid=70028&cpmeta=channel&vercode=24032101&abver=1
07-05 08:40:47.341 43984 44033 D NetworkSecurityConfig: Using Network Security Config from resource lebian_network_security_config debugBuild: false
07-05 08:40:47.342 43984 43984 I LBSMC   : start dns
07-05 08:40:47.342 43984 43984 I launcher: Launcher: rockchip
07-05 08:40:47.345 43984 43984 I BaseUtil: is forwardground pkg=com.joygames.hermesw02.aligames
07-05 08:40:47.346 43984 43984 I BaseUtil: top=com.w02.sdk.LaunchActivity, pkg=com.joygames.hermesw02.aligames, isForeground=true
07-05 08:40:47.346 43984 43984 I BaseUtil: isForeground : true
07-05 08:40:47.348  1195  1549 V Space   : Received message: prop:0
07-05 08:40:47.348  1195  1549 W Space   : send warn: remove ? android.net.LocalSocket@adf3a19 impl:android.net.LocalSocketImpl@d158ade fd:java.io.FileDescriptor@82ff4bf
07-05 08:40:47.352    78 44038 E ResolverController: No valid NAT64 prefix (100, <unspecified>/0)
07-05 08:40:47.354 43984 43984 I LBSdkHelper: attachBaseContext() end, execOldAttachBaseContext true
07-05 08:40:47.355 43984 43984 I LBSdkHelper: attachBaseContext() end, exec true
07-05 08:40:47.355 43984 43984 I MultiDex: install
07-05 08:40:47.355 43984 43984 I MultiDex: VM has multidex support, MultiDex support library is disabled.
07-05 08:40:47.362 43984 43984 D JoySDK#JoySDK.setSDKListener: {com.joygames.mixsdk.track.LogTrackImpl$1@7cae4ca}
07-05 08:40:47.367 43984 43984 W ActivityThread: Unable to get context for package com.lbsdk.removed.x.y.z while loading content provider com.excelliance.kxqp.platform.proxy.gameplugin.ContentProviderProxy$P00
07-05 08:40:47.372 43984 43984 D JoySDK#JoySDK.onAppCreate: {com.excelliance.open.LBApplication@9a358ed}
07-05 08:40:47.376 43984 43984 I w02sdk-JOY: (JOY) W02Application onCreate.
07-05 08:40:47.383 43984 43984 I w02sdk-JOY: LaunchActivity onCreate. isLibrary = true
07-05 08:40:47.383 43984 44040 D JoySDK#SdkShareUtils.putShareData: name=deviceUidRandom
07-05 08:40:47.384 43984 44040 D JoySDK#EmulatorUtil.checkBattery: battery is 100%
07-05 08:40:47.385 43984 43984 I w02sdk-JOY: LaunchActivity newIntent. MainActivity
07-05 08:40:47.385 43984 43984 I w02sdk-JOY: LaunchActivity startActivity.Intent { cmp=com.joygames.hermesw02.aligames/com.w02.sdk.MainActivity }
07-05 08:40:47.385 43984 44040 D JoySDK#EmulatorUtil.hasRootPrivilege: false
07-05 08:40:47.386   316   746 I ActivityTaskManager: START u0 {cmp=com.joygames.hermesw02.aligames/com.w02.sdk.MainActivity} from uid 10094
07-05 08:40:47.386 43984 44040 D JoySDK#SdkShareUtils.putShareData: name=isEmulator
07-05 08:40:47.387   316   746 I ActivityTaskManager: getPackageFerformanceMode--ComponentInfo{com.joygames.hermesw02.aligames/com.w02.sdk.MainActivity}----com.joygames.hermesw02.aligames
07-05 08:40:47.440 43984 43984 I BwbxUIImpl: action=android.net.conn.CONNECTIVITY_CHANGE
07-05 08:40:47.441   316   735 I ActivityTaskManager: getPackageFerformanceMode--ComponentInfo{com.joygames.hermesw02.aligames/com.w02.sdk.MainActivity}----com.joygames.hermesw02.aligames
07-05 08:40:47.441  1195  1372 V Space   : sendTracking: resume_activity ({"opType":"resume_activity","resultCode":0,"component":"com.joygames.hermesw02.aligames\/com.w02.sdk.MainActivity","package":"com.joygames.hermesw02.aligames"})
07-05 08:40:47.444 43984 43984 W ActivityThread: handleWindowVisibility: no activity for token android.os.BinderProxy@76eed91
07-05 08:40:47.447 43984 43984 D JoySDK#JoySDK.setSDKListener: {com.w02.sdk.JoyInterface$2@306c0f7}
07-05 08:40:47.448 43984 43984 D JoySDK#JoySDK.onCreate: {}
07-05 08:40:47.475    78 44037 E ResolverController: No valid NAT64 prefix (100, <unspecified>/0)
07-05 08:40:47.588    78 44048 E ResolverController: No valid NAT64 prefix (100, <unspecified>/0)
07-05 08:40:47.686   175 10016 I rc_model_v2: fps chg from 9 -> 3
07-05 08:40:47.986   175 10016 I rc_model_v2: fps chg from 3 -> 10
07-05 08:40:48.050 44004 44027 I NetworkUtil: responseCode=200, url=http://mcidh3vy.crcn.loveota.com/chksdkupdate.php?chid=70028&sdkver=270004&mainver=270004&compver=97001&mustver=270004&uiver=270004&cpmeta=channel&type=209&pkg=com.joygames.hermesw02.aligames&vercode=24032101&data=eyJhcGkiOjI5LCJhYmkiOiJhcm02NC12OGEiLCJhYmlsaXN0IjoiYXJtNjQtdjhhJTJDYXJtZWFi%0AaS12N2ElMkNhcm1lYWJpIiwiYWJpbGlzdDMyIjoiYXJtZWFiaS12N2ElMkNhcm1lYWJpIiwiYWJp%0AbGlzdDY0IjoiYXJtNjQtdjhhIiwiYW5kaWQiOiI0NjhLYTE3ODA4UHA5NFFvIiwiYnJhbmQiOiJy%0Ab2NrY2hpcCIsImltZWkiOiIyOENFMjAwM0Y5MUQ5OTJBRUREOEI5NTQ1QzU5RjlCQiIsIm1hbnVm%0AYWN0dXJlciI6InJvY2tjaGlwIiwibW9kZWwiOiJyazM1ODhfZG9ja2VyIiwicHJvZHVjdCI6InJr%0AMzU4OF9kb2NrZXIiLCJyZWxlYXNlIjoiMTAifQ%3D%3D%0A
07-05 08:40:48.050 44004 44027 I NetworkUtil: response=<?xml version="1.0" encoding="utf-8"?>
07-05 08:40:48.050 44004 44027 I NetworkUtil: <listpack ver="1.0" flag="0">
07-05 08:40:48.050 44004 44027 I NetworkUtil: <upinfo>
07-05 08:40:48.050 44004 44027 I NetworkUtil: <info tp="zip" flag="0"  hint="0" source="http://hanghwgfdllb.leiting.com/vmupdate/pack/_1/common/97006/vm_generic/209/_1/_1/vm.zip" vcode="97006" vsize="3947494" vmd5="89c64c343c2fa156c493ad4820b33971"/>
07-05 08:40:48.050 44004 44027 I NetworkUtil: </upinfo>
07-05 08:40:48.050 44004 44027 I NetworkUtil: </listpack>
07-05 08:40:48.050 44004 44027 I BaseService: queryUpdateInfo flag=0, source=http://hanghwgfdllb.leiting.com/vmupdate/pack/_1/common/97006/vm_generic/209/_1/_1/vm.zip, vcode=97006, vsize=3947494, vmd5=89c64c343c2fa156c493ad4820b33971, type=zip
07-05 08:40:48.051 44004 44027 I BaseService: type=zip status=1
07-05 08:40:48.052 44004 44053 I e       : url=http://hanghwgfdllb.leiting.com/vmupdate/pack/_1/common/97006/vm_generic/209/_1/_1/vm.zip, save=/data/user/0/com.joygames.hermesw02.aligames/.lebiansdk/new/vm.zip.dload, retry=1
07-05 08:40:48.093 43984 43984 I IL2CPP  : JNI_OnLoad
07-05 08:40:48.096 43984 43984 I w02sdk-JOY: w02 MainActivity  onCreate
07-05 08:40:48.098 43984 43984 D JoySDK#JoySDK.onStart: {}
07-05 08:40:48.104 43984 43984 D UMLog   : 统计SDK常见问题索引贴 详见链接 http://developer.umeng.com/docs/66650/cate/66650
07-05 08:40:48.111 43984 43984 I w02sdk-JOY: w02 MainActivity  onStart
07-05 08:40:48.112 43984 43984 D JoySDK#JoySDK.onResume: {}
07-05 08:40:48.115 43984 43984 I w02sdk-JOY: w02 MainActivity  onResume
07-05 08:40:48.115 43984 43998 W System  : A resource failed to call close. 
07-05 08:40:48.126 43984 43984 D sdk-shell: 进入SDK初始化
07-05 08:40:48.126 43984 43984 D sdk-shell: 进入SDK初始化
07-05 08:40:48.126 43984 44064 D sdk-shell: 开始预加载...
07-05 08:40:48.127 43984 43984 D JoySDK#JoySDK.setSDKListener: {com.joygames.mixsdk.impl.b@679c83d}
07-05 08:40:48.127 43984 43984 D JoySDK#SdkShareUtils.putShareData: name=mediaCode
07-05 08:40:48.127 43984 43984 D JoySDK#JoySDK.setSDKListener: {com.joygames.mixsdk.device.DeviceReportImpl$2@ff48700}
07-05 08:40:48.129 43984 43984 D JoySDK#JoySDK.prepareInit: {com.w02.sdk.MainActivity@1955d01}
07-05 08:40:48.129 43984 43984 D JoySDK#JoySDK.init: type=1, name=com.joygames.mixsdk.UCUser
07-05 08:40:48.129 43984 43984 D JoySDK#JoySDK.init: type=2, name=com.joygames.mixsdk.UCPay
07-05 08:40:48.129 43984 43984 D JoySDK#JoySDK.init: type=8, name=com.joygames.mixsdk.impl.a
07-05 08:40:48.129 43984 43984 D JoySDK#JoySDK.init: type=10, name=com.joygames.mixsdk.track.LogTrackImpl
07-05 08:40:48.129 43984 43984 D JoySDK#JoySDK.init: type=11, name=com.joygames.mixsdk.device.DeviceReportImpl
07-05 08:40:48.133 43984 44064 D sdk-shell: 初始化preloader成功
07-05 08:40:48.136 43984 44064 D sdk-shell: 业务初始化开始...
07-05 08:40:48.137 43984 44064 D sdk-shell: Finally Product:ucgamesdk
07-05 08:40:48.137 43984 44049 I mali_so : [File] : hardware/arm/maliT760/driver/product/base/src/mali_base_kbase.c; [Line] : 1292; [Func] : base_context_deal_with_version_affairs_rk_ext;
07-05 08:40:48.137 43984 44049 I mali_so : arm_release_ver of this mali_so is 'g12p0-01eac0', rk_so_ver is '5'.
07-05 08:40:48.137 43984 44049 I mali_so : [File] : hardware/arm/maliT760/driver/product/base/src/mali_base_kbase.c; [Line] : 1308; [Func] : base_context_deal_with_version_affairs_rk_ext;
07-05 08:40:48.137 43984 44049 I mali_so : arm_release_vers are match. to set the full mali_ver 'g12p0-01eac0-5' as value of 'sys.gmali.version'.
07-05 08:40:48.137    43    47 W ServiceManager: Permission failure: android.permission.ACCESS_SURFACE_FLINGER from uid=10094 pid=43984
07-05 08:40:48.137    43    47 D PermissionCache: checking android.permission.ACCESS_SURFACE_FLINGER for uid=10094 => denied (143 us)
07-05 08:40:48.139    28    28 I hwservicemanager: getTransport: Cannot find entry android.hardware.configstore@1.0::ISurfaceFlingerConfigs/default in either framework or device manifest.
07-05 08:40:48.140 43984 44064 D sdk-shell: 使用ABI:arm64-v8a
07-05 08:40:48.142 43984 44064 D UCGameSdkNative: remove /data/user/0/com.joygames.hermesw02.aligames/ucgamesdk/modules/stable
07-05 08:40:48.142 43984 44064 D UCGameSdkNative: create link from /data/user/0/com.joygames.hermesw02.aligames/ucgamesdk/modules/update-1 to /data/user/0/com.joygames.hermesw02.aligames/ucgamesdk/modules/stable
07-05 08:40:48.142 43984 44064 D UCGameSdkNative: remove /data/user/0/com.joygames.hermesw02.aligames/ucgamesdk/modules/updates
07-05 08:40:48.142 43984 44064 D UCGameSdkNative: create link from /data/user/0/com.joygames.hermesw02.aligames/ucgamesdk/modules/update-2 to /data/user/0/com.joygames.hermesw02.aligames/ucgamesdk/modules/updates
07-05 08:40:48.151   316   342 I ActivityTaskManager: Displayed com.joygames.hermesw02.aligames/com.w02.sdk.MainActivity: +3s859ms
07-05 08:40:48.154 43984 43984 W System.err: java.lang.NoClassDefFoundError: Failed resolution of: Lcn/uc/gamesdk/R$layout;
07-05 08:40:48.154 43984 43984 W System.err:    at cn.uc.gamesdk.e.a$a.<init>(Unknown Source:91)
07-05 08:40:48.154 43984 43984 W System.err:    at cn.uc.gamesdk.e.a.a(Unknown Source:36)
07-05 08:40:48.154 43984 43984 W System.err:    at cn.uc.gamesdk.UCGameSdk$3.run(Unknown Source:221)
07-05 08:40:48.154 43984 43984 W System.err:    at android.os.Handler.handleCallback(Handler.java:883)
07-05 08:40:48.154 43984 43984 W System.err:    at android.os.Handler.dispatchMessage(Handler.java:100)
07-05 08:40:48.154 43984 43984 W System.err:    at android.os.Looper.loop(Looper.java:214)
07-05 08:40:48.154 43984 43984 W System.err:    at android.app.ActivityThread.main(ActivityThread.java:7438)
07-05 08:40:48.154 43984 43984 W System.err:    at java.lang.reflect.Method.invoke(Native Method)
07-05 08:40:48.154 43984 43984 W System.err:    at com.android.internal.os.RuntimeInit$MethodAndArgsCaller.run(RuntimeInit.java:492)
07-05 08:40:48.154 43984 43984 W System.err:    at com.android.internal.os.ZygoteInit.main(ZygoteInit.java:930)
07-05 08:40:48.155 43984 43984 W System.err: Caused by: java.lang.ClassNotFoundException: cn.uc.gamesdk.R$layout
07-05 08:40:48.155 43984 43984 W System.err:    ... 10 more
07-05 08:40:48.161 43984 44056 I Unity   : MemoryManager: Using 'Dynamic Heap' Allocator.
07-05 08:40:48.162    89   950 E jw_gps  : connect to /data/misc/gps/gps_ctrl error:2 No such file or directory
07-05 08:40:48.169   823   823 I Launcher3: Launcher onStop.
07-05 08:40:48.173 43984 43984 I w02sdk-JOY: LaunchActivity finished.
07-05 08:40:48.175 43984 44056 I Unity   : SystemInfo CPU = ARM64, Cores = 8, Memory = 15930mb
07-05 08:40:48.175 43984 44056 I Unity   : SystemInfo ARM big.LITTLE configuration: 4 big (mask: 0xf0), 4 little (mask: 0xf)
07-05 08:40:48.175 43984 44056 I Unity   : ApplicationInfo com.joygames.hermesw02.aligames version 1.1.3 build 218e1220-8948-4893-aafb-bb8bff63805a
07-05 08:40:48.175 43984 44056 I Unity   : Built from '2020.3/staging' branch, Version '2020.3.32f1 (12f8b0834f07)', Build type 'Release', Scripting Backend 'il2cpp', CPU 'arm64-v8a', Stripping 'Disabled'
07-05 08:40:48.202    91   222 E drm_hwc2_gralloc: hwc_get_handle_name:cann't get value from gralloc
07-05 08:40:48.202    91   222 E drm_hwc2_gralloc: hwc_get_handle_name:cann't get value from gralloc
07-05 08:40:48.220    98   108 E JWSensorsHal: connect to /data/misc/sensor/sensor_ctrl error:2 No such file or directory
07-05 08:40:48.220    84   179 E JWAudioHAL: connect to /data/misc/audioserver/audio_out error:2 No such file or directory
07-05 08:40:48.229 43984 44064 D sdk-shell: release OK
07-05 08:40:48.230 43984 44064 W sdk-shell: version.ini not found, path: /data/user/0/com.joygames.hermesw02.aligames/ucgamesdk/modules/updates/version.ini
07-05 08:40:48.230 43984 44064 D sdk-shell: 获取入口dispatcher
07-05 08:40:48.231 43984 44064 D sdk-shell: dispatcher模块完整性校验
07-05 08:40:48.237   175 10016 I rc_model_v2: fps chg from 10 -> 24
07-05 08:40:48.240 43984 43998 W System  : A resource failed to call end. 
07-05 08:40:48.243 43984 44064 D sdk-shell: 开始创建Dispatcher入口,校验结果: 1
07-05 08:40:48.245    78 44054 E ResolverController: No valid NAT64 prefix (100, <unspecified>/0)
07-05 08:40:48.309 43984 44034 I NetworkUtil: responseCode=200, url=http://mcidh3vy.cscn.loveota.com/sdkstctr.php?chid=70028&cpmeta=channel&vercode=24032101&abver=1
07-05 08:40:48.310 43984 44034 I NetworkUtil: response=<?xml version="1.0" encoding="utf-8"?>
07-05 08:40:48.310 43984 44034 I NetworkUtil: <bwbx>
07-05 08:40:48.310 43984 44034 I NetworkUtil: <stct flag="103" fasterflag="3" branch=""/>
07-05 08:40:48.310 43984 44034 I NetworkUtil: <resmiss time="3600" intervaltime ="3600" />
07-05 08:40:48.310 43984 44034 I NetworkUtil: </bwbx>
07-05 08:40:48.314 43984 44058 D UMLog   : 当前发送策略为：启动时发送。详见链接 https://developer.umeng.com/docs/66632/detail/66976?um_channel=sdk
07-05 08:40:48.316 43984 44058 D MobclickAgent: 创建新会话: 22D9AA83D0F6B17A31600B2C0E99A08B
07-05 08:40:48.323    78 44065 E ResolverController: No valid NAT64 prefix (100, <unspecified>/0)
07-05 08:40:48.325 43984 44034 I GameUtil: flag=103 fasterflag = 3 branch = 
07-05 08:40:48.358    79    79 W         : Read socket err: Try again
07-05 08:40:48.358  1195  1549 V Space   : closeClient: android.net.LocalSocket@adf3a19 impl:android.net.LocalSocketImpl@d158ade fd:java.io.FileDescriptor@82ff4bf, reason: reached the end
07-05 08:40:48.363    79    79 D Zygote  : Forked child process 44074
07-05 08:40:48.364   316   344 W ActivityManager: Slow operation: 1018ms so far, now at startProcess: returned from zygote!
07-05 08:40:48.364   316   344 W ActivityManager: Slow operation: 1019ms so far, now at startProcess: done updating battery stats
07-05 08:40:48.364   316   344 W ActivityManager: Slow operation: 1019ms so far, now at startProcess: building log message
07-05 08:40:48.364   316   344 I ActivityManager: Start proc 44074:com.joygames.hermesw02.aligames:lebian.dns/u0a94 for service {com.joygames.hermesw02.aligames/com.excelliance.lbsdk.main.BGService}
07-05 08:40:48.364   316   344 W ActivityManager: Slow operation: 1019ms so far, now at startProcess: starting to update pids map
07-05 08:40:48.364   316   344 W ActivityManager: Slow operation: 1019ms so far, now at startProcess: done updating pids map
07-05 08:40:48.369 44074 44074 I Zygote  : seccomp disabled by setenforce 0
07-05 08:40:48.372 44074 44074 E ames:lebian.dn: Not starting debugger since process cannot load the jdwp agent.
07-05 08:40:48.380 43984 44064 D sdk-shell: 创建Dispatcher入口中....
07-05 08:40:48.385 43984 44034 I AbTestManager: assign branch is: D1
07-05 08:40:48.385 43984 44034 I AbTestManager: update: news:
07-05 08:40:48.390 44074 44074 I ames:lebian.dn: The ClassLoaderContext is a special shared library.
07-05 08:40:48.401 43984 44034 I GameUtil: notifySwitch_bwbx_download_progress=1 notifySwitch_bwbx_dialog_click=1 notifySwitch_bwbx_download_error=1 notifySwitch_bwbx_download_time_over_limit=1 notifySwitch_bwbx_missing_file=1 notifySwitch_ab_test=0
07-05 08:40:48.403 44074 44074 D GlobalSettings: USE_LEBIAN=true
07-05 08:40:48.405 43984 44064 D HTTPDNS : setPreResolveHosts:[sdk.9game.cn, sdknc.9game.cn, msg.sdkyy.9game.cn, resserver.sdk.9game.cn, collect.sdkyy.9game.cn, updcheckserver.sdk.9game.cn, applog.uc.cn]
07-05 08:40:48.408 43984 44033 I NetworkUtil: responseCode=200, url=http://mcidh3vy.cfcn.loveota.com/getresdomain.php?chid=70028&vercode=24032101&cpmeta=channel&pkg=com.joygames.hermesw02.aligames
07-05 08:40:48.408 43984 44033 I NetworkUtil: response=<?xml version="1.0" encoding="utf-8"?>
07-05 08:40:48.408 43984 44033 I NetworkUtil: <ulst ver="1.0">
07-05 08:40:48.408 43984 44033 I NetworkUtil: <uinfo domain="http://rcdnal.loveota.com/" domainbak="http://rcdnws.loveota.com/" domainaddbak="http://rcdnal.loveota.com/" fast="3">
07-05 08:40:48.408 43984 44033 I NetworkUtil: </uinfo>
07-05 08:40:48.408 43984 44033 I NetworkUtil: </ulst>
07-05 08:40:48.409 43984 44033 I LBBwbxDownloader: domain=http://rcdnal.loveota.com/ domainBk=http://rcdnws.loveota.com/ domainBkSec = http://rcdnal.loveota.com/
07-05 08:40:48.410    78 44099 E ResolverController: No valid NAT64 prefix (100, <unspecified>/0)
07-05 08:40:48.411 43984 44033 I LBBwbxDownloader: no tryflag
07-05 08:40:48.413 44074 44074 I ProcessManager: record: name:com.joygames.hermesw02.aligames:lebian.dns pid:44074
07-05 08:40:48.414 43984 44033 I AssetUpdateUtil: getFilePathInResHu: null
07-05 08:40:48.414 43984 44033 I GameUtil: no tryflag
07-05 08:40:48.414 43984 44033 I GameUtil: java.io.FileNotFoundException: tryflag
07-05 08:40:48.414 43984 44033 I GameUtil:      at android.content.res.AssetManager.nativeOpenAsset(Native Method)
07-05 08:40:48.414 43984 44033 I GameUtil:      at android.content.res.AssetManager.open(AssetManager.java:824)
07-05 08:40:48.414 43984 44033 I GameUtil:      at android.content.res.AssetManager.open(AssetManager.java:801)
07-05 08:40:48.414 43984 44033 I GameUtil:      at com.excelliance.lbsdk.main.e.c(Unknown Source:61)
07-05 08:40:48.414 43984 44033 I GameUtil:      at com.excelliance.lbsdk.main.GameUtil.getRemoteResPathZip(Unknown Source:17)
07-05 08:40:48.414 43984 44033 I GameUtil:      at com.excelliance.lbsdk.main.q.M(Unknown Source:379)
07-05 08:40:48.414 43984 44033 I GameUtil:      at com.excelliance.lbsdk.main.q.f(Unknown Source:0)
07-05 08:40:48.414 43984 44033 I GameUtil:      at com.excelliance.lbsdk.main.q$2.run(Unknown Source:10)
07-05 08:40:48.415 43984 43998 W System  : A resource failed to call end. 
07-05 08:40:48.419 43984 44064 I AcLog-Init: debug mode:false
07-05 08:40:48.420 43984 44064 D NGLog   : new NGLog level=255
07-05 08:40:48.425 43984 44056 E libprocessgroup: set_timerslack_ns write failed: Operation not permitted
07-05 08:40:48.426 43984 44056 I chatty  : uid=10094(com.joygames.hermesw02.aligames) UnityMain identical 14 lines
07-05 08:40:48.426 43984 44056 E libprocessgroup: set_timerslack_ns write failed: Operation not permitted
07-05 08:40:48.428 44074 44074 I LBSdkHelper: privacyIsChecked:true
07-05 08:40:48.428 44074 44074 I LBSdkHelper: runningOnVm false, procName com.joygames.hermesw02.aligames:lebian.dns
07-05 08:40:48.428 44074 44074 I MultiDex: VM with version 2.1.0 has multidex support
07-05 08:40:48.428 44074 44074 I MultiDex: install
07-05 08:40:48.428 44074 44074 I MultiDex: VM has multidex support, MultiDex support library is disabled.
07-05 08:40:48.431 44074 44074 I LBMustModule: checkOverlayInstall, base.apk(/data/app/com.joygames.hermesw02.aligames-ugw50vfH4UQTRzw8tcYkFQ==/base.apk)
07-05 08:40:48.437 43984 44056 V HWCPipe : PMU profiler initialization failed: PMU counters not available.
07-05 08:40:48.438 44074 44074 I LBSdkHelper: attachBaseContext: needHook false
07-05 08:40:48.439 44074 44074 I LBSdkHelper: no com.tm.sdk.proxy.Proxy
07-05 08:40:48.440 43984 44056 E UWALOG  : UWA_SET_GLOBAL_LOGLIMIT: UNEXPECTED LOGLEVEL
07-05 08:40:48.441 44074 44074 I LBSdkHelper: load mainjar
07-05 08:40:48.441 44074 44074 I LBSMC   : load:name= lbsdk.jar,proc=com.joygames.hermesw02.aligames:lebian.dns, jarFile=/data/user/0/com.joygames.hermesw02.aligames/.lebiansdk/lbsdk.jar
07-05 08:40:48.441 43984 44056 I Unity   : Company Name: Qianxunshe
07-05 08:40:48.441 43984 44056 I Unity   : Product Name: 航海王：梦想指针
07-05 08:40:48.445 44074 44074 E HKUtil  : no need to extract libraries for /data/user/0/com.joygames.hermesw02.aligames/.lebiansdk/lbsdk.jar
07-05 08:40:48.446 44074 44074 W ames:lebian.dn: Opening an oat file without a class loader. Are you using the deprecated DexFile APIs?
07-05 08:40:48.456 43984 44056 D Unity   :  GL_EXT_debug_marker GL_ARM_rgba8 GL_ARM_mali_shader_binary GL_OES_depth24 GL_OES_depth_texture GL_OES_depth_texture_cube_map GL_OES_packed_depth_stencil GL_OES_rgb8_rgba8 GL_EXT_read_format_bgra GL_OES_compressed_paletted_texture GL_OES_compressed_ETC1_RGB8_texture GL_OES_standard_derivatives GL_OES_EGL_image GL_OES_EGL_image_external GL_OES_EGL_image_external_essl3 GL_OES_EGL_sync GL_OES_texture_npot GL_OES_vertex_half_float GL_OES_required_internalformat GL_OES_vertex_array_object GL_OES_mapbuffer GL_EXT_texture_format_BGRA8888 GL_EXT_texture_rg GL_EXT_texture_type_2_10_10_10_REV GL_OES_fbo_render_mipmap GL_OES_element_index_uint GL_EXT_shadow_samplers GL_OES_texture_compression_astc GL_KHR_texture_compression_astc_ldr GL_KHR_texture_compression_astc_hdr GL_KHR_texture_compression_astc_sliced_3d GL_EXT_texture_compression_astc_decode_mode GL_EXT_texture_compression_astc_decode_mode_rgb9e5 GL_KHR_debug GL_EXT_occlusion_query_boolean GL_EXT_disjoint_timer_query GL_EXT_blend_minmax GL_EXT_discard_framebuffer
07-05 08:40:48.456 43984 44056 D Unity   :  GL_OES_get_program_binary GL_OES_texture_3D GL_EXT_texture_storage GL_EXT_multisampled_render_to_texture GL_EXT_multisampled_render_to_texture2 GL_OES_surfaceless_context GL_OES_texture_stencil8 GL_EXT_shader_pixel_local_storage GL_ARM_shader_framebuffer_fetch GL_ARM_shader_framebuffer_fetch_depth_stencil GL_ARM_mali_program_binary GL_EXT_sRGB GL_EXT_sRGB_write_control GL_EXT_texture_sRGB_decode GL_EXT_texture_sRGB_R8 GL_EXT_texture_sRGB_RG8 GL_KHR_blend_equation_advanced GL_KHR_blend_equation_advanced_coherent GL_OES_texture_storage_multisample_2d_array GL_OES_shader_image_atomic GL_EXT_robustness GL_EXT_draw_buffers_indexed GL_OES_draw_buffers_indexed GL_EXT_texture_border_clamp GL_OES_texture_border_clamp GL_EXT_texture_cube_map_array GL_OES_texture_cube_map_array GL_OES_sample_variables GL_OES_sample_shading GL_OES_shader_multisample_interpolation GL_EXT_shader_io_blocks GL_OES_shader_io_blocks GL_EXT_tessellation_shader GL_OES_tessellation_shader GL_EXT_primitive_bounding_box GL_OES_primitive_bounding_
07-05 08:40:48.456 43984 44056 D Unity   : box GL_EXT_geometry_shader GL_OES_geometry_shader GL_ANDROID_extension_pack_es31a GL_EXT_gpu_shader5 GL_OES_gpu_shader5 GL_EXT_texture_buffer GL_OES_texture_buffer GL_EXT_copy_image GL_OES_copy_image GL_EXT_shader_non_constant_global_initializers GL_EXT_color_buffer_half_float GL_EXT_unpack_subimage GL_EXT_color_buffer_float GL_EXT_float_blend GL_EXT_YUV_target GL_OVR_multiview GL_OVR_multiview2 GL_OVR_multiview_multisampled_render_to_texture GL_KHR_robustness GL_KHR_robust_buffer_access_behavior GL_EXT_draw_elements_base_vertex GL_OES_draw_elements_base_vertex GL_EXT_protected_textures GL_EXT_buffer_storage GL_EXT_external_buffer GL_EXT_EGL_image_array GL_EXT_texture_filter_anisotropic GL_OES_texture_float_linear GL_ARM_texture_unnormalized_coordinates GL_EXT_shader_framebuffer_fetch GL_EXT_clip_control
07-05 08:40:48.457 44074 44074 I LBSdkHelper: load uijar
07-05 08:40:48.457 44074 44074 I LBSMC   : load:name= lbui.jar,proc=com.joygames.hermesw02.aligames:lebian.dns, jarFile=/data/user/0/com.joygames.hermesw02.aligames/.lebiansdk/lbui.jar
07-05 08:40:48.458 44074 44074 E HKUtil  : no need to extract libraries for /data/user/0/com.joygames.hermesw02.aligames/.lebiansdk/lbui.jar
07-05 08:40:48.458 44074 44074 W ames:lebian.dn: Opening an oat file without a class loader. Are you using the deprecated DexFile APIs?
07-05 08:40:48.459 43984 44064 D AcLog-Client: Create AcLog instance.
07-05 08:40:48.461 43984 44064 D AcLog-Client: Create AcLog instance.
07-05 08:40:48.466   103   543 W AudioFlinger: createTrack_l(): mismatch between requested flags (00000008) and output flags (00000002)
07-05 08:40:48.466   103   543 D AudioFlinger: Client defaulted notificationFrames to 1234 for frameCount 2468
07-05 08:40:48.467   103   543 D AF::TrackHandle: OpPlayAudio: track:56 usage:1 not muted
07-05 08:40:48.468 43984 44135 W AudioTrack: Use of stream types is deprecated for operations other than volume control
07-05 08:40:48.468 43984 44135 W AudioTrack: See the documentation of AudioTrack() for what to use instead with android.media.AudioAttributes to qualify your playback use case
07-05 08:40:48.487 43984 44064 E mesw02.aligame: Invalid ID 0x00000000.
07-05 08:40:48.492 43984 44064 W LogRecorder: loader init LogRecorder fail：java.lang.ClassNotFoundException: cn.uc.gamesdk.log.LogRecorder
07-05 08:40:48.492 43984 44064 D sdk-shell: 创建Dispatcher入口成功
07-05 08:40:48.493 43984 44064 D sdk-shell: dispatcher模块完整性校验成功
07-05 08:40:48.513 44074 44074 I LBSdkHelper: top:com.w02.sdk.MainActivity
07-05 08:40:48.513 43984 43998 W System  : A resource failed to call end. 
07-05 08:40:48.513 43984 43998 I chatty  : uid=10094(com.joygames.hermesw02.aligames) FinalizerDaemon identical 1 line
07-05 08:40:48.513 43984 43998 W System  : A resource failed to call end. 
07-05 08:40:48.513 44074 44074 I LBSdkHelper: attachBaseContext() end, execOldAttachBaseContext false
07-05 08:40:48.513 44074 44074 I LBSdkHelper: attachBaseContext() end, exec false
07-05 08:40:48.513 44074 44074 I LBSdkHelper: onCreate() start, runningOnVm false
07-05 08:40:48.513 44074 44074 I LBSdkHelper: onCreate() end
07-05 08:40:48.515 44074 44074 E BGService: onCreate###
07-05 08:40:48.522 44074 44074 D libapplypatch: /data/user/0/com.joygames.hermesw02.aligames/lebian/
07-05 08:40:48.522 44074 44074 D patch   : workspace /data/user/0/com.joygames.hermesw02.aligames/lebian/
07-05 08:40:48.523 44074 44074 I BGService: add o=com.excelliance.lbsdk.main.BGService, busyCount=1
07-05 08:40:48.523 44074 44074 I BGService: onStartCommand:startForground= false
07-05 08:40:48.534 44074 44074 I BGService: onStartCommand action=com.excelliance.open.action.gameverchk
07-05 08:40:48.540 43984 44056 W Unity   : OnLevelWasLoaded was found on DOTweenComponent
07-05 08:40:48.540 43984 44056 W Unity   : This message has been deprecated and will be removed in a later version of Unity.
07-05 08:40:48.540 43984 44056 W Unity   : Add a delegate to SceneManager.sceneLoaded instead to get notifications after scene loading has completed
07-05 08:40:48.554 44074 44144 I BaseUtil: getUrlRoot: https=0
07-05 08:40:48.559 44074 44144 I BaseUtil: getUrlRoot: https=0
07-05 08:40:48.563 44074 44074 I BGService: add o=com.excelliance.lbsdk.main.BGService, busyCount=2
07-05 08:40:48.563 44074 44074 I BGService: handleMsg msg=1
07-05 08:40:48.563 44074 44074 I BGService: remove o=com.excelliance.lbsdk.main.BGService, busyCount=1
07-05 08:40:48.564 43984 44064 I sdk-plugin: loader start load api: 2131165317
07-05 08:40:48.565 43984 44064 I sdk-plugin: call sdk init api
07-05 08:40:48.567 43984 44064 D sdk-shell: 业务初始化结束
07-05 08:40:48.567 44074 44144 W PackageParser: Unknown element under <manifest>: queries at /data/app/com.joygames.hermesw02.aligames-ugw50vfH4UQTRzw8tcYkFQ==/base.apk Binary XML file line #29
07-05 08:40:48.568 43984 44147 D ModuleLoader: cn.uc.gamesdk.init get the module lock
07-05 08:40:48.568 43984 44147 D ModuleSignature: updateSignature, moduleId=cn.uc.gamesdk.init, signature=1483506714
07-05 08:40:48.569 44074 44143 I DownloadComponent: onHandleIntent: dd = null
07-05 08:40:48.571   175 10016 I rc_model_v2: fps chg from 24 -> 14
07-05 08:40:48.573 44074 44143 I BGService: handle msg finished, msg=1
07-05 08:40:48.573 44074 44143 I BGService: remove o=com.excelliance.lbsdk.main.BGService, busyCount=0
07-05 08:40:48.573 44074 44143 I BGService: scheduleImplMsg nMsg=4, time = 5000
07-05 08:40:48.573 44074 44143 I BGService: scheduleImplMsg nMsg=3, time = 10000
07-05 08:40:48.573 44074 44148 I BGService: add o=com.excelliance.lbsdk.main.h$7, busyCount=1
07-05 08:40:48.574 44074 44144 I OverlayManager: ZIP comment found at buffer position 8192 with len=0
07-05 08:40:48.581 43984 44147 I ModuleLoader: load dex implement
07-05 08:40:48.581 43984 44147 D ModuleLoader: cn.uc.gamesdk.init release the module lock
07-05 08:40:48.591 43984 44147 E mesw02.aligame: Invalid ID 0x00000000.
07-05 08:40:48.594 44074 44148 I DownloadComponent: startAlarm 6
07-05 08:40:48.602 43984 44056 I IL2CPP  : Locale zh-CN
07-05 08:40:48.606    98    98 V JWSensorsHal: sending type:0xfff20000 to /data/misc/sensor/sensor_ctrl
07-05 08:40:48.606   316  1272 E SensorService: Error activating sensor 0 (Operation not permitted)
07-05 08:40:48.606 43984 44147 D Analytics: java.lang.NoClassDefFoundError: Failed resolution of: Lcom/taobao/tlog/adapter/AdapterForTLog
07-05 08:40:48.607 43984 44147 I UTAnalytics: initialize start...
07-05 08:40:48.610 43984 44056 V MediaRouter: Selecting route: RouteInfo{ name=手机, description=null, status=null, category=RouteCategory{ name=系统 types=ROUTE_TYPE_LIVE_AUDIO ROUTE_TYPE_LIVE_VIDEO  groupable=false }, supportedTypes=ROUTE_TYPE_LIVE_AUDIO ROUTE_TYPE_LIVE_VIDEO , presentationDisplay=Display id 1: DisplayInfo{"HDMI 屏幕, displayId 1", uniqueId "local:1", app 1024 x 768, real 1024 x 768, largest app 1024 x 1024, smallest app 768 x 768, mode 2, defaultMode 2, modes [{id=2, width=1024, height=768, fps=60.000004}], colorMode 0, supportedColorModes [0], hdrCapabilities android.view.Display$HdrCapabilities@40f16308, rotation 0, density 227 (227.0 x 227.0) dpi, layerStack 1, appVsyncOff 1000000, presDeadline 16666666, type HDMI, address {port=1}, state ON, FLAG_SECURE, FLAG_SUPPORTS_PROTECTED_BUFFERS, FLAG_PRESENTATION, removeMode 0}, DisplayMetrics{density=1.41875, width=1024, height=768, scaledDensity=1.41875, xdpi=227.0, ydpi=227.0}, isValid=true }
07-05 08:40:48.616 43984 44147 I UTAnalytics: setAppApplicationInstance success!!!
07-05 08:40:48.621 43984 44147 I sdk-plugin: Processor init
07-05 08:40:48.622 44074 44148 I DownloadComponent: is demo:false
07-05 08:40:48.624 44074 44144 I OverlayManager: ZIP comment found at buffer position 8192 with len=0
07-05 08:40:48.624 44074 44148 I VersionManager: isSmallClient : false
07-05 08:40:48.631 43984 43998 W System  : A resource failed to call end. 
07-05 08:40:48.634 43984 44162 D ModuleLoader: cn.uc.gamesdk.account get the module lock
07-05 08:40:48.634 43984 44162 D ModuleSignature: updateSignature, moduleId=cn.uc.gamesdk.account, signature=2307648366
07-05 08:40:48.637 43984 44147 I UCGameSdk: level is : FATAL
07-05 08:40:48.641 44074 44148 I VersionManager: queryDlList entered queryType=2, retry=1, uflag=2
07-05 08:40:48.649 43984 44162 I ModuleLoader: load dex implement
07-05 08:40:48.649 43984 44162 D ModuleLoader: cn.uc.gamesdk.account release the module lock
07-05 08:40:48.660   316  1272 I ActivityTaskManager: START u0 {flg=0x10000000 cmp=com.joygames.hermesw02.aligames/cn.gundam.sdk.shell.activity.ProxyActivity (has extras)} from uid 10094
07-05 08:40:48.660 43984 44147 I newStatForPM: ——————————————0——————————————
07-05 08:40:48.660 43984 44147 I newStatForPM: bizType=1`bizId=901200
07-05 08:40:48.661   316  1272 I ActivityTaskManager: getPackageFerformanceMode--ComponentInfo{com.joygames.hermesw02.aligames/cn.gundam.sdk.shell.activity.ProxyActivity}----com.joygames.hermesw02.aligames
07-05 08:40:48.662 43984 43984 D JoySDK#JoySDK.onPause: {}
07-05 08:40:48.664 43984 44165 I sdk-plugin: Processor requestPubKey
07-05 08:40:48.672 44074 44164 I BaseUtil: getUrlRoot: https=0
07-05 08:40:48.674 43984 44162 E mesw02.aligame: Invalid ID 0x00000000.
07-05 08:40:48.675 43984 44162 D ModuleLoader: cn.uc.gamesdk.core get the module lock
07-05 08:40:48.675 43984 44162 D ModuleSignature: updateSignature, moduleId=cn.uc.gamesdk.core, signature=2545652114
07-05 08:40:48.678 43984 44135 D AudioTrack: stop(10): called with 6144 frames delivered
07-05 08:40:48.689   103   156 W AudioFlinger: createTrack_l(): mismatch between requested flags (00000008) and output flags (00000002)
07-05 08:40:48.690   103   156 D AudioFlinger: Client defaulted notificationFrames to 1234 for frameCount 2468
07-05 08:40:48.690   103   156 D AF::TrackHandle: OpPlayAudio: track:57 usage:1 not muted
07-05 08:40:48.692 43984 44175 W AudioTrack: Use of stream types is deprecated for operations other than volume control
07-05 08:40:48.692 43984 44175 W AudioTrack: See the documentation of AudioTrack() for what to use instead with android.media.AudioAttributes to qualify your playback use case
07-05 08:40:48.718    91   222 E drm_hwc2_gralloc: hwc_get_handle_name:cann't get value from gralloc
07-05 08:40:48.718    91   222 E drm_hwc2_gralloc: hwc_get_handle_name:cann't get value from gralloc
07-05 08:40:48.719 43984 44162 I ModuleLoader: load dex implement
07-05 08:40:48.719 43984 44162 D ModuleLoader: cn.uc.gamesdk.core release the module lock
07-05 08:40:48.722 44074 44144 I AbTestManager: assign branch is: D1
07-05 08:40:48.724 44074 44148 W PackageParser: Unknown element under <manifest>: queries at /data/app/com.joygames.hermesw02.aligames-ugw50vfH4UQTRzw8tcYkFQ==/base.apk Binary XML file line #29
07-05 08:40:48.728 44074 44144 I PlatformResources: mainPath=/data/user/0/com.joygames.hermesw02.aligames/.lebiansdk/lbui.jar
07-05 08:40:48.732 44074 44144 W PackageParser: Unknown element under <manifest>: queries at /data/app/com.joygames.hermesw02.aligames-ugw50vfH4UQTRzw8tcYkFQ==/base.apk Binary XML file line #29
07-05 08:40:48.733 44074 44148 I OverlayManager: ZIP comment found at buffer position 8192 with len=0
07-05 08:40:48.734 44074 44144 I VersionManager: getuser URL:http://mcidh3vy.cscn.loveota.com/gensdkuser.php?chid=70028&cpmeta=channel&vercode=24032101&md5=3be8991c35b0cafe4cef67a75b8791dc&type=300&sdkver=270004&pkg=com.joygames.hermesw02.aligames&abbranch=D1&data=eyJhcGkiOjI5LCJzZGt2ZXIiOiIyOSIsImFuZHZlciI6IjEwIiwiYnJhbmQiOiJyb2NrY2hpcCIs%0AImltZWkiOiIyOENFMjAwM0Y5MUQ5OTJBRUREOEI5NTQ1QzU5RjlCQiIsIm1hbnVmYWN0dXJlciI6%0AInJvY2tjaGlwIiwibW9kZWwiOiJyazM1ODhfZG9ja2VyIiwicHJvZHVjdCI6InJrMzU4OF9kb2Nr%0AZXIiLCJyZWxlYXNlIjoiMTAiLCJzY3JlZW4iOiI3MjB4MTI4MCIsIm1lbWluZm8iOiIxNTkzME1C%0AIiwicGtnbmFtZSI6ImNvbS5qb3lnYW1lcy5oZXJtZXN3MDIuYWxpZ2FtZXMiLCJuZXR0eXBlIjoi%0AV0lGSW51bGwiLCJndmVyIjoiMjQwMzIxMDEifQ%3D%3D%0A
07-05 08:40:48.736 44074 44144 D NetworkSecurityConfig: Using Network Security Config from resource lebian_network_security_config debugBuild: false
07-05 08:40:48.736 44074 44148 I GameUtil: saved=3be8991c35b0cafe4cef67a75b8791dc
07-05 08:40:48.742 44074 44148 I OverlayManager: ZIP comment found at buffer position 8192 with len=0
07-05 08:40:48.742 43984 44165 D UTUtdid : read utdid is null
07-05 08:40:48.742 43984 44165 D UTUtdid : generateUtdid
07-05 08:40:48.744 44074 44148 I GameUtil: saved=3be8991c35b0cafe4cef67a75b8791dc
07-05 08:40:48.747 44074 44148 I BaseUtil: getUrlRoot: https=0
07-05 08:40:48.747 43984 44162 E mesw02.aligame: Invalid ID 0x00000000.
07-05 08:40:48.748 43984 44175 D AudioTrack: stop(11): called with 2560 frames delivered
07-05 08:40:48.750 43984 44162 D SystemConfig: setSystemConfig
07-05 08:40:48.750 43984 43984 I w02sdk-JOY: w02 MainActivity  onPause
07-05 08:40:48.750   316   735 I ActivityTaskManager: getPackageFerformanceMode--ComponentInfo{com.joygames.hermesw02.aligames/cn.gundam.sdk.shell.activity.ProxyActivity}----com.joygames.hermesw02.aligames
07-05 08:40:48.751  1195  1372 V Space   : sendTracking: resume_activity ({"opType":"resume_activity","resultCode":0,"component":"com.joygames.hermesw02.aligames\/cn.gundam.sdk.shell.activity.ProxyActivity","package":"com.joygames.hermesw02.aligames"})
07-05 08:40:48.751   316  1272 E DatabaseUtils: Writing exception to parcel
07-05 08:40:48.751   316  1272 E DatabaseUtils: java.lang.SecurityException: com.joygames.hermesw02.aligames was not granted  this permission: android.permission.WRITE_SETTINGS.
07-05 08:40:48.751   316  1272 E DatabaseUtils:         at android.provider.Settings.isCallingPackageAllowedToPerformAppOpsProtectedOperation(Settings.java:15546)
07-05 08:40:48.751   316  1272 E DatabaseUtils:         at android.provider.Settings.checkAndNoteWriteSettingsOperation(Settings.java:15426)
07-05 08:40:48.751   316  1272 E DatabaseUtils:         at com.android.providers.settings.SettingsProvider.mutateSystemSetting(SettingsProvider.java:1737)
07-05 08:40:48.751   316  1272 E DatabaseUtils:         at com.android.providers.settings.SettingsProvider.insertSystemSetting(SettingsProvider.java:1712)
07-05 08:40:48.751   316  1272 E DatabaseUtils:         at com.android.providers.settings.SettingsProvider.call(SettingsProvider.java:478)
07-05 08:40:48.751   316  1272 E DatabaseUtils:         at android.content.ContentProvider.call(ContentProvider.java:2152)
07-05 08:40:48.751   316  1272 E DatabaseUtils:         at android.content.ContentProvider$Transport.call(ContentProvider.java:477)
07-05 08:40:48.751   316  1272 E DatabaseUtils:         at android.content.ContentProviderNative.onTransact(ContentProviderNative.java:277)
