07-26 15:05:58.335    91   179 I hwc-drm-two: HWC2 Init: SF register connector 67 type=Virtual, type_id=2 
07-26 15:05:58.335    91   179 I hwc-drm-connector: GetFramebufferInfo,line=853, display=1 persist.vendor.framebuffer.Virtual-0=Unkonw
07-26 15:05:58.335    91   179 I hwc-drm-connector: GetFramebufferInfo,line=861, display=1 persist.vendor.framebuffer.aux=Unkonw
07-26 15:05:58.335    91   179 E hwc-drm-two: hello30:0:0
07-26 15:05:58.335    91   179 I hwc-drm-connector: GetFramebufferInfo,line=853, display=1 persist.vendor.framebuffer.Virtual-0=Unkonw
07-26 15:05:58.335    91   179 I hwc-drm-connector: GetFramebufferInfo,line=861, display=1 persist.vendor.framebuffer.aux=Unkonw
07-26 15:05:58.335    91   179 E hwc-drm-two: hello30:0:0
07-26 15:05:58.335    44    44 D FramebufferSurface: Creating for display 1
07-26 15:05:58.336    91   179 I hwc-drm-two: HWC2 Init: SF register connector 73 type=Virtual, type_id=3 
07-26 15:05:58.336    44    44 E HWComposer: Ignoring connection of tertiary display 2
07-26 15:05:58.336    91   179 I hwc-drm-two: HWC2 Init: SF register connector 79 type=Virtual, type_id=4 
07-26 15:05:58.336    44    44 E HWComposer: Ignoring connection of tertiary display 3
07-26 15:05:58.336    91   179 I hwc-drm-two: HWC2 Init: SF register connector 85 type=Virtual, type_id=5 
07-26 15:05:58.336    44    44 E HWComposer: Ignoring connection of tertiary display 4
07-26 15:05:58.336    91   179 I hwc-drm-two: HWC2 Init: SF register connector 91 type=Virtual, type_id=6 
07-26 15:05:58.336    44    44 E HWComposer: Ignoring connection of tertiary display 5
07-26 15:05:58.336    91   179 I hwc-drm-two: HWC2 Init: SF register connector 97 type=Virtual, type_id=7 
07-26 15:05:58.336    44    44 E HWComposer: Ignoring connection of tertiary display 6
07-26 15:05:58.336    91   179 I hwc-drm-two: HWC2 Init: SF register connector 103 type=Virtual, type_id=8 
07-26 15:05:58.336    44    44 E HWComposer: Ignoring connection of tertiary display 7
07-26 15:05:58.345    45    45 I ServiceManager: Waiting for service 'SurfaceFlinger' on '/dev/binder'...
07-26 15:05:58.346    80    80 E ActivityRecognitionHardware: activity_recognition HAL is deprecated. class_init is effectively a no-op
07-26 15:05:58.360    80    80 I zygote64: Thread[1,tid=80,Native,Thread*=0x7562beac00,peer=0x12c021e0,"main"] recursive attempt to load library "libmedia_jni.so"
07-26 15:05:58.360    80    80 D MtpDeviceJNI: register_android_mtp_MtpDevice
07-26 15:05:58.361    80    80 I zygote64: Thread[1,tid=80,Native,Thread*=0x7562beac00,peer=0x12c021e0,"main"] recursive attempt to load library "libmedia_jni.so"
07-26 15:05:58.361    80    80 I zygote64: Thread[1,tid=80,Native,Thread*=0x7562beac00,peer=0x12c021e0,"main"] recursive attempt to load library "libmedia_jni.so"
07-26 15:05:58.364    80    80 W Zygote  : Class not found for preloading: android.media.audiopolicy.AudioProductStrategies
07-26 15:05:58.364    80    80 W Zygote  : Class not found for preloading: android.media.audiopolicy.AudioVolumeGroups
07-26 15:05:58.391    80    80 W Zygote  : Class not found for preloading: android.view.-$$Lambda$SurfaceView$Cs7TGTdA1lXf9qW8VOJAfEsMjdk
07-26 15:05:58.393    80    80 W Zygote  : Class not found for preloading: android.view.SurfaceView$3
07-26 15:05:58.394    80    80 W Zygote  : Class not found for preloading: android.view.textclassifier.-$$Lambda$TextClassificationManager$JIaezIJbMig_-kVzN6oArzkTsJE
07-26 15:05:58.398    80    80 W Zygote  : Class not found for preloading: com.android.internal.net.NetworkStatsFactory
07-26 15:05:58.400    80    80 W Zygote  : Class not found for preloading: com.android.internal.telephony.-$$Lambda$PhoneSubInfoController$8HFbCDJDN1mrLJG980qYH5MGqMk
07-26 15:05:58.400    80    80 W Zygote  : Class not found for preloading: com.android.internal.telephony.-$$Lambda$PhoneSubInfoController$U28a_EGx2cvmQhDfRRgonMt5Zrc
07-26 15:05:58.400    80    80 W Zygote  : Class not found for preloading: com.android.internal.telephony.-$$Lambda$SubscriptionInfoUpdater$-zZXM9oMRZ3vZz7dJOG19J00Bmw
07-26 15:05:58.400    80    80 W Zygote  : Class not found for preloading: com.android.internal.telephony.-$$Lambda$SubscriptionInfoUpdater$D5yF1HbS4cvCyoAj3FESkPtA_0g
07-26 15:05:58.400    80    80 W Zygote  : Class not found for preloading: com.android.internal.telephony.-$$Lambda$SubscriptionInfoUpdater$MMx9iQX0JVqqMPLTUZhdBubFSzU
07-26 15:05:58.401    80    80 W Zygote  : Class not found for preloading: com.android.internal.telephony.NewNitzStateMachine$1
07-26 15:05:58.401    80    80 W Zygote  : Class not found for preloading: com.android.internal.telephony.NewNitzStateMachine
07-26 15:05:58.401    80    80 W Zygote  : Class not found for preloading: com.android.internal.telephony.NewTimeServiceHelper$1
07-26 15:05:58.401    80    80 W Zygote  : Class not found for preloading: com.android.internal.telephony.NewTimeServiceHelper$Listener
07-26 15:05:58.401    80    80 W Zygote  : Class not found for preloading: com.android.internal.telephony.NewTimeServiceHelper
07-26 15:05:58.401    80    80 W Zygote  : Class not found for preloading: com.android.internal.telephony.PhoneConfigurationModels
07-26 15:05:58.401    80    80 W Zygote  : Class not found for preloading: com.android.internal.telephony.SubscriptionController$ScLocalLog
07-26 15:05:58.402    80    80 W Zygote  : Class not found for preloading: com.android.internal.telephony.UiccSmsController
07-26 15:05:58.402    80    80 W Zygote  : Class not found for preloading: com.android.internal.telephony.dataconnection.DcController$2
07-26 15:05:58.417    80    80 I Zygote  : ...preloaded 7582 classes in 145ms.
07-26 15:05:58.417    80    80 I zygote64: VMRuntime.preloadDexCaches starting
07-26 15:05:58.432    80    80 I zygote64: VMRuntime.preloadDexCaches strings total=381175 before=9925 after=9925
07-26 15:05:58.432    80    80 I zygote64: VMRuntime.preloadDexCaches types total=35950 before=7198 after=7468
07-26 15:05:58.432    80    80 I zygote64: VMRuntime.preloadDexCaches fields total=161445 before=8019 after=8237
07-26 15:05:58.432    80    80 I zygote64: VMRuntime.preloadDexCaches methods total=282790 before=10884 after=11334
07-26 15:05:58.432    80    80 I zygote64: VMRuntime.preloadDexCaches finished
07-26 15:05:58.433    80    80 I zygote64: The ClassLoaderContext is a special shared library.
07-26 15:05:58.433    80    80 D ApplicationLoaders: Created zygote-cached class loader: /system/framework/android.hidl.base-V1.0-java.jar
07-26 15:05:58.434    80    80 I zygote64: The ClassLoaderContext is a special shared library.
07-26 15:05:58.434    80    80 D ApplicationLoaders: Created zygote-cached class loader: /system/framework/android.hidl.manager-V1.0-java.jar
07-26 15:05:58.445    45    45 I ServiceManager: Waiting for service 'SurfaceFlinger' on '/dev/binder'...
07-26 15:05:58.471    80    80 I Zygote  : Preloading resources...
07-26 15:05:58.474    80    80 W Resources: Preloaded drawable resource #0x108027d (android:drawable/dialog_background_material) that varies with configuration!!
07-26 15:05:58.483    80    80 I Zygote  : ...preloaded 64 resources in 12ms.
07-26 15:05:58.484    80    80 I Zygote  : ...preloaded 41 resources in 1ms.
07-26 15:05:58.495    80    80 D libEGL  : loaded /vendor/lib64/egl/libGLES_mali.so
07-26 15:05:58.499    80    80 I Zygote  : Preloading shared libraries...
07-26 15:05:58.501    80    80 I Zygote  : Called ZygoteHooks.endPreload()
07-26 15:05:58.502    80    80 I Zygote  : Installed AndroidKeyStoreProvider in 0ms.
07-26 15:05:58.504    80    80 I Zygote  : Warmed up JCA providers in 3ms.
07-26 15:05:58.504    80    80 D Zygote  : end preload
07-26 15:05:58.517    80    80 I zygote64: Explicit concurrent copying GC freed 63528(3525KB) AllocSpace objects, 16(388KB) LOS objects, 49% free, 2625KB/5251KB, paused 21us total 12.295ms
07-26 15:05:58.527    80    80 I zygote64: Explicit concurrent copying GC freed 6069(209KB) AllocSpace objects, 0(0B) LOS objects, 49% free, 2448KB/4897KB, paused 9us total 8.297ms
07-26 15:05:58.545    45    45 I ServiceManager: Waiting for service 'SurfaceFlinger' on '/dev/binder'...
07-26 15:05:58.549    80    80 D Zygote  : Forked child process 224
07-26 15:05:58.549    80    80 I Zygote  : System server process 224 has been created
07-26 15:05:58.550    80    80 I Zygote  : Accepting command socket connections
07-26 15:05:58.551   224   224 I Zygote  : seccomp disabled by setenforce 0
07-26 15:05:58.552    44    44 D RenderEngine: shader cache generated - 48 shaders in 215.409851 ms
07-26 15:05:58.552   224   224 I system_server: The ClassLoaderContext is a special shared library.
07-26 15:05:58.552    44    44 I ServiceManagement: Registered android.frameworks.displayservice@1.0::IDisplayService/default (start delay of 702ms)
07-26 15:05:58.552    44    44 E SurfaceFlinger: Couldn't set SCHED_FIFO
07-26 15:05:58.552    44    44 D SurfaceFlinger: Setting power mode 2 on display 0
07-26 15:05:58.552    91   179 E hwc-drm-two: SetPowerMode,line=2050 init_success_=0 skip.
07-26 15:05:58.552    44    44 E HWComposer: setPowerMode: setPowerMode(On) failed for display 0: BadDisplay (2)
07-26 15:05:58.552    44    44 W SurfaceFlinger: Couldn't set SCHED_FIFO on display on
07-26 15:05:58.552    44    44 D SurfaceFlinger: Finished setting power mode 2 on display 0
07-26 15:05:58.561   224   224 I system_server: The ClassLoaderContext is a special shared library.
07-26 15:05:58.562   224   224 I chatty  : uid=1000 system_server identical 1 line
07-26 15:05:58.563   224   224 I system_server: The ClassLoaderContext is a special shared library.
07-26 15:05:58.565   224   224 E system_server: Not starting debugger since process cannot load the jdwp agent.
07-26 15:05:58.578   224   224 I SystemServer: InitBeforeStartServices
07-26 15:05:58.646    45    45 D BootAnimation: BootAnimationStartTiming start time: 1009427145ms
07-26 15:05:58.646    45    45 D BootAnimation: BootAnimationPreloadTiming start time: 1009427145ms
07-26 15:05:58.646    45    45 D BootAnimation: bootvideo:No boot video animation,EXIT_VIDEO_NAME:false,bootvideo.showtime:-1
07-26 15:05:58.647    45    45 D BootAnimation: BootAnimationPreloadStopTiming start time: 1009427146ms
07-26 15:05:58.655    45   251 D libEGL  : loaded /vendor/lib64/egl/libGLES_mali.so
07-26 15:05:58.660    45   251 I mali_so : [File] : hardware/arm/maliT760/driver/product/base/src/mali_base_kbase.c; [Line] : 1292; [Func] : base_context_deal_with_version_affairs_rk_ext;
07-26 15:05:58.660    45   251 I mali_so : arm_release_ver of this mali_so is 'g12p0-01eac0', rk_so_ver is '5'.
07-26 15:05:58.660    45   251 I mali_so : [File] : hardware/arm/maliT760/driver/product/base/src/mali_base_kbase.c; [Line] : 1308; [Func] : base_context_deal_with_version_affairs_rk_ext;
07-26 15:05:58.660    45   251 I mali_so : arm_release_vers are match. to set the full mali_ver 'g12p0-01eac0-5' as value of 'sys.gmali.version'.
07-26 15:05:58.804   224   224 I SystemServer: Entered the Android system server!
07-26 15:05:58.805    29    29 I hwservicemanager: getTransport: Cannot find entry android.hardware.configstore@1.0::ISurfaceFlingerConfigs/default in either framework or device manifest.
07-26 15:05:58.812    45   251 D BootAnimation: BootAnimationShownTiming start time: 1009427311ms
07-26 15:05:58.873   224   224 E UsbAlsaJackDetectorJNI: Can't register UsbAlsaJackDetector native methods
07-26 15:05:58.876   224   224 I SystemServer: StartServices
07-26 15:05:58.876   224   224 I SystemServer: StartWatchdog
07-26 15:05:58.878   224   224 I SystemServer: Reading configuration...
07-26 15:05:58.878   224   224 I SystemServer: ReadingSystemConfig
07-26 15:05:58.878   224   224 I SystemServer: StartInstaller
07-26 15:05:58.878   224   224 I SystemServiceManager: Starting com.android.server.pm.Installer
07-26 15:05:58.878   224   224 W Installer: installd not found; trying again
07-26 15:05:58.879   224   224 I SystemServer: DeviceIdentifiersPolicyService
07-26 15:05:58.879   224   224 I SystemServiceManager: Starting com.android.server.os.DeviceIdentifiersPolicyService
07-26 15:05:58.879   224   224 I SystemServer: UriGrantsManagerService
07-26 15:05:58.879   224   224 I SystemServiceManager: Starting com.android.server.uri.UriGrantsManagerService$Lifecycle
07-26 15:05:58.880   224   224 I SystemServer: StartActivityManager
07-26 15:05:58.880   224   224 I SystemServiceManager: Starting com.android.server.wm.ActivityTaskManagerService$Lifecycle
07-26 15:05:58.880   224   224 I SystemServiceManager: Starting com.android.server.am.ActivityManagerService$Lifecycle
07-26 15:05:58.880   224   224 I ActivityManager: Memory class: 192
07-26 15:05:58.893   224   262 I SystemConfig: Adding association: com.google.android.as <- com.android.providers.contacts
07-26 15:05:58.893   224   262 I SystemConfig: Adding association: com.google.android.as <- com.android.providers.media
07-26 15:05:58.893   224   262 I SystemConfig: Adding association: com.google.android.as <- com.android.providers.telephony
07-26 15:05:58.893   224   262 I SystemConfig: Adding association: com.google.android.as <- com.android.systemui
07-26 15:05:58.893   224   262 I SystemConfig: Adding association: com.google.android.as <- com.google.android.gms
07-26 15:05:58.893   224   262 I SystemConfig: Adding association: com.google.android.as <- com.google.android.gsf
07-26 15:05:58.895   224   224 D BatteryStatsImpl: Reading daily items from /data/system/batterystats-daily.xml
07-26 15:05:58.895    29    29 I hwservicemanager: getTransport: Cannot find entry android.hardware.power.stats@1.0::IPowerStats/default in either framework or device manifest.
07-26 15:05:58.896   224   269 I BatteryStatsService: Using power HAL
07-26 15:05:58.896   224   269 E BatteryStatsService: Unable to load Power.Stats.HAL. Setting rail availability to false
07-26 15:05:58.896   224   269 E BluetoothAdapter: Bluetooth binder is null
07-26 15:05:58.897   224   269 E KernelCpuUidFreqTimeReader: Failed to read /proc/uid_time_in_state: java.nio.file.NoSuchFileException: /proc/uid_time_in_state
07-26 15:05:58.897   224   262 W SystemConfig: No directory /product_services/etc/sysconfig, skipping
07-26 15:05:58.898   224   262 W SystemConfig: No directory /product_services/etc/permissions, skipping
07-26 15:05:58.898   224   269 W KernelCpuProcStringReader: File not found. It's normal if not implemented: /proc/uid_time_in_state
07-26 15:05:58.898   224   269 W KernelCpuProcStringReader: File not found. It's normal if not implemented: /proc/uid_concurrent_active_time
07-26 15:05:58.898   224   269 W KernelCpuProcStringReader: File not found. It's normal if not implemented: /proc/uid_concurrent_policy_time
07-26 15:05:58.899   224   269 W KernelMemoryBandwidthStats: No kernel memory bandwidth stats available
07-26 15:05:58.899   224   269 I PowerManagerService-JNI: Loaded power HAL 1.0 service
07-26 15:05:58.964    29    29 I hwservicemanager: getTransport: Cannot find entry android.hardware.memtrack@1.0::IMemtrack/default in either framework or device manifest.
07-26 15:05:58.964   224   224 E memtrack: Couldn't load memtrack module
07-26 15:05:58.964   224   224 W android.os.Debug: failed to get memory consumption info: -1
07-26 15:05:58.965   224   224 I IntentFirewall: Read new rules (A:0 B:0 S:0)
07-26 15:05:58.967   224   224 D AppOps  : AppOpsService published
07-26 15:05:58.967   224   224 I SystemServer: StartPowerManager
07-26 15:05:58.967   224   224 I SystemServiceManager: Starting com.android.server.power.PowerManagerService
07-26 15:05:58.977   224   224 I SystemServer: StartThermalManager
07-26 15:05:58.977   224   224 I SystemServiceManager: Starting com.android.server.power.ThermalManagerService
07-26 15:05:58.977   224   224 I SystemServer: InitPowerManagement
07-26 15:05:58.977   224   224 I SystemServer: StartRecoverySystemService
07-26 15:05:58.977   224   224 I SystemServiceManager: Starting com.android.server.RecoverySystemService
07-26 15:05:58.977   224   224 I SystemServer: StartLightsService
07-26 15:05:58.977   224   224 I SystemServiceManager: Starting com.android.server.lights.LightsService
07-26 15:05:58.978   224   269 E BluetoothAdapter: Bluetooth binder is null
07-26 15:05:58.978   224   269 E KernelCpuUidFreqTimeReader: Failed to read /proc/uid_time_in_state: java.nio.file.NoSuchFileException: /proc/uid_time_in_state
07-26 15:05:58.978   224   224 I SystemServer: StartSidekickService
07-26 15:05:58.978   224   224 I SystemServer: StartDisplayManager
07-26 15:05:58.978   224   224 I SystemServiceManager: Starting com.android.server.display.DisplayManagerService
07-26 15:05:58.979   224   224 I SystemServer: WaitForDisplay
07-26 15:05:58.979   224   224 I SystemServiceManager: Starting phase 100
07-26 15:05:58.980   224   258 I DisplayManagerService: Display device added: DisplayDeviceInfo{"": uniqueId="local:0", 720 x 1280, modeId 1, defaultModeId 1, supportedModes [{id=1, width=720, height=1280, fps=60.000004}], colorMode 0, supportedColorModes [0], HdrCapabilities android.view.Display$HdrCapabilities@40f16308, density 320, 320.0 x 320.0 dpi, appVsyncOff 1000000, presDeadline 16666666, touch INTERNAL, rotation 0, type BUILT_IN, address {port=0}, state UNKNOWN, FLAG_DEFAULT_DISPLAY, FLAG_ROTATES_WITH_CONTENT, FLAG_SECURE, FLAG_SUPPORTS_PROTECTED_BUFFERS}
07-26 15:05:58.980    44    44 D SurfaceFlinger: Setting power mode 2 on display 0
07-26 15:05:58.981   224   258 E LightsService: Light requested not available on this device. 0
07-26 15:05:58.981   224   258 I DisplayManagerService: Display device added: DisplayDeviceInfo{"HDMI ": uniqueId="local:1", 1024 x 768, modeId 2, defaultModeId 2, supportedModes [{id=2, width=1024, height=768, fps=60.000004}], colorMode 0, supportedColorModes [0], HdrCapabilities android.view.Display$HdrCapabilities@40f16308, density 227, 227.0 x 227.0 dpi, appVsyncOff 1000000, presDeadline 16666666, touch EXTERNAL, rotation 0, type HDMI, address {port=1}, state UNKNOWN, FLAG_SECURE, FLAG_SUPPORTS_PROTECTED_BUFFERS, FLAG_PRESENTATION}
07-26 15:05:58.981   224   224 I SystemServer: StartPackageManagerService
07-26 15:05:58.981   224   224 I Watchdog: Pausing HandlerChecker: main thread for reason: packagemanagermain. Pause count: 1
07-26 15:05:58.981    44    44 D SurfaceFlinger: Setting power mode 2 on display 1
07-26 15:05:58.981    91   179 E hwc-drm-two: SetPowerMode,line=2050 init_success_=0 skip.
07-26 15:05:58.981    44    44 E HWComposer: setPowerMode: setPowerMode(On) failed for display 1: BadDisplay (2)
07-26 15:05:58.981    44    44 W SurfaceFlinger: Couldn't set SCHED_FIFO on display on
07-26 15:05:58.981    44    44 D SurfaceFlinger: Finished setting power mode 2 on display 1
07-26 15:05:58.981   224   258 I DisplayManagerService: Display device changed state: "", ON
07-26 15:05:58.981   224   258 I DisplayManagerService: Display device changed state: "HDMI ", ON
07-26 15:05:58.983   224   224 D PackageSettings: mSettingsFilename exist! Closed performance mode!/odm/etc/package_performance.xml
07-26 15:05:58.984   224   224 D SELinuxMMAC: Using policy file /system/etc/selinux/plat_mac_permissions.xml
07-26 15:05:58.984   224   224 D SELinuxMMAC: Using policy file /vendor/etc/selinux/vendor_mac_permissions.xml
07-26 15:05:58.985   224   224 D FallbackCategoryProvider: Found 1 fallback categories
07-26 15:05:59.022   224   224 D PackageManager: Destroying unknown cache 65415fb2ffeae9fb1976177015c4ffffca9cecc4
07-26 15:05:59.045   224   224 D PackageManager: No files in app dir /product_services/overlay
07-26 15:05:59.045   224   224 D PackageManager: No files in app dir /odm/overlay
07-26 15:05:59.045   224   224 D PackageManager: No files in app dir /oem/overlay
07-26 15:05:59.046   224   224 W PackageManager: Failed to parse /system/framework/arm: Missing base APK in /system/framework/arm
07-26 15:05:59.050   224   224 W PackageManager: Failed to parse /system/framework/oat: Missing base APK in /system/framework/oat
07-26 15:05:59.051   224   224 W PackageManager: Failed to parse /system/framework/arm64: Missing base APK in /system/framework/arm64
07-26 15:05:59.065   224   288 W system_server: resources.arsc in APK '/system/priv-app/com.sohu.inputmethod.sogou/com.sohu.inputmethod.sogou.apk' is compressed.
07-26 15:05:59.077   224   288 W system_server: resources.arsc in APK '/system/priv-app/com.sohu.inputmethod.sogou/com.sohu.inputmethod.sogou.apk' is compressed.
07-26 15:05:59.083   224   291 W PackageParser: Ignoring duplicate uses-permissions/uses-permissions-sdk-m: android.permission.GET_TASKS in package: com.estrongs.android.pop at: Binary XML file line #22
07-26 15:05:59.083   224   291 W PackageParser: Ignoring duplicate uses-permissions/uses-permissions-sdk-m: android.permission.WAKE_LOCK in package: com.estrongs.android.pop at: Binary XML file line #23
07-26 15:05:59.083   224   291 W PackageParser: Unknown element under <manifest>: queries at /system/priv-app/ESFileExplorer/ESFileExplorer.apk Binary XML file line #46
07-26 15:05:59.083   224   291 W PackageParser: Ignoring duplicate uses-permissions/uses-permissions-sdk-m: android.permission.QUERY_ALL_PACKAGES in package: com.estrongs.android.pop at: Binary XML file line #61
07-26 15:05:59.088   224   288 W PackageParser: Ignoring duplicate uses-permissions/uses-permissions-sdk-m: android.permission.READ_EXTERNAL_STORAGE in package: com.sohu.inputmethod.sogou at: Binary XML file line #490
07-26 15:05:59.089   224   288 W PackageParser: No actions in intent filter at /system/priv-app/com.sohu.inputmethod.sogou/com.sohu.inputmethod.sogou.apk Binary XML file line #1000
07-26 15:05:59.142   224   290 W PackageParser: Ignoring duplicate uses-permissions/uses-permissions-sdk-m: android.permission.ACCESS_FINE_LOCATION in package: com.DeviceTest at: Binary XML file line #19
07-26 15:05:59.142   224   290 W PackageParser: Ignoring duplicate uses-permissions/uses-permissions-sdk-m: android.permission.WRITE_SETTINGS in package: com.DeviceTest at: Binary XML file line #28
07-26 15:05:59.142   224   290 W PackageParser: Ignoring duplicate uses-permissions/uses-permissions-sdk-m: android.permission.INTERNET in package: com.DeviceTest at: Binary XML file line #36
07-26 15:05:59.142   224   290 W PackageParser: Ignoring duplicate uses-permissions/uses-permissions-sdk-m: android.permission.DEVICE_POWER in package: com.DeviceTest at: Binary XML file line #40
07-26 15:05:59.147   224   289 W PackageParser: Ignoring duplicate uses-permissions/uses-permissions-sdk-m: android.permission.INSTALL_GRANT_RUNTIME_PERMISSIONS in package: com.android.shell at: Binary XML file line #127
07-26 15:05:59.148   224   290 W system_server: resources.arsc in APK '/system/priv-app/qqbrowser/qqbrowser.apk' is compressed.
07-26 15:05:59.160   224   290 W system_server: resources.arsc in APK '/system/priv-app/qqbrowser/qqbrowser.apk' is compressed.
07-26 15:05:59.171   224   290 W PackageParser: Unknown element under <manifest>: meta-data at /system/priv-app/qqbrowser/qqbrowser.apk Binary XML file line #140
07-26 15:05:59.175   224   290 W PackageParser: No actions in intent filter at /system/priv-app/qqbrowser/qqbrowser.apk Binary XML file line #1573
07-26 15:05:59.202   224   292 W PackageParser: Ignoring duplicate uses-permissions/uses-permissions-sdk-m: android.permission.CHANGE_WIFI_STATE in package: com.android.nfc at: Binary XML file line #52
07-26 15:05:59.202   224   292 W PackageParser: Ignoring duplicate uses-permissions/uses-permissions-sdk-m: android.permission.ACCESS_WIFI_STATE in package: com.android.nfc at: Binary XML file line #53
07-26 15:05:59.207   224   224 D PackageManager: No files in app dir /vendor/priv-app
07-26 15:05:59.211   224   296 W PackageParser: Ignoring duplicate uses-permissions/uses-permissions-sdk-m: android.permission.DEVICE_POWER in package: android.rk.RockVideoPlayer at: Binary XML file line #25
07-26 15:05:59.213   224   224 D PackageManager: No files in app dir /odm/priv-app
07-26 15:05:59.213   224   224 D PackageManager: No files in app dir /odm/app
07-26 15:05:59.213   224   224 D PackageManager: No files in app dir /oem/app
07-26 15:05:59.223   224   224 I PackageManager: /product/priv-app/Launcher3QuickStep changed; collecting certs
07-26 15:05:59.224   224   224 W PackageManager: Failed to scan /product/priv-app/Launcher3QuickStep: Application package com.android.launcher3 already installed.  Skipping duplicate.
07-26 15:05:59.227   224   298 W PackageParser: Ignoring duplicate uses-permissions/uses-permissions-sdk-m: android.permission.CONFIGURE_WIFI_DISPLAY in package: com.android.systemui at: Binary XML file line #155
07-26 15:05:59.227   224   297 W PackageParser: No actions in intent filter at /product/priv-app/Contacts/Contacts.apk Binary XML file line #411
07-26 15:05:59.243   224   224 W PackageManager: Skipping provider name androidx.lifecycle.process.lifecycle-process (in package com.android.settings): name already used by com.android.systemui
07-26 15:05:59.258   224   224 D PackageManager: No files in app dir /product_services/priv-app
07-26 15:05:59.258   224   224 D PackageManager: No files in app dir /product_services/app
07-26 15:05:59.258   224   224 D PackageManager: No files in app dir /odm/bundled_uninstall_gone-app
07-26 15:05:59.258   224   224 D PackageManager: No files in app dir /odm/bundled_uninstall_back-app
07-26 15:05:59.258   224   224 D PackageManager: No files in app dir /odm/bundled_persist-app
07-26 15:05:59.258   224   224 I PackageManager: Finished scanning system apps. Time: 237 ms, packageCount: 124 , timePerPackage: 1 , cached: 0
07-26 15:05:59.258   224   224 D PackageManager: No files in app dir /data/app
07-26 15:05:59.258   224   224 I PackageManager: Finished scanning non-system apps. Time: 0 ms, packageCount: 0 , timePerPackage: 0 , cached: 0
07-26 15:05:59.259   224   224 W NineDSpaceManager: warning: no space9d service
07-26 15:05:59.260   224   224 I PackageManager: Time to scan packages: 0.239 seconds
07-26 15:05:59.262   224   224 I PackageManager: Un-granting permission android.permission.REQUEST_INSTALL_PACKAGES from package com.sohu.inputmethod.sogou (protectionLevel=66 flags=0x38483e45)
07-26 15:05:59.263   224   224 I PackageManager: Un-granting permission android.permission.GLOBAL_SEARCH from package com.android.quicksearchbox (protectionLevel=18 flags=0x3008be45)
07-26 15:05:59.263   224   224 I PackageManager: Un-granting permission android.permission.WRITE_MEDIA_STORAGE from package com.android.soundrecorder (protectionLevel=18 flags=0x3008be45)
07-26 15:05:59.263   224   224 I PackageManager: Un-granting permission android.permission.MOUNT_UNMOUNT_FILESYSTEMS from package com.android.soundrecorder (protectionLevel=18 flags=0x3008be45)
07-26 15:05:59.266   224   224 I PackageManager: Un-granting permission android.permission.REQUEST_INSTALL_PACKAGES from package com.estrongs.android.pop (protectionLevel=66 flags=0x3858be45)
07-26 15:05:59.267   224   224 I PackageManager: Un-granting permission android.permission.MANAGE_DOCUMENTS from package com.estrongs.android.pop (protectionLevel=262146 flags=0x3858be45)
07-26 15:05:59.267   224   224 I PackageManager: Un-granting permission android.permission.INTERACT_ACROSS_USERS_FULL from package com.tencent.mtt (protectionLevel=258 flags=0x38583e45)
07-26 15:05:59.267   224   224 I PackageManager: Un-granting permission android.permission.REQUEST_INSTALL_PACKAGES from package com.tencent.mtt (protectionLevel=66 flags=0x38583e45)
07-26 15:05:59.273   224   224 V PackageManager: reconcileAppsData for null u0 0x3 migrateAppData=true
07-26 15:05:59.275   224   224 E PackageManager: Failed to create app data for com.android.providers.telephony, but trying to recover: com.android.server.pm.Installer$InstallerException: java.lang.NullPointerException: Attempt to invoke interface method 'long android.os.IInstalld.createAppData(java.lang.String, java.lang.String, int, int, int, java.lang.String, int)' on a null object reference
07-26 15:05:59.276   224   224 W PackageManager: com.android.server.pm.Installer$InstallerException: java.lang.NullPointerException: Attempt to invoke interface method 'void android.os.IInstalld.destroyAppData(java.lang.String, java.lang.String, int, int, long)' on a null object reference
07-26 15:05:59.276   224   224 D PackageManager: Recovery failed!
07-26 15:05:59.276   224   224 W PackageManager: Failed to migrate com.android.providers.telephony: java.lang.NullPointerException: Attempt to invoke interface method 'void android.os.IInstalld.migrateAppData(java.lang.String, java.lang.String, int, int)' on a null object reference
07-26 15:05:59.276   224   224 E PackageManager: Failed to create app data for com.android.providers.telephony, but trying to recover: com.android.server.pm.Installer$InstallerException: java.lang.NullPointerException: Attempt to invoke interface method 'long android.os.IInstalld.createAppData(java.lang.String, java.lang.String, int, int, int, java.lang.String, int)' on a null object reference
07-26 15:05:59.276   224   224 W PackageManager: com.android.server.pm.Installer$InstallerException: java.lang.NullPointerException: Attempt to invoke interface method 'void android.os.IInstalld.destroyAppData(java.lang.String, java.lang.String, int, int, long)' on a null object reference
07-26 15:05:59.276   224   224 D PackageManager: Recovery failed!
07-26 15:05:59.277   224   224 E PackageManager: Failed to create app data for com.android.mms.service, but trying to recover: com.android.server.pm.Installer$InstallerException: java.lang.NullPointerException: Attempt to invoke interface method 'long android.os.IInstalld.createAppData(java.lang.String, java.lang.String, int, int, int, java.lang.String, int)' on a null object reference
07-26 15:05:59.277   224   224 W PackageManager: com.android.server.pm.Installer$InstallerException: java.lang.NullPointerException: Attempt to invoke interface method 'void android.os.IInstalld.destroyAppData(java.lang.String, java.lang.String, int, int, long)' on a null object reference
07-26 15:05:59.277   224   224 D PackageManager: Recovery failed!
07-26 15:05:59.277   224   224 W PackageManager: Failed to migrate com.android.mms.service: java.lang.NullPointerException: Attempt to invoke interface method 'void android.os.IInstalld.migrateAppData(java.lang.String, java.lang.String, int, int)' on a null object reference
07-26 15:05:59.277   224   224 E PackageManager: Failed to create app data for com.android.mms.service, but trying to recover: com.android.server.pm.Installer$InstallerException: java.lang.NullPointerException: Attempt to invoke interface method 'long android.os.IInstalld.createAppData(java.lang.String, java.lang.String, int, int, int, java.lang.String, int)' on a null object reference
07-26 15:05:59.277   224   224 W PackageManager: com.android.server.pm.Installer$InstallerException: java.lang.NullPointerException: Attempt to invoke interface method 'void android.os.IInstalld.destroyAppData(java.lang.String, java.lang.String, int, int, long)' on a null object reference
07-26 15:05:59.277   224   224 D PackageManager: Recovery failed!
07-26 15:05:59.278   224   224 E PackageManager: Failed to create app data for android, but trying to recover: com.android.server.pm.Installer$InstallerException: java.lang.NullPointerException: Attempt to invoke interface method 'long android.os.IInstalld.createAppData(java.lang.String, java.lang.String, int, int, int, java.lang.String, int)' on a null object reference
07-26 15:05:59.278   224   224 W PackageManager: com.android.server.pm.Installer$InstallerException: java.lang.NullPointerException: Attempt to invoke interface method 'void android.os.IInstalld.destroyAppData(java.lang.String, java.lang.String, int, int, long)' on a null object reference
07-26 15:05:59.278   224   224 D PackageManager: Recovery failed!
07-26 15:05:59.278   224   224 W PackageManager: Failed to migrate android: java.lang.NullPointerException: Attempt to invoke interface method 'void android.os.IInstalld.migrateAppData(java.lang.String, java.lang.String, int, int)' on a null object reference
07-26 15:05:59.278   224   224 E PackageManager: Failed to create app data for android, but trying to recover: com.android.server.pm.Installer$InstallerException: java.lang.NullPointerException: Attempt to invoke interface method 'long android.os.IInstalld.createAppData(java.lang.String, java.lang.String, int, int, int, java.lang.String, int)' on a null object reference
07-26 15:05:59.278   224   224 W PackageManager: com.android.server.pm.Installer$InstallerException: java.lang.NullPointerException: Attempt to invoke interface method 'void android.os.IInstalld.destroyAppData(java.lang.String, java.lang.String, int, int, long)' on a null object reference
07-26 15:05:59.278   224   224 D PackageManager: Recovery failed!
07-26 15:05:59.278   224   224 E PackageManager: Failed to create app data for com.android.providers.settings, but trying to recover: com.android.server.pm.Installer$InstallerException: java.lang.NullPointerException: Attempt to invoke interface method 'long android.os.IInstalld.createAppData(java.lang.String, java.lang.String, int, int, int, java.lang.String, int)' on a null object reference
07-26 15:05:59.279   224   224 W PackageManager: com.android.server.pm.Installer$InstallerException: java.lang.NullPointerException: Attempt to invoke interface method 'void android.os.IInstalld.destroyAppData(java.lang.String, java.lang.String, int, int, long)' on a null object reference
07-26 15:05:59.279   224   224 D PackageManager: Recovery failed!
07-26 15:05:59.279   224   224 W PackageManager: Failed to migrate com.android.providers.settings: java.lang.NullPointerException: Attempt to invoke interface method 'void android.os.IInstalld.migrateAppData(java.lang.String, java.lang.String, int, int)' on a null object reference
07-26 15:05:59.279   224   224 E PackageManager: Failed to create app data for com.android.providers.settings, but trying to recover: com.android.server.pm.Installer$InstallerException: java.lang.NullPointerException: Attempt to invoke interface method 'long android.os.IInstalld.createAppData(java.lang.String, java.lang.String, int, int, int, java.lang.String, int)' on a null object reference
07-26 15:05:59.279   224   224 W PackageManager: com.android.server.pm.Installer$InstallerException: java.lang.NullPointerException: Attempt to invoke interface method 'void android.os.IInstalld.destroyAppData(java.lang.String, java.lang.String, int, int, long)' on a null object reference
07-26 15:05:59.279   224   224 D PackageManager: Recovery failed!
07-26 15:05:59.280   224   224 E PackageManager: Failed to create app data for com.android.inputdevices, but trying to recover: com.android.server.pm.Installer$InstallerException: java.lang.NullPointerException: Attempt to invoke interface method 'long android.os.IInstalld.createAppData(java.lang.String, java.lang.String, int, int, int, java.lang.String, int)' on a null object reference
07-26 15:05:59.280   224   224 W PackageManager: com.android.server.pm.Installer$InstallerException: java.lang.NullPointerException: Attempt to invoke interface method 'void android.os.IInstalld.destroyAppData(java.lang.String, java.lang.String, int, int, long)' on a null object reference
07-26 15:05:59.280   224   224 D PackageManager: Recovery failed!
07-26 15:05:59.280   224   224 W PackageManager: Failed to migrate com.android.inputdevices: java.lang.NullPointerException: Attempt to invoke interface method 'void android.os.IInstalld.migrateAppData(java.lang.String, java.lang.String, int, int)' on a null object reference
07-26 15:05:59.280   224   224 E PackageManager: Failed to create app data for com.android.inputdevices, but trying to recover: com.android.server.pm.Installer$InstallerException: java.lang.NullPointerException: Attempt to invoke interface method 'long android.os.IInstalld.createAppData(java.lang.String, java.lang.String, int, int, int, java.lang.String, int)' on a null object reference
07-26 15:05:59.280   224   224 W PackageManager: com.android.server.pm.Installer$InstallerException: java.lang.NullPointerException: Attempt to invoke interface method 'void android.os.IInstalld.destroyAppData(java.lang.String, java.lang.String, int, int, long)' on a null object reference
07-26 15:05:59.280   224   224 D PackageManager: Recovery failed!
07-26 15:05:59.280   224   224 E PackageManager: Failed to create app data for android.ext.shared, but trying to recover: com.android.server.pm.Installer$InstallerException: java.lang.NullPointerException: Attempt to invoke interface method 'long android.os.IInstalld.createAppData(java.lang.String, java.lang.String, int, int, int, java.lang.String, int)' on a null object reference
07-26 15:05:59.281   224   224 W PackageManager: com.android.server.pm.Installer$InstallerException: java.lang.NullPointerException: Attempt to invoke interface method 'void android.os.IInstalld.destroyAppData(java.lang.String, java.lang.String, int, int, long)' on a null object reference
07-26 15:05:59.281   224   224 D PackageManager: Recovery failed!
07-26 15:05:59.281   224   224 W PackageManager: Failed to migrate android.ext.shared: java.lang.NullPointerException: Attempt to invoke interface method 'void android.os.IInstalld.migrateAppData(java.lang.String, java.lang.String, int, int)' on a null object reference
07-26 15:05:59.281   224   224 E PackageManager: Failed to create app data for android.ext.shared, but trying to recover: com.android.server.pm.Installer$InstallerException: java.lang.NullPointerException: Attempt to invoke interface method 'long android.os.IInstalld.createAppData(java.lang.String, java.lang.String, int, int, int, java.lang.String, int)' on a null object reference
07-26 15:05:59.281   224   224 W PackageManager: com.android.server.pm.Installer$InstallerException: java.lang.NullPointerException: Attempt to invoke interface method 'void android.os.IInstalld.destroyAppData(java.lang.String, java.lang.String, int, int, long)' on a null object reference
07-26 15:05:59.281   224   224 D PackageManager: Recovery failed!
07-26 15:05:59.281   224   224 E PackageManager: Failed to create app data for com.android.server.telecom, but trying to recover: com.android.server.pm.Installer$InstallerException: java.lang.NullPointerException: Attempt to invoke interface method 'long android.os.IInstalld.createAppData(java.lang.String, java.lang.String, int, int, int, java.lang.String, int)' on a null object reference
07-26 15:05:59.282   224   224 W PackageManager: com.android.server.pm.Installer$InstallerException: java.lang.NullPointerException: Attempt to invoke interface method 'void android.os.IInstalld.destroyAppData(java.lang.String, java.lang.String, int, int, long)' on a null object reference
07-26 15:05:59.282   224   224 D PackageManager: Recovery failed!
07-26 15:05:59.282   224   224 W PackageManager: Failed to migrate com.android.server.telecom: java.lang.NullPointerException: Attempt to invoke interface method 'void android.os.IInstalld.migrateAppData(java.lang.String, java.lang.String, int, int)' on a null object reference
07-26 15:05:59.282   224   224 E PackageManager: Failed to create app data for com.android.server.telecom, but trying to recover: com.android.server.pm.Installer$InstallerException: java.lang.NullPointerException: Attempt to invoke interface method 'long android.os.IInstalld.createAppData(java.lang.String, java.lang.String, int, int, int, java.lang.String, int)' on a null object reference
07-26 15:05:59.282   224   224 W PackageManager: com.android.server.pm.Installer$InstallerException: java.lang.NullPointerException: Attempt to invoke interface method 'void android.os.IInstalld.destroyAppData(java.lang.String, java.lang.String, int, int, long)' on a null object reference
07-26 15:05:59.282   224   224 D PackageManager: Recovery failed!
07-26 15:05:59.282   224   224 E PackageManager: Failed to create app data for android.ext.services, but trying to recover: com.android.server.pm.Installer$InstallerException: java.lang.NullPointerException: Attempt to invoke interface method 'long android.os.IInstalld.createAppData(java.lang.String, java.lang.String, int, int, int, java.lang.String, int)' on a null object reference
07-26 15:05:59.283   224   224 W PackageManager: com.android.server.pm.Installer$InstallerException: java.lang.NullPointerException: Attempt to invoke interface method 'void android.os.IInstalld.destroyAppData(java.lang.String, java.lang.String, int, int, long)' on a null object reference
07-26 15:05:59.283   224   224 D PackageManager: Recovery failed!
07-26 15:05:59.283   224   224 W PackageManager: Failed to migrate android.ext.services: java.lang.NullPointerException: Attempt to invoke interface method 'void android.os.IInstalld.migrateAppData(java.lang.String, java.lang.String, int, int)' on a null object reference
07-26 15:05:59.283   224   224 E PackageManager: Failed to create app data for android.ext.services, but trying to recover: com.android.server.pm.Installer$InstallerException: java.lang.NullPointerException: Attempt to invoke interface method 'long android.os.IInstalld.createAppData(java.lang.String, java.lang.String, int, int, int, java.lang.String, int)' on a null object reference
07-26 15:05:59.283   224   224 W PackageManager: com.android.server.pm.Installer$InstallerException: java.lang.NullPointerException: Attempt to invoke interface method 'void android.os.IInstalld.destroyAppData(java.lang.String, java.lang.String, int, int, long)' on a null object reference
07-26 15:05:59.283   224   224 D PackageManager: Recovery failed!
07-26 15:05:59.283   224   224 E PackageManager: Failed to create app data for com.android.proxyhandler, but trying to recover: com.android.server.pm.Installer$InstallerException: java.lang.NullPointerException: Attempt to invoke interface method 'long android.os.IInstalld.createAppData(java.lang.String, java.lang.String, int, int, int, java.lang.String, int)' on a null object reference
07-26 15:05:59.284   224   224 W PackageManager: com.android.server.pm.Installer$InstallerException: java.lang.NullPointerException: Attempt to invoke interface method 'void android.os.IInstalld.destroyAppData(java.lang.String, java.lang.String, int, int, long)' on a null object reference
07-26 15:05:59.284   224   224 D PackageManager: Recovery failed!
07-26 15:05:59.284   224   224 W PackageManager: Failed to migrate com.android.proxyhandler: java.lang.NullPointerException: Attempt to invoke interface method 'void android.os.IInstalld.migrateAppData(java.lang.String, java.lang.String, int, int)' on a null object reference
07-26 15:05:59.284   224   224 E PackageManager: Failed to create app data for com.android.proxyhandler, but trying to recover: com.android.server.pm.Installer$InstallerException: java.lang.NullPointerException: Attempt to invoke interface method 'long android.os.IInstalld.createAppData(java.lang.String, java.lang.String, int, int, int, java.lang.String, int)' on a null object reference
07-26 15:05:59.284   224   224 W PackageManager: com.android.server.pm.Installer$InstallerException: java.lang.NullPointerException: Attempt to invoke interface method 'void android.os.IInstalld.destroyAppData(java.lang.String, java.lang.String, int, int, long)' on a null object reference
07-26 15:05:59.284   224   224 D PackageManager: Recovery failed!
07-26 15:05:59.284   224   224 E PackageManager: Failed to create app data for com.android.server, but trying to recover: com.android.server.pm.Installer$InstallerException: java.lang.NullPointerException: Attempt to invoke interface method 'long android.os.IInstalld.createAppData(java.lang.String, java.lang.String, int, int, int, java.lang.String, int)' on a null object reference
07-26 15:05:59.285   224   224 W PackageManager: com.android.server.pm.Installer$InstallerException: java.lang.NullPointerException: Attempt to invoke interface method 'void android.os.IInstalld.destroyAppData(java.lang.String, java.lang.String, int, int, long)' on a null object reference
07-26 15:05:59.285   224   224 D PackageManager: Recovery failed!
07-26 15:05:59.285   224   224 W PackageManager: Failed to migrate com.android.server: java.lang.NullPointerException: Attempt to invoke interface method 'void android.os.IInstalld.migrateAppData(java.lang.String, java.lang.String, int, int)' on a null object reference
07-26 15:05:59.285   224   224 E PackageManager: Failed to create app data for com.android.server, but trying to recover: com.android.server.pm.Installer$InstallerException: java.lang.NullPointerException: Attempt to invoke interface method 'long android.os.IInstalld.createAppData(java.lang.String, java.lang.String, int, int, int, java.lang.String, int)' on a null object reference
07-26 15:05:59.285   224   224 W PackageManager: com.android.server.pm.Installer$InstallerException: java.lang.NullPointerException: Attempt to invoke interface method 'void android.os.IInstalld.destroyAppData(java.lang.String, java.lang.String, int, int, long)' on a null object reference
07-26 15:05:59.285   224   224 D PackageManager: Recovery failed!
07-26 15:05:59.285   224   224 E PackageManager: Failed to create app data for com.cghs.stresstest, but trying to recover: com.android.server.pm.Installer$InstallerException: java.lang.NullPointerException: Attempt to invoke interface method 'long android.os.IInstalld.createAppData(java.lang.String, java.lang.String, int, int, int, java.lang.String, int)' on a null object reference
07-26 15:05:59.285   224   224 W PackageManager: com.android.server.pm.Installer$InstallerException: java.lang.NullPointerException: Attempt to invoke interface method 'void android.os.IInstalld.destroyAppData(java.lang.String, java.lang.String, int, int, long)' on a null object reference
07-26 15:05:59.285   224   224 D PackageManager: Recovery failed!
07-26 15:05:59.286   224   224 W PackageManager: Failed to migrate com.cghs.stresstest: java.lang.NullPointerException: Attempt to invoke interface method 'void android.os.IInstalld.migrateAppData(java.lang.String, java.lang.String, int, int)' on a null object reference
07-26 15:05:59.286   224   224 E PackageManager: Failed to create app data for com.cghs.stresstest, but trying to recover: com.android.server.pm.Installer$InstallerException: java.lang.NullPointerException: Attempt to invoke interface method 'long android.os.IInstalld.createAppData(java.lang.String, java.lang.String, int, int, int, java.lang.String, int)' on a null object reference
07-26 15:05:59.286   224   224 W PackageManager: com.android.server.pm.Installer$InstallerException: java.lang.NullPointerException: Attempt to invoke interface method 'void android.os.IInstalld.destroyAppData(java.lang.String, java.lang.String, int, int, long)' on a null object reference
07-26 15:05:59.286   224   224 D PackageManager: Recovery failed!
07-26 15:05:59.286   224   224 E PackageManager: Failed to create app data for com.android.settings, but trying to recover: com.android.server.pm.Installer$InstallerException: java.lang.NullPointerException: Attempt to invoke interface method 'long android.os.IInstalld.createAppData(java.lang.String, java.lang.String, int, int, int, java.lang.String, int)' on a null object reference
07-26 15:05:59.286   224   224 W PackageManager: com.android.server.pm.Installer$InstallerException: java.lang.NullPointerException: Attempt to invoke interface method 'void android.os.IInstalld.destroyAppData(java.lang.String, java.lang.String, int, int, long)' on a null object reference
07-26 15:05:59.287   224   224 D PackageManager: Recovery failed!
07-26 15:05:59.287   224   224 W PackageManager: Failed to migrate com.android.settings: java.lang.NullPointerException: Attempt to invoke interface method 'void android.os.IInstalld.migrateAppData(java.lang.String, java.lang.String, int, int)' on a null object reference
07-26 15:05:59.287   224   224 E PackageManager: Failed to create app data for com.android.settings, but trying to recover: com.android.server.pm.Installer$InstallerException: java.lang.NullPointerException: Attempt to invoke interface method 'long android.os.IInstalld.createAppData(java.lang.String, java.lang.String, int, int, int, java.lang.String, int)' on a null object reference
07-26 15:05:59.287   224   224 W PackageManager: com.android.server.pm.Installer$InstallerException: java.lang.NullPointerException: Attempt to invoke interface method 'void android.os.IInstalld.destroyAppData(java.lang.String, java.lang.String, int, int, long)' on a null object reference
07-26 15:05:59.287   224   224 D PackageManager: Recovery failed!
07-26 15:05:59.287   224   224 E PackageManager: Failed to create app data for com.android.phone, but trying to recover: com.android.server.pm.Installer$InstallerException: java.lang.NullPointerException: Attempt to invoke interface method 'long android.os.IInstalld.createAppData(java.lang.String, java.lang.String, int, int, int, java.lang.String, int)' on a null object reference
07-26 15:05:59.287   224   224 W PackageManager: com.android.server.pm.Installer$InstallerException: java.lang.NullPointerException: Attempt to invoke interface method 'void android.os.IInstalld.destroyAppData(java.lang.String, java.lang.String, int, int, long)' on a null object reference
07-26 15:05:59.287   224   224 D PackageManager: Recovery failed!
07-26 15:05:59.288   224   224 W PackageManager: Failed to migrate com.android.phone: java.lang.NullPointerException: Attempt to invoke interface method 'void android.os.IInstalld.migrateAppData(java.lang.String, java.lang.String, int, int)' on a null object reference
