--------- beginning of main
07-26 15:05:57.826    29    29 I hwservicemanager: hwservicemanager is ready now.
--------- beginning of system
07-26 15:05:57.844    37    37 I vold    : Vold 3.0 (the awakening) firing up
07-26 15:05:57.844    37    37 D vold    : Detected support for: ext4 f2fs vfat
07-26 15:05:57.845    37    37 E vold    : Failed open: No such file or directory
07-26 15:05:57.845    37    37 D vold    : VoldNativeService::start() completed OK
07-26 15:05:57.847    37    41 I vold    : Found disk at /devices/platform/fe190000.pcie/pci0004:40/0004:40:00.0/0004:41:00.0/nvme/nvme0/nvme0n1 but delaying scan due to secure keyguard
07-26 15:05:57.876    37    37 I Checkpoint: cp_prepareCheckpoint called
07-26 15:05:57.887    43    43 I android.hardware.keymaster@3.0-impl: Fetching keymaster device name default
07-26 15:05:57.887    43    43 I android.hardware.keymaster@3.0-impl: Could not find any keystore module, using software-only implementation.
07-26 15:05:57.887    43    43 I ServiceManagement: Registered android.hardware.keymaster@3.0::IKeymasterDevice/default (start delay of 37ms)
07-26 15:05:57.888    43    43 I ServiceManagement: Removing namespace from process name android.hardware.keymaster@3.0-service to keymaster@3.0-service.
07-26 15:05:57.888    43    43 I android.hardware.keymaster@3.0-service: Registration complete for android.hardware.keymaster@3.0::IKeymasterDevice/default.
07-26 15:05:57.896    49    49 E fsverity_init: Failed to load /product/etc/security/fsverity/*.der
07-26 15:05:57.901    29    29 I hwservicemanager: getTransport: Cannot find entry android.hardware.configstore@1.0::ISurfaceFlingerConfigs/default in either framework or device manifest.
07-26 15:05:57.901    44    44 I SurfaceFlinger: Using HWComposer service: 'default'
07-26 15:05:57.901    44    44 I SurfaceFlinger: SurfaceFlinger is starting
07-26 15:05:57.901    29    29 I hwservicemanager: getTransport: Cannot find entry android.hardware.configstore@1.1::ISurfaceFlingerConfigs/default in either framework or device manifest.
07-26 15:05:57.901    44    44 I SurfaceFlinger: Treble testing override: 'false'
07-26 15:05:57.902    44    44 I SurfaceFlinger: SurfaceFlinger's main thread ready to run. Initializing graphics H/W...
07-26 15:05:57.902    44    44 I SurfaceFlinger: Phase offset NS: 1000000
07-26 15:05:57.902    44    44 D RenderEngine: RenderEngine GLES Backend
07-26 15:05:57.908    50    50 E /system/bin/mini-keyctl: Cannot find keyring id
07-26 15:05:57.909    44    44 D libEGL  : loaded /vendor/lib64/egl/libGLES_mali.so
07-26 15:05:57.913    53    53 E fsverity_init: Failed to restrict .fs-verity keyring
07-26 15:05:57.914    44    44 I mali_so : [File] : hardware/arm/maliT760/driver/product/base/src/mali_base_kbase.c; [Line] : 1292; [Func] : base_context_deal_with_version_affairs_rk_ext;
07-26 15:05:57.914    44    44 I mali_so : arm_release_ver of this mali_so is 'g12p0-01eac0', rk_so_ver is '5'.
07-26 15:05:57.914    44    44 I mali_so : [File] : hardware/arm/maliT760/driver/product/base/src/mali_base_kbase.c; [Line] : 1308; [Func] : base_context_deal_with_version_affairs_rk_ext;
07-26 15:05:57.914    44    44 I mali_so : arm_release_vers are match. to set the full mali_ver 'g12p0-01eac0-5' as value of 'sys.gmali.version'.
07-26 15:05:57.915    29    29 I hwservicemanager: getTransport: Cannot find entry android.hardware.configstore@1.0::ISurfaceFlingerConfigs/default in either framework or device manifest.
07-26 15:05:57.922    44    44 E RenderEngine: Couldn't set SCHED_FIFO for ImageManager
07-26 15:05:57.922    44    44 I RenderEngine: OpenGL ES informations:
07-26 15:05:57.922    44    44 I RenderEngine: vendor    : ARM
07-26 15:05:57.922    44    44 I RenderEngine: renderer  : Mali-G610
07-26 15:05:57.922    44    44 I RenderEngine: version   : OpenGL ES 3.2 v1.g12p0-01eac0.d80164e2f5b37cc3667103831c67a8c0
07-26 15:05:57.922    44    44 I RenderEngine: extensions: GL_EXT_debug_marker GL_ARM_rgba8 GL_ARM_mali_shader_binary GL_OES_depth24 GL_OES_depth_texture GL_OES_depth_texture_cube_map GL_OES_packed_depth_stencil GL_OES_rgb8_rgba8 GL_EXT_read_format_bgra GL_OES_compressed_paletted_texture GL_OES_compressed_ETC1_RGB8_texture GL_OES_standard_derivatives GL_OES_EGL_image GL_OES_EGL_image_external GL_OES_EGL_image_external_essl3 GL_OES_EGL_sync GL_OES_texture_npot GL_OES_vertex_half_float GL_OES_required_internalformat GL_OES_vertex_array_object GL_OES_mapbuffer GL_EXT_texture_format_BGRA8888 GL_EXT_texture_rg GL_EXT_texture_type_2_10_10_10_REV GL_OES_fbo_render_mipmap GL_OES_element_index_uint GL_EXT_shadow_samplers GL_OES_texture_compression_astc GL_KHR_texture_compression_astc_ldr GL_KHR_texture_compression_astc_hdr GL_KHR_texture_compression_astc_sliced_3d GL_EXT_texture_compression_astc_decode_mode GL_EXT_texture_compression_astc_decode_mode_rgb9e5 GL_KHR_debug GL_EXT_occlusion_query_boolean GL_EXT_disjoint_timer_query GL_EXT_blend_minmax GL_EXT_discard_
07-26 15:05:57.922    44    44 I RenderEngine: GL_MAX_TEXTURE_SIZE = 16383
07-26 15:05:57.922    44    44 I RenderEngine: GL_MAX_VIEWPORT_DIMS = 16383
07-26 15:05:57.923    44    44 I ServiceManagement: getService: Trying again for android.hardware.graphics.composer@2.1::IComposer/default...
07-26 15:05:57.942    57    57 I apexd   : Marking APEXd as starting
07-26 15:05:57.942    57    57 I apexd   : Scanning /system/apex for embedded keys
07-26 15:05:57.943    57    57 I apexd   : Scanning /product/apex for embedded keys
07-26 15:05:57.943    57    57 I apexd   : ... does not exist. Skipping
07-26 15:05:57.943    57    57 I apexd   : Populating APEX database from mounts...
07-26 15:05:57.943    57    57 E apexd   : Failed to walk /product/apex : Can't open /product/apex for reading : No such file or directory
07-26 15:05:57.943    57    57 I apexd   : Found "/apex/com.android.runtime@1"
07-26 15:05:57.943    57    57 I apexd   : Found "/apex/com.android.tzdata@299900000"
07-26 15:05:57.943    57    57 I apexd   : 2 packages restored.
07-26 15:05:57.943    57    57 I apexd   : Scanning /data/apex/sessions looking for sessions to be activated.
07-26 15:05:57.943    57    57 I apexd   : Scanning /data/apex/active looking for APEX packages.
07-26 15:05:57.944    57    57 I apexd   : Activated 0 packages. Skipped: 0
07-26 15:05:57.944    57    57 I apexd   : Scanning /system/apex looking for APEX packages.
07-26 15:05:57.944    57    57 I apexd   : Found /system/apex/com.android.media
07-26 15:05:57.944    57    57 V apexd   : Creating mount point: /apex/com.android.media@290000000
07-26 15:05:57.944    57    57 I apexd   : Successfully bind-mounted flattened package /system/apex/com.android.media on /apex/com.android.media@290000000
07-26 15:05:57.944    57    57 V apexd   : Creating bind-mount for /apex/com.android.media for /apex/com.android.media@290000000
07-26 15:05:57.944    57    57 V apexd   : Creating mountpoint /apex/com.android.media
07-26 15:05:57.944    57    57 V apexd   : Bind-mounting /apex/com.android.media@290000000 to /apex/com.android.media
07-26 15:05:57.944    57    57 D apexd   : Successfully activated /system/apex/com.android.media package_name: com.android.media version: 290000000
07-26 15:05:57.944    57    57 I apexd   : Found /system/apex/com.android.conscrypt
07-26 15:05:57.944    57    57 V apexd   : Creating mount point: /apex/com.android.conscrypt@299900000
07-26 15:05:57.944    57    57 I apexd   : Successfully bind-mounted flattened package /system/apex/com.android.conscrypt on /apex/com.android.conscrypt@299900000
07-26 15:05:57.944    57    57 V apexd   : Creating bind-mount for /apex/com.android.conscrypt for /apex/com.android.conscrypt@299900000
07-26 15:05:57.944    57    57 V apexd   : Creating mountpoint /apex/com.android.conscrypt
07-26 15:05:57.944    57    57 V apexd   : Bind-mounting /apex/com.android.conscrypt@299900000 to /apex/com.android.conscrypt
07-26 15:05:57.944    57    57 D apexd   : Successfully activated /system/apex/com.android.conscrypt package_name: com.android.conscrypt version: 299900000
07-26 15:05:57.944    57    57 I apexd   : Found /system/apex/com.android.runtime.release
07-26 15:05:57.944    57    57 I apexd   : Skipping activation of /system/apex/com.android.runtime.release same package with higher version 1 is already active
07-26 15:05:57.944    57    57 I apexd   : Found /system/apex/com.android.tzdata
07-26 15:05:57.944    57    57 I apexd   : Skipping activation of /system/apex/com.android.tzdata same package with higher version 299900000 is already active
07-26 15:05:57.944    57    57 I apexd   : Found /system/apex/com.android.media.swcodec
07-26 15:05:57.944    57    57 V apexd   : Creating mount point: /apex/com.android.media.swcodec@290000000
07-26 15:05:57.944    57    57 I apexd   : Successfully bind-mounted flattened package /system/apex/com.android.media.swcodec on /apex/com.android.media.swcodec@290000000
07-26 15:05:57.944    57    57 V apexd   : Creating bind-mount for /apex/com.android.media.swcodec for /apex/com.android.media.swcodec@290000000
07-26 15:05:57.944    57    57 V apexd   : Creating mountpoint /apex/com.android.media.swcodec
07-26 15:05:57.944    57    57 V apexd   : Bind-mounting /apex/com.android.media.swcodec@290000000 to /apex/com.android.media.swcodec
07-26 15:05:57.944    57    57 D apexd   : Successfully activated /system/apex/com.android.media.swcodec package_name: com.android.media.swcodec version: 290000000
07-26 15:05:57.944    57    57 I apexd   : Found /system/apex/com.android.resolv
07-26 15:05:57.944    57    57 V apexd   : Creating mount point: /apex/com.android.resolv@290000000
07-26 15:05:57.944    57    57 I apexd   : Successfully bind-mounted flattened package /system/apex/com.android.resolv on /apex/com.android.resolv@290000000
07-26 15:05:57.944    57    57 V apexd   : Creating bind-mount for /apex/com.android.resolv for /apex/com.android.resolv@290000000
07-26 15:05:57.944    57    57 V apexd   : Creating mountpoint /apex/com.android.resolv
07-26 15:05:57.944    57    57 V apexd   : Bind-mounting /apex/com.android.resolv@290000000 to /apex/com.android.resolv
07-26 15:05:57.944    57    57 D apexd   : Successfully activated /system/apex/com.android.resolv package_name: com.android.resolv version: 290000000
07-26 15:05:57.944    57    57 I apexd   : Activated 4 packages. Skipped: 2
07-26 15:05:57.944    57    57 I apexd   : Scanning /product/apex looking for APEX packages.
07-26 15:05:57.944    57    57 E apexd   : Failed to activate packages from /product/apex : Failed to scan /product/apex : Can't open /product/apex for reading : No such file or directory
07-26 15:05:57.944    45    45 I ServiceManager: Waiting for service 'SurfaceFlinger' on '/dev/binder'...
07-26 15:05:57.944    57    57 I apexd   : Marking APEXd as ready
07-26 15:05:57.953    37    37 D vold    : fscrypt_init_user0
07-26 15:05:57.953    37    37 D vold    : fscrypt_prepare_user_storage for volume null, user 0, serial 0, flags 1
07-26 15:05:57.953    37    37 D vold    : Preparing: /data/system/users/0
07-26 15:05:57.953    37    37 D vold    : Preparing: /data/misc/profiles/cur/0
07-26 15:05:57.953    37    37 D vold    : Preparing: /data/system_de/0
07-26 15:05:57.953    37    37 D vold    : Preparing: /data/misc_de/0
07-26 15:05:57.953    37    37 D vold    : Preparing: /data/vendor_de/0
07-26 15:05:57.953    37    37 D vold    : Preparing: /data/user_de/0
07-26 15:05:57.953    37    37 D vold    : /system/bin/vold_prepare_subdirs
07-26 15:05:57.953    37    37 D vold    :     prepare
07-26 15:05:57.953    37    37 D vold    :     
07-26 15:05:57.953    37    37 D vold    :     0
07-26 15:05:57.953    37    37 D vold    :     1
07-26 15:05:57.960    67    67 D vold_prepare_subdirs: Setting up mode 700 uid 0 gid 0 context null on path: /data/misc_de/0/vold
07-26 15:05:57.960    67    67 D vold_prepare_subdirs: Setting up mode 700 uid 0 gid 0 context null on path: /data/misc_de/0/storaged
07-26 15:05:57.960    67    67 D vold_prepare_subdirs: Setting up mode 700 uid 0 gid 0 context null on path: /data/misc_de/0/rollback
07-26 15:05:57.960    67    67 D vold_prepare_subdirs: Setting up mode 700 uid 1000 gid 1000 context null on path: /data/vendor_de/0/fpdata
07-26 15:05:57.960    67    67 D vold_prepare_subdirs: Setting up mode 700 uid 1000 gid 1000 context null on path: /data/vendor_de/0/facedata
07-26 15:05:57.961    37    37 D vold    : fscrypt_unlock_user_key 0 serial=0 token_present=0
07-26 15:05:57.972    69    69 I /system/bin/tzdatacheck: timezone distro dir /data/misc/zoneinfo/current does not exist. No action required.
07-26 15:05:57.994    71    71 I art_apex: === ART pre-boot integrity checks ===
07-26 15:05:58.020    73    73 F art_apex: Device is not fsverity-enabled.
07-26 15:05:58.044    45    45 I ServiceManager: Waiting for service 'SurfaceFlinger' on '/dev/binder'...
07-26 15:05:58.049    78    78 I /system/bin/flags_health_check: ServerConfigurableFlagsReset reset_mode value: 0
07-26 15:05:58.050    78    78 I /system/bin/flags_health_check: ServerConfigurableFlagsReset attempted boot count is under threshold, skipping reset.
07-26 15:05:58.062    82    82 I bootstat: Service started: /system/bin/bootstat --set_system_boot_reason 
07-26 15:05:58.062    82    82 I bootstat: Canonical boot reason: reboot,shell
07-26 15:05:58.062    82    82 I bootstat: Canonical boot reason: reboot,shell
07-26 15:05:58.080    83    83 I ServiceManagement: Registered android.hidl.allocator@1.0::IAllocator/ashmem (start delay of 30ms)
07-26 15:05:58.080    83    83 I ServiceManagement: Removing namespace from process name android.hidl.allocator@1.0-service to allocator@1.0-service.
07-26 15:05:58.088   103   103 I lowmemorykiller: Using psi monitors for memory pressure detection
07-26 15:05:58.089   103   103 W lowmemorykiller: set SCHED_FIFO failed Operation not permitted
07-26 15:05:58.094    79    79 I netdClient: Skipping libnetd_client init since *we* are netd
07-26 15:05:58.095    79    79 I netd    : netd 1.0 starting
07-26 15:05:58.096    91    91 E android.hardware.graphics.composer@2.1-service: Couldn't set SCHED_FIFO: 1
07-26 15:05:58.103    79    79 I Netd    : Loaded resolver library from /apex/com.android.resolv/lib64/libnetd_resolv.so
07-26 15:05:58.104    89    89 I ServiceManagement: Registered android.hardware.gnss@1.0::IGnss/default (start delay of 44ms)
07-26 15:05:58.104    89    89 I ServiceManagement: Removing namespace from process name android.hardware.gnss@1.0-service to gnss@1.0-service.
07-26 15:05:58.104    89    89 I android.hardware.gnss@1.0-service: Registration complete for android.hardware.gnss@1.0::IGnss/default.
07-26 15:05:58.122    86    86 I ServiceManagement: Registered android.hardware.cas@1.1::IMediaCasService/default (start delay of 61ms)
07-26 15:05:58.122    86    86 I ServiceManagement: Removing namespace from process name android.hardware.cas@1.1-service to cas@1.1-service.
07-26 15:05:58.123    88    88 I ServiceManagement: Registered android.hardware.drm@1.2::IDrmFactory/clearkey (start delay of 62ms)
07-26 15:05:58.123    88    88 I ServiceManagement: Removing namespace from process name android.hardware.drm@1.2-service.clearkey to drm@1.2-service.clearkey.
07-26 15:05:58.124    88    88 I ServiceManagement: Registered android.hardware.drm@1.2::ICryptoFactory/clearkey (start delay of 64ms)
07-26 15:05:58.124    88    88 I ServiceManagement: Removing namespace from process name android.hardware.drm@1.2-service.clearkey to drm@1.2-service.clearkey.
07-26 15:05:58.125    87    87 I ServiceManagement: Registered android.hardware.drm@1.0::IDrmFactory/default (start delay of 64ms)
07-26 15:05:58.125    87    87 I ServiceManagement: Removing namespace from process name android.hardware.drm@1.0-service to drm@1.0-service.
07-26 15:05:58.125    87    87 I         : Registration complete for android.hardware.drm@1.0::IDrmFactory/default.
07-26 15:05:58.126    87    87 I ServiceManagement: Registered android.hardware.drm@1.0::ICryptoFactory/default (start delay of 65ms)
07-26 15:05:58.126    87    87 I ServiceManagement: Removing namespace from process name android.hardware.drm@1.0-service to drm@1.0-service.
07-26 15:05:58.126    87    87 I         : Registration complete for android.hardware.drm@1.0::ICryptoFactory/default.
07-26 15:05:58.130    85    85 I ServiceManagement: Registered android.hardware.audio@5.0::IDevicesFactory/default (start delay of 70ms)
07-26 15:05:58.130    85    85 I ServiceManagement: Removing namespace from process name android.hardware.audio@2.0-service to audio@2.0-service.
07-26 15:05:58.130    85    85 I audiohalservice: Registration complete for android.hardware.audio@5.0::IDevicesFactory/default.
07-26 15:05:58.131    99    99 D RockitHwService: rockit.hardware.rockit.hw@1.0-service starting...
07-26 15:05:58.131    99    99 W /vendor/bin/hw/rockchip.hardware.rockit.hw@1.0-service: No seccomp policy defined for this architecture.
07-26 15:05:58.131    99    99 D RockitHwService: Instantiating rockit hw service....
07-26 15:05:58.131    99    99 D RockitHwService: RockitHwService
07-26 15:05:58.132    99    99 I ServiceManagement: Registered rockchip.hardware.rockit.hw@1.0::IRockitHwService/default (start delay of 61ms)
07-26 15:05:58.132    99    99 I ServiceManagement: Removing namespace from process name rockchip.hardware.rockit.hw@1.0-service to hw@1.0-service.
07-26 15:05:58.132    99    99 I RockitHwService: rockit hw service created
07-26 15:05:58.136    84    84 I ServiceManagement: Registered android.system.suspend@1.0::ISystemSuspend/default (start delay of 85ms)
07-26 15:05:58.136    84    84 I ServiceManagement: Removing namespace from process name android.system.suspend@1.0-service to suspend@1.0-service.
07-26 15:05:58.136    91    91 D hwc-drm-debug: DrmHwcTwo version : HWC2-1.4.10-Android-10-Patch2-Container
07-26 15:05:58.137    91    91 I hwc-drm-device: InitEnvFromXml,line=158 Load /vendor/etc/HwComposerEnv.xml success.
07-26 15:05:58.137    91    91 I hwc-drm-device: InitEnvFromXml,line=193 Version=1.1.1 Mode=0 FbWidth=11520 FbHeight=1080 ConnectorCnt=4
07-26 15:05:58.137    91    91 I hwc-drm-device: InitEnvFromXml,line=245 Connector[0] type=HDMI-A-1 [0,0,3840,1080]=>[0,0,0,0]
07-26 15:05:58.137    91    91 I hwc-drm-device: InitEnvFromXml,line=245 Connector[1] type=HDMI-A-2 [3840,0,1920,1080]=>[0,0,0,0]
07-26 15:05:58.137    91    91 I hwc-drm-device: InitEnvFromXml,line=245 Connector[2] type=HDMI-A-3 [5760,0,1920,1080]=>[0,0,0,0]
07-26 15:05:58.137    91    91 I hwc-drm-device: InitEnvFromXml,line=245 Connector[3] type=DP-1 [7680,0,3840,1080]=>[0,0,0,0]
07-26 15:05:58.138    85    85 I ServiceManagement: Registered android.hardware.audio.effect@5.0::IEffectsFactory/default (start delay of 77ms)
07-26 15:05:58.138    85    85 I audiohalservice: Registration complete for android.hardware.audio.effect@5.0::IEffectsFactory/default.
07-26 15:05:58.138    29    29 I hwservicemanager: getTransport: Cannot find entry android.hardware.soundtrigger@2.2::ISoundTriggerHw/default in either framework or device manifest.
07-26 15:05:58.138    90    90 I ServiceManagement: Registered android.hardware.graphics.allocator@3.0::IAllocator/default (start delay of 77ms)
07-26 15:05:58.138    85    85 E audiohalservice: Could not get passthrough implementation for android.hardware.soundtrigger@2.2::ISoundTriggerHw/default.
07-26 15:05:58.138    29    29 I hwservicemanager: getTransport: Cannot find entry android.hardware.soundtrigger@2.1::ISoundTriggerHw/default in either framework or device manifest.
07-26 15:05:58.138    85    85 E audiohalservice: Could not get passthrough implementation for android.hardware.soundtrigger@2.1::ISoundTriggerHw/default.
07-26 15:05:58.138    90    90 I ServiceManagement: Removing namespace from process name android.hardware.graphics.allocator@3.0-service to allocator@3.0-service.
07-26 15:05:58.138    90    90 I android.hardware.graphics.allocator@3.0-service: Registration complete for android.hardware.graphics.allocator@3.0::IAllocator/default.
07-26 15:05:58.139    85    85 E SoundTriggerHalImpl: couldn't load sound trigger module sound_trigger.primary (No such file or directory)
07-26 15:05:58.139    85    85 I ServiceManagement: Registered android.hardware.soundtrigger@2.0::ISoundTriggerHw/default (start delay of 79ms)
07-26 15:05:58.139    85    85 I audiohalservice: Registration complete for android.hardware.soundtrigger@2.0::ISoundTriggerHw/default.
07-26 15:05:58.139    29    29 I hwservicemanager: getTransport: Cannot find entry android.hardware.bluetooth.audio@2.0::IBluetoothAudioProvidersFactory/default in either framework or device manifest.
07-26 15:05:58.140    85    85 E audiohalservice: Could not get passthrough implementation for android.hardware.bluetooth.audio@2.0::IBluetoothAudioProvidersFactory/default.
07-26 15:05:58.140    85    85 W audiohalservice: Could not register Bluetooth Audio API 2.0
07-26 15:05:58.140    29    29 I hwservicemanager: getTransport: Cannot find entry android.hardware.bluetooth.a2dp@1.0::IBluetoothAudioOffload/default in either framework or device manifest.
07-26 15:05:58.140    85    85 E audiohalservice: Could not get passthrough implementation for android.hardware.bluetooth.a2dp@1.0::IBluetoothAudioOffload/default.
07-26 15:05:58.140    85    85 W audiohalservice: Could not register Bluetooth audio offload 1.0
07-26 15:05:58.140    92    92 I health@2.0/: health@2.0/default: Hal starting main loop...
07-26 15:05:58.140    92    92 I health@2.0/: health@2.0/default Hal is starting up...
07-26 15:05:58.141    92    92 I ServiceManagement: Registered android.hardware.health@2.0::IHealth/default (start delay of 70ms)
07-26 15:05:58.141    92    92 I ServiceManagement: Removing namespace from process name android.hardware.health@2.0-service to health@2.0-service.
07-26 15:05:58.141    92    92 I health@2.0/: health@2.0/default: Hal init done
07-26 15:05:58.145    45    45 I ServiceManager: Waiting for service 'SurfaceFlinger' on '/dev/binder'...
07-26 15:05:58.151    98    98 D rockchip.hardware.outputmanager@1.0-service: ***************defaultPassthroughServiceImplementation IRkOutputManager ******
07-26 15:05:58.151    98    98 E rockchip.hardware.outputmanager@1.0-service: Couldn't set SCHED_FIFO: 1
07-26 15:05:58.163    98    98 I ServiceManagement: Registered rockchip.hardware.outputmanager@1.0::IRkOutputManager/default (start delay of 93ms)
07-26 15:05:58.163    98    98 I ServiceManagement: Removing namespace from process name rockchip.hardware.outputmanager@1.0-service to outputmanager@1.0-service.
07-26 15:05:58.163    98    98 I rockchip.hardware.outputmanager@1.0-service: Registration complete for rockchip.hardware.outputmanager@1.0::IRkOutputManager/default.
07-26 15:05:58.164    93    93 E light   : light_open lights backlight failed: -38
07-26 15:05:58.164    93    93 E light   : Light passthrough failed to load legacy HAL.
07-26 15:05:58.164    93    93 E light   : light_open lights keyboard failed: -38
07-26 15:05:58.164    93    93 E light   : Light passthrough failed to load legacy HAL.
07-26 15:05:58.164    93    93 E light   : light_open lights buttons failed: -38
07-26 15:05:58.164    93    93 E light   : Light passthrough failed to load legacy HAL.
07-26 15:05:58.164    93    93 E light   : light_open lights battery failed: -38
07-26 15:05:58.164    93    93 E light   : Light passthrough failed to load legacy HAL.
07-26 15:05:58.164    93    93 E light   : light_open lights notifications failed: -38
07-26 15:05:58.164    93    93 E light   : Light passthrough failed to load legacy HAL.
07-26 15:05:58.164    93    93 E light   : light_open lights attention failed: -38
07-26 15:05:58.164    93    93 E light   : Light passthrough failed to load legacy HAL.
07-26 15:05:58.164    93    93 E light   : light_open lights bluetooth failed: -38
07-26 15:05:58.164    93    93 E light   : Light passthrough failed to load legacy HAL.
07-26 15:05:58.164    93    93 E light   : light_open lights wifi failed: -38
07-26 15:05:58.164    93    93 E light   : Light passthrough failed to load legacy HAL.
07-26 15:05:58.164    93    93 I light   : Could not open any lights.
07-26 15:05:58.165    93    93 I ServiceManagement: Registered android.hardware.light@2.0::ILight/default (start delay of 94ms)
07-26 15:05:58.165    93    93 I ServiceManagement: Removing namespace from process name android.hardware.light@2.0-service to light@2.0-service.
07-26 15:05:58.165    93    93 I         : Registration complete for android.hardware.light@2.0::ILight/default.
07-26 15:05:58.167    97    97 I android.hardware.wifi@1.0-service: Wifi Hal is booting up...
07-26 15:05:58.168    97    97 I ServiceManagement: Registered android.hardware.wifi@1.3::IWifi/default (start delay of 98ms)
07-26 15:05:58.168    97    97 I ServiceManagement: Removing namespace from process name android.hardware.wifi@1.0-service to wifi@1.0-service.
07-26 15:05:58.169    91    91 I hwc-drm-baseparameter: DrmBaseparameter validate fail!
07-26 15:05:58.169    91    91 I hwc-drm-device: DrmVersion=3.0.0
07-26 15:05:58.169    91    91 D hwc-drm-device: ro.container.primary_type is 
07-26 15:05:58.169    91    91 D hwc-drm-device: ro.container.primary_type is not set, use normal mode
07-26 15:05:58.169    91    91 E hwc-drm-crtc: Failed to get left margin property
07-26 15:05:58.169    91    91 E hwc-drm-crtc: Failed to get right margin property
07-26 15:05:58.169    91    91 E hwc-drm-crtc: Failed to get top margin property
07-26 15:05:58.169    91    91 E hwc-drm-crtc: Failed to get bottom margin property
07-26 15:05:58.169    91    91 E hwc-drm-crtc: Failed to get PORT_ID property
07-26 15:05:58.169    91    91 E hwc-drm-crtc: Failed to get PORT_ID value
07-26 15:05:58.169    91    91 E hwc-drm-crtc: Failed to get ACLK property
07-26 15:05:58.169    91    91 E hwc-drm-crtc: Failed to get plane_mask property
07-26 15:05:58.169    91    91 E hwc-drm-crtc: Failed to get GAMMA_LUT property
07-26 15:05:58.169    91    91 E hwc-drm-crtc: Failed to get GAMMA_LUT_SIZE property
07-26 15:05:58.169    91    91 E hwc-drm-crtc: Failed to get CUBIC_LUT property
07-26 15:05:58.169    91    91 E hwc-drm-crtc: Failed to get CUBIC_LUT_SIZE property
07-26 15:05:58.169    91    91 E hwc-drm-crtc: Could not get FEATURE property
07-26 15:05:58.169    91    91 E hwc-drm-crtc: Could not get variable_refresh_rate property
07-26 15:05:58.169    91    91 E hwc-drm-crtc: Could not get max_refresh_rate property
07-26 15:05:58.169    91    91 E hwc-drm-crtc: Could not get min_refresh_rate_ property
07-26 15:05:58.169    91    91 I hwc-drm-crtc: Init,line=278 crtc-id=58 vrr=0, maxrr=0 minrr=0
07-26 15:05:58.169    91    91 E hwc-drm-crtc: Failed to get left margin property
07-26 15:05:58.169    91    91 E hwc-drm-crtc: Failed to get right margin property
07-26 15:05:58.169    91    91 E hwc-drm-crtc: Failed to get top margin property
07-26 15:05:58.169    91    91 E hwc-drm-crtc: Failed to get bottom margin property
07-26 15:05:58.169    91    91 E hwc-drm-crtc: Failed to get PORT_ID property
07-26 15:05:58.169    91    91 E hwc-drm-crtc: Failed to get PORT_ID value
07-26 15:05:58.169    91    91 E hwc-drm-crtc: Failed to get ACLK property
07-26 15:05:58.169    91    91 E hwc-drm-crtc: Failed to get plane_mask property
07-26 15:05:58.169    91    91 E hwc-drm-crtc: Failed to get GAMMA_LUT property
07-26 15:05:58.169    91    91 E hwc-drm-crtc: Failed to get GAMMA_LUT_SIZE property
07-26 15:05:58.169    91    91 E hwc-drm-crtc: Failed to get CUBIC_LUT property
07-26 15:05:58.169    91    91 E hwc-drm-crtc: Failed to get CUBIC_LUT_SIZE property
07-26 15:05:58.169    91    91 E hwc-drm-crtc: Could not get FEATURE property
07-26 15:05:58.169    91    91 E hwc-drm-crtc: Could not get variable_refresh_rate property
07-26 15:05:58.169    91    91 E hwc-drm-crtc: Could not get max_refresh_rate property
07-26 15:05:58.170    91    91 E hwc-drm-crtc: Could not get min_refresh_rate_ property
07-26 15:05:58.170    91    91 I hwc-drm-crtc: Init,line=278 crtc-id=64 vrr=0, maxrr=0 minrr=0
07-26 15:05:58.170    91    91 E hwc-drm-crtc: Failed to get left margin property
07-26 15:05:58.170    91    91 E hwc-drm-crtc: Failed to get right margin property
07-26 15:05:58.170    91    91 E hwc-drm-crtc: Failed to get top margin property
07-26 15:05:58.170    91    91 E hwc-drm-crtc: Failed to get bottom margin property
07-26 15:05:58.170    91    91 E hwc-drm-crtc: Failed to get PORT_ID property
07-26 15:05:58.170    91    91 E hwc-drm-crtc: Failed to get PORT_ID value
07-26 15:05:58.170    91    91 E hwc-drm-crtc: Failed to get ACLK property
07-26 15:05:58.170    91    91 E hwc-drm-crtc: Failed to get plane_mask property
07-26 15:05:58.170    91    91 E hwc-drm-crtc: Failed to get GAMMA_LUT property
07-26 15:05:58.170    91    91 E hwc-drm-crtc: Failed to get GAMMA_LUT_SIZE property
07-26 15:05:58.170    91    91 E hwc-drm-crtc: Failed to get CUBIC_LUT property
07-26 15:05:58.170    91    91 E hwc-drm-crtc: Failed to get CUBIC_LUT_SIZE property
07-26 15:05:58.170    91    91 E hwc-drm-crtc: Could not get FEATURE property
07-26 15:05:58.170    91    91 E hwc-drm-crtc: Could not get variable_refresh_rate property
07-26 15:05:58.170    91    91 E hwc-drm-crtc: Could not get max_refresh_rate property
07-26 15:05:58.170    91    91 E hwc-drm-crtc: Could not get min_refresh_rate_ property
07-26 15:05:58.170    91    91 I hwc-drm-crtc: Init,line=278 crtc-id=70 vrr=0, maxrr=0 minrr=0
07-26 15:05:58.170    91    91 E hwc-drm-crtc: Failed to get left margin property
07-26 15:05:58.170    91    91 E hwc-drm-crtc: Failed to get right margin property
07-26 15:05:58.170    91    91 E hwc-drm-crtc: Failed to get top margin property
07-26 15:05:58.170    91    91 E hwc-drm-crtc: Failed to get bottom margin property
07-26 15:05:58.170    91    91 E hwc-drm-crtc: Failed to get PORT_ID property
07-26 15:05:58.170    91    91 E hwc-drm-crtc: Failed to get PORT_ID value
07-26 15:05:58.170    91    91 E hwc-drm-crtc: Failed to get ACLK property
07-26 15:05:58.170    91    91 E hwc-drm-crtc: Failed to get plane_mask property
07-26 15:05:58.170    91    91 E hwc-drm-crtc: Failed to get GAMMA_LUT property
07-26 15:05:58.170    91    91 E hwc-drm-crtc: Failed to get GAMMA_LUT_SIZE property
07-26 15:05:58.170    91    91 E hwc-drm-crtc: Failed to get CUBIC_LUT property
07-26 15:05:58.170    91    91 E hwc-drm-crtc: Failed to get CUBIC_LUT_SIZE property
07-26 15:05:58.170    91    91 E hwc-drm-crtc: Could not get FEATURE property
07-26 15:05:58.170    91    91 E hwc-drm-crtc: Could not get variable_refresh_rate property
07-26 15:05:58.170    91    91 E hwc-drm-crtc: Could not get max_refresh_rate property
07-26 15:05:58.170    91    91 E hwc-drm-crtc: Could not get min_refresh_rate_ property
07-26 15:05:58.170    91    91 I hwc-drm-crtc: Init,line=278 crtc-id=76 vrr=0, maxrr=0 minrr=0
07-26 15:05:58.170    91    91 E hwc-drm-crtc: Failed to get left margin property
07-26 15:05:58.170    91    91 E hwc-drm-crtc: Failed to get right margin property
07-26 15:05:58.170    91    91 E hwc-drm-crtc: Failed to get top margin property
07-26 15:05:58.170    91    91 E hwc-drm-crtc: Failed to get bottom margin property
07-26 15:05:58.170    91    91 E hwc-drm-crtc: Failed to get PORT_ID property
07-26 15:05:58.170    91    91 E hwc-drm-crtc: Failed to get PORT_ID value
07-26 15:05:58.170    91    91 E hwc-drm-crtc: Failed to get ACLK property
07-26 15:05:58.170    91    91 E hwc-drm-crtc: Failed to get plane_mask property
07-26 15:05:58.170    91    91 E hwc-drm-crtc: Failed to get GAMMA_LUT property
07-26 15:05:58.170    91    91 E hwc-drm-crtc: Failed to get GAMMA_LUT_SIZE property
07-26 15:05:58.170    91    91 E hwc-drm-crtc: Failed to get CUBIC_LUT property
07-26 15:05:58.170    91    91 E hwc-drm-crtc: Failed to get CUBIC_LUT_SIZE property
07-26 15:05:58.170    91    91 E hwc-drm-crtc: Could not get FEATURE property
07-26 15:05:58.170    91    91 E hwc-drm-crtc: Could not get variable_refresh_rate property
07-26 15:05:58.170    91    91 E hwc-drm-crtc: Could not get max_refresh_rate property
07-26 15:05:58.170    91    91 E hwc-drm-crtc: Could not get min_refresh_rate_ property
07-26 15:05:58.170    91    91 I hwc-drm-crtc: Init,line=278 crtc-id=82 vrr=0, maxrr=0 minrr=0
07-26 15:05:58.171    91    91 E hwc-drm-crtc: Failed to get left margin property
07-26 15:05:58.171    91    91 E hwc-drm-crtc: Failed to get right margin property
07-26 15:05:58.171    91    91 E hwc-drm-crtc: Failed to get top margin property
07-26 15:05:58.171    91    91 E hwc-drm-crtc: Failed to get bottom margin property
07-26 15:05:58.171    91    91 E hwc-drm-crtc: Failed to get PORT_ID property
07-26 15:05:58.171    91    91 E hwc-drm-crtc: Failed to get PORT_ID value
07-26 15:05:58.171    91    91 E hwc-drm-crtc: Failed to get ACLK property
07-26 15:05:58.171    91    91 E hwc-drm-crtc: Failed to get plane_mask property
07-26 15:05:58.171    91    91 E hwc-drm-crtc: Failed to get GAMMA_LUT property
07-26 15:05:58.171    91    91 E hwc-drm-crtc: Failed to get GAMMA_LUT_SIZE property
07-26 15:05:58.171    91    91 E hwc-drm-crtc: Failed to get CUBIC_LUT property
07-26 15:05:58.171    91    91 E hwc-drm-crtc: Failed to get CUBIC_LUT_SIZE property
07-26 15:05:58.171    91    91 E hwc-drm-crtc: Could not get FEATURE property
07-26 15:05:58.171    91    91 E hwc-drm-crtc: Could not get variable_refresh_rate property
07-26 15:05:58.171    91    91 E hwc-drm-crtc: Could not get max_refresh_rate property
07-26 15:05:58.171    91    91 E hwc-drm-crtc: Could not get min_refresh_rate_ property
07-26 15:05:58.171    91    91 I hwc-drm-crtc: Init,line=278 crtc-id=88 vrr=0, maxrr=0 minrr=0
07-26 15:05:58.171    91    91 E hwc-drm-crtc: Failed to get left margin property
07-26 15:05:58.171    91    91 E hwc-drm-crtc: Failed to get right margin property
07-26 15:05:58.171    91    91 E hwc-drm-crtc: Failed to get top margin property
07-26 15:05:58.171    91    91 E hwc-drm-crtc: Failed to get bottom margin property
07-26 15:05:58.171    91    91 E hwc-drm-crtc: Failed to get PORT_ID property
07-26 15:05:58.171    91    91 E hwc-drm-crtc: Failed to get PORT_ID value
07-26 15:05:58.171    91    91 E hwc-drm-crtc: Failed to get ACLK property
07-26 15:05:58.171    91    91 E hwc-drm-crtc: Failed to get plane_mask property
07-26 15:05:58.171    91    91 E hwc-drm-crtc: Failed to get GAMMA_LUT property
07-26 15:05:58.171    91    91 E hwc-drm-crtc: Failed to get GAMMA_LUT_SIZE property
07-26 15:05:58.171    91    91 E hwc-drm-crtc: Failed to get CUBIC_LUT property
07-26 15:05:58.171    91    91 E hwc-drm-crtc: Failed to get CUBIC_LUT_SIZE property
07-26 15:05:58.171    91    91 E hwc-drm-crtc: Could not get FEATURE property
07-26 15:05:58.171    91    91 E hwc-drm-crtc: Could not get variable_refresh_rate property
07-26 15:05:58.171    91    91 E hwc-drm-crtc: Could not get max_refresh_rate property
07-26 15:05:58.171    91    91 E hwc-drm-crtc: Could not get min_refresh_rate_ property
07-26 15:05:58.171    91    91 I hwc-drm-crtc: Init,line=278 crtc-id=94 vrr=0, maxrr=0 minrr=0
07-26 15:05:58.171    91    91 E hwc-drm-crtc: Failed to get left margin property
07-26 15:05:58.171    91    91 E hwc-drm-crtc: Failed to get right margin property
07-26 15:05:58.171    91    91 E hwc-drm-crtc: Failed to get top margin property
07-26 15:05:58.171    91    91 E hwc-drm-crtc: Failed to get bottom margin property
07-26 15:05:58.171    91    91 E hwc-drm-crtc: Failed to get PORT_ID property
07-26 15:05:58.171    91    91 E hwc-drm-crtc: Failed to get PORT_ID value
07-26 15:05:58.171    91    91 E hwc-drm-crtc: Failed to get ACLK property
07-26 15:05:58.171    91    91 E hwc-drm-crtc: Failed to get plane_mask property
07-26 15:05:58.171    91    91 E hwc-drm-crtc: Failed to get GAMMA_LUT property
07-26 15:05:58.171    91    91 E hwc-drm-crtc: Failed to get GAMMA_LUT_SIZE property
07-26 15:05:58.171    91    91 E hwc-drm-crtc: Failed to get CUBIC_LUT property
07-26 15:05:58.171    91    91 E hwc-drm-crtc: Failed to get CUBIC_LUT_SIZE property
07-26 15:05:58.171    91    91 E hwc-drm-crtc: Could not get FEATURE property
07-26 15:05:58.171    91    91 E hwc-drm-crtc: Could not get variable_refresh_rate property
07-26 15:05:58.171    91    91 E hwc-drm-crtc: Could not get max_refresh_rate property
07-26 15:05:58.171    91    91 E hwc-drm-crtc: Could not get min_refresh_rate_ property
07-26 15:05:58.171    91    91 I hwc-drm-crtc: Init,line=278 crtc-id=100 vrr=0, maxrr=0 minrr=0
07-26 15:05:58.171    91    91 E hwc-drm-device: DONE probing crtc
07-26 15:05:58.172    91    91 W hwc-drm-connector: Could not get hdr output metadata property
07-26 15:05:58.172    91    91 W hwc-drm-connector: Could not get hdr panel metadata property
07-26 15:05:58.172    91    91 W hwc-drm-connector: Could not get Colorspace property, try to get hdmi_output_colorimetry property.
07-26 15:05:58.172    91    91 W hwc-drm-connector: Could not get hdmi_output_colorimetry property.
07-26 15:05:58.172    91    91 W hwc-drm-connector: Could not get color_format property, try to get hdmi_output_format property.
07-26 15:05:58.172    91    91 W hwc-drm-connector: Could not get hdmi_output_format property.
07-26 15:05:58.172    91    91 W hwc-drm-connector: Could not get color_depth property, try to get hdmi_output_depth
07-26 15:05:58.172    91    91 W hwc-drm-connector: Could not get hdmi_output_depth property
07-26 15:05:58.172    91    91 W hwc-drm-connector: Could not get hdmi_output_format property
07-26 15:05:58.172    91    91 W hwc-drm-connector: Could not get hdmi_output_depth property
07-26 15:05:58.172    91    91 W hwc-drm-connector: Could not get CONNECTOR_ID property
07-26 15:05:58.172    91    91 I hwc-drm-connector: UpdateConnectorBaseInfo fail, the device may not have a baseparameter.
07-26 15:05:58.172    91    91 W hwc-drm-connector: Could not get USER_SPLIT_MODE property
07-26 15:05:58.173    91    91 W hwc-drm-connector: Could not get hdr output metadata property
07-26 15:05:58.173    91    91 W hwc-drm-connector: Could not get hdr panel metadata property
07-26 15:05:58.173    91    91 W hwc-drm-connector: Could not get Colorspace property, try to get hdmi_output_colorimetry property.
07-26 15:05:58.173    91    91 W hwc-drm-connector: Could not get hdmi_output_colorimetry property.
07-26 15:05:58.173    91    91 W hwc-drm-connector: Could not get color_format property, try to get hdmi_output_format property.
07-26 15:05:58.173    91    91 W hwc-drm-connector: Could not get hdmi_output_format property.
07-26 15:05:58.173    91    91 W hwc-drm-connector: Could not get color_depth property, try to get hdmi_output_depth
07-26 15:05:58.173    91    91 W hwc-drm-connector: Could not get hdmi_output_depth property
07-26 15:05:58.173    91    91 W hwc-drm-connector: Could not get hdmi_output_format property
07-26 15:05:58.173    91    91 W hwc-drm-connector: Could not get hdmi_output_depth property
07-26 15:05:58.173    91    91 W hwc-drm-connector: Could not get CONNECTOR_ID property
07-26 15:05:58.173    91    91 I hwc-drm-connector: UpdateConnectorBaseInfo fail, the device may not have a baseparameter.
07-26 15:05:58.173    91    91 W hwc-drm-connector: Could not get USER_SPLIT_MODE property
07-26 15:05:58.174    91    91 W hwc-drm-connector: Could not get hdr output metadata property
07-26 15:05:58.174    91    91 W hwc-drm-connector: Could not get hdr panel metadata property
07-26 15:05:58.174    91    91 W hwc-drm-connector: Could not get Colorspace property, try to get hdmi_output_colorimetry property.
07-26 15:05:58.174    91    91 W hwc-drm-connector: Could not get hdmi_output_colorimetry property.
07-26 15:05:58.174    91    91 W hwc-drm-connector: Could not get color_format property, try to get hdmi_output_format property.
07-26 15:05:58.174    91    91 W hwc-drm-connector: Could not get hdmi_output_format property.
07-26 15:05:58.174    91    91 W hwc-drm-connector: Could not get color_depth property, try to get hdmi_output_depth
07-26 15:05:58.174    91    91 W hwc-drm-connector: Could not get hdmi_output_depth property
07-26 15:05:58.174    91    91 W hwc-drm-connector: Could not get hdmi_output_format property
07-26 15:05:58.174    91    91 W hwc-drm-connector: Could not get hdmi_output_depth property
07-26 15:05:58.174    91    91 W hwc-drm-connector: Could not get CONNECTOR_ID property
07-26 15:05:58.174    91    91 I hwc-drm-connector: UpdateConnectorBaseInfo fail, the device may not have a baseparameter.
07-26 15:05:58.174    91    91 W hwc-drm-connector: Could not get USER_SPLIT_MODE property
07-26 15:05:58.175    91    91 W hwc-drm-connector: Could not get hdr output metadata property
07-26 15:05:58.175    91    91 W hwc-drm-connector: Could not get hdr panel metadata property
07-26 15:05:58.175    91    91 W hwc-drm-connector: Could not get Colorspace property, try to get hdmi_output_colorimetry property.
07-26 15:05:58.175    91    91 W hwc-drm-connector: Could not get hdmi_output_colorimetry property.
07-26 15:05:58.175    91    91 W hwc-drm-connector: Could not get color_format property, try to get hdmi_output_format property.
07-26 15:05:58.175    91    91 W hwc-drm-connector: Could not get hdmi_output_format property.
07-26 15:05:58.175    91    91 W hwc-drm-connector: Could not get color_depth property, try to get hdmi_output_depth
07-26 15:05:58.175    91    91 W hwc-drm-connector: Could not get hdmi_output_depth property
07-26 15:05:58.175    91    91 W hwc-drm-connector: Could not get hdmi_output_format property
07-26 15:05:58.175    91    91 W hwc-drm-connector: Could not get hdmi_output_depth property
07-26 15:05:58.175    91    91 W hwc-drm-connector: Could not get CONNECTOR_ID property
07-26 15:05:58.175    91    91 I hwc-drm-connector: UpdateConnectorBaseInfo fail, the device may not have a baseparameter.
07-26 15:05:58.175    91    91 W hwc-drm-connector: Could not get USER_SPLIT_MODE property
07-26 15:05:58.176    91    91 W hwc-drm-connector: Could not get hdr output metadata property
07-26 15:05:58.176    91    91 W hwc-drm-connector: Could not get hdr panel metadata property
07-26 15:05:58.176    91    91 W hwc-drm-connector: Could not get Colorspace property, try to get hdmi_output_colorimetry property.
07-26 15:05:58.176    91    91 W hwc-drm-connector: Could not get hdmi_output_colorimetry property.
07-26 15:05:58.176    91    91 W hwc-drm-connector: Could not get color_format property, try to get hdmi_output_format property.
07-26 15:05:58.176    91    91 W hwc-drm-connector: Could not get hdmi_output_format property.
07-26 15:05:58.176    91    91 W hwc-drm-connector: Could not get color_depth property, try to get hdmi_output_depth
07-26 15:05:58.176    91    91 W hwc-drm-connector: Could not get hdmi_output_depth property
07-26 15:05:58.176    91    91 W hwc-drm-connector: Could not get hdmi_output_format property
07-26 15:05:58.176    91    91 W hwc-drm-connector: Could not get hdmi_output_depth property
07-26 15:05:58.176    91    91 W hwc-drm-connector: Could not get CONNECTOR_ID property
07-26 15:05:58.176    91    91 I hwc-drm-connector: UpdateConnectorBaseInfo fail, the device may not have a baseparameter.
07-26 15:05:58.176    91    91 W hwc-drm-connector: Could not get USER_SPLIT_MODE property
07-26 15:05:58.177    91    91 W hwc-drm-connector: Could not get hdr output metadata property
07-26 15:05:58.177    91    91 W hwc-drm-connector: Could not get hdr panel metadata property
07-26 15:05:58.177    91    91 W hwc-drm-connector: Could not get Colorspace property, try to get hdmi_output_colorimetry property.
07-26 15:05:58.177    91    91 W hwc-drm-connector: Could not get hdmi_output_colorimetry property.
07-26 15:05:58.177    91    91 W hwc-drm-connector: Could not get color_format property, try to get hdmi_output_format property.
07-26 15:05:58.177    91    91 W hwc-drm-connector: Could not get hdmi_output_format property.
07-26 15:05:58.177    91    91 W hwc-drm-connector: Could not get color_depth property, try to get hdmi_output_depth
07-26 15:05:58.177    91    91 W hwc-drm-connector: Could not get hdmi_output_depth property
07-26 15:05:58.177    91    91 W hwc-drm-connector: Could not get hdmi_output_format property
07-26 15:05:58.177    91    91 W hwc-drm-connector: Could not get hdmi_output_depth property
07-26 15:05:58.177    91    91 W hwc-drm-connector: Could not get CONNECTOR_ID property
07-26 15:05:58.177    91    91 I hwc-drm-connector: UpdateConnectorBaseInfo fail, the device may not have a baseparameter.
07-26 15:05:58.178    91    91 W hwc-drm-connector: Could not get USER_SPLIT_MODE property
07-26 15:05:58.178    91    91 W hwc-drm-connector: Could not get hdr output metadata property
07-26 15:05:58.178    91    91 W hwc-drm-connector: Could not get hdr panel metadata property
07-26 15:05:58.178    91    91 W hwc-drm-connector: Could not get Colorspace property, try to get hdmi_output_colorimetry property.
07-26 15:05:58.178    91    91 W hwc-drm-connector: Could not get hdmi_output_colorimetry property.
07-26 15:05:58.178    91    91 W hwc-drm-connector: Could not get color_format property, try to get hdmi_output_format property.
07-26 15:05:58.178    91    91 W hwc-drm-connector: Could not get hdmi_output_format property.
07-26 15:05:58.178    91    91 W hwc-drm-connector: Could not get color_depth property, try to get hdmi_output_depth
07-26 15:05:58.178    91    91 W hwc-drm-connector: Could not get hdmi_output_depth property
07-26 15:05:58.178    91    91 W hwc-drm-connector: Could not get hdmi_output_format property
07-26 15:05:58.178    91    91 W hwc-drm-connector: Could not get hdmi_output_depth property
07-26 15:05:58.179    91    91 W hwc-drm-connector: Could not get CONNECTOR_ID property
07-26 15:05:58.179    91    91 I hwc-drm-connector: UpdateConnectorBaseInfo fail, the device may not have a baseparameter.
07-26 15:05:58.179    91    91 W hwc-drm-connector: Could not get USER_SPLIT_MODE property
07-26 15:05:58.179    91    91 W hwc-drm-connector: Could not get hdr output metadata property
07-26 15:05:58.179    91    91 W hwc-drm-connector: Could not get hdr panel metadata property
07-26 15:05:58.179    91    91 W hwc-drm-connector: Could not get Colorspace property, try to get hdmi_output_colorimetry property.
07-26 15:05:58.180    91    91 W hwc-drm-connector: Could not get hdmi_output_colorimetry property.
07-26 15:05:58.180    91    91 W hwc-drm-connector: Could not get color_format property, try to get hdmi_output_format property.
07-26 15:05:58.180    91    91 W hwc-drm-connector: Could not get hdmi_output_format property.
07-26 15:05:58.180    91    91 W hwc-drm-connector: Could not get color_depth property, try to get hdmi_output_depth
07-26 15:05:58.180    91    91 W hwc-drm-connector: Could not get hdmi_output_depth property
07-26 15:05:58.180    91    91 W hwc-drm-connector: Could not get hdmi_output_format property
07-26 15:05:58.180    91    91 W hwc-drm-connector: Could not get hdmi_output_depth property
07-26 15:05:58.180    91    91 W hwc-drm-connector: Could not get CONNECTOR_ID property
07-26 15:05:58.180    91    91 I hwc-drm-connector: UpdateConnectorBaseInfo fail, the device may not have a baseparameter.
07-26 15:05:58.180    91    91 W hwc-drm-connector: Could not get USER_SPLIT_MODE property
07-26 15:05:58.180    91    91 I hwc-drm-device: UpdateInfoFromXml,line=261 DmXml_.Mode = 0 
07-26 15:05:58.180    91    91 I hwc-drm-plane: Could not get eotf property
07-26 15:05:58.180    91    91 I hwc-drm-plane: Could not get colorspace property
07-26 15:05:58.180    91    91 E hwc-drm-plane: Could not get ZPOS property, try to get zpos property
07-26 15:05:58.180    91    91 E hwc-drm-plane: Could not get zpos property
07-26 15:05:58.180    91    91 E hwc-drm-plane: Could not get AREA_ID property
07-26 15:05:58.180    91    91 E hwc-drm-plane: Could not get SHARE_ID property
07-26 15:05:58.180    91    91 E hwc-drm-plane: Could not get FEATURE property
07-26 15:05:58.180    91    91 I hwc-drm-plane: Could not get alpha property
07-26 15:05:58.180    91    91 I hwc-drm-plane: Could not get pixel blend mode property
07-26 15:05:58.181    91    91 E hwc-drm-plane: Could not get FEATURE property
07-26 15:05:58.181    91    91 E hwc-drm-plane: Could not get NAME property
07-26 15:05:58.181    91    91 E hwc-drm-plane: Could not get INPUT_WIDTH property
07-26 15:05:58.181    91    91 E hwc-drm-plane: Could not get INPUT_HEIGHT property
07-26 15:05:58.181    91    91 E hwc-drm-plane: Could not get OUTPUT_WIDTH property
07-26 15:05:58.181    91    91 E hwc-drm-plane: Could not get OUTPUT_HEIGHT property
07-26 15:05:58.181    91    91 E hwc-drm-plane: Could not get SCALE_RATE property
07-26 15:05:58.181    91    91 E hwc-drm-plane: Could not get ASYNC_COMMIT property
07-26 15:05:58.181    91    91 I hwc-drm-plane: Could not get eotf property
07-26 15:05:58.181    91    91 I hwc-drm-plane: Could not get colorspace property
07-26 15:05:58.181    91    91 E hwc-drm-plane: Could not get ZPOS property, try to get zpos property
07-26 15:05:58.181    91    91 E hwc-drm-plane: Could not get zpos property
07-26 15:05:58.181    91    91 E hwc-drm-plane: Could not get AREA_ID property
07-26 15:05:58.181    91    91 E hwc-drm-plane: Could not get SHARE_ID property
07-26 15:05:58.181    91    91 E hwc-drm-plane: Could not get FEATURE property
07-26 15:05:58.181    91    91 I hwc-drm-plane: Could not get alpha property
07-26 15:05:58.181    91    91 I hwc-drm-plane: Could not get pixel blend mode property
07-26 15:05:58.181    91    91 E hwc-drm-plane: Could not get FEATURE property
07-26 15:05:58.181    91    91 E hwc-drm-plane: Could not get NAME property
07-26 15:05:58.181    91    91 E hwc-drm-plane: Could not get INPUT_WIDTH property
07-26 15:05:58.181    91    91 E hwc-drm-plane: Could not get INPUT_HEIGHT property
