07-26 15:05:58.181    91    91 E hwc-drm-plane: Could not get OUTPUT_WIDTH property
07-26 15:05:58.181    91    91 E hwc-drm-plane: Could not get OUTPUT_HEIGHT property
07-26 15:05:58.181    91    91 E hwc-drm-plane: Could not get SCALE_RATE property
07-26 15:05:58.181    91    91 E hwc-drm-plane: Could not get ASYNC_COMMIT property
07-26 15:05:58.181    91    91 I hwc-drm-plane: Could not get eotf property
07-26 15:05:58.181    91    91 I hwc-drm-plane: Could not get colorspace property
07-26 15:05:58.181    91    91 E hwc-drm-plane: Could not get ZPOS property, try to get zpos property
07-26 15:05:58.181    91    91 E hwc-drm-plane: Could not get zpos property
07-26 15:05:58.181    91    91 E hwc-drm-plane: Could not get AREA_ID property
07-26 15:05:58.181    91    91 E hwc-drm-plane: Could not get SHARE_ID property
07-26 15:05:58.181    91    91 E hwc-drm-plane: Could not get FEATURE property
07-26 15:05:58.181    91    91 I hwc-drm-plane: Could not get alpha property
07-26 15:05:58.181    91    91 I hwc-drm-plane: Could not get pixel blend mode property
07-26 15:05:58.181    91    91 E hwc-drm-plane: Could not get FEATURE property
07-26 15:05:58.181    91    91 E hwc-drm-plane: Could not get NAME property
07-26 15:05:58.181    91    91 E hwc-drm-plane: Could not get INPUT_WIDTH property
07-26 15:05:58.181    91    91 E hwc-drm-plane: Could not get INPUT_HEIGHT property
07-26 15:05:58.181    91    91 E hwc-drm-plane: Could not get OUTPUT_WIDTH property
07-26 15:05:58.181    91    91 E hwc-drm-plane: Could not get OUTPUT_HEIGHT property
07-26 15:05:58.181    91    91 E hwc-drm-plane: Could not get SCALE_RATE property
07-26 15:05:58.181    91    91 E hwc-drm-plane: Could not get ASYNC_COMMIT property
07-26 15:05:58.182    91    91 I hwc-drm-plane: Could not get eotf property
07-26 15:05:58.182    91    91 I hwc-drm-plane: Could not get colorspace property
07-26 15:05:58.182    91    91 E hwc-drm-plane: Could not get ZPOS property, try to get zpos property
07-26 15:05:58.182    91    91 E hwc-drm-plane: Could not get zpos property
07-26 15:05:58.182    91    91 E hwc-drm-plane: Could not get AREA_ID property
07-26 15:05:58.182    91    91 E hwc-drm-plane: Could not get SHARE_ID property
07-26 15:05:58.182    91    91 E hwc-drm-plane: Could not get FEATURE property
07-26 15:05:58.182    91    91 I hwc-drm-plane: Could not get alpha property
07-26 15:05:58.182    91    91 I hwc-drm-plane: Could not get pixel blend mode property
07-26 15:05:58.182    91    91 E hwc-drm-plane: Could not get FEATURE property
07-26 15:05:58.182    91    91 E hwc-drm-plane: Could not get NAME property
07-26 15:05:58.182    91    91 E hwc-drm-plane: Could not get INPUT_WIDTH property
07-26 15:05:58.182    91    91 E hwc-drm-plane: Could not get INPUT_HEIGHT property
07-26 15:05:58.182    91    91 E hwc-drm-plane: Could not get OUTPUT_WIDTH property
07-26 15:05:58.182    91    91 E hwc-drm-plane: Could not get OUTPUT_HEIGHT property
07-26 15:05:58.182    91    91 E hwc-drm-plane: Could not get SCALE_RATE property
07-26 15:05:58.182    91    91 E hwc-drm-plane: Could not get ASYNC_COMMIT property
07-26 15:05:58.182    91    91 I hwc-drm-plane: Could not get eotf property
07-26 15:05:58.182    91    91 I hwc-drm-plane: Could not get colorspace property
07-26 15:05:58.182    91    91 E hwc-drm-plane: Could not get ZPOS property, try to get zpos property
07-26 15:05:58.182    91    91 E hwc-drm-plane: Could not get zpos property
07-26 15:05:58.182    91    91 E hwc-drm-plane: Could not get AREA_ID property
07-26 15:05:58.182    91    91 E hwc-drm-plane: Could not get SHARE_ID property
07-26 15:05:58.182    91    91 E hwc-drm-plane: Could not get FEATURE property
07-26 15:05:58.182    91    91 I hwc-drm-plane: Could not get alpha property
07-26 15:05:58.182    91    91 I hwc-drm-plane: Could not get pixel blend mode property
07-26 15:05:58.182    91    91 E hwc-drm-plane: Could not get FEATURE property
07-26 15:05:58.182    91    91 E hwc-drm-plane: Could not get NAME property
07-26 15:05:58.182    91    91 E hwc-drm-plane: Could not get INPUT_WIDTH property
07-26 15:05:58.182    91    91 E hwc-drm-plane: Could not get INPUT_HEIGHT property
07-26 15:05:58.182    91    91 E hwc-drm-plane: Could not get OUTPUT_WIDTH property
07-26 15:05:58.182    91    91 E hwc-drm-plane: Could not get OUTPUT_HEIGHT property
07-26 15:05:58.182    91    91 E hwc-drm-plane: Could not get SCALE_RATE property
07-26 15:05:58.182    91    91 E hwc-drm-plane: Could not get ASYNC_COMMIT property
07-26 15:05:58.182    91    91 I hwc-drm-plane: Could not get eotf property
07-26 15:05:58.182    91    91 I hwc-drm-plane: Could not get colorspace property
07-26 15:05:58.182    91    91 E hwc-drm-plane: Could not get ZPOS property, try to get zpos property
07-26 15:05:58.183    91    91 E hwc-drm-plane: Could not get zpos property
07-26 15:05:58.183    91    91 E hwc-drm-plane: Could not get AREA_ID property
07-26 15:05:58.183    91    91 E hwc-drm-plane: Could not get SHARE_ID property
07-26 15:05:58.183    91    91 E hwc-drm-plane: Could not get FEATURE property
07-26 15:05:58.183    91    91 I hwc-drm-plane: Could not get alpha property
07-26 15:05:58.183    91    91 I hwc-drm-plane: Could not get pixel blend mode property
07-26 15:05:58.183    91    91 E hwc-drm-plane: Could not get FEATURE property
07-26 15:05:58.183    91    91 E hwc-drm-plane: Could not get NAME property
07-26 15:05:58.183    91    91 E hwc-drm-plane: Could not get INPUT_WIDTH property
07-26 15:05:58.183    91    91 E hwc-drm-plane: Could not get INPUT_HEIGHT property
07-26 15:05:58.183    91    91 E hwc-drm-plane: Could not get OUTPUT_WIDTH property
07-26 15:05:58.183    91    91 E hwc-drm-plane: Could not get OUTPUT_HEIGHT property
07-26 15:05:58.183    91    91 E hwc-drm-plane: Could not get SCALE_RATE property
07-26 15:05:58.183    91    91 E hwc-drm-plane: Could not get ASYNC_COMMIT property
07-26 15:05:58.183    91    91 I hwc-drm-plane: Could not get eotf property
07-26 15:05:58.183    91    91 I hwc-drm-plane: Could not get colorspace property
07-26 15:05:58.183    91    91 E hwc-drm-plane: Could not get ZPOS property, try to get zpos property
07-26 15:05:58.183    91    91 E hwc-drm-plane: Could not get zpos property
07-26 15:05:58.183    91    91 E hwc-drm-plane: Could not get AREA_ID property
07-26 15:05:58.183    91    91 E hwc-drm-plane: Could not get SHARE_ID property
07-26 15:05:58.183    91    91 E hwc-drm-plane: Could not get FEATURE property
07-26 15:05:58.183    91    91 I hwc-drm-plane: Could not get alpha property
07-26 15:05:58.183    91    91 I hwc-drm-plane: Could not get pixel blend mode property
07-26 15:05:58.183    91    91 E hwc-drm-plane: Could not get FEATURE property
07-26 15:05:58.183    91    91 E hwc-drm-plane: Could not get NAME property
07-26 15:05:58.183    91    91 E hwc-drm-plane: Could not get INPUT_WIDTH property
07-26 15:05:58.183    94    94 I ServiceManagement: Registered android.hardware.power@1.0::IPower/default (start delay of 112ms)
07-26 15:05:58.183    91    91 E hwc-drm-plane: Could not get INPUT_HEIGHT property
07-26 15:05:58.183    91    91 E hwc-drm-plane: Could not get OUTPUT_WIDTH property
07-26 15:05:58.183    91    91 E hwc-drm-plane: Could not get OUTPUT_HEIGHT property
07-26 15:05:58.183    91    91 E hwc-drm-plane: Could not get SCALE_RATE property
07-26 15:05:58.183    91    91 E hwc-drm-plane: Could not get ASYNC_COMMIT property
07-26 15:05:58.183    94    94 I ServiceManagement: Removing namespace from process name android.hardware.power@1.0-service to power@1.0-service.
07-26 15:05:58.183    94    94 I android.hardware.power@1.0-service: Registration complete for android.hardware.power@1.0::IPower/default.
07-26 15:05:58.184    91    91 I hwc-drm-plane: Could not get eotf property
07-26 15:05:58.184    91    91 I hwc-drm-plane: Could not get colorspace property
07-26 15:05:58.184    91    91 E hwc-drm-plane: Could not get ZPOS property, try to get zpos property
07-26 15:05:58.184    91    91 E hwc-drm-plane: Could not get zpos property
07-26 15:05:58.184    91    91 E hwc-drm-plane: Could not get AREA_ID property
07-26 15:05:58.184    91    91 E hwc-drm-plane: Could not get SHARE_ID property
07-26 15:05:58.184    91    91 E hwc-drm-plane: Could not get FEATURE property
07-26 15:05:58.184    91    91 I hwc-drm-plane: Could not get alpha property
07-26 15:05:58.184    91    91 I hwc-drm-plane: Could not get pixel blend mode property
07-26 15:05:58.184    91    91 E hwc-drm-plane: Could not get FEATURE property
07-26 15:05:58.184    91    91 E hwc-drm-plane: Could not get NAME property
07-26 15:05:58.184    91    91 E hwc-drm-plane: Could not get INPUT_WIDTH property
07-26 15:05:58.184    91    91 E hwc-drm-plane: Could not get INPUT_HEIGHT property
07-26 15:05:58.184    91    91 E hwc-drm-plane: Could not get OUTPUT_WIDTH property
07-26 15:05:58.184    91    91 E hwc-drm-plane: Could not get OUTPUT_HEIGHT property
07-26 15:05:58.184    91    91 E hwc-drm-plane: Could not get SCALE_RATE property
07-26 15:05:58.184    91    91 E hwc-drm-plane: Could not get ASYNC_COMMIT property
07-26 15:05:58.184    91    91 E hwc-resource-manager: Open fb0 fail in Init
07-26 15:05:58.184    91    91 I hwc-resource-manager: Init,line=93 Create DrmDisplayCompositor crtc=58
07-26 15:05:58.184    91    91 I hwc-resource-manager: Init,line=93 Create DrmDisplayCompositor crtc=64
07-26 15:05:58.184    91    91 I hwc-resource-manager: Init,line=93 Create DrmDisplayCompositor crtc=70
07-26 15:05:58.184    91    91 I hwc-resource-manager: Init,line=93 Create DrmDisplayCompositor crtc=76
07-26 15:05:58.184    91    91 I hwc-resource-manager: Init,line=93 Create DrmDisplayCompositor crtc=82
07-26 15:05:58.184    91    91 I hwc-resource-manager: Init,line=93 Create DrmDisplayCompositor crtc=88
07-26 15:05:58.184    91    91 I hwc-resource-manager: Init,line=93 Create DrmDisplayCompositor crtc=94
07-26 15:05:58.184    91    91 I hwc-resource-manager: Init,line=93 Create DrmDisplayCompositor crtc=100
07-26 15:05:58.184    91    91 E hwc-drm-two: Init::CreateDisplay
07-26 15:05:58.184    91    91 E hwc-drm-two: CreateDisplay type=1
07-26 15:05:58.184    91    91 E hwc-drm-two: display-id=0
07-26 15:05:58.184    91    91 I hwc-drm-connector: UpdateDisplayMode,line=440, display=0 persist.vendor.resolution.Virtual-0=Unkonw
07-26 15:05:58.184    91    91 I hwc-drm-connector: UpdateDisplayMode,line=448, display=0 persist.vendor.resolution.main=Unkonw
07-26 15:05:58.184    91    91 I hwc-drm-connector: UpdateDisplayMode,line=534, Find best mode-id=1 : 1024x768p60.000000
07-26 15:05:58.184    91    91 E hwc-drm-two: ClearDisplay,line=333 init_success_=0 skip.
07-26 15:05:58.184    91    91 I hwc-drm-device: FindAvailableCrtcByFirst,line=1452 Find display-id=0 with conn[61] crtc=58 success!
07-26 15:05:58.184    91    91 I hwc-drm-device: BindConnectorAndCrtc,line=1640 current_mode id=1 , w=1024,h=768,fps=60.000000 
07-26 15:05:58.186    80    80 D AndroidRuntime: >>>>>> START com.android.internal.os.ZygoteInit uid 0 <<<<<<
07-26 15:05:58.187    91    91 I hwc-drm-device: BindConnectorAndCrtc,line=1665 display-id=0 Bind Connector-id=61 Crtc-id=58 success!.
07-26 15:05:58.187    91    91 E hwc-drm-two: TryAssignPlane,line=168 display 1 crtc is NULL.
07-26 15:05:58.187    91    91 E hwc-drm-two: TryAssignPlane,line=168 display 2 crtc is NULL.
07-26 15:05:58.187    91    91 E hwc-drm-two: TryAssignPlane,line=168 display 3 crtc is NULL.
07-26 15:05:58.187    91    91 E hwc-drm-two: TryAssignPlane,line=168 display 4 crtc is NULL.
07-26 15:05:58.187    91    91 E hwc-drm-two: TryAssignPlane,line=168 display 5 crtc is NULL.
07-26 15:05:58.187    91    91 E hwc-drm-two: TryAssignPlane,line=168 display 6 crtc is NULL.
07-26 15:05:58.187    91    91 E hwc-drm-two: TryAssignPlane,line=168 display 7 crtc is NULL.
07-26 15:05:58.187    91    91 W hwc-drm-two: assignPlaneByHWC,line=56 Crtc PlaneMask not set, have to use HwcPlaneMask, please check Crtc::PlaneMask info.
07-26 15:05:58.187    91    91 I hwc-drm-two: assignPlaneByHWC,line=90, crtc-id=58 mask=0x1 ,plane_mask=0xf03
07-26 15:05:58.187    91    91 E hwc-drm-two: assignPlaneByHWC,line=66 display=1 crtc is NULL.
07-26 15:05:58.187    91    91 E hwc-platform: TryAssignPlane,line=113 Failed provision stage with ret -1
07-26 15:05:58.187    91    91 W hwc-drm-device: BindDpyRes,line=1855 TryAssignPlane fail, ret = -1
07-26 15:05:58.187    91    91 E hwc-drm-two: Init,line=380 Failed to BindDpyRes for display=0 -1
07-26 15:05:58.187    91    91 E hwc-drm-two: Init::CreateDisplay
07-26 15:05:58.187    91    91 E hwc-drm-two: CreateDisplay type=1
07-26 15:05:58.187    91    91 E hwc-drm-two: display-id=1
07-26 15:05:58.187    91    91 I hwc-drm-connector: UpdateDisplayMode,line=440, display=1 persist.vendor.resolution.Virtual-0=Unkonw
07-26 15:05:58.187    91    91 I hwc-drm-connector: UpdateDisplayMode,line=448, display=1 persist.vendor.resolution.aux=Unkonw
07-26 15:05:58.187    91    91 I hwc-drm-connector: UpdateDisplayMode,line=534, Find best mode-id=83 : 1024x768p60.000000
07-26 15:05:58.187    91    91 E hwc-drm-two: ClearDisplay,line=333 init_success_=0 skip.
07-26 15:05:58.187    91    91 I hwc-drm-device: FindAvailableCrtcByFirst,line=1452 Find display-id=1 with conn[67] crtc=64 success!
07-26 15:05:58.187    91    91 I hwc-drm-device: BindConnectorAndCrtc,line=1640 current_mode id=83 , w=1024,h=768,fps=60.000000 
07-26 15:05:58.189    80    80 I AndroidRuntime: Using default boot image
07-26 15:05:58.189    80    80 I AndroidRuntime: Leaving lock profiling enabled
07-26 15:05:58.189    80    80 I zygote64: option[0]=-Xzygote
07-26 15:05:58.189    80    80 I zygote64: option[1]=exit
07-26 15:05:58.189    80    80 I zygote64: option[2]=vfprintf
07-26 15:05:58.189    80    80 I zygote64: option[3]=sensitiveThread
07-26 15:05:58.189    80    80 I zygote64: option[4]=-verbose:gc
07-26 15:05:58.189    80    80 I zygote64: option[5]=-Xms16m
07-26 15:05:58.189    80    80 I zygote64: option[6]=-Xmx512m
07-26 15:05:58.189    80    80 I zygote64: option[7]=-XX:HeapGrowthLimit=192m
07-26 15:05:58.189    80    80 I zygote64: option[8]=-XX:HeapMinFree=512k
07-26 15:05:58.189    80    80 I zygote64: option[9]=-XX:HeapMaxFree=8m
07-26 15:05:58.189    80    80 I zygote64: option[10]=-XX:HeapTargetUtilization=0.75
07-26 15:05:58.189    80    80 I zygote64: option[11]=-Xusejit:true
07-26 15:05:58.189    80    80 I zygote64: option[12]=-Xjitsaveprofilinginfo
07-26 15:05:58.189    80    80 I zygote64: option[13]=-XjdwpOptions:suspend=n,server=y
07-26 15:05:58.189    80    80 I zygote64: option[14]=-XjdwpProvider:default
07-26 15:05:58.189    80    80 I zygote64: option[15]=-Ximage-compiler-option
07-26 15:05:58.189    80    80 I zygote64: option[16]=--runtime-arg
07-26 15:05:58.189    80    80 I zygote64: option[17]=-Ximage-compiler-option
07-26 15:05:58.189    80    80 I zygote64: option[18]=-Xms64m
07-26 15:05:58.189    80    80 I zygote64: option[19]=-Ximage-compiler-option
07-26 15:05:58.189    80    80 I zygote64: option[20]=--runtime-arg
07-26 15:05:58.189    80    80 I zygote64: option[21]=-Ximage-compiler-option
07-26 15:05:58.189    80    80 I zygote64: option[22]=-Xmx64m
07-26 15:05:58.189    80    80 I zygote64: option[23]=-Ximage-compiler-option
07-26 15:05:58.189    80    80 I zygote64: option[24]=--profile-file=/system/etc/boot-image.prof
07-26 15:05:58.189    80    80 I zygote64: option[25]=-Ximage-compiler-option
07-26 15:05:58.189    80    80 I zygote64: option[26]=--compiler-filter=speed-profile
07-26 15:05:58.189    80    80 I zygote64: option[27]=-Xcompiler-option
07-26 15:05:58.189    80    80 I zygote64: option[28]=--runtime-arg
07-26 15:05:58.189    80    80 I zygote64: option[29]=-Xcompiler-option
07-26 15:05:58.189    80    80 I zygote64: option[30]=-Xms64m
07-26 15:05:58.189    80    80 I zygote64: option[31]=-Xcompiler-option
07-26 15:05:58.189    80    80 I zygote64: option[32]=--runtime-arg
07-26 15:05:58.189    80    80 I zygote64: option[33]=-Xcompiler-option
07-26 15:05:58.189    80    80 I zygote64: option[34]=-Xmx512m
07-26 15:05:58.189    80    80 I zygote64: option[35]=-Ximage-compiler-option
07-26 15:05:58.189    80    80 I zygote64: option[36]=--instruction-set-variant=cortex-a76
07-26 15:05:58.189    80    80 I zygote64: option[37]=-Xcompiler-option
07-26 15:05:58.189    80    80 I zygote64: option[38]=--instruction-set-variant=cortex-a76
07-26 15:05:58.189    80    80 I zygote64: option[39]=-Ximage-compiler-option
07-26 15:05:58.189    80    80 I zygote64: option[40]=--instruction-set-features=default
07-26 15:05:58.189    80    80 I zygote64: option[41]=-Xcompiler-option
07-26 15:05:58.189    80    80 I zygote64: option[42]=--instruction-set-features=default
07-26 15:05:58.189    80    80 I zygote64: option[43]=-Duser.locale=zh-CN
07-26 15:05:58.189    80    80 I zygote64: option[44]=--cpu-abilist=arm64-v8a
07-26 15:05:58.189    80    80 I zygote64: option[45]=-Xcompiler-option
07-26 15:05:58.189    80    80 I zygote64: option[46]=--generate-mini-debug-info
07-26 15:05:58.189    80    80 I zygote64: option[47]=-Xfingerprint:samsung/GT-P7500/GT-P7500:3.2/HTJ85B/XWKL1:user/release-keys
07-26 15:05:58.190    81    81 D AndroidRuntime: >>>>>> START com.android.internal.os.ZygoteInit uid 0 <<<<<<
07-26 15:05:58.193    81    81 I AndroidRuntime: Using default boot image
07-26 15:05:58.193    81    81 I AndroidRuntime: Leaving lock profiling enabled
07-26 15:05:58.194    81    81 I zygote  : option[0]=-Xzygote
07-26 15:05:58.194    81    81 I zygote  : option[1]=exit
07-26 15:05:58.194    81    81 I zygote  : option[2]=vfprintf
07-26 15:05:58.194    81    81 I zygote  : option[3]=sensitiveThread
07-26 15:05:58.194    81    81 I zygote  : option[4]=-verbose:gc
07-26 15:05:58.194    81    81 I zygote  : option[5]=-Xms16m
07-26 15:05:58.194    81    81 I zygote  : option[6]=-Xmx512m
07-26 15:05:58.194    81    81 I zygote  : option[7]=-XX:HeapGrowthLimit=192m
07-26 15:05:58.194    81    81 I zygote  : option[8]=-XX:HeapMinFree=512k
07-26 15:05:58.194    81    81 I zygote  : option[9]=-XX:HeapMaxFree=8m
07-26 15:05:58.194    81    81 I zygote  : option[10]=-XX:HeapTargetUtilization=0.75
07-26 15:05:58.194    81    81 I zygote  : option[11]=-Xusejit:true
07-26 15:05:58.194    81    81 I zygote  : option[12]=-Xjitsaveprofilinginfo
07-26 15:05:58.194    81    81 I zygote  : option[13]=-XjdwpOptions:suspend=n,server=y
07-26 15:05:58.194    81    81 I zygote  : option[14]=-XjdwpProvider:default
07-26 15:05:58.194    81    81 I zygote  : option[15]=-Ximage-compiler-option
07-26 15:05:58.194    81    81 I zygote  : option[16]=--runtime-arg
07-26 15:05:58.194    81    81 I zygote  : option[17]=-Ximage-compiler-option
07-26 15:05:58.194    81    81 I zygote  : option[18]=-Xms64m
07-26 15:05:58.194    81    81 I zygote  : option[19]=-Ximage-compiler-option
07-26 15:05:58.194    81    81 I zygote  : option[20]=--runtime-arg
07-26 15:05:58.194    81    81 I zygote  : option[21]=-Ximage-compiler-option
07-26 15:05:58.194    81    81 I zygote  : option[22]=-Xmx64m
07-26 15:05:58.194    81    81 I zygote  : option[23]=-Ximage-compiler-option
07-26 15:05:58.194    81    81 I zygote  : option[24]=--profile-file=/system/etc/boot-image.prof
07-26 15:05:58.194    81    81 I zygote  : option[25]=-Ximage-compiler-option
07-26 15:05:58.194    81    81 I zygote  : option[26]=--compiler-filter=speed-profile
07-26 15:05:58.194    81    81 I zygote  : option[27]=-Xcompiler-option
07-26 15:05:58.194    81    81 I zygote  : option[28]=--runtime-arg
07-26 15:05:58.194    81    81 I zygote  : option[29]=-Xcompiler-option
07-26 15:05:58.194    81    81 I zygote  : option[30]=-Xms64m
07-26 15:05:58.194    81    81 I zygote  : option[31]=-Xcompiler-option
07-26 15:05:58.194    81    81 I zygote  : option[32]=--runtime-arg
07-26 15:05:58.194    81    81 I zygote  : option[33]=-Xcompiler-option
07-26 15:05:58.194    81    81 I zygote  : option[34]=-Xmx512m
07-26 15:05:58.194    81    81 I zygote  : option[35]=-Ximage-compiler-option
07-26 15:05:58.194    81    81 I zygote  : option[36]=--instruction-set-variant=cortex-a76
07-26 15:05:58.194    81    81 I zygote  : option[37]=-Xcompiler-option
07-26 15:05:58.194    81    81 I zygote  : option[38]=--instruction-set-variant=cortex-a76
07-26 15:05:58.194    81    81 I zygote  : option[39]=-Ximage-compiler-option
07-26 15:05:58.194    81    81 I zygote  : option[40]=--instruction-set-features=default
07-26 15:05:58.194    81    81 I zygote  : option[41]=-Xcompiler-option
07-26 15:05:58.194    81    81 I zygote  : option[42]=--instruction-set-features=default
07-26 15:05:58.194    81    81 I zygote  : option[43]=-Duser.locale=zh-CN
07-26 15:05:58.194    81    81 I zygote  : option[44]=--cpu-abilist=armeabi-v7a,armeabi
07-26 15:05:58.194    81    81 I zygote  : option[45]=-Xcompiler-option
07-26 15:05:58.194    81    81 I zygote  : option[46]=--generate-mini-debug-info
07-26 15:05:58.194    81    81 I zygote  : option[47]=-Xfingerprint:samsung/GT-P7500/GT-P7500:3.2/HTJ85B/XWKL1:user/release-keys
07-26 15:05:58.199    96    96 I JWSensorsHal: sensors : open sensors called and name: p
07-26 15:05:58.199    96    96 I JWSensorsHal: JWSensor Func Called and DEVICE_NAME:accelerometer
07-26 15:05:58.199    96    96 I JWSensorsHal: JWSensor Func Called and DEVICE_NAME:magnetic
07-26 15:05:58.199    96    96 I JWSensorsHal: JWSensor Func Called and DEVICE_NAME:compass
07-26 15:05:58.199    96    96 I JWSensorsHal: JWSensor Func Called and DEVICE_NAME:gravity
07-26 15:05:58.199    96    96 I JWSensorsHal: JWSensor Func Called and DEVICE_NAME:stepcounter
07-26 15:05:58.199    96    96 I JWSensorsHal: JWSensor Func Called and DEVICE_NAME:stepdetector
07-26 15:05:58.199    96    96 I JWSensorsHal: JWSensor Func Called and DEVICE_NAME:gyroscope
07-26 15:05:58.199    96    96 I JWSensorsHal: JWSensor Func Called and DEVICE_NAME:light
07-26 15:05:58.199    96    96 I JWSensorsHal: JWSensor Func Called and DEVICE_NAME:proximity
07-26 15:05:58.199    96    96 I JWSensorsHal: JWSensor Func Called and DEVICE_NAME:pressure
07-26 15:05:58.199    96    96 I JWSensorsHal: JWSensor Func Called and DEVICE_NAME:temperature
07-26 15:05:58.200    96   139 I JWSensorsHal: connecter thread init pid:96, tid:139
07-26 15:05:58.200    96   139 I JWSensorsHal: connect to /data/misc/sensor/sensor_ctrl success
07-26 15:05:58.200    96   139 V JWSensorsHal: sending type:0xfff40000 to /data/misc/sensor/sensor_ctrl
07-26 15:05:58.201    96   140 I JWSensorsHal: recv thread init pid:96, tid:140
07-26 15:05:58.201    95    95 I ServiceManagement: Registered android.hardware.radio.config@1.0::IRadioConfig/default (start delay of 130ms)
07-26 15:05:58.201    95    95 I ServiceManagement: Removing namespace from process name android.hardware.radio.config@1.0-service to config@1.0-service.
07-26 15:05:58.202    95    95 D android.hardware.radio.config@1.0-service: Default service is ready.
07-26 15:05:58.202    96    96 I ServiceManagement: Registered android.hardware.sensors@1.0::ISensors/default (start delay of 131ms)
07-26 15:05:58.202    96    96 I ServiceManagement: Removing namespace from process name android.hardware.sensors@1.0-service to sensors@1.0-service.
07-26 15:05:58.202    96    96 I android.hardware.sensors@1.0-service: Registration complete for android.hardware.sensors@1.0::ISensors/default.
07-26 15:05:58.205    91    91 I hwc-drm-device: BindConnectorAndCrtc,line=1665 display-id=1 Bind Connector-id=67 Crtc-id=64 success!.
07-26 15:05:58.205    91    91 E hwc-drm-two: TryAssignPlane,line=168 display 2 crtc is NULL.
07-26 15:05:58.205    91    91 E hwc-drm-two: TryAssignPlane,line=168 display 3 crtc is NULL.
07-26 15:05:58.205    91    91 E hwc-drm-two: TryAssignPlane,line=168 display 4 crtc is NULL.
07-26 15:05:58.205    91    91 E hwc-drm-two: TryAssignPlane,line=168 display 5 crtc is NULL.
07-26 15:05:58.205    91    91 E hwc-drm-two: TryAssignPlane,line=168 display 6 crtc is NULL.
07-26 15:05:58.205    91    91 E hwc-drm-two: TryAssignPlane,line=168 display 7 crtc is NULL.
07-26 15:05:58.205    91    91 W hwc-drm-two: assignPlaneByHWC,line=56 Crtc PlaneMask not set, have to use HwcPlaneMask, please check Crtc::PlaneMask info.
07-26 15:05:58.205    91    91 I hwc-drm-two: assignPlaneByHWC,line=90, crtc-id=58 mask=0x1 ,plane_mask=0xf03
07-26 15:05:58.205    91    91 I hwc-drm-two: assignPlaneByHWC,line=90, crtc-id=64 mask=0x2 ,plane_mask=0xf00c
07-26 15:05:58.205    91    91 E hwc-drm-two: assignPlaneByHWC,line=66 display=2 crtc is NULL.
07-26 15:05:58.205    91    91 E hwc-platform: TryAssignPlane,line=113 Failed provision stage with ret -1
07-26 15:05:58.205    91    91 W hwc-drm-device: BindDpyRes,line=1855 TryAssignPlane fail, ret = -1
07-26 15:05:58.205    91    91 E hwc-drm-two: Init,line=380 Failed to BindDpyRes for display=1 -1
07-26 15:05:58.205    91    91 E hwc-drm-two: Init::CreateDisplay
07-26 15:05:58.205    91    91 E hwc-drm-two: CreateDisplay type=1
07-26 15:05:58.205    91    91 E hwc-drm-two: display-id=2
07-26 15:05:58.205    91    91 I hwc-drm-connector: UpdateDisplayMode,line=440, display=2 persist.vendor.resolution.Virtual-0=Unkonw
07-26 15:05:58.205    91    91 I hwc-drm-connector: UpdateDisplayMode,line=448, display=2 persist.vendor.resolution.aux=Unkonw
07-26 15:05:58.205    91    91 I hwc-drm-connector: UpdateDisplayMode,line=534, Find best mode-id=165 : 1024x768p60.000000
07-26 15:05:58.205    91    91 E hwc-drm-two: ClearDisplay,line=333 init_success_=0 skip.
07-26 15:05:58.205    91    91 I hwc-drm-device: FindAvailableCrtcByFirst,line=1452 Find display-id=2 with conn[73] crtc=70 success!
07-26 15:05:58.205    91    91 I hwc-drm-device: BindConnectorAndCrtc,line=1640 current_mode id=165 , w=1024,h=768,fps=60.000000 
07-26 15:05:58.226    91    91 I hwc-drm-device: BindConnectorAndCrtc,line=1665 display-id=2 Bind Connector-id=73 Crtc-id=70 success!.
07-26 15:05:58.226    91    91 E hwc-drm-two: TryAssignPlane,line=168 display 3 crtc is NULL.
07-26 15:05:58.226    91    91 E hwc-drm-two: TryAssignPlane,line=168 display 4 crtc is NULL.
07-26 15:05:58.226    91    91 E hwc-drm-two: TryAssignPlane,line=168 display 5 crtc is NULL.
07-26 15:05:58.226    91    91 E hwc-drm-two: TryAssignPlane,line=168 display 6 crtc is NULL.
07-26 15:05:58.226    91    91 E hwc-drm-two: TryAssignPlane,line=168 display 7 crtc is NULL.
07-26 15:05:58.226    91    91 W hwc-drm-two: assignPlaneByHWC,line=56 Crtc PlaneMask not set, have to use HwcPlaneMask, please check Crtc::PlaneMask info.
07-26 15:05:58.226    91    91 I hwc-drm-two: assignPlaneByHWC,line=90, crtc-id=58 mask=0x1 ,plane_mask=0xf03
07-26 15:05:58.226    91    91 I hwc-drm-two: assignPlaneByHWC,line=90, crtc-id=64 mask=0x2 ,plane_mask=0xf00c
07-26 15:05:58.226    91    91 I hwc-drm-two: assignPlaneByHWC,line=90, crtc-id=70 mask=0x4 ,plane_mask=0xf0030
07-26 15:05:58.226    91    91 E hwc-drm-two: assignPlaneByHWC,line=66 display=3 crtc is NULL.
07-26 15:05:58.226    91    91 E hwc-platform: TryAssignPlane,line=113 Failed provision stage with ret -1
07-26 15:05:58.226    91    91 W hwc-drm-device: BindDpyRes,line=1855 TryAssignPlane fail, ret = -1
07-26 15:05:58.226    91    91 E hwc-drm-two: Init,line=380 Failed to BindDpyRes for display=2 -1
07-26 15:05:58.226    91    91 E hwc-drm-two: Init::CreateDisplay
07-26 15:05:58.226    91    91 E hwc-drm-two: CreateDisplay type=1
07-26 15:05:58.226    91    91 E hwc-drm-two: display-id=3
07-26 15:05:58.226    91    91 I hwc-drm-connector: UpdateDisplayMode,line=440, display=3 persist.vendor.resolution.Virtual-0=Unkonw
07-26 15:05:58.226    91    91 I hwc-drm-connector: UpdateDisplayMode,line=448, display=3 persist.vendor.resolution.aux=Unkonw
07-26 15:05:58.226    91    91 I hwc-drm-connector: UpdateDisplayMode,line=534, Find best mode-id=247 : 1024x768p60.000000
07-26 15:05:58.226    91    91 E hwc-drm-two: ClearDisplay,line=333 init_success_=0 skip.
07-26 15:05:58.226    91    91 I hwc-drm-device: FindAvailableCrtcByFirst,line=1452 Find display-id=3 with conn[79] crtc=76 success!
07-26 15:05:58.226    91    91 I hwc-drm-device: BindConnectorAndCrtc,line=1640 current_mode id=247 , w=1024,h=768,fps=60.000000 
07-26 15:05:58.232   101   101 I FastMixerState: sMaxFastTracks = 8
07-26 15:05:58.233   101   101 V MediaUtils: physMem: 16704221184
07-26 15:05:58.233   101   101 V MediaUtils: requested limit: 536870912
07-26 15:05:58.233   101   101 I libc    : malloc_limit: Allocation limit enabled, max size 536870912 bytes
07-26 15:05:58.234   101   101 I audioserver: ServiceManager: 0x7f309d8dc0
07-26 15:05:58.234   101   101 W BatteryNotifier: batterystats service unavailable!
07-26 15:05:58.235    29    29 I hwservicemanager: getTransport: Cannot find entry android.hardware.audio@5.0::IDevicesFactory/msd in either framework or device manifest.
07-26 15:05:58.235   101   101 I AudioFlinger: Using default 3000 mSec as standby time.
07-26 15:05:58.236   101   101 E APM::Serializer: deserialize: Could not parse /odm/etc/audio_policy_configuration.xml document.
07-26 15:05:58.238   101   101 E APM::AudioPolicyEngine/Config: parse: Could not parse document /vendor/etc/audio_policy_engine_configuration.xml
07-26 15:05:58.238   101   101 W APM::AudioPolicyEngine/Base: loadAudioPolicyEngineConfig: No configuration found, using default matching phone experience.
07-26 15:05:58.238   101   101 E APM::AudioPolicyEngine/Config: parseLegacyVolumeFile: Could not parse document /odm/etc/audio_policy_configuration.xml
07-26 15:05:58.241    85    85 I JWAudioHAL: adev_open: audio_hw_if pid:85
07-26 15:05:58.241    85    85 I JWAudioHAL: audio_out: samplerate=44100 buf_size=4096
07-26 15:05:58.241    85    85 I JWAudioHAL: audio_in: samplerate=8000 buf_size=4096
07-26 15:05:58.241    85   156 I JWAudioHAL: recv thread init pid:85, tid:156
07-26 15:05:58.241    85   155 I JWAudioHAL: connecter thread init pid:85, tid:155
07-26 15:05:58.241    85   155 I JWAudioHAL: connect to /data/misc/audioserver/audio_out success
07-26 15:05:58.241    85    85 W DeviceHAL: Error from HAL Device in function get_master_volume: Function not implemented
07-26 15:05:58.242    85    85 W DeviceHAL: Error from HAL Device in function get_master_mute: Function not implemented
07-26 15:05:58.242   101   101 I AudioFlinger: loadHwModule() Loaded primary audio interface, handle 10
07-26 15:05:58.242   101   101 I AudioFlinger: openOutput() this 0x7f309e3600, module 10 Device 0x2, SamplingRate 48000, Format 0x000001, Channels 0x3, flags 0x2
07-26 15:05:58.242   101   101 I AudioFlinger: HAL output buffer size 1024 frames, normal sink buffer size 1024 frames
07-26 15:05:58.243    91    91 I hwc-drm-device: BindConnectorAndCrtc,line=1665 display-id=3 Bind Connector-id=79 Crtc-id=76 success!.
07-26 15:05:58.243    91    91 E hwc-drm-two: TryAssignPlane,line=168 display 4 crtc is NULL.
07-26 15:05:58.243    91    91 E hwc-drm-two: TryAssignPlane,line=168 display 5 crtc is NULL.
07-26 15:05:58.243    91    91 E hwc-drm-two: TryAssignPlane,line=168 display 6 crtc is NULL.
07-26 15:05:58.243    91    91 E hwc-drm-two: TryAssignPlane,line=168 display 7 crtc is NULL.
07-26 15:05:58.243    91    91 W hwc-drm-two: assignPlaneByHWC,line=56 Crtc PlaneMask not set, have to use HwcPlaneMask, please check Crtc::PlaneMask info.
07-26 15:05:58.243    91    91 I hwc-drm-two: assignPlaneByHWC,line=90, crtc-id=58 mask=0x1 ,plane_mask=0xf03
07-26 15:05:58.243    91    91 I hwc-drm-two: assignPlaneByHWC,line=90, crtc-id=64 mask=0x2 ,plane_mask=0xf00c
07-26 15:05:58.243    91    91 I hwc-drm-two: assignPlaneByHWC,line=90, crtc-id=70 mask=0x4 ,plane_mask=0xf0030
07-26 15:05:58.243    91    91 I hwc-drm-two: assignPlaneByHWC,line=90, crtc-id=76 mask=0x8 ,plane_mask=0xf000c0
07-26 15:05:58.243    91    91 E hwc-drm-two: assignPlaneByHWC,line=66 display=4 crtc is NULL.
07-26 15:05:58.243    91    91 E hwc-platform: TryAssignPlane,line=113 Failed provision stage with ret -1
07-26 15:05:58.243    91    91 W hwc-drm-device: BindDpyRes,line=1855 TryAssignPlane fail, ret = -1
07-26 15:05:58.243    91    91 E hwc-drm-two: Init,line=380 Failed to BindDpyRes for display=3 -1
07-26 15:05:58.243    91    91 E hwc-drm-two: Init::CreateDisplay
07-26 15:05:58.243    91    91 E hwc-drm-two: CreateDisplay type=1
07-26 15:05:58.243    91    91 E hwc-drm-two: display-id=4
07-26 15:05:58.243    91    91 I hwc-drm-connector: UpdateDisplayMode,line=440, display=4 persist.vendor.resolution.Virtual-0=Unkonw
07-26 15:05:58.243    91    91 I hwc-drm-connector: UpdateDisplayMode,line=448, display=4 persist.vendor.resolution.aux=Unkonw
07-26 15:05:58.243    91    91 I hwc-drm-connector: UpdateDisplayMode,line=534, Find best mode-id=329 : 1024x768p60.000000
07-26 15:05:58.243    91    91 E hwc-drm-two: ClearDisplay,line=333 init_success_=0 skip.
07-26 15:05:58.243    91    91 I hwc-drm-device: FindAvailableCrtcByFirst,line=1452 Find display-id=4 with conn[85] crtc=82 success!
07-26 15:05:58.243    91    91 I hwc-drm-device: BindConnectorAndCrtc,line=1640 current_mode id=329 , w=1024,h=768,fps=60.000000 
07-26 15:05:58.243    80    80 D ICU     : Time zone APEX file found: /apex/com.android.tzdata/etc/icu/icu_tzdata.dat
07-26 15:05:58.245    45    45 I ServiceManager: Waiting for service 'SurfaceFlinger' on '/dev/binder'...
07-26 15:05:58.250   101   101 I BufferProvider: found effect "Multichannel Downmix To Stereo" from The Android Open Source Project
07-26 15:05:58.250   101   101 I AudioFlinger: Using module 10 as the primary audio interface
07-26 15:05:58.252   101   101 V APM_AudioPolicyManager: checkAndSetVolume cannot set volume group 3 volume with force use = 0 for comm
07-26 15:05:58.252   101   164 I AudioFlinger: AudioFlinger's thread 0x7f30a89240 tid=164 ready to run
07-26 15:05:58.253   101   164 W AudioFlinger: no wake lock to update, system not ready yet
07-26 15:05:58.253   101   164 W AudioFlinger: no wake lock to update, system not ready yet
07-26 15:05:58.254    81    81 D ICU     : Time zone APEX file found: /apex/com.android.tzdata/etc/icu/icu_tzdata.dat
07-26 15:05:58.257    80    80 W zygote64: JNI RegisterNativeMethods: attempt to register 0 native methods for android.media.AudioAttributes
07-26 15:05:58.260    91    91 I hwc-drm-device: BindConnectorAndCrtc,line=1665 display-id=4 Bind Connector-id=85 Crtc-id=82 success!.
07-26 15:05:58.260    91    91 E hwc-drm-two: TryAssignPlane,line=168 display 5 crtc is NULL.
07-26 15:05:58.260    91    91 E hwc-drm-two: TryAssignPlane,line=168 display 6 crtc is NULL.
07-26 15:05:58.260    91    91 E hwc-drm-two: TryAssignPlane,line=168 display 7 crtc is NULL.
07-26 15:05:58.260    91    91 W hwc-drm-two: assignPlaneByHWC,line=56 Crtc PlaneMask not set, have to use HwcPlaneMask, please check Crtc::PlaneMask info.
07-26 15:05:58.260    91    91 I hwc-drm-two: assignPlaneByHWC,line=90, crtc-id=58 mask=0x1 ,plane_mask=0xf03
07-26 15:05:58.260    91    91 I hwc-drm-two: assignPlaneByHWC,line=90, crtc-id=64 mask=0x2 ,plane_mask=0xf00c
07-26 15:05:58.260    91    91 I hwc-drm-two: assignPlaneByHWC,line=90, crtc-id=70 mask=0x4 ,plane_mask=0xf0030
07-26 15:05:58.260    91    91 I hwc-drm-two: assignPlaneByHWC,line=90, crtc-id=76 mask=0x8 ,plane_mask=0xf000c0
07-26 15:05:58.260    91    91 I hwc-drm-two: assignPlaneByHWC,line=90, crtc-id=82 mask=0x10 ,plane_mask=0x0
07-26 15:05:58.260    91    91 E hwc-drm-two: assignPlaneByHWC,line=66 display=5 crtc is NULL.
07-26 15:05:58.260    91    91 E hwc-platform: TryAssignPlane,line=113 Failed provision stage with ret -1
07-26 15:05:58.260    91    91 W hwc-drm-device: BindDpyRes,line=1855 TryAssignPlane fail, ret = -1
07-26 15:05:58.260    91    91 E hwc-drm-two: Init,line=380 Failed to BindDpyRes for display=4 -1
07-26 15:05:58.260    91    91 E hwc-drm-two: Init::CreateDisplay
07-26 15:05:58.260    91    91 E hwc-drm-two: CreateDisplay type=1
07-26 15:05:58.260    91    91 E hwc-drm-two: display-id=5
07-26 15:05:58.260    91    91 I hwc-drm-connector: UpdateDisplayMode,line=440, display=5 persist.vendor.resolution.Virtual-0=Unkonw
07-26 15:05:58.260    91    91 I hwc-drm-connector: UpdateDisplayMode,line=448, display=5 persist.vendor.resolution.aux=Unkonw
07-26 15:05:58.260    91    91 I hwc-drm-connector: UpdateDisplayMode,line=534, Find best mode-id=411 : 1024x768p60.000000
07-26 15:05:58.260    91    91 E hwc-drm-two: ClearDisplay,line=333 init_success_=0 skip.
07-26 15:05:58.260    91    91 I hwc-drm-device: FindAvailableCrtcByFirst,line=1452 Find display-id=5 with conn[91] crtc=88 success!
07-26 15:05:58.260    91    91 I hwc-drm-device: BindConnectorAndCrtc,line=1640 current_mode id=411 , w=1024,h=768,fps=60.000000 
07-26 15:05:58.261    85   119 W DeviceHAL: Error from HAL Device in function set_voice_volume: Function not implemented
07-26 15:05:58.261   101   101 W AudioFlinger: moveEffects() bad srcOutput 0
07-26 15:05:58.261   101   101 V APM_AudioPolicyManager: selectOutputForMusicEffects selected output 13
07-26 15:05:58.261   101   101 V APM_AudioPolicyManager: setOutputDevices device {type:0x2,@:} delayMs 0
07-26 15:05:58.261   101   101 V APM_AudioPolicyManager: setOutputDevices() prevDevice {type:0x2,@:}
07-26 15:05:58.262   101   101 V APM_AudioPolicyManager: setOutputDevices changing device to {type:0x2,@:}
07-26 15:05:58.269    80    80 D Zygote  : begin preload
07-26 15:05:58.269    80    80 I Zygote  : Calling ZygoteHooks.beginPreload()
07-26 15:05:58.270    81    81 W zygote  : JNI RegisterNativeMethods: attempt to register 0 native methods for android.media.AudioAttributes
07-26 15:05:58.272    80    80 I Zygote  : Preloading classes...
07-26 15:05:58.273    80    80 W Zygote  : Class not found for preloading: android.app.-$$Lambda$ActivityThread$ZXDWm3IBeFmLnFVblhB-IOZCr9o
07-26 15:05:58.277    91    91 I hwc-drm-device: BindConnectorAndCrtc,line=1665 display-id=5 Bind Connector-id=91 Crtc-id=88 success!.
07-26 15:05:58.277    91    91 E hwc-drm-two: TryAssignPlane,line=168 display 6 crtc is NULL.
07-26 15:05:58.277    91    91 E hwc-drm-two: TryAssignPlane,line=168 display 7 crtc is NULL.
07-26 15:05:58.277    91    91 W hwc-drm-two: assignPlaneByHWC,line=56 Crtc PlaneMask not set, have to use HwcPlaneMask, please check Crtc::PlaneMask info.
07-26 15:05:58.277    91    91 I hwc-drm-two: assignPlaneByHWC,line=90, crtc-id=58 mask=0x1 ,plane_mask=0xf03
07-26 15:05:58.277    91    91 I hwc-drm-two: assignPlaneByHWC,line=90, crtc-id=64 mask=0x2 ,plane_mask=0xf00c
07-26 15:05:58.277    91    91 I hwc-drm-two: assignPlaneByHWC,line=90, crtc-id=70 mask=0x4 ,plane_mask=0xf0030
07-26 15:05:58.277    91    91 I hwc-drm-two: assignPlaneByHWC,line=90, crtc-id=76 mask=0x8 ,plane_mask=0xf000c0
07-26 15:05:58.277    91    91 I hwc-drm-two: assignPlaneByHWC,line=90, crtc-id=82 mask=0x10 ,plane_mask=0x0
07-26 15:05:58.277    91    91 I hwc-drm-two: assignPlaneByHWC,line=90, crtc-id=88 mask=0x20 ,plane_mask=0x0
07-26 15:05:58.277    91    91 E hwc-drm-two: assignPlaneByHWC,line=66 display=6 crtc is NULL.
07-26 15:05:58.277    91    91 E hwc-platform: TryAssignPlane,line=113 Failed provision stage with ret -1
07-26 15:05:58.277    91    91 W hwc-drm-device: BindDpyRes,line=1855 TryAssignPlane fail, ret = -1
07-26 15:05:58.277    91    91 E hwc-drm-two: Init,line=380 Failed to BindDpyRes for display=5 -1
07-26 15:05:58.277    91    91 E hwc-drm-two: Init::CreateDisplay
07-26 15:05:58.277    91    91 E hwc-drm-two: CreateDisplay type=1
07-26 15:05:58.277    91    91 E hwc-drm-two: display-id=6
07-26 15:05:58.277    91    91 I hwc-drm-connector: UpdateDisplayMode,line=440, display=6 persist.vendor.resolution.Virtual-0=Unkonw
07-26 15:05:58.277    91    91 I hwc-drm-connector: UpdateDisplayMode,line=448, display=6 persist.vendor.resolution.aux=Unkonw
07-26 15:05:58.277    91    91 I hwc-drm-connector: UpdateDisplayMode,line=534, Find best mode-id=493 : 1024x768p60.000000
07-26 15:05:58.277    91    91 E hwc-drm-two: ClearDisplay,line=333 init_success_=0 skip.
07-26 15:05:58.277    91    91 I hwc-drm-device: FindAvailableCrtcByFirst,line=1452 Find display-id=6 with conn[97] crtc=94 success!
07-26 15:05:58.277    91    91 I hwc-drm-device: BindConnectorAndCrtc,line=1640 current_mode id=493 , w=1024,h=768,fps=60.000000 
07-26 15:05:58.284    81    81 I zygote  : Explicit concurrent copying GC freed 289(33KB) AllocSpace objects, 0(0B) LOS objects, 98% free, 30KB/1566KB, paused 21us total 1.764ms
07-26 15:05:58.285    81    81 I zygote  : Explicit concurrent copying GC freed 5(32KB) AllocSpace objects, 0(0B) LOS objects, 98% free, 30KB/1566KB, paused 13us total 1.591ms
07-26 15:05:58.287    80    80 W Zygote  : Class not found for preloading: android.bluetooth.BluetoothA2dp$2
07-26 15:05:58.287    81    81 I Zygote  : Accepting command socket connections
07-26 15:05:58.288    80    80 I PackageBackwardCompatibility: Could not find android.content.pm.AndroidTestBaseUpdater, ignoring
07-26 15:05:58.294    91    91 I hwc-drm-device: BindConnectorAndCrtc,line=1665 display-id=6 Bind Connector-id=97 Crtc-id=94 success!.
07-26 15:05:58.294    91    91 E hwc-drm-two: TryAssignPlane,line=168 display 7 crtc is NULL.
07-26 15:05:58.294    91    91 W hwc-drm-two: assignPlaneByHWC,line=56 Crtc PlaneMask not set, have to use HwcPlaneMask, please check Crtc::PlaneMask info.
07-26 15:05:58.294    91    91 I hwc-drm-two: assignPlaneByHWC,line=90, crtc-id=58 mask=0x1 ,plane_mask=0xf03
07-26 15:05:58.294    91    91 I hwc-drm-two: assignPlaneByHWC,line=90, crtc-id=64 mask=0x2 ,plane_mask=0xf00c
07-26 15:05:58.294    91    91 I hwc-drm-two: assignPlaneByHWC,line=90, crtc-id=70 mask=0x4 ,plane_mask=0xf0030
07-26 15:05:58.294    91    91 I hwc-drm-two: assignPlaneByHWC,line=90, crtc-id=76 mask=0x8 ,plane_mask=0xf000c0
07-26 15:05:58.294    91    91 I hwc-drm-two: assignPlaneByHWC,line=90, crtc-id=82 mask=0x10 ,plane_mask=0x0
07-26 15:05:58.294    91    91 I hwc-drm-two: assignPlaneByHWC,line=90, crtc-id=88 mask=0x20 ,plane_mask=0x0
07-26 15:05:58.294    91    91 I hwc-drm-two: assignPlaneByHWC,line=90, crtc-id=94 mask=0x40 ,plane_mask=0x0
07-26 15:05:58.294    91    91 E hwc-drm-two: assignPlaneByHWC,line=66 display=7 crtc is NULL.
07-26 15:05:58.294    91    91 E hwc-platform: TryAssignPlane,line=113 Failed provision stage with ret -1
07-26 15:05:58.294    91    91 W hwc-drm-device: BindDpyRes,line=1855 TryAssignPlane fail, ret = -1
07-26 15:05:58.294    91    91 E hwc-drm-two: Init,line=380 Failed to BindDpyRes for display=6 -1
07-26 15:05:58.294    91    91 E hwc-drm-two: Init::CreateDisplay
07-26 15:05:58.294    91    91 E hwc-drm-two: CreateDisplay type=1
07-26 15:05:58.294    91    91 E hwc-drm-two: display-id=7
07-26 15:05:58.294    91    91 I hwc-drm-connector: UpdateDisplayMode,line=440, display=7 persist.vendor.resolution.Virtual-0=Unkonw
07-26 15:05:58.294    91    91 I hwc-drm-connector: UpdateDisplayMode,line=448, display=7 persist.vendor.resolution.aux=Unkonw
07-26 15:05:58.294    91    91 I hwc-drm-connector: UpdateDisplayMode,line=534, Find best mode-id=575 : 1024x768p60.000000
07-26 15:05:58.294    91    91 E hwc-drm-two: ClearDisplay,line=333 init_success_=0 skip.
07-26 15:05:58.294    91    91 I hwc-drm-device: FindAvailableCrtcByFirst,line=1452 Find display-id=7 with conn[103] crtc=100 success!
07-26 15:05:58.295    91    91 I hwc-drm-device: BindConnectorAndCrtc,line=1640 current_mode id=575 , w=1024,h=768,fps=60.000000 
07-26 15:05:58.308   101   101 V APM_AudioPolicyManager: setOutputDevices() AF::createAudioPatch returned 0 patchHandle 12 num_sources 1 num_sinks 1
07-26 15:05:58.308   101   101 V APM_AudioPolicyManager: checkAndSetVolume cannot set volume group 3 volume with force use = 0 for comm
07-26 15:05:58.311   101   176 I AudioFlinger: AudioFlinger's thread 0x7f30b0a880 tid=176 ready to run
07-26 15:05:58.311   101   176 W AudioFlinger: no wake lock to update, system not ready yet
07-26 15:05:58.311    91    91 I hwc-drm-device: BindConnectorAndCrtc,line=1665 display-id=7 Bind Connector-id=103 Crtc-id=100 success!.
07-26 15:05:58.311   101   176 W AudioFlinger: no wake lock to update, system not ready yet
07-26 15:05:58.311    91    91 W hwc-drm-two: assignPlaneByHWC,line=56 Crtc PlaneMask not set, have to use HwcPlaneMask, please check Crtc::PlaneMask info.
07-26 15:05:58.311    91    91 I hwc-drm-two: assignPlaneByHWC,line=90, crtc-id=58 mask=0x1 ,plane_mask=0xf03
07-26 15:05:58.311    91    91 I hwc-drm-two: assignPlaneByHWC,line=90, crtc-id=64 mask=0x2 ,plane_mask=0xf00c
07-26 15:05:58.311    91    91 I hwc-drm-two: assignPlaneByHWC,line=90, crtc-id=70 mask=0x4 ,plane_mask=0xf0030
07-26 15:05:58.311    91    91 I hwc-drm-two: assignPlaneByHWC,line=90, crtc-id=76 mask=0x8 ,plane_mask=0xf000c0
07-26 15:05:58.311    91    91 I hwc-drm-two: assignPlaneByHWC,line=90, crtc-id=82 mask=0x10 ,plane_mask=0x0
07-26 15:05:58.311    91    91 I hwc-drm-two: assignPlaneByHWC,line=90, crtc-id=88 mask=0x20 ,plane_mask=0x0
07-26 15:05:58.311    91    91 I hwc-drm-two: assignPlaneByHWC,line=90, crtc-id=94 mask=0x40 ,plane_mask=0x0
07-26 15:05:58.311    91    91 I hwc-drm-two: assignPlaneByHWC,line=90, crtc-id=100 mask=0x80 ,plane_mask=0x0
07-26 15:05:58.311    91    91 I hwc-drm-two: assignPlaneByHWC,line=101, name=(null) cur_crtcs_mask=0x1
07-26 15:05:58.311    91    91 I hwc-drm-device: UpdateDisplayGamma,line=1161 Virtual crtc-id=100 not support gamma.
07-26 15:05:58.311    91    91 I hwc-drm-device: UpdateDisplay3DLut,line=1208 Virtual crtc-id=100 not support cubic lut.
07-26 15:05:58.312    91    91 I hwc-drm-connector: GetFramebufferInfo,line=853, display=7 persist.vendor.framebuffer.Virtual-0=Unkonw
07-26 15:05:58.312    91    91 I hwc-drm-connector: GetFramebufferInfo,line=861, display=7 persist.vendor.framebuffer.aux=Unkonw
07-26 15:05:58.312    91    91 E hwc-drm-two: hello30:0:0
07-26 15:05:58.313    91    91 I ServiceManagement: Registered android.hardware.graphics.composer@2.1::IComposer/default (start delay of 252ms)
07-26 15:05:58.313    91    91 I ServiceManagement: Removing namespace from process name android.hardware.graphics.composer@2.1-service to composer@2.1-service.
07-26 15:05:58.313   101   101 I bt_a2dp_hw: adev_open:  adev_open in A2dp_hw module
07-26 15:05:58.313   101   101 I AudioFlinger: loadHwModule() Loaded a2dp audio interface, handle 18
07-26 15:05:58.313   101   101 E APM_AudioPolicyManager: initialize: Input device list is empty!
07-26 15:05:58.314    85    85 W DeviceHAL: Error from HAL Device in function set_master_volume: Function not implemented
07-26 15:05:58.314   101   101 I AudioFlinger: loadHwModule() Loaded usb audio interface, handle 26
07-26 15:05:58.314   101   101 E APM_AudioPolicyManager: initialize: Input device list is empty!
07-26 15:05:58.316    85    85 I r_submix: adev_open(name=audio_hw_if)
07-26 15:05:58.316    85    85 I r_submix: adev_init_check()
07-26 15:05:58.316    85    85 W DeviceHAL: Error from HAL Device in function set_master_volume: Function not implemented
07-26 15:05:58.316    85    85 W DeviceHAL: Error from HAL Device in function set_master_mute: Function not implemented
07-26 15:05:58.316   101   101 I AudioFlinger: loadHwModule() Loaded r_submix audio interface, handle 34
07-26 15:05:58.316    85    85 D r_submix: adev_open_input_stream(addr=0)
07-26 15:05:58.316    85    85 D r_submix: submix_audio_device_create_pipe_l(addr=0, idx=9)
07-26 15:05:58.316    85    85 D r_submix:   now using address 0 for route 9
07-26 15:05:58.318   101   182 I AudioFlinger: AudioFlinger's thread 0x7f30b0a7c0 tid=182 ready to run
07-26 15:05:58.318    85    85 I r_submix: in_standby()
07-26 15:05:58.318   101   182 W AudioFlinger: no wake lock to update, system not ready yet
07-26 15:05:58.318    85    85 I r_submix: in_standby()
07-26 15:05:58.318    85    85 D r_submix: adev_close_input_stream()
07-26 15:05:58.318    85    85 D r_submix: submix_audio_device_release_pipe_l(idx=9) addr=0
07-26 15:05:58.318    85    85 D r_submix: submix_audio_device_destroy_pipe_l(): pipe destroyed
07-26 15:05:58.318   101   101 I         : Waiting for activity service
07-26 15:05:58.319    91    91 I android.hardware.graphics.composer@2.1-service: Registration complete for android.hardware.graphics.composer@2.1::IComposer/default.
07-26 15:05:58.319    91   179 I hwc-drm-two: GetMaxVirtualDisplayCount,line=238 
07-26 15:05:58.319    44    44 I HWComposer: Switching to legacy multi-display mode
07-26 15:05:58.320    91   179 I hwc-drm-connector: GetFramebufferInfo,line=853, display=0 persist.vendor.framebuffer.Virtual-0=Unkonw
07-26 15:05:58.320    91   179 I hwc-drm-connector: GetFramebufferInfo,line=861, display=0 persist.vendor.framebuffer.main=720x1280@60
07-26 15:05:58.320    91   179 E hwc-drm-two: hello30:720:1280
07-26 15:05:58.320    91   179 I hwc-drm-connector: GetFramebufferInfo,line=853, display=0 persist.vendor.framebuffer.Virtual-0=Unkonw
07-26 15:05:58.320    91   179 I hwc-drm-connector: GetFramebufferInfo,line=861, display=0 persist.vendor.framebuffer.main=720x1280@60
07-26 15:05:58.320    91   179 E hwc-drm-two: hello30:720:1280
07-26 15:05:58.320    44    44 E DispSync: Couldn't set SCHED_FIFO for DispSyncThread
07-26 15:05:58.320    44    44 E SurfaceFlinger: Couldn't set SCHED_FIFO for EventThread
07-26 15:05:58.320    44   186 W SurfaceFlinger: Ignoring VSYNC request while display is disconnected
07-26 15:05:58.320    44   186 W SurfaceFlinger: Ignoring VSYNC request while display is disconnected
07-26 15:05:58.320    44   187 W SurfaceFlinger: Ignoring VSYNC request while display is disconnected
07-26 15:05:58.320    44    44 E SurfaceFlinger: Couldn't set SCHED_FIFO for EventThread
07-26 15:05:58.320    44   187 W SurfaceFlinger: Ignoring VSYNC request while display is disconnected
07-26 15:05:58.321    44    44 D FramebufferSurface: Creating for display 0
07-26 15:05:58.334    90    90 E ion     : ioctl c0044901 failed with code -1: Not a typewriter
