07-26 15:05:59.437   224   305 E PackageManager: Failed to create app data for com.android.theme.icon_pack.rounded.settings, but trying to recover: com.android.server.pm.Installer$InstallerException: java.lang.NullPointerException: Attempt to invoke interface method 'long android.os.IInstalld.createAppData(java.lang.String, java.lang.String, int, int, int, java.lang.String, int)' on a null object reference
07-26 15:05:59.437   224   305 W PackageManager: com.android.server.pm.Installer$InstallerException: java.lang.NullPointerException: Attempt to invoke interface method 'void android.os.IInstalld.destroyAppData(java.lang.String, java.lang.String, int, int, long)' on a null object reference
07-26 15:05:59.437   224   305 D PackageManager: Recovery failed!
07-26 15:05:59.437   224   305 E PackageManager: Failed to create app data for android.auto_generated_rro_vendor__, but trying to recover: com.android.server.pm.Installer$InstallerException: java.lang.NullPointerException: Attempt to invoke interface method 'long android.os.IInstalld.createAppData(java.lang.String, java.lang.String, int, int, int, java.lang.String, int)' on a null object reference
07-26 15:05:59.438   224   305 W PackageManager: com.android.server.pm.Installer$InstallerException: java.lang.NullPointerException: Attempt to invoke interface method 'void android.os.IInstalld.destroyAppData(java.lang.String, java.lang.String, int, int, long)' on a null object reference
07-26 15:05:59.438   224   305 D PackageManager: Recovery failed!
07-26 15:05:59.438   224   305 W PackageManager: Failed to migrate android.auto_generated_rro_vendor__: java.lang.NullPointerException: Attempt to invoke interface method 'void android.os.IInstalld.migrateAppData(java.lang.String, java.lang.String, int, int)' on a null object reference
07-26 15:05:59.438   224   255 W Looper  : Slow dispatch took 101ms android.fg h=android.os.Handler c=java.util.concurrent.FutureTask@ffaa51b m=0
07-26 15:05:59.438   224   305 E PackageManager: Failed to create app data for android.auto_generated_rro_vendor__, but trying to recover: com.android.server.pm.Installer$InstallerException: java.lang.NullPointerException: Attempt to invoke interface method 'long android.os.IInstalld.createAppData(java.lang.String, java.lang.String, int, int, int, java.lang.String, int)' on a null object reference
07-26 15:05:59.438   224   305 W PackageManager: com.android.server.pm.Installer$InstallerException: java.lang.NullPointerException: Attempt to invoke interface method 'void android.os.IInstalld.destroyAppData(java.lang.String, java.lang.String, int, int, long)' on a null object reference
07-26 15:05:59.438   224   305 D PackageManager: Recovery failed!
07-26 15:05:59.438   224   305 E PackageManager: Failed to create app data for com.android.theme.icon_pack.circular.android, but trying to recover: com.android.server.pm.Installer$InstallerException: java.lang.NullPointerException: Attempt to invoke interface method 'long android.os.IInstalld.createAppData(java.lang.String, java.lang.String, int, int, int, java.lang.String, int)' on a null object reference
07-26 15:05:59.439   224   305 W PackageManager: com.android.server.pm.Installer$InstallerException: java.lang.NullPointerException: Attempt to invoke interface method 'void android.os.IInstalld.destroyAppData(java.lang.String, java.lang.String, int, int, long)' on a null object reference
07-26 15:05:59.439   224   305 D PackageManager: Recovery failed!
07-26 15:05:59.439   224   305 W PackageManager: Failed to migrate com.android.theme.icon_pack.circular.android: java.lang.NullPointerException: Attempt to invoke interface method 'void android.os.IInstalld.migrateAppData(java.lang.String, java.lang.String, int, int)' on a null object reference
07-26 15:05:59.439   224   305 E PackageManager: Failed to create app data for com.android.theme.icon_pack.circular.android, but trying to recover: com.android.server.pm.Installer$InstallerException: java.lang.NullPointerException: Attempt to invoke interface method 'long android.os.IInstalld.createAppData(java.lang.String, java.lang.String, int, int, int, java.lang.String, int)' on a null object reference
07-26 15:05:59.439   224   305 W PackageManager: com.android.server.pm.Installer$InstallerException: java.lang.NullPointerException: Attempt to invoke interface method 'void android.os.IInstalld.destroyAppData(java.lang.String, java.lang.String, int, int, long)' on a null object reference
07-26 15:05:59.439   224   305 D PackageManager: Recovery failed!
07-26 15:05:59.439   224   305 I PackageManager: Deferred reconcileAppsData finished 107 packages
07-26 15:05:59.455   224   224 I SystemServer: StartSensorPrivacyService
07-26 15:05:59.455   224   224 I SystemServer: StartBatteryService
07-26 15:05:59.455   224   224 I SystemServiceManager: Starting com.android.server.BatteryService
07-26 15:05:59.455   224   309 D SensorService: nuSensorService starting...
07-26 15:05:59.456    29    29 I hwservicemanager: getTransport: Cannot find entry android.hardware.sensors@2.0::ISensors/default in either framework or device manifest.
07-26 15:05:59.456   224   224 I android_os_HwBinder: HwBinder: Starting thread pool for getting: android.hardware.health@2.0::IHealth/default
07-26 15:05:59.456    96    96 V JWSensorsHal: sending type:0xfff30000 to /data/misc/sensor/sensor_ctrl
07-26 15:05:59.456    96    96 V JWSensorsHal: sending type:0xfff30001 to /data/misc/sensor/sensor_ctrl
07-26 15:05:59.456    96    96 V JWSensorsHal: sending type:0xfff30002 to /data/misc/sensor/sensor_ctrl
07-26 15:05:59.457    96    96 V JWSensorsHal: sending type:0xfff30003 to /data/misc/sensor/sensor_ctrl
07-26 15:05:59.457    96    96 V JWSensorsHal: sending type:0xfff30004 to /data/misc/sensor/sensor_ctrl
07-26 15:05:59.457    96    96 V JWSensorsHal: sending type:0xfff30005 to /data/misc/sensor/sensor_ctrl
07-26 15:05:59.457    96    96 V JWSensorsHal: sending type:0xfff30006 to /data/misc/sensor/sensor_ctrl
07-26 15:05:59.457    96    96 V JWSensorsHal: sending type:0xfff30008 to /data/misc/sensor/sensor_ctrl
07-26 15:05:59.457    96    96 V JWSensorsHal: sending type:0xfff30007 to /data/misc/sensor/sensor_ctrl
07-26 15:05:59.457    96    96 V JWSensorsHal: sending type:0xfff30009 to /data/misc/sensor/sensor_ctrl
07-26 15:05:59.457    96    96 V JWSensorsHal: sending type:0xfff3000a to /data/misc/sensor/sensor_ctrl
07-26 15:05:59.457   224   273 E LightsService: Light requested not available on this device. 3
07-26 15:05:59.457   224   224 I android_os_HwBinder: HwBinder: Starting thread pool for getting: android.hidl.manager@1.0::IServiceManager/default
07-26 15:05:59.457   224   309 E         : Reporting Mode incorrect: sensor Step Counter sensor handle=0x00000004 type=19 actual=0 expected=1
07-26 15:05:59.457   224   224 I HealthServiceWrapper: health: HealthServiceWrapper listening to instance default
07-26 15:05:59.457   224   224 I BatteryService: health: Waited 0ms and received the update.
07-26 15:05:59.458   224   224 I SystemServer: StartUsageService
07-26 15:05:59.458   224   310 I android_os_HwBinder: HwBinder: Starting thread pool for getting: android.hardware.health@2.0::IHealth/default
07-26 15:05:59.458   224   224 I SystemServiceManager: Starting com.android.server.usage.UsageStatsService
07-26 15:05:59.458   224   309 E         : Reporting Mode incorrect: sensor Step Detector sensor handle=0x00000005 type=18 actual=0 expected=3
07-26 15:05:59.458   224   309 E         : Reporting Mode incorrect: sensor Proximity sensor handle=0x00000008 type=8 actual=0 expected=1
07-26 15:05:59.458   224   309 E         : Reporting Mode incorrect: sensor Light sensor handle=0x00000007 type=5 actual=0 expected=1
07-26 15:05:59.458   224   309 E         : Reporting Mode incorrect: sensor Temperature sensor handle=0x0000000a type=13 actual=0 expected=1
07-26 15:05:59.458   224   309 E SensorService: Couldn't set SCHED_FIFO for SensorService thread
07-26 15:05:59.458   224   311 D SensorService: new thread SensorEventAckReceiver
07-26 15:05:59.459   224   312 D SensorService: nuSensorService thread starting...
07-26 15:05:59.459   224   224 I UsageStatsService: User[0] Rollover scheduled @ 2024-07-27 15:05:59(1722063959458)
07-26 15:05:59.459   224   224 I SystemServer: StartWebViewUpdateService
07-26 15:05:59.459   224   224 I SystemServiceManager: Starting com.android.server.webkit.WebViewUpdateService
07-26 15:05:59.459   224   224 I SystemServer: StartCachedDeviceStateService
07-26 15:05:59.459   224   224 I SystemServiceManager: Starting com.android.server.CachedDeviceStateService
07-26 15:05:59.459   224   224 I SystemServer: StartBinderCallsStatsService
07-26 15:05:59.459   224   224 I SystemServiceManager: Starting com.android.server.BinderCallsStatsService$LifeCycle
07-26 15:05:59.460   224   224 I SystemServer: StartLooperStatsService
07-26 15:05:59.460   224   224 I SystemServiceManager: Starting com.android.server.LooperStatsService$Lifecycle
07-26 15:05:59.460   224   224 I SystemServer: StartRollbackManagerService
07-26 15:05:59.460   224   224 I SystemServiceManager: Starting com.android.server.rollback.RollbackManagerService
07-26 15:05:59.460   224   224 W Installer: installd not found; trying again
07-26 15:05:59.461   224   224 I SystemServer: StartBugreportManagerService
07-26 15:05:59.461   224   224 I SystemServiceManager: Starting com.android.server.os.BugreportManagerService
07-26 15:05:59.461   224   224 I SystemServer: GpuService
07-26 15:05:59.461   224   224 I SystemServiceManager: Starting com.android.server.gpu.GpuService
07-26 15:05:59.461   224   224 I SystemServer: StartKeyAttestationApplicationIdProviderService
07-26 15:05:59.461   224   315 I SystemServer: SecondaryZygotePreload
07-26 15:05:59.461   224   224 I SystemServer: StartKeyChainSystemService
07-26 15:05:59.461   224   224 I SystemServiceManager: Starting com.android.server.security.KeyChainSystemService
07-26 15:05:59.461   224   224 I SystemServer: StartSchedulingPolicyService
07-26 15:05:59.461   224   224 I SystemServer: StartTelecomLoaderService
07-26 15:05:59.461   224   224 I SystemServiceManager: Starting com.android.server.telecom.TelecomLoaderService
07-26 15:05:59.461   224   224 I SystemServer: StartTelephonyRegistry
07-26 15:05:59.462   224   224 I SystemServer: StartEntropyMixer
07-26 15:05:59.462   224   224 I EntropyMixer: Writing entropy...
07-26 15:05:59.468   224   224 I SystemServer: StartAccountManagerService
07-26 15:05:59.468   224   224 I SystemServiceManager: Starting com.android.server.accounts.AccountManagerService$Lifecycle
07-26 15:05:59.469   224   224 I SystemServer: StartContentService
07-26 15:05:59.469   224   224 I SystemServiceManager: Starting com.android.server.content.ContentService$Lifecycle
07-26 15:05:59.469   224   224 I SystemServer: InstallSystemProviders
07-26 15:05:59.470   224   224 I system_server: The ClassLoaderContext is a special shared library.
07-26 15:05:59.475   224   224 W NineDSpaceManager: warning: no space9d service
07-26 15:05:59.478   101   101 I SoundTriggerHalHidl: getProperties res implementor 
07-26 15:05:59.478   101   101 I SoundTriggerHalHidl: getProperties ret -19
07-26 15:05:59.478   101   101 E SoundTriggerHwService: could not read implementation properties
07-26 15:05:59.480   224   224 I chatty  : uid=1000 system_server identical 42 lines
07-26 15:05:59.480   224   224 W NineDSpaceManager: warning: no space9d service
07-26 15:05:59.480   224   224 I SystemServer: StartDropBoxManager
07-26 15:05:59.480   224   224 I SystemServiceManager: Starting com.android.server.DropBoxManagerService
07-26 15:05:59.480   224   224 I SystemServer: StartVibratorService
07-26 15:05:59.480    29    29 I hwservicemanager: getTransport: Cannot find entry android.hardware.vibrator@1.0::IVibrator/default in either framework or device manifest.
07-26 15:05:59.481    29    29 I hwservicemanager: getTransport: Cannot find entry android.hardware.vibrator@1.0::IVibrator/default in either framework or device manifest.
07-26 15:05:59.481   224   224 E VibratorService: vibratorOff command failed (1).
07-26 15:05:59.481    29    29 I hwservicemanager: getTransport: Cannot find entry android.hardware.vibrator@1.0::IVibrator/default in either framework or device manifest.
07-26 15:05:59.481    29    29 I hwservicemanager: getTransport: Cannot find entry android.hardware.vibrator@1.3::IVibrator/default in either framework or device manifest.
07-26 15:05:59.481   224   224 I SystemServer: StartDynamicSystemService
07-26 15:05:59.481   224   224 I SystemServer: StartConsumerIrService
07-26 15:05:59.481    29    29 I hwservicemanager: getTransport: Cannot find entry android.hardware.ir@1.0::IConsumerIr/default in either framework or device manifest.
07-26 15:05:59.481   224   224 I SystemServer: StartAlarmManagerService
07-26 15:05:59.481   224   224 W AlarmManagerService: no wall clock RTC found
07-26 15:05:59.482   224   224 D AlarmManagerService: Kernel timezone updated to -480 minutes west of GMT
07-26 15:05:59.483   224   224 I SystemServer: StartInputManagerService
07-26 15:05:59.483   224   224 I InputManager: Initializing input manager, mUseDevInputEventForAudioJack=false
07-26 15:05:59.484   224   224 I SystemServer: StartWindowManagerService
07-26 15:05:59.484   224   258 I WindowManager: No existing display settings, starting empty
07-26 15:05:59.485   224   258 I WindowTracing: Setting window tracing log level to 1
07-26 15:05:59.485   224   258 I WindowTracing: Setting window tracing buffer capacity to 2097152bytes
07-26 15:05:59.485   224   258 W NineDSpaceManager: warning: no space9d service
07-26 15:05:59.487   224   258 I chatty  : uid=1000(system) android.display identical 6 lines
07-26 15:05:59.487   224   258 W NineDSpaceManager: warning: no space9d service
07-26 15:05:59.487   224   224 I SystemServer: SetWindowManagerService
07-26 15:05:59.489   224   224 W NineDSpaceManager: warning: no space9d service
07-26 15:05:59.489   224   224 I chatty  : uid=1000 system_server identical 1 line
07-26 15:05:59.489   224   224 W NineDSpaceManager: warning: no space9d service
07-26 15:05:59.494   224   224 I SystemServer: WindowManagerServiceOnInitReady
07-26 15:05:59.494   224   256 W NineDSpaceManager: warning: no space9d service
07-26 15:05:59.496   224   256 I chatty  : uid=1000(system) android.ui identical 14 lines
07-26 15:05:59.496   224   256 W NineDSpaceManager: warning: no space9d service
07-26 15:05:59.497   224   224 I SystemServer: StartInputManager
07-26 15:05:59.497   224   224 I InputManager: Starting input manager
07-26 15:05:59.497   224   224 W NineDSpaceManager: warning: no space9d service
07-26 15:05:59.497   224   321 I ServiceManagement: Registered android.frameworks.sensorservice@1.0::ISensorManager/default (start delay of 957ms)
07-26 15:05:59.498   224   224 I chatty  : uid=1000 system_server identical 3 lines
07-26 15:05:59.498   224   321 I ServiceManagement: Registered android.frameworks.schedulerservice@1.0::ISchedulingPolicyService/default (start delay of 957ms)
07-26 15:05:59.498   224   224 W NineDSpaceManager: warning: no space9d service
07-26 15:05:59.498   224   224 I InputManager: Enabling motion classifier because just booted: feature enabled, long press timeout = 400
07-26 15:05:59.498   224   224 I InputClassifier: Enabling motion classifier
07-26 15:05:59.498   224   224 I SystemServer: DisplayManagerWindowManagerAndInputReady
07-26 15:05:59.498   224   224 I SystemServer: StartBluetoothService
07-26 15:05:59.498   224   224 I SystemServiceManager: Starting com.android.server.BluetoothService
07-26 15:05:59.498   224   323 D EventHub: No input device configuration file found for device 'screentouch_3'.
07-26 15:05:59.498   224   224 D BluetoothManagerService: Loading stored name and address
07-26 15:05:59.498   224   224 W NineDSpaceManager: warning: no space9d service
07-26 15:05:59.498   224   224 W NineDSpaceManager: warning: no space9d service
07-26 15:05:59.498   224   224 D BluetoothManagerService: Stored bluetooth Name=null,Address=null
07-26 15:05:59.498   224   224 W NineDSpaceManager: warning: no space9d service
07-26 15:05:59.498   224   224 D BluetoothManagerService: Bluetooth persisted state: 0
07-26 15:05:59.498   224   224 W NineDSpaceManager: warning: no space9d service
07-26 15:05:59.498   224   224 D BluetoothManagerService: Detected SystemUiUid: 10078
07-26 15:05:59.498   224   224 I SystemServer: IpConnectivityMetrics
07-26 15:05:59.498   224   224 I SystemServiceManager: Starting com.android.server.connectivity.IpConnectivityMetrics
07-26 15:05:59.499   224   224 W NineDSpaceManager: warning: no space9d service
07-26 15:05:59.499   224   224 I SystemServer: NetworkWatchlistService
07-26 15:05:59.499   224   224 I SystemServiceManager: Starting com.android.server.net.watchlist.NetworkWatchlistService$Lifecycle
07-26 15:05:59.499   224   224 W NineDSpaceManager: warning: no space9d service
07-26 15:05:59.499    29    29 I hwservicemanager: getTransport: Cannot find entry android.hardware.input.classifier@1.0::IInputClassifier/default in either framework or device manifest.
07-26 15:05:59.499   224   324 I InputClassifier: Could not obtain InputClassifier HAL
07-26 15:05:59.501   224   323 I EventHub: wakeMechanism=EPOLLWAKEUP, usingClockIoctl=true
07-26 15:05:59.501   224   323 I EventHub: New device: id=1, fd=114, path='/dev/input/event5', name='screentouch_3', classes=0x157, configuration='', keyLayout='/system/usr/keylayout/Generic.kl', keyCharacterMap='/system/usr/keychars/Generic.kcm', builtinKeyboard=false, 
07-26 15:05:59.504   224   323 I InputReader: Device added: id=-1, name='Virtual', sources=0x00000301
07-26 15:05:59.504   224   323 I InputReader: Touch device 'screentouch_3' could not query the properties of its associated display.  The device will be inoperable until the display size becomes available.
07-26 15:05:59.504   224   323 I InputReader: Device added: id=1, name='screentouch_3', sources=0x01001513
07-26 15:05:59.505   224   224 I WatchlistSettings: Reload watchlist settings done
07-26 15:05:59.505   224   224 I SystemServer: PinnerService
07-26 15:05:59.505   224   224 I SystemServiceManager: Starting com.android.server.PinnerService
07-26 15:05:59.505   224   325 W NineDSpaceManager: warning: no space9d service
07-26 15:05:59.505   224   325 I WatchlistLoggingHandler: No need to aggregate record yet.
07-26 15:05:59.505   224   325 I WatchlistLoggingHandler: Milliseconds spent on tryAggregateRecords(): 0
07-26 15:05:59.505   224   224 I SystemServer: SignedConfigService
07-26 15:05:59.505   224   224 W NineDSpaceManager: warning: no space9d service
07-26 15:05:59.505   224   224 W NineDSpaceManager: warning: no space9d service
07-26 15:05:59.506   224   224 I WindowManager: SAFE MODE not enabled
07-26 15:05:59.506   224   224 I SystemServer: StartInputMethodManagerLifecycle
07-26 15:05:59.506   224   224 I SystemServiceManager: Starting com.android.server.inputmethod.InputMethodManagerService$Lifecycle
07-26 15:05:59.506   224   224 W NineDSpaceManager: warning: no space9d service
07-26 15:05:59.506   224   224 I SystemServer: StartAccessibilityManagerService
07-26 15:05:59.506   224   224 I SystemServiceManager: Starting com.android.server.accessibility.AccessibilityManagerService$Lifecycle
07-26 15:05:59.507   224   224 I SystemServer: MakeDisplayReady
07-26 15:05:59.507   224   224 W NineDSpaceManager: warning: no space9d service
07-26 15:05:59.507   224   224 I chatty  : uid=1000 system_server identical 1 line
07-26 15:05:59.507   224   224 W NineDSpaceManager: warning: no space9d service
07-26 15:05:59.507   224   224 W InputReader: Device has associated, but no associated display id.
07-26 15:05:59.508   224   224 I ActivityTaskManager: Config changes=20005df8 {1.0 ?mcc?mnc [zh_CN] ldltr sw360dp w360dp h616dp 320dpi nrml long port ?uimode ?night finger -keyb/v/h -nav/h winConfig={ mBounds=Rect(0, 0 - 720, 1280) mAppBounds=Rect(0, 0 - 720, 1280) mWindowingMode=fullscreen mDisplayWindowingMode=fullscreen mActivityType=undefined mAlwaysOnTop=undefined mRotation=ROTATION_0} s.2}
07-26 15:05:59.508   224   224 W NineDSpaceManager: warning: no space9d service
07-26 15:05:59.509   224   224 I ActivityTaskManager: Override config changes=60007dfc {1.0 ?mcc?mnc [zh_CN] ldltr sw360dp w360dp h616dp 320dpi nrml long port ?uimode ?night finger -keyb/v/h -nav/h winConfig={ mBounds=Rect(0, 0 - 720, 1280) mAppBounds=Rect(0, 0 - 720, 1280) mWindowingMode=fullscreen mDisplayWindowingMode=fullscreen mActivityType=undefined mAlwaysOnTop=undefined mRotation=ROTATION_0} s.2} for displayId=0
07-26 15:05:59.510   224   224 W LocalDisplayAdapter: Requested mode ID 0 not available, dropping from allowed set.
07-26 15:05:59.511   224   224 I SystemServer: StartStorageManagerService
07-26 15:05:59.511   224   224 I SystemServiceManager: Starting com.android.server.StorageManagerService$Lifecycle
07-26 15:05:59.511   224   258 I InputManager-JNI: Viewport [0] to add: local:0
07-26 15:05:59.511   224   258 I InputManager-JNI: Viewport [1] to add: local:1
07-26 15:05:59.511   224   323 I InputReader: Reconfiguring input devices.  changes=0x00000004
07-26 15:05:59.512   224   323 I InputReader: Device reconfigured: id=1, name='screentouch_3', size 720x1280, orientation 0, mode 1, display id 0
07-26 15:05:59.512   224   224 W StorageManagerService: storaged not found; trying again
07-26 15:05:59.512   224   224 I SystemServer: StartStorageStatsService
07-26 15:05:59.512   224   224 I SystemServiceManager: Starting com.android.server.usage.StorageStatsService$Lifecycle
07-26 15:05:59.512   224   224 W Installer: installd not found; trying again
07-26 15:05:59.512   224   224 E StorageStatsService: Failed to invalidate mounts
07-26 15:05:59.512   224   224 E StorageStatsService: com.android.server.pm.Installer$InstallerException: java.lang.NullPointerException: Attempt to invoke interface method 'void android.os.IInstalld.invalidateMounts()' on a null object reference
07-26 15:05:59.512   224   224 E StorageStatsService: 	at com.android.server.pm.Installer.invalidateMounts(Installer.java:579)
07-26 15:05:59.512   224   224 E StorageStatsService: 	at com.android.server.usage.StorageStatsService.invalidateMounts(StorageStatsService.java:136)
07-26 15:05:59.512   224   224 E StorageStatsService: 	at com.android.server.usage.StorageStatsService.<init>(StorageStatsService.java:114)
07-26 15:05:59.512   224   224 E StorageStatsService: 	at com.android.server.usage.StorageStatsService$Lifecycle.onStart(StorageStatsService.java:89)
07-26 15:05:59.512   224   224 E StorageStatsService: 	at com.android.server.SystemServiceManager.startService(SystemServiceManager.java:130)
07-26 15:05:59.512   224   224 E StorageStatsService: 	at com.android.server.SystemServiceManager.startService(SystemServiceManager.java:117)
07-26 15:05:59.512   224   224 E StorageStatsService: 	at com.android.server.SystemServiceManager.startService(SystemServiceManager.java:76)
07-26 15:05:59.512   224   224 E StorageStatsService: 	at com.android.server.SystemServer.startOtherServices(SystemServer.java:1164)
07-26 15:05:59.512   224   224 E StorageStatsService: 	at com.android.server.SystemServer.run(SystemServer.java:514)
07-26 15:05:59.512   224   224 E StorageStatsService: 	at com.android.server.SystemServer.main(SystemServer.java:351)
07-26 15:05:59.512   224   224 E StorageStatsService: 	at java.lang.reflect.Method.invoke(Native Method)
07-26 15:05:59.512   224   224 E StorageStatsService: 	at com.android.internal.os.RuntimeInit$MethodAndArgsCaller.run(RuntimeInit.java:492)
07-26 15:05:59.512   224   224 E StorageStatsService: 	at com.android.internal.os.ZygoteInit.main(ZygoteInit.java:908)
07-26 15:05:59.513   224   224 I SystemServer: StartUiModeManager
07-26 15:05:59.513   224   224 I SystemServiceManager: Starting com.android.server.UiModeManagerService
07-26 15:05:59.513   224   257 W NineDSpaceManager: warning: no space9d service
07-26 15:05:59.513   224   264 W NineDSpaceManager: warning: no space9d service
07-26 15:05:59.513   224   224 W NineDSpaceManager: warning: no space9d service
07-26 15:05:59.513   224   264 W NineDSpaceManager: warning: no space9d service
07-26 15:05:59.513   224   264 I DropBoxManagerService: add tag=system_server_wtf isTagEnabled=true flags=0x2
07-26 15:05:59.513   224   224 W NineDSpaceManager: warning: no space9d service
07-26 15:05:59.513   224   224 W NineDSpaceManager: warning: no space9d service
07-26 15:05:59.514   224   224 I SystemServer: UpdatePackagesIfNeeded
07-26 15:05:59.514   224   224 I Watchdog: Pausing HandlerChecker: main thread for reason: dexopt. Pause count: 1
07-26 15:05:59.514   224   224 I Watchdog: Resuming HandlerChecker: main thread for reason: dexopt. Pause count: 0
07-26 15:05:59.514   224   224 I SystemServer: PerformFstrimIfNeeded
07-26 15:05:59.514   224   257 W CacheQuotaStrategy: Failed to set cache quota for 1000
07-26 15:05:59.514   224   257 W CacheQuotaStrategy: com.android.server.pm.Installer$InstallerException: java.lang.NullPointerException: Attempt to invoke interface method 'void android.os.IInstalld.setAppQuota(java.lang.String, int, int, long)' on a null object reference
07-26 15:05:59.514   224   257 W CacheQuotaStrategy: 	at com.android.server.pm.Installer.setAppQuota(Installer.java:299)
07-26 15:05:59.514   224   257 W CacheQuotaStrategy: 	at com.android.server.storage.CacheQuotaStrategy.pushProcessedQuotas(CacheQuotaStrategy.java:227)
07-26 15:05:59.514   224   257 W CacheQuotaStrategy: 	at com.android.server.storage.CacheQuotaStrategy.setupQuotasFromFile(CacheQuotaStrategy.java:314)
07-26 15:05:59.514   224   257 W CacheQuotaStrategy: 	at com.android.server.usage.StorageStatsService$H.handleMessage(StorageStatsService.java:507)
07-26 15:05:59.514   224   257 W CacheQuotaStrategy: 	at android.os.Handler.dispatchMessage(Handler.java:107)
07-26 15:05:59.514   224   257 W CacheQuotaStrategy: 	at android.os.Looper.loop(Looper.java:214)
07-26 15:05:59.514   224   257 W CacheQuotaStrategy: 	at android.os.HandlerThread.run(HandlerThread.java:67)
07-26 15:05:59.514   224   257 W CacheQuotaStrategy: 	at com.android.server.ServiceThread.run(ServiceThread.java:44)
07-26 15:05:59.514   224   224 W NineDSpaceManager: warning: no space9d service
07-26 15:05:59.514   224   224 I SystemServer: StartLockSettingsService
07-26 15:05:59.514   224   224 I SystemServiceManager: Starting com.android.server.locksettings.LockSettingsService$Lifecycle
07-26 15:05:59.514   224   327 I ActivityTaskManager: Config changes=200 {1.0 ?mcc?mnc [zh_CN] ldltr sw360dp w360dp h616dp 320dpi nrml long port finger -keyb/v/h -nav/h winConfig={ mBounds=Rect(0, 0 - 720, 1280) mAppBounds=Rect(0, 0 - 720, 1280) mWindowingMode=fullscreen mDisplayWindowingMode=fullscreen mActivityType=undefined mAlwaysOnTop=undefined mRotation=ROTATION_0} s.4}
07-26 15:05:59.515   224   224 W NineDSpaceManager: warning: no space9d service
07-26 15:05:59.516   224   327 I ActivityTaskManager: Override config changes=200 {1.0 ?mcc?mnc [zh_CN] ldltr sw360dp w360dp h616dp 320dpi nrml long port finger -keyb/v/h -nav/h winConfig={ mBounds=Rect(0, 0 - 720, 1280) mAppBounds=Rect(0, 0 - 720, 1280) mWindowingMode=fullscreen mDisplayWindowingMode=fullscreen mActivityType=undefined mAlwaysOnTop=undefined mRotation=ROTATION_0} s.4} for displayId=0
07-26 15:05:59.518   224   224 I SystemServer: StartTestHarnessMode
07-26 15:05:59.518   224   224 I SystemServiceManager: Starting com.android.server.testharness.TestHarnessModeService
07-26 15:05:59.518    29    29 I hwservicemanager: getTransport: Cannot find entry android.hardware.oemlock@1.0::IOemLock/default in either framework or device manifest.
07-26 15:05:59.518   224   224 I OemLock : OemLock HAL not present on device
07-26 15:05:59.518   224   224 I SystemServer: StartDeviceIdleController
07-26 15:05:59.518   224   224 I SystemServiceManager: Starting com.android.server.DeviceIdleController
07-26 15:05:59.519   224   224 W NineDSpaceManager: warning: no space9d service
07-26 15:05:59.519   224   224 I SystemServer: StartDevicePolicyManager
07-26 15:05:59.519   224   224 I SystemServiceManager: Starting com.android.server.devicepolicy.DevicePolicyManagerService$Lifecycle
07-26 15:05:59.520   224   224 W NineDSpaceManager: warning: no space9d service
07-26 15:05:59.520   224   224 I SystemServer: StartStatusBarManagerService
07-26 15:05:59.520   224   224 W NineDSpaceManager: warning: no space9d service
07-26 15:05:59.520   224   224 D SystemServer: ContentCaptureService disabled because resource is not overlaid
07-26 15:05:59.520   224   224 D SystemServer: AttentionService is not configured on this device
07-26 15:05:59.520   224   224 D SystemServer: SystemCaptionsManagerService disabled because resource is not overlaid
07-26 15:05:59.520   224   224 D SystemServer: AppPredictionService not defined by OEM
07-26 15:05:59.520   224   224 D SystemServer: ContentSuggestionsService not defined by OEM
07-26 15:05:59.520   224   224 I SystemServer: InitNetworkStackClient
07-26 15:05:59.521   224   224 I SystemServer: StartNetworkManagementService
07-26 15:05:59.521   224   224 W NetdService: WARNING: returning null INetd instance.
07-26 15:05:59.523    81    81 I Zygote  : Lazily preloading resources.
07-26 15:05:59.523    81    81 D Zygote  : begin preload
07-26 15:05:59.523    81    81 I Zygote  : Calling ZygoteHooks.beginPreload()
07-26 15:05:59.526    81    81 I Zygote  : Preloading classes...
07-26 15:05:59.527    81    81 W Zygote  : Class not found for preloading: android.app.-$$Lambda$ActivityThread$ZXDWm3IBeFmLnFVblhB-IOZCr9o
07-26 15:05:59.528   224   264 W NineDSpaceManager: warning: no space9d service
07-26 15:05:59.528   224   264 I chatty  : uid=1000(system) ActivityManager identical 3 lines
07-26 15:05:59.528   224   264 W NineDSpaceManager: warning: no space9d service
07-26 15:05:59.543    81    81 W Zygote  : Class not found for preloading: android.bluetooth.BluetoothA2dp$2
07-26 15:05:59.545    81    81 I PackageBackwardCompatibility: Could not find android.content.pm.AndroidTestBaseUpdater, ignoring
07-26 15:05:59.607    81    81 E ActivityRecognitionHardware: activity_recognition HAL is deprecated. class_init is effectively a no-op
07-26 15:05:59.621   224   224 W NetdService: WARNING: returning null INetd instance.
07-26 15:05:59.625    81    81 I zygote  : Thread[1,tid=81,Native,Thread*=0xeca66e00,peer=0x12c40078,"main"] recursive attempt to load library "libmedia_jni.so"
07-26 15:05:59.625    81    81 D MtpDeviceJNI: register_android_mtp_MtpDevice
07-26 15:05:59.625    81    81 I zygote  : Thread[1,tid=81,Native,Thread*=0xeca66e00,peer=0x12c40078,"main"] recursive attempt to load library "libmedia_jni.so"
07-26 15:05:59.625    81    81 I zygote  : Thread[1,tid=81,Native,Thread*=0xeca66e00,peer=0x12c40078,"main"] recursive attempt to load library "libmedia_jni.so"
07-26 15:05:59.629    81    81 W Zygote  : Class not found for preloading: android.media.audiopolicy.AudioProductStrategies
07-26 15:05:59.629    81    81 W Zygote  : Class not found for preloading: android.media.audiopolicy.AudioVolumeGroups
07-26 15:05:59.659    81    81 W Zygote  : Class not found for preloading: android.view.-$$Lambda$SurfaceView$Cs7TGTdA1lXf9qW8VOJAfEsMjdk
07-26 15:05:59.661    81    81 W Zygote  : Class not found for preloading: android.view.SurfaceView$3
07-26 15:05:59.662    81    81 W Zygote  : Class not found for preloading: android.view.textclassifier.-$$Lambda$TextClassificationManager$JIaezIJbMig_-kVzN6oArzkTsJE
07-26 15:05:59.666    81    81 W Zygote  : Class not found for preloading: com.android.internal.net.NetworkStatsFactory
07-26 15:05:59.668    81    81 W Zygote  : Class not found for preloading: com.android.internal.telephony.-$$Lambda$PhoneSubInfoController$8HFbCDJDN1mrLJG980qYH5MGqMk
07-26 15:05:59.668    81    81 W Zygote  : Class not found for preloading: com.android.internal.telephony.-$$Lambda$PhoneSubInfoController$U28a_EGx2cvmQhDfRRgonMt5Zrc
07-26 15:05:59.668    81    81 W Zygote  : Class not found for preloading: com.android.internal.telephony.-$$Lambda$SubscriptionInfoUpdater$-zZXM9oMRZ3vZz7dJOG19J00Bmw
07-26 15:05:59.668    81    81 W Zygote  : Class not found for preloading: com.android.internal.telephony.-$$Lambda$SubscriptionInfoUpdater$D5yF1HbS4cvCyoAj3FESkPtA_0g
07-26 15:05:59.668    81    81 W Zygote  : Class not found for preloading: com.android.internal.telephony.-$$Lambda$SubscriptionInfoUpdater$MMx9iQX0JVqqMPLTUZhdBubFSzU
07-26 15:05:59.669    81    81 W Zygote  : Class not found for preloading: com.android.internal.telephony.NewNitzStateMachine$1
07-26 15:05:59.669    81    81 W Zygote  : Class not found for preloading: com.android.internal.telephony.NewNitzStateMachine
07-26 15:05:59.669    81    81 W Zygote  : Class not found for preloading: com.android.internal.telephony.NewTimeServiceHelper$1
07-26 15:05:59.669    81    81 W Zygote  : Class not found for preloading: com.android.internal.telephony.NewTimeServiceHelper$Listener
07-26 15:05:59.669    81    81 W Zygote  : Class not found for preloading: com.android.internal.telephony.NewTimeServiceHelper
07-26 15:05:59.669    81    81 W Zygote  : Class not found for preloading: com.android.internal.telephony.PhoneConfigurationModels
07-26 15:05:59.670    81    81 W Zygote  : Class not found for preloading: com.android.internal.telephony.SubscriptionController$ScLocalLog
07-26 15:05:59.670    81    81 W Zygote  : Class not found for preloading: com.android.internal.telephony.UiccSmsController
07-26 15:05:59.670    81    81 W Zygote  : Class not found for preloading: com.android.internal.telephony.dataconnection.DcController$2
07-26 15:05:59.687    81    81 I Zygote  : ...preloaded 7582 classes in 161ms.
07-26 15:05:59.687    81    81 I zygote  : VMRuntime.preloadDexCaches starting
07-26 15:05:59.700    81    81 I zygote  : VMRuntime.preloadDexCaches strings total=381175 before=9925 after=9925
07-26 15:05:59.700    81    81 I zygote  : VMRuntime.preloadDexCaches types total=35950 before=7198 after=7468
07-26 15:05:59.700    81    81 I zygote  : VMRuntime.preloadDexCaches fields total=161445 before=8019 after=8237
07-26 15:05:59.700    81    81 I zygote  : VMRuntime.preloadDexCaches methods total=282790 before=10884 after=11334
07-26 15:05:59.700    81    81 I zygote  : VMRuntime.preloadDexCaches finished
07-26 15:05:59.701    81    81 I zygote  : The ClassLoaderContext is a special shared library.
07-26 15:05:59.701    81    81 D ApplicationLoaders: Created zygote-cached class loader: /system/framework/android.hidl.base-V1.0-java.jar
07-26 15:05:59.702    81    81 I zygote  : The ClassLoaderContext is a special shared library.
07-26 15:05:59.702    81    81 D ApplicationLoaders: Created zygote-cached class loader: /system/framework/android.hidl.manager-V1.0-java.jar
07-26 15:05:59.749    81    81 I Zygote  : Preloading resources...
07-26 15:05:59.751    81    81 W Resources: Preloaded drawable resource #0x108027d (android:drawable/dialog_background_material) that varies with configuration!!
07-26 15:05:59.756    81    81 I Zygote  : ...preloaded 64 resources in 8ms.
07-26 15:05:59.758    81    81 I Zygote  : ...preloaded 41 resources in 1ms.
07-26 15:05:59.768    81    81 D libEGL  : loaded /vendor/lib/egl/libGLES_mali.so
07-26 15:05:59.775    81    81 I Zygote  : Preloading shared libraries...
07-26 15:05:59.777    81    81 I Zygote  : Called ZygoteHooks.endPreload()
07-26 15:05:59.777    81    81 I Zygote  : Installed AndroidKeyStoreProvider in 0ms.
07-26 15:05:59.781    81    81 I Zygote  : Warmed up JCA providers in 4ms.
07-26 15:05:59.781    81    81 D Zygote  : end preload
07-26 15:05:59.822   224   224 W NetdService: WARNING: returning null INetd instance.
07-26 15:05:59.881   224   263 W Installer: installd not found; trying again
07-26 15:06:00.463   224   263 W Installer: installd not found; trying again
07-26 15:06:00.513   224   263 W StorageManagerService: storaged not found; trying again
07-26 15:06:00.513   224   263 W Installer: installd not found; trying again
07-26 15:06:00.884   224   263 I chatty  : uid=1000(system) android.bg identical 1 line
07-26 15:06:01.022   224   224 I chatty  : uid=1000 system_server identical 3 lines
07-26 15:06:01.464   224   263 W Installer: installd not found; trying again
07-26 15:06:01.514   224   263 W StorageManagerService: storaged not found; trying again
07-26 15:06:01.515   224   263 W Installer: installd not found; trying again
07-26 15:06:01.622   224   224 W NetdService: WARNING: returning null INetd instance.
07-26 15:06:01.840    44    52 E Fence   : Throttling EGL Production: fence 19 didn't signal in 3000 ms
07-26 15:06:01.885   224   263 I chatty  : uid=1000(system) android.bg identical 1 line
07-26 15:06:02.323   224   224 W NetdService: WARNING: returning null INetd instance.
07-26 15:06:02.466   224   263 W Installer: installd not found; trying again
07-26 15:06:02.515   224   263 W StorageManagerService: storaged not found; trying again
07-26 15:06:02.515   224   263 W Installer: installd not found; trying again
07-26 15:06:02.887   224   263 I chatty  : uid=1000(system) android.bg identical 1 line
07-26 15:06:03.103    79    79 D Netd    : netd waited 5s for bpf.progs_loaded, still waiting...
07-26 15:06:03.123   224   224 W NetdService: WARNING: returning null INetd instance.
07-26 15:06:03.469   224   263 W Installer: installd not found; trying again
07-26 15:06:03.516   224   263 W StorageManagerService: storaged not found; trying again
07-26 15:06:03.516   224   263 W Installer: installd not found; trying again
07-26 15:06:03.888   224   263 I chatty  : uid=1000(system) android.bg identical 1 line
07-26 15:06:04.471   224   263 W Installer: installd not found; trying again
07-26 15:06:04.517   224   263 W StorageManagerService: storaged not found; trying again
07-26 15:06:04.518   224   263 W Installer: installd not found; trying again
07-26 15:06:04.889   224   263 I chatty  : uid=1000(system) android.bg identical 1 line
07-26 15:06:05.473   224   263 W Installer: installd not found; trying again
07-26 15:06:05.518   224   263 W StorageManagerService: storaged not found; trying again
07-26 15:06:05.518   224   263 W Installer: installd not found; trying again
07-26 15:06:05.891   224   263 I chatty  : uid=1000(system) android.bg identical 1 line
07-26 15:06:06.477   224   263 W Installer: installd not found; trying again
07-26 15:06:06.519   224   263 W StorageManagerService: storaged not found; trying again
07-26 15:06:06.520   224   263 W Installer: installd not found; trying again
07-26 15:06:06.894   224   263 I chatty  : uid=1000(system) android.bg identical 1 line
07-26 15:06:07.024   224   224 I chatty  : uid=1000 system_server identical 4 lines
07-26 15:06:07.479   224   263 W Installer: installd not found; trying again
07-26 15:06:07.520   224   263 W StorageManagerService: storaged not found; trying again
07-26 15:06:07.521   224   263 W Installer: installd not found; trying again
07-26 15:06:07.897   224   263 I chatty  : uid=1000(system) android.bg identical 1 line
07-26 15:06:08.026   224   224 W NetdService: WARNING: returning null INetd instance.
07-26 15:06:08.104    79    79 D Netd    : netd waited 5s for bpf.progs_loaded, still waiting...
07-26 15:06:08.200    96   139 V JWSensorsHal: sending type:0xfff40000 to /data/misc/sensor/sensor_ctrl
07-26 15:06:08.481   224   263 W Installer: installd not found; trying again
07-26 15:06:08.521   224   263 W StorageManagerService: storaged not found; trying again
07-26 15:06:08.522   224   263 W Installer: installd not found; trying again
07-26 15:06:08.899   224   263 W Installer: installd not found; trying again
07-26 15:06:09.026   224   224 W NetdService: WARNING: returning null INetd instance.
07-26 15:06:09.464   224   244 W OverlayManager: service 'idmap' died
07-26 15:06:09.464    28    28 I ServiceManager: service 'idmap' died
07-26 15:06:09.483   224   263 W Installer: installd not found; trying again
07-26 15:06:09.522   224   263 W StorageManagerService: storaged not found; trying again
07-26 15:06:09.522   224   263 W Installer: installd not found; trying again
07-26 15:06:09.900   224   263 I chatty  : uid=1000(system) android.bg identical 1 line
07-26 15:06:10.027   224   224 W NetdService: WARNING: returning null INetd instance.
07-26 15:06:10.483   224   263 W Installer: installd not found; trying again
07-26 15:06:10.523   224   263 W StorageManagerService: storaged not found; trying again
07-26 15:06:10.524   224   263 W Installer: installd not found; trying again
07-26 15:06:10.902   224   263 I chatty  : uid=1000(system) android.bg identical 1 line
07-26 15:06:11.486   224   263 W Installer: installd not found; trying again
07-26 15:06:11.524   224   263 W StorageManagerService: storaged not found; trying again
07-26 15:06:11.524   224   263 W Installer: installd not found; trying again
07-26 15:06:11.904   224   263 I chatty  : uid=1000(system) android.bg identical 1 line
07-26 15:06:12.027   224   224 I chatty  : uid=1000 system_server identical 2 lines
07-26 15:06:12.487   224   263 W Installer: installd not found; trying again
07-26 15:06:12.525   224   263 W StorageManagerService: storaged not found; trying again
07-26 15:06:12.525   224   263 W Installer: installd not found; trying again
07-26 15:06:12.907   224   263 I chatty  : uid=1000(system) android.bg identical 1 line
07-26 15:06:13.028   224   224 W NetdService: WARNING: returning null INetd instance.
07-26 15:06:13.104    79    79 D Netd    : netd waited 5s for bpf.progs_loaded, still waiting...
07-26 15:06:13.489   224   263 W Installer: installd not found; trying again
07-26 15:06:13.525   224   263 W StorageManagerService: storaged not found; trying again
07-26 15:06:13.526   224   263 W Installer: installd not found; trying again
07-26 15:06:13.908   224   263 I chatty  : uid=1000(system) android.bg identical 1 line
07-26 15:06:14.028   224   224 W NetdService: WARNING: returning null INetd instance.
07-26 15:06:14.492   224   263 W Installer: installd not found; trying again
07-26 15:06:14.526   224   263 W StorageManagerService: storaged not found; trying again
07-26 15:06:14.526   224   263 W Installer: installd not found; trying again
07-26 15:06:14.910   224   263 I chatty  : uid=1000(system) android.bg identical 1 line
07-26 15:06:15.495   224   263 W Installer: installd not found; trying again
07-26 15:06:15.526   224   263 W StorageManagerService: storaged not found; trying again
07-26 15:06:15.526   224   263 W Installer: installd not found; trying again
07-26 15:06:15.913   224   263 I chatty  : uid=1000(system) android.bg identical 1 line
07-26 15:06:16.498   224   263 W Installer: installd not found; trying again
07-26 15:06:16.527   224   263 W StorageManagerService: storaged not found; trying again
07-26 15:06:16.527   224   263 W Installer: installd not found; trying again
07-26 15:06:16.914   224   263 I chatty  : uid=1000(system) android.bg identical 1 line
07-26 15:06:17.029   224   224 I chatty  : uid=1000 system_server identical 3 lines
07-26 15:06:17.499   224   263 W Installer: installd not found; trying again
07-26 15:06:17.528   224   263 W StorageManagerService: storaged not found; trying again
07-26 15:06:17.528   224   263 W Installer: installd not found; trying again
07-26 15:06:17.916   224   263 I chatty  : uid=1000(system) android.bg identical 1 line
07-26 15:06:18.029   224   224 W NetdService: WARNING: returning null INetd instance.
07-26 15:06:18.104    79    79 D Netd    : netd waited 5s for bpf.progs_loaded, still waiting...
07-26 15:06:18.200    96   139 V JWSensorsHal: sending type:0xfff40000 to /data/misc/sensor/sensor_ctrl
07-26 15:06:18.502   224   263 W Installer: installd not found; trying again
07-26 15:06:18.528   224   263 W StorageManagerService: storaged not found; trying again
07-26 15:06:18.528   224   263 W Installer: installd not found; trying again
07-26 15:06:19.030   224   224 W NetdService: WARNING: returning null INetd instance.
07-26 15:06:18.918   224   263 I chatty  : uid=1000(system) android.bg identical 1 line
07-26 15:06:19.506   224   263 W Installer: installd not found; trying again
07-26 15:06:19.529   224   263 W StorageManagerService: storaged not found; trying again
07-26 15:06:19.529   224   263 W Installer: installd not found; trying again
07-26 15:06:19.920   224   263 I chatty  : uid=1000(system) android.bg identical 1 line
07-26 15:06:20.508   224   263 W Installer: installd not found; trying again
07-26 15:06:20.530   224   263 W StorageManagerService: storaged not found; trying again
07-26 15:06:20.530   224   263 W Installer: installd not found; trying again
07-26 15:06:20.921   224   263 I chatty  : uid=1000(system) android.bg identical 1 line
07-26 15:06:21.512   224   263 W Installer: installd not found; trying again
07-26 15:06:21.531   224   263 W StorageManagerService: storaged not found; trying again
07-26 15:06:21.532   224   263 W Installer: installd not found; trying again
07-26 15:06:21.922   224   263 I chatty  : uid=1000(system) android.bg identical 1 line
07-26 15:06:22.518   224   263 W Installer: installd not found; trying again
07-26 15:06:22.531   224   263 W StorageManagerService: storaged not found; trying again
07-26 15:06:22.532   224   263 W Installer: installd not found; trying again
07-26 15:06:22.031   224   224 I chatty  : uid=1000 system_server identical 3 lines
07-26 15:06:23.031   224   224 W NetdService: WARNING: returning null INetd instance.
07-26 15:06:23.104    79    79 D Netd    : netd waited 5s for bpf.progs_loaded, still waiting...
07-26 15:06:22.925   224   263 I chatty  : uid=1000(system) android.bg identical 1 line
07-26 15:06:23.522   224   263 W Installer: installd not found; trying again
07-26 15:06:23.532   224   263 W StorageManagerService: storaged not found; trying again
07-26 15:06:23.532   224   263 W Installer: installd not found; trying again
07-26 15:06:24.031   224   224 W NetdService: WARNING: returning null INetd instance.
07-26 15:06:23.927   224   263 I chatty  : uid=1000(system) android.bg identical 1 line
07-26 15:06:24.522   224   263 W Installer: installd not found; trying again
07-26 15:06:24.533   224   263 W StorageManagerService: storaged not found; trying again
07-26 15:06:24.533   224   263 W Installer: installd not found; trying again
07-26 15:06:24.928   224   263 I chatty  : uid=1000(system) android.bg identical 1 line
07-26 15:06:25.525   224   263 W Installer: installd not found; trying again
07-26 15:06:25.534   224   263 W StorageManagerService: storaged not found; trying again
07-26 15:06:25.534   224   263 W Installer: installd not found; trying again
07-26 15:06:25.930   224   263 I chatty  : uid=1000(system) android.bg identical 1 line
07-26 15:06:26.529   224   263 W Installer: installd not found; trying again
07-26 15:06:26.535   224   263 W StorageManagerService: storaged not found; trying again
07-26 15:06:26.536   224   263 W Installer: installd not found; trying again
07-26 15:06:26.932   224   263 I chatty  : uid=1000(system) android.bg identical 1 line
07-26 15:06:27.532   224   263 W Installer: installd not found; trying again
07-26 15:06:27.535   224   263 W StorageManagerService: storaged not found; trying again
07-26 15:06:27.536   224   263 W Installer: installd not found; trying again
07-26 15:06:27.032   224   224 I chatty  : uid=1000 system_server identical 3 lines
07-26 15:06:28.032   224   224 W NetdService: WARNING: returning null INetd instance.
07-26 15:06:28.104    79    79 D Netd    : netd waited 5s for bpf.progs_loaded, still waiting...
07-26 15:06:28.200    96   139 V JWSensorsHal: sending type:0xfff40000 to /data/misc/sensor/sensor_ctrl
07-26 15:06:28.448   427   427 D LibBpfLoader: Loading ELF object /system/etc/bpf/clatd.o with license Apache 2.0
07-26 15:06:28.448   427   427 D LibBpfLoader: Loaded code section 3 (schedcls_ingress_clat_ether)
07-26 15:06:28.448   427   427 D LibBpfLoader: Loaded relo section 3 (.relschedcls/ingress/clat_ether)
07-26 15:06:28.448   427   427 D LibBpfLoader: Adding section 3 to cs list
07-26 15:06:28.448   427   427 D LibBpfLoader: Loaded code section 5 (schedcls_ingress_clat_rawip)
07-26 15:06:28.448   427   427 D LibBpfLoader: Loaded relo section 5 (.relschedcls/ingress/clat_rawip)
07-26 15:06:28.448   427   427 D LibBpfLoader: Adding section 5 to cs list
07-26 15:06:28.448   427   427 D LibBpfLoader: bpf_create_map name clat_ingress_map, ret: 6
07-26 15:06:28.448   427   427 D LibBpfLoader: map_fd found at 0 is 6 in /system/etc/bpf/clatd.o
07-26 15:06:28.448   427   427 D LibBpfLoader: applying relo to instruction at byte offset: 400, 	       insn offset 50 , insn 118
07-26 15:06:28.448   427   427 D LibBpfLoader: applying relo to instruction at byte offset: 360, 	       insn offset 45 , insn 118
07-26 15:06:28.450   427   427 D LibBpfLoader: New bpf core prog_load for /system/etc/bpf/clatd.o (schedcls_ingress_clat_ether) returned: 7
07-26 15:06:28.450   427   427 D LibBpfLoader: New bpf core prog_load for /system/etc/bpf/clatd.o (schedcls_ingress_clat_rawip) returned: 8
07-26 15:06:28.450   427   427 I bpfloader: Attempted load object: /system/etc/bpf/clatd.o, ret: Success
07-26 15:06:28.454   432   432 I ScriptGuard: Server is listening for connections.
07-26 15:06:28.468   427   427 D LibBpfLoader: Loading ELF object /system/etc/bpf/netd.o with license Apache 2.0
07-26 15:06:28.468   427   427 D LibBpfLoader: Loaded code section 3 (cgroupskb_ingress_stats)
07-26 15:06:28.468   427   427 D LibBpfLoader: Loaded relo section 3 (.relcgroupskb/ingress/stats)
07-26 15:06:28.468   427   427 D LibBpfLoader: Adding section 3 to cs list
07-26 15:06:28.468   427   427 D LibBpfLoader: Loaded code section 5 (cgroupskb_egress_stats)
