07-25 06:15:14.788  3095  3095 I chatty  : uid=10108 com.gof.china:xg_vip_service identical 1 line
07-25 06:15:14.788  3095  3095 E :xg_vip_servic: Invalid ID 0x00000000.
07-25 06:15:14.788    83  3164 E ResolverController: No valid NAT64 prefix (100, <unspecified>/0)
07-25 06:15:14.798   287   325 W BroadcastQueue: Permission Denial: broadcasting Intent { act=android.net.conn.CONNECTIVITY_CHANGE flg=0x4200010 (has extras) } from null (pid=-1, uid=-1) requires com.tencent.bugly.BuglyBroadcastReceiver.permission due to registered receiver BroadcastFilter{6ef3f0a 10108/u0 ReceiverList{1f3b375 3095 com.gof.china:xg_vip_service/10108/u0 remote:ce6daac}}
07-25 06:15:14.804  3095  3166 D NetworkSecurityConfig: No Network Security Config specified, using platform default
07-25 06:15:14.804    83  3169 E ResolverController: No valid NAT64 prefix (100, <unspecified>/0)
07-25 06:15:14.812   287   303 D ConnectivityService: requestNetwork for uid/pid:10108/3095 NetworkRequest [ TRACK_DEFAULT id=39, [ Capabilities: INTERNET&NOT_RESTRICTED&TRUSTED Uid: 10108] ]
07-25 06:15:14.813    83  3174 E ResolverController: No valid NAT64 prefix (100, <unspecified>/0)
07-25 06:15:14.813   287   429 D Ethernet: got request NetworkRequest [ TRACK_DEFAULT id=39, [ Capabilities: INTERNET&NOT_RESTRICTED&TRUSTED Uid: 10108] ] with score 70 and serial -1
07-25 06:15:14.813   287   399 D WifiNetworkFactory: got request NetworkRequest [ TRACK_DEFAULT id=39, [ Capabilities: INTERNET&NOT_RESTRICTED&TRUSTED Uid: 10108] ] with score 70 and serial -1
07-25 06:15:14.813   287   399 D UntrustedWifiNetworkFactory: got request NetworkRequest [ TRACK_DEFAULT id=39, [ Capabilities: INTERNET&NOT_RESTRICTED&TRUSTED Uid: 10108] ] with score 70 and serial -1
07-25 06:15:14.813   614   614 D PhoneSwitcherNetworkRequstListener: got request NetworkRequest [ TRACK_DEFAULT id=39, [ Capabilities: INTERNET&NOT_RESTRICTED&TRUSTED Uid: 10108] ] with score 70 and serial -1
07-25 06:15:14.814   435   435 V KeyguardUpdateMonitor: onSubscriptionInfoChanged()
07-25 06:15:14.815   435   435 V KeyguardUpdateMonitor: SubInfo:{id=1, iccId=890124019[****] simSlotIndex=0 carrierId=1 displayName=T-Mobile carrierName=T-Mobile nameSource=0 iconTint=-16746133 mNumber=[****] dataRoaming=0 iconBitmap=android.graphics.Bitmap@dcaba0b mcc 310 mnc 260mCountryIso=us isEmbedded false nativeAccessRules null cardString=890124019[****] cardId=-1 isOpportunistic false mGroupUUID=null mIsGroupDisabled=false profileClass=-1 ehplmns = null hplmns = null subscriptionType=0 mGroupOwner=null carrierConfigAccessRules=null}
07-25 06:15:14.815   614   970 D PhoneInterfaceManager: [PhoneIntfMgr] isDataEnabled: subId=1 phoneId=0
07-25 06:15:14.815   614   970 D PhoneInterfaceManager: [PhoneIntfMgr] isDataEnabled: subId=1 retVal=true
07-25 06:15:14.818  3095  3095 E :xg_vip_servic: Invalid ID 0x00000000.
07-25 06:15:14.823  3095  3095 E 🍺[centuryGame]🍺-CGHelpshiftHelper: [Helpshift DEBUG] helpshiftConfig isForChina:true
07-25 06:15:14.828  3095  3195 D Helpshift_Migrator: Migration not required, skipping
07-25 06:15:14.831  3095  3095 E 🍺[centuryGame]🍺-CGSdk: adjustString is null
07-25 06:15:14.832  3095  3095 W System.err: java.lang.ClassNotFoundException: com.google.firebase.FirebaseApp
07-25 06:15:14.832  3095  3095 W System.err:    at java.lang.Class.classForName(Native Method)
07-25 06:15:14.832  3095  3095 W System.err:    at java.lang.Class.forName(Class.java:454)
07-25 06:15:14.832  3095  3095 W System.err:    at java.lang.Class.forName(Class.java:379)
07-25 06:15:14.832  3095  3095 W System.err:    at com.centurygame.sdk.utils.ReflectionUtils.invokeStaticMethod(ReflectionUtils.java:139)
07-25 06:15:14.832  3095  3095 W System.err:    at com.centurygame.sdk.CGSdk.b(Unknown Source:16)
07-25 06:15:14.832  3095  3095 W System.err:    at com.centurygame.sdk.CGSdk.c(Unknown Source:26)
07-25 06:15:14.832  3095  3095 W System.err:    at com.centurygame.sdk.CGSdk.preInit(Unknown Source:60)
07-25 06:15:14.832  3095  3095 W System.err:    at com.centurygame.sdk.CGSDKChinaApplication.onCreate(CGSDKChinaApplication.java:46)
07-25 06:15:14.832  3095  3095 W System.err:    at android.app.Instrumentation.callApplicationOnCreate(Instrumentation.java:1189)
07-25 06:15:14.832  3095  3095 W System.err:    at android.app.ActivityThread.handleBindApplication(ActivityThread.java:6542)
07-25 06:15:14.832  3095  3095 W System.err:    at android.app.ActivityThread.access$1300(ActivityThread.java:229)
07-25 06:15:14.832  3095  3095 W System.err:    at android.app.ActivityThread$H.handleMessage(ActivityThread.java:1869)
07-25 06:15:14.832  3095  3095 W System.err:    at android.os.Handler.dispatchMessage(Handler.java:107)
07-25 06:15:14.832  3095  3095 W System.err:    at android.os.Looper.loop(Looper.java:214)
07-25 06:15:14.832  3095  3095 W System.err:    at android.app.ActivityThread.main(ActivityThread.java:7438)
07-25 06:15:14.832  3095  3095 W System.err:    at java.lang.reflect.Method.invoke(Native Method)
07-25 06:15:14.832  3095  3095 W System.err:    at com.android.internal.os.RuntimeInit$MethodAndArgsCaller.run(RuntimeInit.java:492)
07-25 06:15:14.832  3095  3095 W System.err:    at com.android.internal.os.ZygoteInit.main(ZygoteInit.java:930)
07-25 06:15:14.832  3095  3095 W System.err: Caused by: java.lang.ClassNotFoundException: com.google.firebase.FirebaseApp
07-25 06:15:14.832  3095  3095 W System.err:    ... 18 more
07-25 06:15:14.832  3095  3095 W System.err: java.lang.ClassNotFoundException: com.centurygame.sdk.marketing.googleanalytics.CGGoogleanalyticsHelper
07-25 06:15:14.832  3095  3095 W System.err:    at java.lang.Class.classForName(Native Method)
07-25 06:15:14.832  3095  3095 W System.err:    at java.lang.Class.forName(Class.java:454)
07-25 06:15:14.832  3095  3095 W System.err:    at java.lang.Class.forName(Class.java:379)
07-25 06:15:14.832  3095  3095 W System.err:    at com.centurygame.sdk.utils.ReflectionUtils.invokeInstanceMethod(ReflectionUtils.java:183)
07-25 06:15:14.832  3095  3095 W System.err:    at com.centurygame.sdk.CGSdk.b(Unknown Source:33)
07-25 06:15:14.832  3095  3095 W System.err:    at com.centurygame.sdk.CGSdk.c(Unknown Source:26)
07-25 06:15:14.832  3095  3095 W System.err:    at com.centurygame.sdk.CGSdk.preInit(Unknown Source:60)
07-25 06:15:14.832  3095  3095 W System.err:    at com.centurygame.sdk.CGSDKChinaApplication.onCreate(CGSDKChinaApplication.java:46)
07-25 06:15:14.832  3095  3095 W System.err:    at android.app.Instrumentation.callApplicationOnCreate(Instrumentation.java:1189)
07-25 06:15:14.832  3095  3095 W System.err:    at android.app.ActivityThread.handleBindApplication(ActivityThread.java:6542)
07-25 06:15:14.832  3095  3095 W System.err:    at android.app.ActivityThread.access$1300(ActivityThread.java:229)
07-25 06:15:14.832  3095  3095 W System.err:    at android.app.ActivityThread$H.handleMessage(ActivityThread.java:1869)
07-25 06:15:14.832  3095  3095 W System.err:    at android.os.Handler.dispatchMessage(Handler.java:107)
07-25 06:15:14.832  3095  3095 W System.err:    at android.os.Looper.loop(Looper.java:214)
07-25 06:15:14.832  3095  3095 W System.err:    at android.app.ActivityThread.main(ActivityThread.java:7438)
07-25 06:15:14.832  3095  3095 W System.err:    at java.lang.reflect.Method.invoke(Native Method)
07-25 06:15:14.832  3095  3095 W System.err:    at com.android.internal.os.RuntimeInit$MethodAndArgsCaller.run(RuntimeInit.java:492)
07-25 06:15:14.832  3095  3095 W System.err:    at com.android.internal.os.ZygoteInit.main(ZygoteInit.java:930)
07-25 06:15:14.832  3095  3095 W System.err: Caused by: java.lang.ClassNotFoundException: com.centurygame.sdk.marketing.googleanalytics.CGGoogleanalyticsHelper
07-25 06:15:14.832  3095  3095 W System.err:    ... 18 more
07-25 06:15:14.832  3095  3095 E 🍺[centuryGame]🍺-CGSDKChinaApplication: invoke loadOsLibrary start
07-25 06:15:14.871  3095  3095 E 🍺[centuryGame]🍺-CGOaidMge: initOaid: manufacturer not supported
07-25 06:15:14.871  3095  3095 E 🍺[centuryGame]🍺-CGOaidMge: onSupport: supplier is null
07-25 06:15:14.871  3095  3095 E 🍺[centuryGame]🍺-CGSDKChinaApplication: invoke loadOsLibrary end
07-25 06:15:14.872  3095  3095 I TPush-Native: JNI_OnLoad
07-25 06:15:14.882  3095  3095 I TPush   : [Mqtt-TPush - IMqttServiceImpl] init IMqttServiceImpl encryptLevel: 0, compressLevel: 0
07-25 06:15:14.887  3095  3095 I TPush   : [XGVipPushService] Service onBind()
07-25 06:15:14.888  3095  3095 I TPush   : [XGVipPushService] Service onStartCommand() : com.gof.china
07-25 06:15:14.897    83  3219 E ResolverController: No valid NAT64 prefix (100, <unspecified>/0)
07-25 06:15:14.927  3095  3208 I TPush   : [Mqtt-TPush - IMqttServiceImpl] update encryptLevel: 0, compressLevel: 1
07-25 06:15:14.930  3095  3248 D TPush   : [ClientComms] ConnectBG mqtt thread
07-25 06:15:14.941    83  3249 E ResolverController: No valid NAT64 prefix (100, <unspecified>/0)
07-25 06:15:14.988  3095  3095 D TPush   : [PushServiceManager] Service's running at com.gof.china,version : 1.4.0.1
07-25 06:15:14.989  3095  3095 I TPush   : [PushServiceBroadcastHandler] handleServiceInited, beforeInitedIntents size:0
07-25 06:15:15.002   168  2706 I rc_model_v2: fps chg from 22 -> 10
07-25 06:15:15.004  3095  3251 I TPush   : [IMqttClientManager - StateImpl] onConnectComplete isReconnect:false
07-25 06:15:15.084    83  3153 E ResolverController: No valid NAT64 prefix (100, <unspecified>/0)
07-25 06:15:15.100  3095  3218 E CGSdk   : network_change:true
07-25 06:15:15.109  3095  3218 E 🍺[centuryGame]🍺-CGRum: Rum DomainConnectivityCheck error:{"errorCode":1226,"extra":"ModuleName：rum Under time limit"}
07-25 06:15:15.269  3095  3142 E CGSdk   : network_change:true
07-25 06:15:15.270  3095  3142 E 🍺[centuryGame]🍺-CGRum: Rum DomainConnectivityCheck error:{"errorCode":1226,"extra":"ModuleName：rum Under time limit"}
07-25 06:15:15.489  2942  3068 E libprocessgroup: set_timerslack_ns write failed: Operation not permitted
07-25 06:15:15.490  2942  3068 I chatty  : uid=10108(com.gof.china) UnityMain identical 14 lines
07-25 06:15:15.490  2942  3068 E libprocessgroup: set_timerslack_ns write failed: Operation not permitted
07-25 06:15:15.497  2942  3068 I mali_so : [File] : hardware/arm/maliT760/driver/product/base/src/mali_base_kbase.c; [Line] : 1292; [Func] : base_context_deal_with_version_affairs_rk_ext;
07-25 06:15:15.497  2942  3068 I mali_so : arm_release_ver of this mali_so is 'g12p0-01eac0', rk_so_ver is '9'.
07-25 06:15:15.497  2942  3068 I mali_so : [File] : hardware/arm/maliT760/driver/product/base/src/mali_base_kbase.c; [Line] : 1308; [Func] : base_context_deal_with_version_affairs_rk_ext;
07-25 06:15:15.497  2942  3068 I mali_so : arm_release_vers are match. to set the full mali_ver 'g12p0-01eac0-9' as value of 'sys.gmali.version'.
07-25 06:15:15.499    34    34 I hwservicemanager: getTransport: Cannot find entry android.hardware.configstore@1.0::ISurfaceFlingerConfigs/default in either framework or device manifest.
07-25 06:15:15.515  2942  3068 D Unity   :  GL_EXT_debug_marker GL_ARM_rgba8 GL_ARM_mali_shader_binary GL_OES_depth24 GL_OES_depth_texture GL_OES_depth_texture_cube_map GL_OES_packed_depth_stencil GL_OES_rgb8_rgba8 GL_EXT_read_format_bgra GL_OES_compressed_paletted_texture GL_OES_compressed_ETC1_RGB8_texture GL_OES_standard_derivatives GL_OES_EGL_image GL_OES_EGL_image_external GL_OES_EGL_image_external_essl3 GL_OES_EGL_sync GL_OES_texture_npot GL_OES_vertex_half_float GL_OES_required_internalformat GL_OES_vertex_array_object GL_OES_mapbuffer GL_EXT_texture_format_BGRA8888 GL_EXT_texture_rg GL_EXT_texture_type_2_10_10_10_REV GL_OES_fbo_render_mipmap GL_OES_element_index_uint GL_EXT_shadow_samplers GL_OES_texture_compression_astc GL_KHR_texture_compression_astc_ldr GL_KHR_texture_compression_astc_hdr GL_KHR_texture_compression_astc_sliced_3d GL_EXT_texture_compression_astc_decode_mode GL_EXT_texture_compression_astc_decode_mode_rgb9e5 GL_KHR_debug GL_EXT_occlusion_query_boolean GL_EXT_disjoint_timer_query GL_EXT_blend_minmax GL_EXT_discard_framebuffer
07-25 06:15:15.515  2942  3068 D Unity   :  GL_OES_get_program_binary GL_OES_texture_3D GL_EXT_texture_storage GL_EXT_multisampled_render_to_texture GL_EXT_multisampled_render_to_texture2 GL_OES_surfaceless_context GL_OES_texture_stencil8 GL_EXT_shader_pixel_local_storage GL_ARM_shader_framebuffer_fetch GL_ARM_shader_framebuffer_fetch_depth_stencil GL_ARM_mali_program_binary GL_EXT_sRGB GL_EXT_sRGB_write_control GL_EXT_texture_sRGB_decode GL_EXT_texture_sRGB_R8 GL_EXT_texture_sRGB_RG8 GL_KHR_blend_equation_advanced GL_KHR_blend_equation_advanced_coherent GL_OES_texture_storage_multisample_2d_array GL_OES_shader_image_atomic GL_EXT_robustness GL_EXT_draw_buffers_indexed GL_OES_draw_buffers_indexed GL_EXT_texture_border_clamp GL_OES_texture_border_clamp GL_EXT_texture_cube_map_array GL_OES_texture_cube_map_array GL_OES_sample_variables GL_OES_sample_shading GL_OES_shader_multisample_interpolation GL_EXT_shader_io_blocks GL_OES_shader_io_blocks GL_EXT_tessellation_shader GL_OES_tessellation_shader GL_EXT_primitive_bounding_box GL_OES_primitive_bounding_
07-25 06:15:15.515  2942  3068 D Unity   : box GL_EXT_geometry_shader GL_OES_geometry_shader GL_ANDROID_extension_pack_es31a GL_EXT_gpu_shader5 GL_OES_gpu_shader5 GL_EXT_texture_buffer GL_OES_texture_buffer GL_EXT_copy_image GL_OES_copy_image GL_EXT_shader_non_constant_global_initializers GL_EXT_color_buffer_half_float GL_EXT_unpack_subimage GL_EXT_color_buffer_float GL_EXT_float_blend GL_EXT_YUV_target GL_OVR_multiview GL_OVR_multiview2 GL_OVR_multiview_multisampled_render_to_texture GL_KHR_robustness GL_KHR_robust_buffer_access_behavior GL_EXT_draw_elements_base_vertex GL_OES_draw_elements_base_vertex GL_EXT_protected_textures GL_EXT_buffer_storage GL_EXT_external_buffer GL_EXT_EGL_image_array GL_EXT_texture_filter_anisotropic GL_OES_texture_float_linear GL_ARM_texture_unnormalized_coordinates GL_EXT_shader_framebuffer_fetch GL_EXT_clip_control
07-25 06:15:15.549   287   402 D ConnectivityService: releasing NetworkRequest [ TRACK_DEFAULT id=35, [ Capabilities: INTERNET&NOT_RESTRICTED&TRUSTED Uid: 10108] ] (release request)
07-25 06:15:15.550   435   435 V KeyguardUpdateMonitor: onSubscriptionInfoChanged()
07-25 06:15:15.551   435   435 V KeyguardUpdateMonitor: SubInfo:{id=1, iccId=890124019[****] simSlotIndex=0 carrierId=1 displayName=T-Mobile carrierName=T-Mobile nameSource=0 iconTint=-16746133 mNumber=[****] dataRoaming=0 iconBitmap=android.graphics.Bitmap@382c0e8 mcc 310 mnc 260mCountryIso=us isEmbedded false nativeAccessRules null cardString=890124019[****] cardId=-1 isOpportunistic false mGroupUUID=null mIsGroupDisabled=false profileClass=-1 ehplmns = null hplmns = null subscriptionType=0 mGroupOwner=null carrierConfigAccessRules=null}
07-25 06:15:15.552   614   743 D PhoneInterfaceManager: [PhoneIntfMgr] isDataEnabled: subId=1 phoneId=0
07-25 06:15:15.552   614   743 D PhoneInterfaceManager: [PhoneIntfMgr] isDataEnabled: subId=1 retVal=true
07-25 06:15:15.608   909   909 D BoundBrokerSvc: onUnbind: Intent { act=com.google.android.gms.common.BIND_SHARED_PREFS pkg=com.google.android.gms }
07-25 06:15:15.609   100   129 V JWSensorsHal: sending type:0xfff20000 to /data/misc/sensor/sensor_ctrl
07-25 06:15:15.609   287  1065 E SensorService: Error activating sensor 0 (Operation not permitted)
07-25 06:15:15.612  2942  3068 V MediaRouter: Selecting route: RouteInfo{ name=Phone, description=null, status=null, category=RouteCategory{ name=System types=ROUTE_TYPE_LIVE_AUDIO ROUTE_TYPE_LIVE_VIDEO  groupable=false }, supportedTypes=ROUTE_TYPE_LIVE_AUDIO ROUTE_TYPE_LIVE_VIDEO , presentationDisplay=Display id 1: DisplayInfo{"HDMI Screen, displayId 1", uniqueId "local:1", app 1024 x 768, real 1024 x 768, largest app 1024 x 1024, smallest app 768 x 768, mode 2, defaultMode 2, modes [{id=2, width=1024, height=768, fps=60.000004}], colorMode 0, supportedColorModes [0], hdrCapabilities android.view.Display$HdrCapabilities@40f16308, rotation 0, density 227 (227.0 x 227.0) dpi, layerStack 1, appVsyncOff 1000000, presDeadline 16666666, type HDMI, address {port=1}, state ON, FLAG_SECURE, FLAG_SUPPORTS_PROTECTED_BUFFERS, FLAG_PRESENTATION, removeMode 0}, DisplayMetrics{density=1.41875, width=1024, height=768, scaledDensity=1.41875, xdpi=227.0, ydpi=227.0}, isValid=true }
07-25 06:15:15.680  2942  3068 E Unity   : [CRIWARE] Error:E2022062722:Cannot set sampling rate exceeds max value.
07-25 06:15:15.680  2942  3068 E Unity   : CriWare.CriWareErrorHandler:HandleMessage(String)
07-25 06:15:15.680  2942  3068 E Unity   :  
07-25 06:15:15.680  2942  3068 E Unity   : (Filename: ./Runtime/Export/Debug.bindings.h Line: 45)
07-25 06:15:15.680  2942  3068 E Unity   : 
07-25 06:15:15.680  2942  3294 D         : PlayerBase::PlayerBase()
07-25 06:15:15.680  2942  3294 D         : TrackPlayerBase::TrackPlayerBase()
07-25 06:15:15.680  2942  3294 I libOpenSLES: Emulating old channel mask behavior (ignoring positional mask 0x3, using default mask 0x3 based on channel count of 2)
07-25 06:15:15.681   105   414 W AudioFlinger: createTrack_l(): mismatch between requested flags (00000104) and output flags (00000002)
07-25 06:15:15.681   105   414 D AudioFlinger: Client defaulted notificationFrames to 882 for frameCount 4104
07-25 06:15:15.682   105   414 D AF::TrackHandle: OpPlayAudio: track:56 usage:1 not muted
07-25 06:15:15.682  2942  3294 W AudioTrack: createTrack_l(0): AUDIO_OUTPUT_FLAG_FAST denied by server; frameCount 0 -> 4104
07-25 06:15:15.683  2942  3294 D         : PlayerBase::PlayerBase()
07-25 06:15:15.683  2942  2942 V MediaRouter: Selecting route: RouteInfo{ name=Phone, description=null, status=null, category=RouteCategory{ name=System types=ROUTE_TYPE_LIVE_AUDIO ROUTE_TYPE_LIVE_VIDEO  groupable=false }, supportedTypes=ROUTE_TYPE_LIVE_AUDIO ROUTE_TYPE_LIVE_VIDEO , presentationDisplay=Display id 1: DisplayInfo{"HDMI Screen, displayId 1", uniqueId "local:1", app 1024 x 768, real 1024 x 768, largest app 1024 x 1024, smallest app 768 x 768, mode 2, defaultMode 2, modes [{id=2, width=1024, height=768, fps=60.000004}], colorMode 0, supportedColorModes [0], hdrCapabilities android.view.Display$HdrCapabilities@40f16308, rotation 0, density 227 (227.0 x 227.0) dpi, layerStack 1, appVsyncOff 1000000, presDeadline 16666666, type HDMI, address {port=1}, state ON, FLAG_SECURE, FLAG_SUPPORTS_PROTECTED_BUFFERS, FLAG_PRESENTATION, removeMode 0}, DisplayMetrics{density=1.41875, width=1024, height=768, scaledDensity=1.41875, xdpi=227.0, ydpi=227.0}, isValid=true }
07-25 06:15:15.683  2942  3294 D         : TrackPlayerBase::TrackPlayerBase()
07-25 06:15:15.683  2942  3294 I libOpenSLES: Emulating old channel mask behavior (ignoring positional mask 0x3, using default mask 0x3 based on channel count of 2)
07-25 06:15:15.684   105   414 W AudioFlinger: createTrack_l(): mismatch between requested flags (00000104) and output flags (00000002)
07-25 06:15:15.684   105   414 D AudioFlinger: Client defaulted notificationFrames to 882 for frameCount 4104
07-25 06:15:15.684   105   414 D AF::TrackHandle: OpPlayAudio: track:57 usage:1 not muted
07-25 06:15:15.685  2942  3294 W AudioTrack: createTrack_l(0): AUDIO_OUTPUT_FLAG_FAST denied by server; frameCount 0 -> 4104
07-25 06:15:15.686  2942  2942 V MediaRouter: Selecting route: RouteInfo{ name=Phone, description=null, status=null, category=RouteCategory{ name=System types=ROUTE_TYPE_LIVE_AUDIO ROUTE_TYPE_LIVE_VIDEO  groupable=false }, supportedTypes=ROUTE_TYPE_LIVE_AUDIO ROUTE_TYPE_LIVE_VIDEO , presentationDisplay=Display id 1: DisplayInfo{"HDMI Screen, displayId 1", uniqueId "local:1", app 1024 x 768, real 1024 x 768, largest app 1024 x 1024, smallest app 768 x 768, mode 2, defaultMode 2, modes [{id=2, width=1024, height=768, fps=60.000004}], colorMode 0, supportedColorModes [0], hdrCapabilities android.view.Display$HdrCapabilities@40f16308, rotation 0, density 227 (227.0 x 227.0) dpi, layerStack 1, appVsyncOff 1000000, presDeadline 16666666, type HDMI, address {port=1}, state ON, FLAG_SECURE, FLAG_SUPPORTS_PROTECTED_BUFFERS, FLAG_PRESENTATION, removeMode 0}, DisplayMetrics{density=1.41875, width=1024, height=768, scaledDensity=1.41875, xdpi=227.0, ydpi=227.0}, isValid=true }
07-25 06:15:15.707  2942  3068 I Unity   : ---------------MarkFilePath---------------
07-25 06:15:15.707  2942  3068 I Unity   : CenturyGame.GameFramework.ConfigData:Init()
07-25 06:15:15.707  2942  3068 I Unity   : CenturyGame.GameFramework.ConfigData:get_Instance()
07-25 06:15:15.707  2942  3068 I Unity   : GameConfig:Init(GameData)
07-25 06:15:15.707  2942  3068 I Unity   : CenturyGame.GameFramework.GameMain:Start()
07-25 06:15:15.707  2942  3068 I Unity   :  
07-25 06:15:15.707  2942  3068 I Unity   : (Filename: ./Runtime/Export/Debug.bindings.h Line: 45)
07-25 06:15:15.707  2942  3068 I Unity   : 
07-25 06:15:15.708  2942  3068 I Unity   : jar:file:///data/app/com.gof.china-A9FhHaRsaGzEYXfPQfCr3Q==/base.apk!/assets/e0f9b20c9030892aa874ad78a90c0d45
07-25 06:15:15.708  2942  3068 I Unity   : CenturyGame.GameFramework.ConfigData:Init()
07-25 06:15:15.708  2942  3068 I Unity   : CenturyGame.GameFramework.ConfigData:get_Instance()
07-25 06:15:15.708  2942  3068 I Unity   : GameConfig:Init(GameData)
07-25 06:15:15.708  2942  3068 I Unity   : CenturyGame.GameFramework.GameMain:Start()
07-25 06:15:15.708  2942  3068 I Unity   :  
07-25 06:15:15.708  2942  3068 I Unity   : (Filename: ./Runtime/Export/Debug.bindings.h Line: 45)
07-25 06:15:15.708  2942  3068 I Unity   : 
07-25 06:15:15.710  2942  3068 I Unity   : Whiteout Survival cn
07-25 06:15:15.710  2942  3068 I Unity   : CenturyGame.GameFramework.ConfigData:Init()
07-25 06:15:15.710  2942  3068 I Unity   : CenturyGame.GameFramework.ConfigData:get_Instance()
07-25 06:15:15.710  2942  3068 I Unity   : GameConfig:Init(GameData)
07-25 06:15:15.710  2942  3068 I Unity   : CenturyGame.GameFramework.GameMain:Start()
07-25 06:15:15.710  2942  3068 I Unity   :  
07-25 06:15:15.710  2942  3068 I Unity   : (Filename: ./Runtime/Export/Debug.bindings.h Line: 45)
07-25 06:15:15.710  2942  3068 I Unity   : 
07-25 06:15:15.712  2942  3068 I Unity   : 1.2.6
07-25 06:15:15.712  2942  3068 I Unity   : CenturyGame.GameFramework.ConfigData:Init()
07-25 06:15:15.712  2942  3068 I Unity   : CenturyGame.GameFramework.ConfigData:get_Instance()
07-25 06:15:15.712  2942  3068 I Unity   : GameConfig:Init(GameData)
07-25 06:15:15.712  2942  3068 I Unity   : CenturyGame.GameFramework.GameMain:Start()
07-25 06:15:15.712  2942  3068 I Unity   :  
07-25 06:15:15.712  2942  3068 I Unity   : (Filename: ./Runtime/Export/Debug.bindings.h Line: 45)
07-25 06:15:15.712  2942  3068 I Unity   : 
07-25 06:15:15.714  2942  3068 I Unity   : 17
07-25 06:15:15.714  2942  3068 I Unity   : CenturyGame.GameFramework.ConfigData:Init()
07-25 06:15:15.714  2942  3068 I Unity   : CenturyGame.GameFramework.ConfigData:get_Instance()
07-25 06:15:15.714  2942  3068 I Unity   : GameConfig:Init(GameData)
07-25 06:15:15.714  2942  3068 I Unity   : CenturyGame.GameFramework.GameMain:Start()
07-25 06:15:15.714  2942  3068 I Unity   :  
07-25 06:15:15.714  2942  3068 I Unity   : (Filename: ./Runtime/Export/Debug.bindings.h Line: 45)
07-25 06:15:15.714  2942  3068 I Unity   : 
07-25 06:15:15.716  2942  3068 I Unity   : ---------------MarkFilePath---------------
07-25 06:15:15.716  2942  3068 I Unity   : CenturyGame.GameFramework.ConfigData:Init()
07-25 06:15:15.716  2942  3068 I Unity   : CenturyGame.GameFramework.ConfigData:get_Instance()
07-25 06:15:15.716  2942  3068 I Unity   : GameConfig:Init(GameData)
07-25 06:15:15.716  2942  3068 I Unity   : CenturyGame.GameFramework.GameMain:Start()
07-25 06:15:15.716  2942  3068 I Unity   :  
07-25 06:15:15.716  2942  3068 I Unity   : (Filename: ./Runtime/Export/Debug.bindings.h Line: 45)
07-25 06:15:15.716  2942  3068 I Unity   : 
07-25 06:15:15.821   287   433 W SyncManager: Detected sync making no progress for startTime 198934727, mTimeoutStartTime 198934727, mHistoryRowId 4, syncOperation JobId=104849 ***/com.google u0 [subscribedfeeds] OTHER ExpectedIn=-1m00s STANDBY-EXEMPTED Reason=10043. cancelling.
07-25 06:15:16.061   287  1033 E TaskPersister: File error accessing recents directory (directory doesn't exist?).
07-25 06:15:16.189    94   132 D gralloc3: got new private_handle_t instance @0x7d87234280 for buffer 'Unnamed'. share_fd : 7, share_attr_fd : 8, flags : 0x0, width : 720, height : 1280, req_format : 0x1, producer_usage : 0x40000000000b00, consumer_usage : 0x40000000000b00, , stride : 0, alloc_format : 0x100000001, size : 3744768, layer_count : 1, backing_store_size : 3744768, backing_store_id : 403726925867, allocating_pid : 94, ref_count : 1, yuv_info : 0
07-25 06:15:16.189    94   132 D gralloc3: plane_info[0]: offset : 0, byte_stride : 2880, alloc_width : 720, alloc_height : 1280
07-25 06:15:16.189    94   132 D gralloc3: plane_info[1]: offset : 0, byte_stride : 0, alloc_width : 0, alloc_height : 0
07-25 06:15:16.195  2942  3068 I Unity   : [CG] BuglyAgent install. appid = 1ea45351f9
07-25 06:15:16.195  2942  3068 I Unity   : centurygame.CGBugly:intBugly(String)
07-25 06:15:16.195  2942  3068 I Unity   : System.Reflection.MonoMethod:Invoke(Object, BindingFlags, Binder, Object[], CultureInfo)
07-25 06:15:16.195  2942  3068 I Unity   : centurygame.Internal.ReflectionUtils:InvokeMethod(String, String, String, Object, Object[])
07-25 06:15:16.195  2942  3068 I Unity   : centurygame.CGSdk:SetDelegate(IDelegate)
07-25 06:15:16.195  2942  3068 I Unity   : CenturyGame.GameFramework.SDKModule:Init()
07-25 06:15:16.195  2942  3068 I Unity   : CenturyGame.GameFramework.ModuleManager:Init()
07-25 06:15:16.195  2942  3068 I Unity   : CenturyGame.GameFramework.GameMain:<Start>b__8_0()
07-25 06:15:16.195  2942  3068 I Unity   : CenturyGame.GameFramework.LaunchManager:OnLoadSceneCompleted(Scene, LoadSceneMode)
07-25 06:15:16.195  2942  3068 I Unity   :  
07-25 06:15:16.195  2942  3068 I Unity   : (Filename: ./Runtime/Export/Debug.bindings.h Line: 45)
07-25 06:15:16.195  2942  3068 I Unity   : 
07-25 06:15:16.199  2942  3068 I Unity   : [CG] BuglyAgent install success.
07-25 06:15:16.199  2942  3068 I Unity   : centurygame.CGBugly:intBugly(String)
07-25 06:15:16.199  2942  3068 I Unity   : System.Reflection.MonoMethod:Invoke(Object, BindingFlags, Binder, Object[], CultureInfo)
07-25 06:15:16.199  2942  3068 I Unity   : centurygame.Internal.ReflectionUtils:InvokeMethod(String, String, String, Object, Object[])
07-25 06:15:16.199  2942  3068 I Unity   : centurygame.CGSdk:SetDelegate(IDelegate)
07-25 06:15:16.199  2942  3068 I Unity   : CenturyGame.GameFramework.SDKModule:Init()
07-25 06:15:16.199  2942  3068 I Unity   : CenturyGame.GameFramework.ModuleManager:Init()
07-25 06:15:16.199  2942  3068 I Unity   : CenturyGame.GameFramework.GameMain:<Start>b__8_0()
07-25 06:15:16.199  2942  3068 I Unity   : CenturyGame.GameFramework.LaunchManager:OnLoadSceneCompleted(Scene, LoadSceneMode)
07-25 06:15:16.199  2942  3068 I Unity   :  
07-25 06:15:16.199  2942  3068 I Unity   : (Filename: ./Runtime/Export/Debug.bindings.h Line: 45)
07-25 06:15:16.199  2942  3068 I Unity   : 
07-25 06:15:16.202   168  2706 I rc_model_v2: fps chg from 10 -> 3
07-25 06:15:16.202    95    95 E drm_hwc2_gralloc: hwc_get_handle_name:cann't get value from gralloc
07-25 06:15:16.202    95    95 E drm_hwc2_gralloc: hwc_get_handle_name:cann't get value from gralloc
07-25 06:15:16.207  2942  3068 I Unity   : [CGWechatAndroid SetDelegate] callback = centurygame.CGWechat+InternalDelegate
07-25 06:15:16.207  2942  3068 I Unity   : centurygame.Android.CGWechatAndroid:SetDelegate(IDelegate)
07-25 06:15:16.207  2942  3068 I Unity   : centurygame.<>c:<.cctor>b__29_0()
07-25 06:15:16.207  2942  3068 I Unity   : System.Lazy`1:CreateValue()
07-25 06:15:16.207  2942  3068 I Unity   : System.Lazy`1:LazyInitValue()
07-25 06:15:16.207  2942  3068 I Unity   : CenturyGame.GameFramework.SDKModule:Init()
07-25 06:15:16.207  2942  3068 I Unity   : CenturyGame.GameFramework.ModuleManager:Init()
07-25 06:15:16.207  2942  3068 I Unity   : CenturyGame.GameFramework.GameMain:<Start>b__8_0()
07-25 06:15:16.207  2942  3068 I Unity   : CenturyGame.GameFramework.LaunchManager:OnLoadSceneCompleted(Scene, LoadSceneMode)
07-25 06:15:16.207  2942  3068 I Unity   :  
07-25 06:15:16.207  2942  3068 I Unity   : (Filename: ./Runtime/Export/Debug.bindings.h Line: 45)
07-25 06:15:16.207  2942  3068 I Unity   : 
07-25 06:15:16.209  2942  3068 D DeviceUtils: ANDROID_ID get from SP:ceb48b4e6dd12b28
07-25 06:15:16.211  2942  3068 E suiyi digest:: PǙK���|�����
07-25 06:15:16.211  2942  3068 E suiyi digest:: PǙK���|�����
07-25 06:15:16.211  2942  3068 E 🍺[centuryGame]🍺-CGSdk: gameType:online
07-25 06:15:16.212  2942  3068 D CGSdk   : netWorkChange isOffLineMode()falseSystemUtil.isNetWorkAvailable in：true
07-25 06:15:16.212  2942  3068 D CGSdk   : netWorkChange out
07-25 06:15:16.213    83  3310 E ResolverController: No valid NAT64 prefix (100, <unspecified>/0)
07-25 06:15:16.214  2942  3068 W System.err: java.lang.ClassNotFoundException: com.centurygame.sdk.advertising.CGAdvertising
07-25 06:15:16.214  2942  3068 W System.err:    at java.lang.Class.classForName(Native Method)
07-25 06:15:16.214  2942  3068 W System.err:    at java.lang.Class.forName(Class.java:454)
07-25 06:15:16.214  2942  3068 W System.err:    at java.lang.Class.forName(Class.java:379)
07-25 06:15:16.214  2942  3068 W System.err:    at com.centurygame.sdk.utils.ReflectionUtils.invokeStaticMethod(ReflectionUtils.java:139)
07-25 06:15:16.214  2942  3068 W System.err:    at com.centurygame.sdk.CGDataControl.getModuleByName(CGDataControl.java:231)
07-25 06:15:16.214  2942  3068 W System.err:    at com.centurygame.sdk.CGSdk.b(Unknown Source:387)
07-25 06:15:16.214  2942  3068 W System.err:    at com.centurygame.sdk.CGSdk.a(Unknown Source:0)
07-25 06:15:16.214  2942  3068 W System.err:    at com.centurygame.sdk.CGSdk$c.onSuccess(Unknown Source:3)
07-25 06:15:16.214  2942  3068 W System.err:    at com.centurygame.sdk.utils.ConfigUtils.loadConfig(Unknown Source:78)
07-25 06:15:16.214  2942  3068 W System.err:    at com.centurygame.sdk.CGSdk.a(Unknown Source:183)
07-25 06:15:16.214  2942  3068 W System.err:    at com.centurygame.sdk.CGSdk.install(Unknown Source:293)
07-25 06:15:16.214  2942  3068 W System.err:    at com.centurygame.sdk.unity3d.core.CGSdkWrapper.install(Unknown Source:42)
07-25 06:15:16.214  2942  3068 W System.err:    at com.unity3d.player.UnityPlayer.nativeRender(Native Method)
07-25 06:15:16.214  2942  3068 W System.err:    at com.unity3d.player.UnityPlayer.c(Unknown Source:0)
07-25 06:15:16.214  2942  3068 W System.err:    at com.unity3d.player.UnityPlayer$e$1.handleMessage(Unknown Source:95)
07-25 06:15:16.214  2942  3068 W System.err:    at android.os.Handler.dispatchMessage(Handler.java:103)
07-25 06:15:16.214  2942  3068 W System.err:    at android.os.Looper.loop(Looper.java:214)
07-25 06:15:16.214  2942  3068 W System.err:    at com.unity3d.player.UnityPlayer$e.run(Unknown Source:20)
07-25 06:15:16.214  2942  3068 W System.err: Caused by: java.lang.ClassNotFoundException: com.centurygame.sdk.advertising.CGAdvertising
07-25 06:15:16.214  2942  3068 W System.err:    ... 18 more
07-25 06:15:16.218  2942  2942 D MicroMsg.PaySdk.WXFactory: createWXAPI, appId = null, checkSignature = true
07-25 06:15:16.218  2942  2942 D MicroMsg.PaySdk.WXFactory: createWXAPI, appId = null, checkSignature = true, launchMode = 2
07-25 06:15:16.218  2942  2942 D MicroMsg.SDK.WXApiImplV10: <init>, appId = null, checkSignature = true, launchMode = 2
07-25 06:15:16.219  2942  3068 D LibStringUtil: isMoreDigitVersion length:3
07-25 06:15:16.219  2942  3068 D LibStringUtil: isMoreDigitVersion:^\d+\.\d+\.\d+$
07-25 06:15:16.219  2942  3068 D LibStringUtil: isMoreDigitVersion test:^\d+\.\d+\.\d+$
07-25 06:15:16.219  2942  2942 E MicroMsg.SDK.WXApiImplV10: register app failed for wechat app signature check failed
07-25 06:15:16.227  2942  2942 D MicroMsg.PaySdk.WXFactory: createWXAPI, appId = null, checkSignature = true
07-25 06:15:16.227  2942  2942 D MicroMsg.PaySdk.WXFactory: createWXAPI, appId = null, checkSignature = true, launchMode = 2
07-25 06:15:16.227  2942  2942 D MicroMsg.SDK.WXApiImplV10: <init>, appId = null, checkSignature = true, launchMode = 2
07-25 06:15:16.227  2942  2942 E MicroMsg.SDK.WXApiImplV10: register app failed for wechat app signature check failed
07-25 06:15:16.227  2942  2942 E MicroMsg.SDK.WXApiImplV10: open wx app failed, not installed or signature check failed
07-25 06:15:16.228  2942  2942 E 🍺[centuryGame]🍺-CGRum: Rum DomainConnectivityCheck error:{"errorCode":1226,"extra":"ModuleName：rum Already exists"}
07-25 06:15:16.230    83  3315 E ResolverController: No valid NAT64 prefix (100, <unspecified>/0)
07-25 06:15:16.231  2942  2942 I TPush   : [XGPushManager] CreateNotificationChannel channelId: cg_notification_ch_id success
07-25 06:15:16.232  2942  2942 I TPush   : [XGPushManager] enableService=1
07-25 06:15:16.234  2942  2962 E Parcel  : Reading a NULL string not supported here.
07-25 06:15:16.235  2942  2962 E Parcel  : Reading a NULL string not supported here.
07-25 06:15:16.237  2942  2942 W System.err: java.lang.ClassNotFoundException: com.centurygame.sdk.marketing.tencent.CGTencentHelper
07-25 06:15:16.237  2942  2942 W System.err:    at java.lang.Class.classForName(Native Method)
07-25 06:15:16.237  2942  2942 W System.err:    at java.lang.Class.forName(Class.java:454)
07-25 06:15:16.237  2942  2942 W System.err:    at java.lang.Class.forName(Class.java:379)
07-25 06:15:16.237  2942  2942 W System.err:    at com.centurygame.sdk.utils.ReflectionUtils.invokeStaticMethod(ReflectionUtils.java:139)
07-25 06:15:16.237  2942  2942 W System.err:    at com.centurygame.sdk.marketing.CGMarketing.getHelper(CGMarketing.java:96)
07-25 06:15:16.237  2942  2942 W System.err:    at com.centurygame.sdk.marketing.CGMarketing.initialize(CGMarketing.java:65)
07-25 06:15:16.237  2942  2942 W System.err:    at com.centurygame.sdk.CGSdk$d.run(Unknown Source:4)
07-25 06:15:16.237  2942  2942 W System.err:    at android.os.Handler.handleCallback(Handler.java:883)
07-25 06:15:16.237  2942  2942 W System.err:    at android.os.Handler.dispatchMessage(Handler.java:100)
07-25 06:15:16.237  2942  2942 W System.err:    at android.os.Looper.loop(Looper.java:214)
07-25 06:15:16.237  2942  2942 W System.err:    at android.app.ActivityThread.main(ActivityThread.java:7438)
07-25 06:15:16.237  2942  2942 W System.err:    at java.lang.reflect.Method.invoke(Native Method)
07-25 06:15:16.237  2942  2942 W System.err:    at com.android.internal.os.RuntimeInit$MethodAndArgsCaller.run(RuntimeInit.java:492)
07-25 06:15:16.237  2942  2942 W System.err:    at com.android.internal.os.ZygoteInit.main(ZygoteInit.java:930)
07-25 06:15:16.237  2942  2942 W System.err: Caused by: java.lang.ClassNotFoundException: com.centurygame.sdk.marketing.tencent.CGTencentHelper
07-25 06:15:16.237  2942  2962 E Parcel  : Reading a NULL string not supported here.
07-25 06:15:16.237  2942  2942 W System.err:    ... 14 more
07-25 06:15:16.237  2942  2942 W System.err: java.lang.ClassNotFoundException: com.centurygame.sdk.marketing.bytedance.CGBytedanceHelper
07-25 06:15:16.237  2942  2942 W System.err:    at java.lang.Class.classForName(Native Method)
07-25 06:15:16.237  2942  2942 W System.err:    at java.lang.Class.forName(Class.java:454)
07-25 06:15:16.237  2942  2942 W System.err:    at java.lang.Class.forName(Class.java:379)
07-25 06:15:16.237  2942  2942 W System.err:    at com.centurygame.sdk.utils.ReflectionUtils.invokeStaticMethod(ReflectionUtils.java:139)
07-25 06:15:16.237  2942  2942 W System.err:    at com.centurygame.sdk.marketing.CGMarketing.getHelper(CGMarketing.java:96)
07-25 06:15:16.237  2942  2942 W System.err:    at com.centurygame.sdk.marketing.CGMarketing.initialize(CGMarketing.java:65)
07-25 06:15:16.237  2942  2942 W System.err:    at com.centurygame.sdk.CGSdk$d.run(Unknown Source:4)
07-25 06:15:16.237  2942  2942 W System.err:    at android.os.Handler.handleCallback(Handler.java:883)
07-25 06:15:16.237  2942  2942 W System.err:    at android.os.Handler.dispatchMessage(Handler.java:100)
07-25 06:15:16.237  2942  2942 W System.err:    at android.os.Looper.loop(Looper.java:214)
07-25 06:15:16.237  2942  2942 W System.err:    at android.app.ActivityThread.main(ActivityThread.java:7438)
07-25 06:15:16.237  2942  2942 W System.err:    at java.lang.reflect.Method.invoke(Native Method)
07-25 06:15:16.237  2942  2942 W System.err:    at com.android.internal.os.RuntimeInit$MethodAndArgsCaller.run(RuntimeInit.java:492)
07-25 06:15:16.237  2942  2942 W System.err:    at com.android.internal.os.ZygoteInit.main(ZygoteInit.java:930)
07-25 06:15:16.237  2942  2942 W System.err: Caused by: java.lang.ClassNotFoundException: com.centurygame.sdk.marketing.bytedance.CGBytedanceHelper
07-25 06:15:16.237  2942  2942 W System.err:    ... 14 more
07-25 06:15:16.238  2942  2962 E Parcel  : Reading a NULL string not supported here.
07-25 06:15:16.238    83  3318 E ResolverController: No valid NAT64 prefix (100, <unspecified>/0)
07-25 06:15:16.240  2942  2962 E Parcel  : Reading a NULL string not supported here.
07-25 06:15:16.243  2942  2942 W Adjust  : PRODUCTION: Adjust is running in Production mode. Use this setting only for the build that you want to publish. Set the environment to `sandbox` if you want to test your app!
07-25 06:15:16.243  2942  2942 W Adjust  : PRODUCTION: Adjust is running in Production mode. Use this setting only for the build that you want to publish. Set the environment to `sandbox` if you want to test your app!
07-25 06:15:16.243  2942  2962 E Parcel  : Reading a NULL string not supported here.
07-25 06:15:16.244  2942  2962 I chatty  : uid=10108(com.gof.china) .baseapi.thread identical 1 line
07-25 06:15:16.246  2942  2962 E Parcel  : Reading a NULL string not supported here.
07-25 06:15:16.248  2942  2962 I TPush   : [OtherPushManager] deviceType: rockchip
07-25 06:15:16.254  2942  2962 I TPush   : [XGPushManager] start other push channel register !
07-25 06:15:16.255  2942  2962 I TPush   : [XGPushManager] start other push channel register !
07-25 06:15:16.256  2942  2962 E 🍺[centuryGame]🍺-DDPushManager: get tencent push register success. token：097dbfa179a614bb03a4880c35c91e49c2f8
07-25 06:15:16.257  2942  2962 E 🍺[centuryGame]🍺-CGTpushHelper: sendRegistrationToken start
07-25 06:15:16.257  2942  2962 E 🍺[centuryGame]🍺-CGTpushHelper: sendRegistrationToken push token register fail, not login
07-25 06:15:16.257  2942  2962 I TPush   : [XGPushManager] Action -> Register to TPNS server
07-25 06:15:16.262   909   909 D BoundBrokerSvc: onBind: Intent { act=com.google.android.gms.appset.service.START dat=chimera-action: cmp=com.google.android.gms/.chimera.GmsApiService }
07-25 06:15:16.262   909   909 D BoundBrokerSvc: Loading bound service for intent: Intent { act=com.google.android.gms.appset.service.START dat=chimera-action: cmp=com.google.android.gms/.chimera.GmsApiService }
07-25 06:15:16.266  2942  2942 E 🍺[centuryGame]🍺-CGBi [BI_FUN_TAG]:  eventName:self_attribution_event
07-25 06:15:16.275  3095  3209 V TPush   : [RegReq] Register(1580019064,0f993f99f2a6d9a586cf17a73896611f,,-1),payload:  channel id-1
07-25 06:15:16.279    83  3331 E ResolverController: No valid NAT64 prefix (100, <unspecified>/0)
07-25 06:15:16.285  2942  3337 W ApkUtil : getPackageInfo NameNotFoundException
07-25 06:15:16.285  2942  3337 I chatty  : uid=10108(com.gof.china) identical 1 line
07-25 06:15:16.286  2942  3337 W ApkUtil : getPackageInfo NameNotFoundException
07-25 06:15:16.287  2942  3338 W ApkUtil : getPackageInfo NameNotFoundException
07-25 06:15:16.287  2942  3338 I chatty  : uid=10108(com.gof.china) identical 1 line
07-25 06:15:16.287  2942  3338 W ApkUtil : getPackageInfo NameNotFoundException
07-25 06:15:16.296    83  3341 E ResolverController: No valid NAT64 prefix (100, <unspecified>/0)
07-25 06:15:16.297  2942  3342 W ApkUtil : getPackageInfo NameNotFoundException
07-25 06:15:16.297  2942  3342 I chatty  : uid=10108(com.gof.china) identical 1 line
07-25 06:15:16.298  2942  3342 W ApkUtil : getPackageInfo NameNotFoundException
07-25 06:15:16.298  2942  3343 W ApkUtil : getPackageInfo NameNotFoundException
07-25 06:15:16.298  2942  3343 I chatty  : uid=10108(com.gof.china) identical 1 line
07-25 06:15:16.299  2942  3343 W ApkUtil : getPackageInfo NameNotFoundException
07-25 06:15:16.310  2942  2942 D LibStringUtil: isMoreDigitVersion length:3
07-25 06:15:16.310  2942  2942 D LibStringUtil: isMoreDigitVersion:^\d+\.\d+\.\d+$
07-25 06:15:16.310  2942  2942 D LibStringUtil: isMoreDigitVersion test:^\d+\.\d+\.\d+$
07-25 06:15:16.318  3095  3209 D TPush   : [PushServiceBroadcastHandler] >> Register onResponse [accId = 1580019064, token:097dbfa179a614bb03a4880c35c91e49c2f8, otherPushType:0, otherToken: , packName = com.gof.china]
07-25 06:15:16.320    83  3348 E ResolverController: No valid NAT64 prefix (100, <unspecified>/0)
07-25 06:15:16.322  2942  2942 I TPush   : [XGPushManager] Register call back to com.gof.china
07-25 06:15:16.324   287  1065 W Binder  : Outgoing transactions from this process must be FLAG_ONEWAY
07-25 06:15:16.324   287  1065 W Binder  : java.lang.Throwable
07-25 06:15:16.324   287  1065 W Binder  :      at android.os.BinderProxy.transact(BinderProxy.java:481)
07-25 06:15:16.324   287  1065 W Binder  :      at android.content.ContentProviderProxy.getType(ContentProviderNative.java:456)
07-25 06:15:16.324   287  1065 W Binder  :      at com.android.server.am.ActivityManagerService.getProviderMimeType(ActivityManagerService.java:7784)
07-25 06:15:16.324   287  1065 W Binder  :      at android.app.IActivityManager$Stub.onTransact(IActivityManager.java:3207)
07-25 06:15:16.324   287  1065 W Binder  :      at com.android.server.am.ActivityManagerService.onTransact(ActivityManagerService.java:2832)
07-25 06:15:16.324   287  1065 W Binder  :      at android.os.Binder.execTransactInternal(Binder.java:1021)
07-25 06:15:16.324   287  1065 W Binder  :      at android.os.Binder.execTransact(Binder.java:994)
07-25 06:15:16.325  2942  2962 E 🍺[centuryGame]🍺-CGTpushHelper: sendRegistrationToken start
07-25 06:15:16.325  2942  2962 E 🍺[centuryGame]🍺-CGTpushHelper: sendRegistrationToken push token register fail, not login
07-25 06:15:16.365  2942  2942 D LibStringUtil: isMoreDigitVersion length:3
07-25 06:15:16.365  2942  2942 D LibStringUtil: isMoreDigitVersion:^\d+\.\d+\.\d+$
07-25 06:15:16.365  2942  2942 D LibStringUtil: isMoreDigitVersion test:^\d+\.\d+\.\d+$
07-25 06:15:16.368  2942  2942 D LibStringUtil: isMoreDigitVersion length:3
07-25 06:15:16.368  2942  2942 D LibStringUtil: isMoreDigitVersion:^\d+\.\d+\.\d+$
07-25 06:15:16.368  2942  2942 D LibStringUtil: isMoreDigitVersion test:^\d+\.\d+\.\d+$
07-25 06:15:16.378  2942  3068 I Unity   : 06:15:16.375-2: Init lua state cost: 0.01242274
07-25 06:15:16.378  2942  3068 I Unity   : LuaInterface.Debugger:Log(String)
07-25 06:15:16.378  2942  3068 I Unity   : LuaInterface.LuaState:.ctor()
07-25 06:15:16.378  2942  3068 I Unity   : CenturyGame.GameFramework.LuaModule:Init()
07-25 06:15:16.378  2942  3068 I Unity   : CenturyGame.GameFramework.ModuleManager:Init()
07-25 06:15:16.378  2942  3068 I Unity   : CenturyGame.GameFramework.GameMain:<Start>b__8_0()
07-25 06:15:16.378  2942  3068 I Unity   : CenturyGame.GameFramework.LaunchManager:OnLoadSceneCompleted(Scene, LoadSceneMode)
07-25 06:15:16.378  2942  3068 I Unity   :  
07-25 06:15:16.378  2942  3068 I Unity   : (Filename: ./Runtime/Export/Debug.bindings.h Line: 45)
07-25 06:15:16.378  2942  3068 I Unity   : 
07-25 06:15:16.411  2942  3068 I Unity   : 06:15:16.407-2: Register lua type cost time: 0.02621317
07-25 06:15:16.411  2942  3068 I Unity   : LuaInterface.Debugger:Log(String)
07-25 06:15:16.411  2942  3068 I Unity   : LuaBinder:Bind(LuaState)
07-25 06:15:16.411  2942  3068 I Unity   : CenturyGame.GameFramework.LuaModule:Bind()
07-25 06:15:16.411  2942  3068 I Unity   : CenturyGame.GameFramework.LuaModule:Init()
07-25 06:15:16.411  2942  3068 I Unity   : CenturyGame.GameFramework.ModuleManager:Init()
07-25 06:15:16.411  2942  3068 I Unity   : CenturyGame.GameFramework.GameMain:<Start>b__8_0()
07-25 06:15:16.411  2942  3068 I Unity   : CenturyGame.GameFramework.LaunchManager:OnLoadSceneCompleted(Scene, LoadSceneMode)
07-25 06:15:16.411  2942  3068 I Unity   :  
07-25 06:15:16.411  2942  3068 I Unity   : (Filename: ./Runtime/Export/Debug.bindings.h Line: 45)
07-25 06:15:16.411  2942  3068 I Unity   : 
07-25 06:15:16.464    83  3347 E ResolverController: No valid NAT64 prefix (100, <unspecified>/0)
07-25 06:15:16.503   168  2706 I rc_model_v2: fps chg from 3 -> 10
07-25 06:15:16.639  2942  2942 E suiyi digest:: �{�<%�����h�
07-25 06:15:16.738    93  1027 E jw_gps  : connect to /data/misc/gps/gps_ctrl error:2 No such file or directory
07-25 06:15:16.770  2308  2369 E AndroidSerialExecutorImpl.cpp: AndroidSerialExecutorImpl(RequestStreamClient) Exception Running Function, Message: couldn't find key requestId in dynamic object
07-25 06:15:16.873    94   132 D gralloc3: got new private_handle_t instance @0x7d87234280 for buffer 'Unnamed'. share_fd : 7, share_attr_fd : 8, flags : 0x0, width : 720, height : 1280, req_format : 0x1, producer_usage : 0x40000000000b00, consumer_usage : 0x40000000000b00, , stride : 0, alloc_format : 0x100000001, size : 3744768, layer_count : 1, backing_store_size : 3744768, backing_store_id : 403726925868, allocating_pid : 94, ref_count : 1, yuv_info : 0
07-25 06:15:16.873    94   132 D gralloc3: plane_info[0]: offset : 0, byte_stride : 2880, alloc_width : 720, alloc_height : 1280
07-25 06:15:16.873    94   132 D gralloc3: plane_info[1]: offset : 0, byte_stride : 0, alloc_width : 0, alloc_height : 0
07-25 06:15:16.877    94   132 D gralloc3: got new private_handle_t instance @0x7d87234280 for buffer 'Unnamed'. share_fd : 7, share_attr_fd : 8, flags : 0x0, width : 720, height : 1280, req_format : 0x1, producer_usage : 0x40000000000b00, consumer_usage : 0x40000000000b00, , stride : 0, alloc_format : 0x100000001, size : 3744768, layer_count : 1, backing_store_size : 3744768, backing_store_id : 403726925869, allocating_pid : 94, ref_count : 1, yuv_info : 0
07-25 06:15:16.877    94   132 D gralloc3: plane_info[0]: offset : 0, byte_stride : 2880, alloc_width : 720, alloc_height : 1280
07-25 06:15:16.877    94   132 D gralloc3: plane_info[1]: offset : 0, byte_stride : 0, alloc_width : 0, alloc_height : 0
07-25 06:15:16.879    83  3369 E ResolverController: No valid NAT64 prefix (100, <unspecified>/0)
07-25 06:15:16.883    94   132 D gralloc3: got new private_handle_t instance @0x7d87234280 for buffer 'Unnamed'. share_fd : 7, share_attr_fd : 8, flags : 0x0, width : 720, height : 1280, req_format : 0x1, producer_usage : 0x933, consumer_usage : 0x933, , stride : 720, alloc_format : 0x1, size : 3686400, layer_count : 1, backing_store_size : 3686400, backing_store_id : 403726925870, allocating_pid : 94, ref_count : 1, yuv_info : 0
07-25 06:15:16.883    94   132 D gralloc3: plane_info[0]: offset : 0, byte_stride : 2880, alloc_width : 720, alloc_height : 1280
07-25 06:15:16.883    94   132 D gralloc3: plane_info[1]: offset : 0, byte_stride : 0, alloc_width : 0, alloc_height : 0
07-25 06:15:16.900    95    95 E drm_hwc2_gralloc: hwc_get_handle_name:cann't get value from gralloc
07-25 06:15:16.900    95    95 E drm_hwc2_gralloc: hwc_get_handle_name:cann't get value from gralloc
07-25 06:15:16.915   168  2705 I vpu_api_legacy: setup encoder rate control config:
07-25 06:15:16.915   168  2705 I vpu_api_legacy: width  608 height 1080 format 10:1000d
07-25 06:15:16.915   168  2705 I vpu_api_legacy: rc_mode CBR qp 26 bps 4000000
07-25 06:15:16.915   168  2705 I vpu_api_legacy: fps in 60 fps out 60 gop 599
07-25 06:15:16.915   168  2705 I vpu_api_legacy: setup encoder stream feature config:
07-25 06:15:16.915   168  2705 I vpu_api_legacy: profile 66 level 31 cabac 0
07-25 06:15:16.915    95    95 E drm_hwc2_gralloc: hwc_get_handle_name:cann't get value from gralloc
07-25 06:15:16.915    95    95 E drm_hwc2_gralloc: hwc_get_handle_name:cann't get value from gralloc
07-25 06:15:16.915   168  2706 I mpp_enc : mpp_enc_proc_cfg cmd 0x320001
07-25 06:15:16.915   168  2706 I mpp_enc : mpp_enc_proc_rc_cfg change 170025
07-25 06:15:16.915   168  2706 I mpp_enc : mpp_enc_proc_rc_cfg MPP_ENC_RC_CFG_CHANGE_FPS_IN
07-25 06:15:16.915   168  2706 I mpp_enc : MPP_ENC_SET_RC_CFG bps 4000000 [3750000 : 4250000] fps [60:60] gop 599
07-25 06:15:16.915   168  2706 I mpp_enc : send header for set cfg change rc_mode/fps/gop
07-25 06:15:16.915   168  2706 I mpp_enc : set_rc_cfg rc->stats_time 0
07-25 06:15:16.916   168  2706 I mpp_enc : mode cbr bps [3750000:4000000:4250000] fps flex [60/1] -> flex [60/1] gop i [599] v [0]
07-25 06:15:16.916   168  2705 I vpu_api_legacy: vpu_api_set_enc_cfg out
07-25 06:15:16.916   168  2705 I omx_vmpp: setupEncCfg
07-25 06:15:16.916   168  2705 I omx_vmpp: setupFrameRate: framerate 60.00 
07-25 06:15:16.916   168  2705 I omx_vmpp: setupQp: qpInit 26 i 10-51 p 10-49
07-25 06:15:16.916   168  2705 E mpp_cfg : mpp_enc_cfg_set_s32: cfg rc:qp_max_step is invalid
07-25 06:15:16.916   168  2705 E mpp_cfg : mpp_enc_cfg_set_s32: cfg rc:cb_qp_offset is invalid
07-25 06:15:16.916   168  2705 E mpp_cfg : mpp_enc_cfg_set_s32: cfg rc:cr_qp_offset is invalid
07-25 06:15:16.916   168  2706 I mpp_enc : mpp_enc_proc_cfg cmd 0x320001
07-25 06:15:16.916   168  2706 I mpp_enc : mpp_enc_proc_rc_cfg change 170045
07-25 06:15:16.916   168  2706 I mpp_enc : mpp_enc_proc_rc_cfg MPP_ENC_RC_CFG_CHANGE_FPS_OUT
07-25 06:15:16.916   168  2706 I mpp_enc : MPP_ENC_SET_RC_CFG bps 4000000 [250000 : 4250000] fps [60:60] gop 599
07-25 06:15:16.916   168  2706 I mpp_enc : send header for set cfg change rc_mode/fps/gop
07-25 06:15:16.916   168  2706 I mpp_enc : set_rc_cfg rc->stats_time 0
