
07-25 06:15:00.962   168  2705 I omx_vmpp: setupQp: qpInit 26 i 10-51 p 10-49
07-25 06:15:00.962   168  2705 E mpp_cfg : mpp_enc_cfg_set_s32: cfg rc:qp_max_step is invalid
07-25 06:15:00.962   168  2705 E mpp_cfg : mpp_enc_cfg_set_s32: cfg rc:cb_qp_offset is invalid
07-25 06:15:00.962   168  2705 E mpp_cfg : mpp_enc_cfg_set_s32: cfg rc:cr_qp_offset is invalid
07-25 06:15:00.962   168  2706 I mpp_enc : mpp_enc_proc_cfg cmd 0x320001
07-25 06:15:00.962   168  2706 I mpp_enc : mpp_enc_proc_rc_cfg change 170045
07-25 06:15:00.962   168  2706 I mpp_enc : mpp_enc_proc_rc_cfg MPP_ENC_RC_CFG_CHANGE_FPS_OUT
07-25 06:15:00.962   168  2706 I mpp_enc : MPP_ENC_SET_RC_CFG bps 4000000 [250000 : 4250000] fps [60:60] gop 599
07-25 06:15:00.962   168  2706 I mpp_enc : send header for set cfg change rc_mode/fps/gop
07-25 06:15:00.962   168  2706 I mpp_enc : set_rc_cfg rc->stats_time 0
07-25 06:15:00.962   168  2706 I mpp_enc : mode vbr bps [250000:4000000:4250000] fps flex [60/1] -> flex [60/1] gop i [599] v [0]
07-25 06:15:00.962   168  2706 I mpp_enc : xxxxmpp_packet_append
07-25 06:15:01.102  2308  2332 W CrashLoopRemedyLog: unable to delete remedy log, instaCrash: true
07-25 06:15:01.738    93  1027 E jw_gps  : connect to /data/misc/gps/gps_ctrl error:2 No such file or directory
07-25 06:15:01.906   812   812 D BoundBrokerSvc: onUnbind: Intent { act=com.google.android.gms.udc.service.START dat=chimera-action: cmp=com.google.android.gms/.chimera.PersistentApiService }
07-25 06:15:02.705  2308  2370 E AndroidSerialExecutorImpl.cpp: AndroidSerialExecutorImpl(RequestStreamClient) Exception Running Function, Message: couldn't find key requestId in dynamic object
07-25 06:15:04.606   100   123 E JWSensorsHal: connect to /data/misc/sensor/sensor_ctrl error:2 No such file or directory
07-25 06:15:04.743    89   193 E JWAudioHAL: connect to /data/misc/audioserver/audio_out error:2 No such file or directory
07-25 06:15:06.738    93  1027 E jw_gps  : connect to /data/misc/gps/gps_ctrl error:2 No such file or directory
07-25 06:15:08.079  1781  1801 I Finsky:background: [164] nft.run(519): Stats for Executor: bgExecutor pyz@ad788d0[Running, pool size = 2, active threads = 0, queued tasks = 0, completed tasks = 2]
07-25 06:15:08.080  1781  1801 I Finsky:background: [164] nft.run(519): Stats for Executor: LightweightExecutor pyz@a54d0c9[Running, pool size = 3, active threads = 0, queued tasks = 0, completed tasks = 3]
07-25 06:15:08.154  1781  1801 I Finsky:background: [164] nft.run(519): Stats for Executor: BlockingExecutor pyz@23053ce[Running, pool size = 0, active threads = 0, queued tasks = 0, completed tasks = 0]
07-25 06:15:09.607   100   123 E JWSensorsHal: connect to /data/misc/sensor/sensor_ctrl error:2 No such file or directory
07-25 06:15:09.743    89   193 E JWAudioHAL: connect to /data/misc/audioserver/audio_out error:2 No such file or directory
07-25 06:15:11.575   812   812 D BoundBrokerSvc: onUnbind: Intent { act=com.google.android.gms.auth.account.workaccount.START dat=chimera-action: cmp=com.google.android.gms/.chimera.PersistentApiService }
07-25 06:15:11.738    93  1027 E jw_gps  : connect to /data/misc/gps/gps_ctrl error:2 No such file or directory
07-25 06:15:12.321   287   388 V InputDispatcher: Asynchronous input event injection succeeded.
07-25 06:15:12.431   287   388 V InputDispatcher: Asynchronous input event injection succeeded.
07-25 06:15:12.450   105   414 W AudioFlinger: createTrack_l(): mismatch between requested flags (00000004) and output flags (00000002)
07-25 06:15:12.456   287  1065 I ActivityTaskManager: START u0 {act=android.intent.action.MAIN cat=[android.intent.category.LAUNCHER] flg=0x10200000 cmp=com.gof.china/.DDUnityLaunchActivity bnds=[194,307][360,550]} from uid 1000
07-25 06:15:12.473   105   414 D AF::TrackHandle: OpPlayAudio: track:55 usage:13 not muted
07-25 06:15:12.475   287  1065 I ActivityTaskManager: getPackageFerformanceMode--ComponentInfo{com.gof.china/com.gof.china.DDUnityLaunchActivity}----com.gof.china
07-25 06:15:12.476   287   412 W AudioTrack: createTrack_l(0): AUDIO_OUTPUT_FLAG_FAST denied by server; frameCount 0 -> 4512
07-25 06:15:12.483   287   320 E system_server: Invalid ID 0x00000000.
07-25 06:15:12.484   287   320 W System  : ClassLoader referenced unknown path: 
07-25 06:15:12.484   595   595 I Launcher3: Launcher onPause.
07-25 06:15:12.485   287  1055 I ActivityTaskManager: getPackageFerformanceMode--ComponentInfo{com.gof.china/com.gof.china.DDUnityLaunchActivity}----com.gof.china
07-25 06:15:12.489   287   324 E memtrack: Couldn't load memtrack module
07-25 06:15:12.489   287   324 W android.os.Debug: failed to get memory consumption info: -1
07-25 06:15:12.502  1071  1315 V Space   : Received message: prop:0
07-25 06:15:12.502  1071  1315 W Space   : send warn: remove ? android.net.LocalSocket@8d9058 impl:android.net.LocalSocketImpl@a5175b1 fd:java.io.FileDescriptor@e713a96
07-25 06:15:12.503    94   132 D gralloc3: got new private_handle_t instance @0x7d87234280 for buffer 'Unnamed'. share_fd : 7, share_attr_fd : 8, flags : 0x0, width : 720, height : 1280, req_format : 0x1, producer_usage : 0x933, consumer_usage : 0x933, , stride : 720, alloc_format : 0x1, size : 3686400, layer_count : 1, backing_store_size : 3686400, backing_store_id : 403726925865, allocating_pid : 94, ref_count : 1, yuv_info : 0
07-25 06:15:12.503    94   132 D gralloc3: plane_info[0]: offset : 0, byte_stride : 2880, alloc_width : 720, alloc_height : 1280
07-25 06:15:12.503    94   132 D gralloc3: plane_info[1]: offset : 0, byte_stride : 0, alloc_width : 0, alloc_height : 0
07-25 06:15:12.504   287   324 E memtrack: Couldn't load memtrack module
07-25 06:15:12.504   287   324 W android.os.Debug: failed to get memory consumption info: -1
07-25 06:15:12.507   287   320 E ion     : ioctl c0044901 failed with code -1: Not a typewriter
07-25 06:15:12.519   168  2706 I mpp_enc : mpp_enc_proc_cfg cmd 0x320009
07-25 06:15:12.519   168  2706 I mpp_enc : send header for codec/prep cfg change
07-25 06:15:12.519   168  2705 I vpu_api_legacy: setup encoder rate control config:
07-25 06:15:12.519   168  2705 I vpu_api_legacy: width  608 height 1080 format 10:1000d
07-25 06:15:12.519   168  2705 I vpu_api_legacy: rc_mode CBR qp 26 bps 4000000
07-25 06:15:12.519   168  2705 I vpu_api_legacy: fps in 60 fps out 60 gop 599
07-25 06:15:12.519   168  2705 I vpu_api_legacy: setup encoder stream feature config:
07-25 06:15:12.519   168  2705 I vpu_api_legacy: profile 66 level 31 cabac 0
07-25 06:15:12.519   168  2706 I mpp_enc : mpp_enc_proc_cfg cmd 0x320001
07-25 06:15:12.519   168  2706 I mpp_enc : mpp_enc_proc_rc_cfg change 170025
07-25 06:15:12.519   168  2706 I mpp_enc : mpp_enc_proc_rc_cfg MPP_ENC_RC_CFG_CHANGE_FPS_IN
07-25 06:15:12.519   168  2706 I mpp_enc : MPP_ENC_SET_RC_CFG bps 4000000 [3750000 : 4250000] fps [60:60] gop 599
07-25 06:15:12.519   168  2706 I mpp_enc : send header for set cfg change rc_mode/fps/gop
07-25 06:15:12.519   168  2706 I mpp_enc : set_rc_cfg rc->stats_time 0
07-25 06:15:12.519   168  2706 I mpp_enc : mode cbr bps [3750000:4000000:4250000] fps flex [60/1] -> flex [60/1] gop i [599] v [0]
07-25 06:15:12.519   168  2705 I vpu_api_legacy: vpu_api_set_enc_cfg out
07-25 06:15:12.519   168  2705 I omx_vmpp: setupEncCfg
07-25 06:15:12.519   168  2705 I omx_vmpp: setupFrameRate: framerate 60.00 
07-25 06:15:12.519   168  2705 I omx_vmpp: setupQp: qpInit 26 i 10-51 p 10-49
07-25 06:15:12.519   168  2705 E mpp_cfg : mpp_enc_cfg_set_s32: cfg rc:qp_max_step is invalid
07-25 06:15:12.519   168  2705 E mpp_cfg : mpp_enc_cfg_set_s32: cfg rc:cb_qp_offset is invalid
07-25 06:15:12.519   168  2705 E mpp_cfg : mpp_enc_cfg_set_s32: cfg rc:cr_qp_offset is invalid
07-25 06:15:12.519   168  2706 I mpp_enc : mpp_enc_proc_cfg cmd 0x320001
07-25 06:15:12.519   168  2706 I mpp_enc : mpp_enc_proc_rc_cfg change 170045
07-25 06:15:12.519   168  2706 I mpp_enc : mpp_enc_proc_rc_cfg MPP_ENC_RC_CFG_CHANGE_FPS_OUT
07-25 06:15:12.519   168  2706 I mpp_enc : MPP_ENC_SET_RC_CFG bps 4000000 [250000 : 4250000] fps [60:60] gop 599
07-25 06:15:12.519   168  2706 I mpp_enc : send header for set cfg change rc_mode/fps/gop
07-25 06:15:12.519   168  2706 I mpp_enc : set_rc_cfg rc->stats_time 0
07-25 06:15:12.519   168  2706 I mpp_enc : mode vbr bps [250000:4000000:4250000] fps flex [60/1] -> flex [60/1] gop i [599] v [0]
07-25 06:15:12.520   168  2706 I mpp_enc : xxxxmpp_packet_append
07-25 06:15:12.599   168  2706 I mpp_enc : mpp_enc_proc_cfg cmd 0x320009
07-25 06:15:12.599   168  2706 I mpp_enc : send header for codec/prep cfg change
07-25 06:15:12.599   168  2705 I vpu_api_legacy: setup encoder rate control config:
07-25 06:15:12.599   168  2705 I vpu_api_legacy: width  608 height 1080 format 10:1000d
07-25 06:15:12.599   168  2705 I vpu_api_legacy: rc_mode CBR qp 26 bps 4000000
07-25 06:15:12.599   168  2705 I vpu_api_legacy: fps in 60 fps out 60 gop 599
07-25 06:15:12.599   168  2705 I vpu_api_legacy: setup encoder stream feature config:
07-25 06:15:12.599   168  2705 I vpu_api_legacy: profile 66 level 31 cabac 0
07-25 06:15:12.599   168  2706 I mpp_enc : mpp_enc_proc_cfg cmd 0x320001
07-25 06:15:12.599   168  2706 I mpp_enc : mpp_enc_proc_rc_cfg change 170025
07-25 06:15:12.599   168  2706 I mpp_enc : mpp_enc_proc_rc_cfg MPP_ENC_RC_CFG_CHANGE_FPS_IN
07-25 06:15:12.599   168  2706 I mpp_enc : MPP_ENC_SET_RC_CFG bps 4000000 [3750000 : 4250000] fps [60:60] gop 599
07-25 06:15:12.599   168  2706 I mpp_enc : send header for set cfg change rc_mode/fps/gop
07-25 06:15:12.599   168  2706 I mpp_enc : set_rc_cfg rc->stats_time 0
07-25 06:15:12.599   168  2706 I mpp_enc : mode cbr bps [3750000:4000000:4250000] fps flex [60/1] -> flex [60/1] gop i [599] v [0]
07-25 06:15:12.599   168  2705 I vpu_api_legacy: vpu_api_set_enc_cfg out
07-25 06:15:12.599   168  2705 I omx_vmpp: setupEncCfg
07-25 06:15:12.599   168  2705 I omx_vmpp: setupFrameRate: framerate 60.00 
07-25 06:15:12.599   168  2705 I omx_vmpp: setupQp: qpInit 26 i 10-51 p 10-49
07-25 06:15:12.599   168  2705 E mpp_cfg : mpp_enc_cfg_set_s32: cfg rc:qp_max_step is invalid
07-25 06:15:12.599   168  2705 E mpp_cfg : mpp_enc_cfg_set_s32: cfg rc:cb_qp_offset is invalid
07-25 06:15:12.601   168  2705 E mpp_cfg : mpp_enc_cfg_set_s32: cfg rc:cr_qp_offset is invalid
07-25 06:15:12.601   168  2706 I mpp_enc : mpp_enc_proc_cfg cmd 0x320001
07-25 06:15:12.601   168  2706 I mpp_enc : mpp_enc_proc_rc_cfg change 170045
07-25 06:15:12.601   168  2706 I mpp_enc : mpp_enc_proc_rc_cfg MPP_ENC_RC_CFG_CHANGE_FPS_OUT
07-25 06:15:12.601   168  2706 I mpp_enc : MPP_ENC_SET_RC_CFG bps 4000000 [250000 : 4250000] fps [60:60] gop 599
07-25 06:15:12.601   168  2706 I mpp_enc : send header for set cfg change rc_mode/fps/gop
07-25 06:15:12.601   168  2706 I mpp_enc : set_rc_cfg rc->stats_time 0
07-25 06:15:12.601   168  2706 I mpp_enc : mode vbr bps [250000:4000000:4250000] fps flex [60/1] -> flex [60/1] gop i [599] v [0]
07-25 06:15:12.601   168  2706 I mpp_enc : xxxxmpp_packet_append
07-25 06:15:12.768   168  2706 I mpp_enc : mpp_enc_proc_cfg cmd 0x320009
07-25 06:15:12.768   168  2706 I mpp_enc : send header for codec/prep cfg change
07-25 06:15:12.768   168  2705 I vpu_api_legacy: setup encoder rate control config:
07-25 06:15:12.768   168  2705 I vpu_api_legacy: width  608 height 1080 format 10:1000d
07-25 06:15:12.768   168  2705 I vpu_api_legacy: rc_mode CBR qp 26 bps 4000000
07-25 06:15:12.768   168  2705 I vpu_api_legacy: fps in 60 fps out 60 gop 599
07-25 06:15:12.768   168  2705 I vpu_api_legacy: setup encoder stream feature config:
07-25 06:15:12.768   168  2705 I vpu_api_legacy: profile 66 level 31 cabac 0
07-25 06:15:12.769   168  2706 I mpp_enc : mpp_enc_proc_cfg cmd 0x320001
07-25 06:15:12.769   168  2706 I mpp_enc : mpp_enc_proc_rc_cfg change 170025
07-25 06:15:12.769   168  2706 I mpp_enc : mpp_enc_proc_rc_cfg MPP_ENC_RC_CFG_CHANGE_FPS_IN
07-25 06:15:12.769   168  2706 I mpp_enc : MPP_ENC_SET_RC_CFG bps 4000000 [3750000 : 4250000] fps [60:60] gop 599
07-25 06:15:12.769   168  2706 I mpp_enc : send header for set cfg change rc_mode/fps/gop
07-25 06:15:12.769   168  2706 I mpp_enc : set_rc_cfg rc->stats_time 0
07-25 06:15:12.769   168  2706 I mpp_enc : mode cbr bps [3750000:4000000:4250000] fps flex [60/1] -> flex [60/1] gop i [599] v [0]
07-25 06:15:12.769   168  2705 I vpu_api_legacy: vpu_api_set_enc_cfg out
07-25 06:15:12.769   168  2705 I omx_vmpp: setupEncCfg
07-25 06:15:12.769   168  2705 I omx_vmpp: setupFrameRate: framerate 60.00 
07-25 06:15:12.769   168  2705 I omx_vmpp: setupQp: qpInit 26 i 10-51 p 10-49
07-25 06:15:12.769   168  2705 E mpp_cfg : mpp_enc_cfg_set_s32: cfg rc:qp_max_step is invalid
07-25 06:15:12.769   168  2705 E mpp_cfg : mpp_enc_cfg_set_s32: cfg rc:cb_qp_offset is invalid
07-25 06:15:12.769   168  2705 E mpp_cfg : mpp_enc_cfg_set_s32: cfg rc:cr_qp_offset is invalid
07-25 06:15:12.769   168  2706 I mpp_enc : mpp_enc_proc_cfg cmd 0x320001
07-25 06:15:12.769   168  2706 I mpp_enc : mpp_enc_proc_rc_cfg change 170045
07-25 06:15:12.769   168  2706 I mpp_enc : mpp_enc_proc_rc_cfg MPP_ENC_RC_CFG_CHANGE_FPS_OUT
07-25 06:15:12.769   168  2706 I mpp_enc : MPP_ENC_SET_RC_CFG bps 4000000 [250000 : 4250000] fps [60:60] gop 599
07-25 06:15:12.769   168  2706 I mpp_enc : send header for set cfg change rc_mode/fps/gop
07-25 06:15:12.769   168  2706 I mpp_enc : set_rc_cfg rc->stats_time 0
07-25 06:15:12.769   168  2706 I mpp_enc : mode vbr bps [250000:4000000:4250000] fps flex [60/1] -> flex [60/1] gop i [599] v [0]
07-25 06:15:12.770   168  2706 I mpp_enc : xxxxmpp_packet_append
07-25 06:15:13.197  1781  1798 W bebs    : ignoring non-oneway transaction. flags=16
07-25 06:15:13.271   168  2705 I vpu_api_legacy: setup encoder rate control config:
07-25 06:15:13.272   168  2705 I vpu_api_legacy: width  608 height 1080 format 10:1000d
07-25 06:15:13.273   168  2705 I vpu_api_legacy: rc_mode CBR qp 26 bps 4000000
07-25 06:15:13.274   168  2705 I vpu_api_legacy: fps in 60 fps out 60 gop 599
07-25 06:15:13.274   168  2705 I vpu_api_legacy: setup encoder stream feature config:
07-25 06:15:13.274   168  2705 I vpu_api_legacy: profile 66 level 31 cabac 0
07-25 06:15:13.274   168  2706 I mpp_enc : mpp_enc_proc_cfg cmd 0x320001
07-25 06:15:13.274   168  2706 I mpp_enc : mpp_enc_proc_rc_cfg change 170025
07-25 06:15:13.274   168  2706 I mpp_enc : mpp_enc_proc_rc_cfg MPP_ENC_RC_CFG_CHANGE_FPS_IN
07-25 06:15:13.274   168  2706 I mpp_enc : MPP_ENC_SET_RC_CFG bps 4000000 [3750000 : 4250000] fps [60:60] gop 599
07-25 06:15:13.274   168  2706 I mpp_enc : send header for set cfg change rc_mode/fps/gop
07-25 06:15:13.274   168  2706 I mpp_enc : set_rc_cfg rc->stats_time 0
07-25 06:15:13.274   168  2706 I mpp_enc : mode cbr bps [3750000:4000000:4250000] fps flex [60/1] -> flex [60/1] gop i [599] v [0]
07-25 06:15:13.275   168  2705 I vpu_api_legacy: vpu_api_set_enc_cfg out
07-25 06:15:13.275   168  2705 I omx_vmpp: setupEncCfg
07-25 06:15:13.275   168  2705 I omx_vmpp: setupFrameRate: framerate 60.00 
07-25 06:15:13.275   168  2705 I omx_vmpp: setupQp: qpInit 26 i 10-51 p 10-49
07-25 06:15:13.275   168  2705 E mpp_cfg : mpp_enc_cfg_set_s32: cfg rc:qp_max_step is invalid
07-25 06:15:13.275   168  2705 E mpp_cfg : mpp_enc_cfg_set_s32: cfg rc:cb_qp_offset is invalid
07-25 06:15:13.275   168  2705 E mpp_cfg : mpp_enc_cfg_set_s32: cfg rc:cr_qp_offset is invalid
07-25 06:15:13.275   168  2706 I mpp_enc : mpp_enc_proc_cfg cmd 0x320001
07-25 06:15:13.275   168  2706 I mpp_enc : mpp_enc_proc_rc_cfg change 170045
07-25 06:15:13.275   168  2706 I mpp_enc : mpp_enc_proc_rc_cfg MPP_ENC_RC_CFG_CHANGE_FPS_OUT
07-25 06:15:13.275   168  2706 I mpp_enc : MPP_ENC_SET_RC_CFG bps 4000000 [250000 : 4250000] fps [60:60] gop 599
07-25 06:15:13.275   168  2706 I mpp_enc : send header for set cfg change rc_mode/fps/gop
07-25 06:15:13.275   168  2706 I mpp_enc : set_rc_cfg rc->stats_time 0
07-25 06:15:13.275   168  2706 I mpp_enc : mode vbr bps [250000:4000000:4250000] fps flex [60/1] -> flex [60/1] gop i [599] v [0]
07-25 06:15:13.276   168  2706 I mpp_enc : xxxxmpp_packet_append
07-25 06:15:13.503    84    84 W         : Read socket err: Try again
07-25 06:15:13.503  1071  1315 V Space   : closeClient: android.net.LocalSocket@8d9058 impl:android.net.LocalSocketImpl@a5175b1 fd:java.io.FileDescriptor@e713a96, reason: reached the end
07-25 06:15:13.513    84    84 D Zygote  : Forked child process 2942
07-25 06:15:13.521   287   326 W ActivityManager: Slow operation: 1029ms so far, now at startProcess: returned from zygote!
07-25 06:15:13.521   287   326 W ActivityManager: Slow operation: 1030ms so far, now at startProcess: done updating battery stats
07-25 06:15:13.521   287   326 W ActivityManager: Slow operation: 1030ms so far, now at startProcess: building log message
07-25 06:15:13.521   287   326 I ActivityManager: Start proc 2942:com.gof.china/u0a108 for activity {com.gof.china/com.gof.china.DDUnityLaunchActivity}
07-25 06:15:13.521   287   326 W ActivityManager: Slow operation: 1030ms so far, now at startProcess: starting to update pids map
07-25 06:15:13.521   287   326 W ActivityManager: Slow operation: 1030ms so far, now at startProcess: done updating pids map
07-25 06:15:13.529  2942  2942 W         : Access socket err: No such file or directory
07-25 06:15:13.530  2942  2942 I Zygote  : seccomp disabled by setenforce 0
07-25 06:15:13.534  2942  2942 E com.gof.china: Not starting debugger since process cannot load the jdwp agent.
07-25 06:15:13.548   287   324 E memtrack: Couldn't load memtrack module
07-25 06:15:13.548   287   324 W android.os.Debug: failed to get memory consumption info: -1
07-25 06:15:13.558  1071  1099 V Space   : sendTracking: resume_activity ({"opType":"resume_activity","resultCode":0,"component":"com.gof.china\/.DDUnityLaunchActivity","package":"com.gof.china"})
07-25 06:15:13.560   287   320 W WindowManager: Unable to find process with pid=595 uid=1000
07-25 06:15:13.566   168  2706 I rc_model_v2: fps chg from 60 -> 17
07-25 06:15:13.580  2942  2942 I com.gof.china: The ClassLoaderContext is a special shared library.
07-25 06:15:13.596  2942  2942 I MultiDex: VM with version 2.1.0 has multidex support
07-25 06:15:13.596  2942  2942 I MultiDex: Installing application
07-25 06:15:13.596  2942  2942 I MultiDex: VM has multidex support, MultiDex support library is disabled.
07-25 06:15:13.612  2942  2963 D ActivityThread: Loading provider com.gof.china.XG_SETTINGS_PROVIDER: com.tencent.tpns.baseapi.base.SettingsContentProvider
07-25 06:15:13.634  2942  2962 I TPush-Native: JNI_OnLoad
07-25 06:15:13.638  2942  2942 D AndroidAutoSize: designWidthInDp = 360, designHeightInDp = 640, screenWidth = 720, screenHeight = 1280
07-25 06:15:13.639  2942  2942 D AndroidAutoSize: initDensity = 2.0, initScaledDensity = 2.0
07-25 06:15:13.664  1071  1145 V Space   : Received message: prop:0
07-25 06:15:13.664  1071  1145 W Space   : send warn: remove ? android.net.LocalSocket@c13d617 impl:android.net.LocalSocketImpl@c775a04 fd:java.io.FileDescriptor@f56bbed
07-25 06:15:13.668  2942  2942 E suiyi digest:: PǙK���|�����
07-25 06:15:13.672  2942  2942 E 🍺[centuryGame]🍺-CGSdk: preInitInApplication
07-25 06:15:13.672  2942  2942 E suiyi digest:: PǙK���|�����
07-25 06:15:13.675  2942  2942 E DeviceUtils: VERSION_NAME:1.2.6
07-25 06:15:13.675  2942  2942 E DeviceUtils: VERSION_CODE:17
07-25 06:15:13.676  2942  2942 E CGSdk   : registerReceiver
07-25 06:15:13.684  2942  2942 E 🍺[centuryGame]🍺-CGSdk: start initBugly: true
07-25 06:15:13.685  2942  2942 W System.err: java.io.FileNotFoundException: cztchannel.txt
07-25 06:15:13.685  2942  2942 W System.err:    at android.content.res.AssetManager.nativeOpenAsset(Native Method)
07-25 06:15:13.685  2942  2942 W System.err:    at android.content.res.AssetManager.open(AssetManager.java:824)
07-25 06:15:13.685  2942  2942 W System.err:    at android.content.res.AssetManager.open(AssetManager.java:801)
07-25 06:15:13.685  2942  2942 W System.err:    at com.centurygame.sdk.utils.ChannelUtil.getFromAssets(ChannelUtil.java:78)
07-25 06:15:13.685  2942  2942 W System.err:    at com.centurygame.sdk.utils.ChannelUtil.getChannelFromApkChina(ChannelUtil.java:69)
07-25 06:15:13.685  2942  2942 W System.err:    at com.centurygame.sdk.utils.ChannelUtil.getChannel(ChannelUtil.java:46)
07-25 06:15:13.685  2942  2942 W System.err:    at com.centurygame.sdk.CGSdk.initBugly(Unknown Source:60)
07-25 06:15:13.685  2942  2942 W System.err:    at com.centurygame.sdk.CGSdk.preInit(Unknown Source:57)
07-25 06:15:13.685  2942  2942 W System.err:    at com.centurygame.sdk.CGSDKChinaApplication.onCreate(CGSDKChinaApplication.java:46)
07-25 06:15:13.685  2942  2942 W System.err:    at android.app.Instrumentation.callApplicationOnCreate(Instrumentation.java:1189)
07-25 06:15:13.685  2942  2942 W System.err:    at android.app.ActivityThread.handleBindApplication(ActivityThread.java:6542)
07-25 06:15:13.685  2942  2942 W System.err:    at android.app.ActivityThread.access$1300(ActivityThread.java:229)
07-25 06:15:13.685  2942  2942 W System.err:    at android.app.ActivityThread$H.handleMessage(ActivityThread.java:1869)
07-25 06:15:13.685  2942  2942 W System.err:    at android.os.Handler.dispatchMessage(Handler.java:107)
07-25 06:15:13.685  2942  2942 W System.err:    at android.os.Looper.loop(Looper.java:214)
07-25 06:15:13.685  2942  2942 W System.err:    at android.app.ActivityThread.main(ActivityThread.java:7438)
07-25 06:15:13.685  2942  2942 W System.err:    at java.lang.reflect.Method.invoke(Native Method)
07-25 06:15:13.685  2942  2942 W System.err:    at com.android.internal.os.RuntimeInit$MethodAndArgsCaller.run(RuntimeInit.java:492)
07-25 06:15:13.685  2942  2942 W System.err:    at com.android.internal.os.ZygoteInit.main(ZygoteInit.java:930)
07-25 06:15:13.696    83  2994 E ResolverController: No valid NAT64 prefix (100, <unspecified>/0)
07-25 06:15:13.705  2942  2942 I eup     : register native abi method success
07-25 06:15:13.707  2942  2942 E CGBuglyHelper: bugly init success
07-25 06:15:13.708  2942  2942 E 🍺[centuryGame]🍺-CGSdk: rumConfig is rumString:{"rum_version":"1.0","debug":false,"rum_app_tag":"devops.rum.us","sampling":{"event_white_list":[],"user_white_list":[],"service_name_white_list":[],"user_black_list":[],"sample_rate":1},"log_server_url":"https:\/\/logagent.campfiregames.cn\/log","rum_app_key":"d3b7c2e58b97b29faa637dc31af8feb6","rum_app_id":"gof.cn.prod","cache_threshold":1,"mobile_domain_list":["https:\/\/logagent.campfiregames.cn"]}
07-25 06:15:13.709   287   325 W BroadcastQueue: Permission Denial: broadcasting Intent { act=android.net.conn.CONNECTIVITY_CHANGE flg=0x4200010 (has extras) } from null (pid=-1, uid=-1) requires com.tencent.bugly.BuglyBroadcastReceiver.permission due to registered receiver BroadcastFilter{6e48f16 10108/u0 ReceiverList{ee34c31 2942 com.gof.china/10108/u0 remote:7eb0d8}}
07-25 06:15:13.711  2942  2942 E com.gof.china: Invalid ID 0x00000000.
07-25 06:15:13.712  2942  2942 I chatty  : uid=10108(com.gof.china) identical 1 line
07-25 06:15:13.712  2942  2942 E com.gof.china: Invalid ID 0x00000000.
07-25 06:15:13.726    83  3007 E ResolverController: No valid NAT64 prefix (100, <unspecified>/0)
07-25 06:15:13.736   287   303 D ConnectivityService: requestNetwork for uid/pid:10108/2942 NetworkRequest [ TRACK_DEFAULT id=34, [ Capabilities: INTERNET&NOT_RESTRICTED&TRUSTED Uid: 10108] ]
07-25 06:15:13.737   287   429 D Ethernet: got request NetworkRequest [ TRACK_DEFAULT id=34, [ Capabilities: INTERNET&NOT_RESTRICTED&TRUSTED Uid: 10108] ] with score 70 and serial -1
07-25 06:15:13.737   614   614 D PhoneSwitcherNetworkRequstListener: got request NetworkRequest [ TRACK_DEFAULT id=34, [ Capabilities: INTERNET&NOT_RESTRICTED&TRUSTED Uid: 10108] ] with score 70 and serial -1
07-25 06:15:13.737   287   399 D WifiNetworkFactory: got request NetworkRequest [ TRACK_DEFAULT id=34, [ Capabilities: INTERNET&NOT_RESTRICTED&TRUSTED Uid: 10108] ] with score 70 and serial -1
07-25 06:15:13.737   287   399 D UntrustedWifiNetworkFactory: got request NetworkRequest [ TRACK_DEFAULT id=34, [ Capabilities: INTERNET&NOT_RESTRICTED&TRUSTED Uid: 10108] ] with score 70 and serial -1
07-25 06:15:13.741   435   435 V KeyguardUpdateMonitor: onSubscriptionInfoChanged()
07-25 06:15:13.742   435   435 V KeyguardUpdateMonitor: SubInfo:{id=1, iccId=890124019[****] simSlotIndex=0 carrierId=1 displayName=T-Mobile carrierName=T-Mobile nameSource=0 iconTint=-16746133 mNumber=[****] dataRoaming=0 iconBitmap=android.graphics.Bitmap@14f90fc mcc 310 mnc 260mCountryIso=us isEmbedded false nativeAccessRules null cardString=890124019[****] cardId=-1 isOpportunistic false mGroupUUID=null mIsGroupDisabled=false profileClass=-1 ehplmns = null hplmns = null subscriptionType=0 mGroupOwner=null carrierConfigAccessRules=null}
07-25 06:15:13.753  2942  2942 E com.gof.china: Invalid ID 0x00000000.
07-25 06:15:13.757  2942  2942 E 🍺[centuryGame]🍺-CGHelpshiftHelper: [Helpshift DEBUG] helpshiftConfig isForChina:true
07-25 06:15:13.759   614   636 D PhoneInterfaceManager: [PhoneIntfMgr] isDataEnabled: subId=1 phoneId=0
07-25 06:15:13.759   614   636 D PhoneInterfaceManager: [PhoneIntfMgr] isDataEnabled: subId=1 retVal=true
07-25 06:15:13.762  2942  3034 D Helpshift_Migrator: Migration not required, skipping
07-25 06:15:13.764  2942  3006 D NetworkSecurityConfig: No Network Security Config specified, using platform default
07-25 06:15:13.766  2942  2942 E 🍺[centuryGame]🍺-CGSdk: adjustString is null
07-25 06:15:13.766  2942  2942 W System.err: java.lang.ClassNotFoundException: com.google.firebase.FirebaseApp
07-25 06:15:13.767  2942  2942 W System.err:    at java.lang.Class.classForName(Native Method)
07-25 06:15:13.767  2942  2942 W System.err:    at java.lang.Class.forName(Class.java:454)
07-25 06:15:13.767  2942  2942 W System.err:    at java.lang.Class.forName(Class.java:379)
07-25 06:15:13.767  2942  2942 W System.err:    at com.centurygame.sdk.utils.ReflectionUtils.invokeStaticMethod(ReflectionUtils.java:139)
07-25 06:15:13.767  2942  2942 W System.err:    at com.centurygame.sdk.CGSdk.b(Unknown Source:16)
07-25 06:15:13.767  2942  2942 W System.err:    at com.centurygame.sdk.CGSdk.c(Unknown Source:26)
07-25 06:15:13.767  2942  2942 W System.err:    at com.centurygame.sdk.CGSdk.preInit(Unknown Source:60)
07-25 06:15:13.767  2942  2942 W System.err:    at com.centurygame.sdk.CGSDKChinaApplication.onCreate(CGSDKChinaApplication.java:46)
07-25 06:15:13.767  2942  2942 W System.err:    at android.app.Instrumentation.callApplicationOnCreate(Instrumentation.java:1189)
07-25 06:15:13.767  2942  2942 W System.err:    at android.app.ActivityThread.handleBindApplication(ActivityThread.java:6542)
07-25 06:15:13.767  2942  2942 W System.err:    at android.app.ActivityThread.access$1300(ActivityThread.java:229)
07-25 06:15:13.767  2942  2942 W System.err:    at android.app.ActivityThread$H.handleMessage(ActivityThread.java:1869)
07-25 06:15:13.767  2942  2942 W System.err:    at android.os.Handler.dispatchMessage(Handler.java:107)
07-25 06:15:13.767  2942  2942 W System.err:    at android.os.Looper.loop(Looper.java:214)
07-25 06:15:13.767  2942  2942 W System.err:    at android.app.ActivityThread.main(ActivityThread.java:7438)
07-25 06:15:13.767  2942  2942 W System.err:    at java.lang.reflect.Method.invoke(Native Method)
07-25 06:15:13.767  2942  2942 W System.err:    at com.android.internal.os.RuntimeInit$MethodAndArgsCaller.run(RuntimeInit.java:492)
07-25 06:15:13.767  2942  2942 W System.err:    at com.android.internal.os.ZygoteInit.main(ZygoteInit.java:930)
07-25 06:15:13.767  2942  2942 W System.err: Caused by: java.lang.ClassNotFoundException: com.google.firebase.FirebaseApp
07-25 06:15:13.767  2942  2942 W System.err:    ... 18 more
07-25 06:15:13.767  2942  2942 W System.err: java.lang.ClassNotFoundException: com.centurygame.sdk.marketing.googleanalytics.CGGoogleanalyticsHelper
07-25 06:15:13.767  2942  2942 W System.err:    at java.lang.Class.classForName(Native Method)
07-25 06:15:13.767  2942  2942 W System.err:    at java.lang.Class.forName(Class.java:454)
07-25 06:15:13.767  2942  2942 W System.err:    at java.lang.Class.forName(Class.java:379)
07-25 06:15:13.767  2942  2942 W System.err:    at com.centurygame.sdk.utils.ReflectionUtils.invokeInstanceMethod(ReflectionUtils.java:183)
07-25 06:15:13.767  2942  2942 W System.err:    at com.centurygame.sdk.CGSdk.b(Unknown Source:33)
07-25 06:15:13.767  2942  2942 W System.err:    at com.centurygame.sdk.CGSdk.c(Unknown Source:26)
07-25 06:15:13.767  2942  2942 W System.err:    at com.centurygame.sdk.CGSdk.preInit(Unknown Source:60)
07-25 06:15:13.767  2942  2942 W System.err:    at com.centurygame.sdk.CGSDKChinaApplication.onCreate(CGSDKChinaApplication.java:46)
07-25 06:15:13.767  2942  2942 W System.err:    at android.app.Instrumentation.callApplicationOnCreate(Instrumentation.java:1189)
07-25 06:15:13.767  2942  2942 W System.err:    at android.app.ActivityThread.handleBindApplication(ActivityThread.java:6542)
07-25 06:15:13.767  2942  2942 W System.err:    at android.app.ActivityThread.access$1300(ActivityThread.java:229)
07-25 06:15:13.767  2942  2942 W System.err:    at android.app.ActivityThread$H.handleMessage(ActivityThread.java:1869)
07-25 06:15:13.767  2942  2942 W System.err:    at android.os.Handler.dispatchMessage(Handler.java:107)
07-25 06:15:13.767  2942  2942 W System.err:    at android.os.Looper.loop(Looper.java:214)
07-25 06:15:13.767  2942  2942 W System.err:    at android.app.ActivityThread.main(ActivityThread.java:7438)
07-25 06:15:13.767  2942  2942 W System.err:    at java.lang.reflect.Method.invoke(Native Method)
07-25 06:15:13.767  2942  2942 W System.err:    at com.android.internal.os.RuntimeInit$MethodAndArgsCaller.run(RuntimeInit.java:492)
07-25 06:15:13.767  2942  2942 W System.err:    at com.android.internal.os.ZygoteInit.main(ZygoteInit.java:930)
07-25 06:15:13.767  2942  2942 W System.err: Caused by: java.lang.ClassNotFoundException: com.centurygame.sdk.marketing.googleanalytics.CGGoogleanalyticsHelper
07-25 06:15:13.767  2942  2942 W System.err:    ... 18 more
07-25 06:15:13.767  2942  2942 E 🍺[centuryGame]🍺-CGSDKChinaApplication: invoke loadOsLibrary start
07-25 06:15:13.774    83  3035 E ResolverController: No valid NAT64 prefix (100, <unspecified>/0)
07-25 06:15:13.787    83  3041 E ResolverController: No valid NAT64 prefix (100, <unspecified>/0)
07-25 06:15:13.836   168  2706 I rc_model_v2: fps chg from 17 -> 59
07-25 06:15:13.844  2942  2942 E 🍺[centuryGame]🍺-CGOaidMge: initOaid: manufacturer not supported
07-25 06:15:13.844  2942  2942 E 🍺[centuryGame]🍺-CGOaidMge: onSupport: supplier is null
07-25 06:15:13.844  2942  2942 E 🍺[centuryGame]🍺-CGSDKChinaApplication: invoke loadOsLibrary end
07-25 06:15:13.853  2942  2942 D AndroidAutoSize: com.gof.china.DDUnityLaunchActivity implemented by me.jessyan.autosize.internal.CustomAdapt!
07-25 06:15:13.853  2942  2942 D getSizeInDp-->:: return 667
07-25 06:15:13.854  2942  2942 D AndroidAutoSize: The com.gof.china.DDUnityLaunchActivity has been adapted! 
07-25 06:15:13.854  2942  2942 D AndroidAutoSize: DDUnityLaunchActivity Info: isBaseOnWidth = false, designHeightInDp = 667.000000, designHeightInSubunits = 667.000000, targetDensity = 1.847076, targetScaledDensity = 1.847076, targetDensityDpi = 295, targetXdpi = 1.847076, targetScreenWidthDp = 389, targetScreenHeightDp = 667
07-25 06:15:13.881    83  3046 E ResolverController: No valid NAT64 prefix (100, <unspecified>/0)
07-25 06:15:13.917  2942  2983 E CGSdk   : network_change:true
07-25 06:15:13.919  2942  2983 E 🍺[centuryGame]🍺-CGRum: Rum DomainConnectivityCheck error:{"errorCode":1226,"extra":"ModuleName：rum Under time limit"}
07-25 06:15:13.955    83  3036 E ResolverController: No valid NAT64 prefix (100, <unspecified>/0)
07-25 06:15:13.966    95    95 E drm_hwc2_gralloc: hwc_get_handle_name:cann't get value from gralloc
07-25 06:15:14.035   287  1065 W WindowManager: Unable to find process with pid=595 uid=1000
07-25 06:15:13.966    95    95 E drm_hwc2_gralloc: hwc_get_handle_name:cann't get value from gralloc
07-25 06:15:14.035   435   435 D ImageWallpaper: wallpaper visibility changes to: false
07-25 06:15:14.047    48    48 E Layer   : [Surface(name=AppWindowToken{648b0de token=Token{5ef3819 ActivityRecord{a874d92 u0 com.gof.china/.DDUnityLaunchActivity t3}}})/@0x6bd0545 - animation-leash#0] No local sync point found
07-25 06:15:14.047    48    48 E Layer   : [Surface(name=AppWindowToken{4de01e8 token=Token{4765f0b ActivityRecord{15d3eda u0 com.android.launcher3/.Launcher t2}}})/@0x1576d4b - animation-leash#0] No local sync point found
07-25 06:15:14.202  2942  2942 D SystemUtil: Manifest launchActivityName:com.gof.china.DDUnityLaunchActivity
07-25 06:15:14.202  2942  2942 E 🍺[centuryGame]🍺-CGSdk: datastr:null
07-25 06:15:14.202  2942  2942 E 🍺[centuryGame]🍺-CGSdk: not google push
07-25 06:15:14.204  2942  2942 W [CrashSightReport]: appContext: not null, appId: 6849c8affa, isDebug: false, crashSightStrategy: not null
07-25 06:15:14.210  2942  2942 I [CrashSightReport]: sdk uuid deviceId: 
07-25 06:15:14.210  2942  2942 I [CrashSightReport]: cachedUuid: 8409bf10-1417-4366-b2fc-32128bbd116e
07-25 06:15:14.210  2942  2942 I [CrashSightReport]: currentVersionUuid: 
07-25 06:15:14.210  2942  2942 I [CrashSightReport]: redisKeyUuid: 8409bf10-1417-4366-b2fc-32128bbd116e
07-25 06:15:14.222  2942  2942 D AndroidAutoSize: com.gof.china.DDUnityLaunchActivity implemented by me.jessyan.autosize.internal.CustomAdapt!
07-25 06:15:14.222  2942  2942 D getSizeInDp-->:: return 667
07-25 06:15:14.222  2942  2942 D AndroidAutoSize: The com.gof.china.DDUnityLaunchActivity has been adapted! 
07-25 06:15:14.222  2942  2942 D AndroidAutoSize: DDUnityLaunchActivity Info: isBaseOnWidth = false, designHeightInDp = 667.000000, designHeightInSubunits = 667.000000, targetDensity = 1.847076, targetScaledDensity = 1.847076, targetDensityDpi = 295, targetXdpi = 1.847076, targetScreenWidthDp = 389, targetScreenHeightDp = 667
07-25 06:15:14.233  2942  2942 I WebViewFactory: Loading com.android.webview version 74.0.3729.186 (code 373018655)
07-25 06:15:14.234  2942  2942 I com.gof.china: The ClassLoaderContext is a special shared library.
07-25 06:15:14.244  2942  2942 I cr_LibraryLoader: Time to load native libraries: 0 ms (timestamps 3251-3251)
07-25 06:15:14.254    83  3078 E ResolverController: No valid NAT64 prefix (100, <unspecified>/0)
07-25 06:15:14.257  2942  2942 W chromium: [0725/061514.257091:WARNING:library_prefetcher.cc(328)] Code not ordered, madvise optimization skipped
07-25 06:15:14.257  2942  2942 I chromium: [INFO:library_loader_hooks.cc(50)] Chromium logging enabled: level = 0, default verbosity = 0
07-25 06:15:14.257  2942  2942 I cr_LibraryLoader: Expected native library version number "74.0.3729.186", actual native library version number "74.0.3729.186"
07-25 06:15:14.261  2942  3081 W cr_ChildProcLH: Create a new ChildConnectionAllocator with package name = com.android.webview, sandboxed = true
07-25 06:15:14.262  2942  2942 I cr_BrowserStartup: Initializing chromium process, singleProcess=false
07-25 06:15:14.290   287   511 D ConnectivityService: requestNetwork for uid/pid:10108/2942 NetworkRequest [ TRACK_DEFAULT id=35, [ Capabilities: INTERNET&NOT_RESTRICTED&TRUSTED Uid: 10108] ]
07-25 06:15:14.290   287   429 D Ethernet: got request NetworkRequest [ TRACK_DEFAULT id=35, [ Capabilities: INTERNET&NOT_RESTRICTED&TRUSTED Uid: 10108] ] with score 70 and serial -1
07-25 06:15:14.290   287   399 D WifiNetworkFactory: got request NetworkRequest [ TRACK_DEFAULT id=35, [ Capabilities: INTERNET&NOT_RESTRICTED&TRUSTED Uid: 10108] ] with score 70 and serial -1
07-25 06:15:14.290   287   399 D UntrustedWifiNetworkFactory: got request NetworkRequest [ TRACK_DEFAULT id=35, [ Capabilities: INTERNET&NOT_RESTRICTED&TRUSTED Uid: 10108] ] with score 70 and serial -1
07-25 06:15:14.290   614   614 D PhoneSwitcherNetworkRequstListener: got request NetworkRequest [ TRACK_DEFAULT id=35, [ Capabilities: INTERNET&NOT_RESTRICTED&TRUSTED Uid: 10108] ] with score 70 and serial -1
07-25 06:15:14.298   435   435 V KeyguardUpdateMonitor: onSubscriptionInfoChanged()
07-25 06:15:14.298   435   435 V KeyguardUpdateMonitor: SubInfo:{id=1, iccId=890124019[****] simSlotIndex=0 carrierId=1 displayName=T-Mobile carrierName=T-Mobile nameSource=0 iconTint=-16746133 mNumber=[****] dataRoaming=0 iconBitmap=android.graphics.Bitmap@bf5b385 mcc 310 mnc 260mCountryIso=us isEmbedded false nativeAccessRules null cardString=890124019[****] cardId=-1 isOpportunistic false mGroupUUID=null mIsGroupDisabled=false profileClass=-1 ehplmns = null hplmns = null subscriptionType=0 mGroupOwner=null carrierConfigAccessRules=null}
07-25 06:15:14.303   614   743 D PhoneInterfaceManager: [PhoneIntfMgr] isDataEnabled: subId=1 phoneId=0
07-25 06:15:14.303   614   743 D PhoneInterfaceManager: [PhoneIntfMgr] isDataEnabled: subId=1 retVal=true
07-25 06:15:14.306    83  3091 E ResolverController: No valid NAT64 prefix (100, <unspecified>/0)
07-25 06:15:14.314   287   303 D ConnectivityService: requestNetwork for uid/pid:10108/2942 NetworkRequest [ TRACK_DEFAULT id=37, [ Capabilities: INTERNET&NOT_RESTRICTED&TRUSTED Uid: 10108] ]
07-25 06:15:14.314   287   429 D Ethernet: got request NetworkRequest [ TRACK_DEFAULT id=37, [ Capabilities: INTERNET&NOT_RESTRICTED&TRUSTED Uid: 10108] ] with score 70 and serial -1
07-25 06:15:14.314   287   399 D WifiNetworkFactory: got request NetworkRequest [ TRACK_DEFAULT id=37, [ Capabilities: INTERNET&NOT_RESTRICTED&TRUSTED Uid: 10108] ] with score 70 and serial -1
07-25 06:15:14.314   287   399 D UntrustedWifiNetworkFactory: got request NetworkRequest [ TRACK_DEFAULT id=37, [ Capabilities: INTERNET&NOT_RESTRICTED&TRUSTED Uid: 10108] ] with score 70 and serial -1
07-25 06:15:14.314   614   614 D PhoneSwitcherNetworkRequstListener: got request NetworkRequest [ TRACK_DEFAULT id=37, [ Capabilities: INTERNET&NOT_RESTRICTED&TRUSTED Uid: 10108] ] with score 70 and serial -1
07-25 06:15:14.315   435   435 V KeyguardUpdateMonitor: onSubscriptionInfoChanged()
07-25 06:15:14.316   435   435 V KeyguardUpdateMonitor: SubInfo:{id=1, iccId=890124019[****] simSlotIndex=0 carrierId=1 displayName=T-Mobile carrierName=T-Mobile nameSource=0 iconTint=-16746133 mNumber=[****] dataRoaming=0 iconBitmap=android.graphics.Bitmap@22e25da mcc 310 mnc 260mCountryIso=us isEmbedded false nativeAccessRules null cardString=890124019[****] cardId=-1 isOpportunistic false mGroupUUID=null mIsGroupDisabled=false profileClass=-1 ehplmns = null hplmns = null subscriptionType=0 mGroupOwner=null carrierConfigAccessRules=null}
07-25 06:15:14.316   614   743 D PhoneInterfaceManager: [PhoneIntfMgr] isDataEnabled: subId=1 phoneId=0
07-25 06:15:14.316   614   743 D PhoneInterfaceManager: [PhoneIntfMgr] isDataEnabled: subId=1 retVal=true
07-25 06:15:14.340    48    56 W ServiceManager: Permission failure: android.permission.ACCESS_SURFACE_FLINGER from uid=10108 pid=2942
07-25 06:15:14.340    48    56 D PermissionCache: checking android.permission.ACCESS_SURFACE_FLINGER for uid=10108 => denied (88 us)
07-25 06:15:14.341    94   132 D gralloc3: got new private_handle_t instance @0x7d87234280 for buffer 'Unnamed'. share_fd : 7, share_attr_fd : 8, flags : 0x0, width : 720, height : 1280, req_format : 0x1, producer_usage : 0x933, consumer_usage : 0x933, , stride : 720, alloc_format : 0x1, size : 3686400, layer_count : 1, backing_store_size : 3686400, backing_store_id : 403726925866, allocating_pid : 94, ref_count : 1, yuv_info : 0
07-25 06:15:14.341    94   132 D gralloc3: plane_info[0]: offset : 0, byte_stride : 2880, alloc_width : 720, alloc_height : 1280
07-25 06:15:14.341    94   132 D gralloc3: plane_info[1]: offset : 0, byte_stride : 0, alloc_width : 0, alloc_height : 0
07-25 06:15:14.379  2942  2942 E ion     : ioctl c0044901 failed with code -1: Not a typewriter
07-25 06:15:14.384   287   324 I ActivityTaskManager: Displayed com.gof.china/.DDUnityLaunchActivity: +1s927ms
07-25 06:15:14.389  1071  1099 V Space   : sendTracking: show_keyboard ({"opType":"show_keyboard","resultCode":0,"status":0})
07-25 06:15:14.393   736   736 I GoogleInputMethodService: GoogleInputMethodService.onFinishInput():3126 
07-25 06:15:14.394   736   736 I GoogleInputMethodService: GoogleInputMethodService.updateDeviceLockedStatus():2216 repeatCheckTimes = 0, locked = false
07-25 06:15:14.394   736   736 I GoogleInputMethodService: GoogleInputMethodService.onStartInput():1954 onStartInput(EditorInfo{EditorInfo{packageName=com.gof.china, inputType=0, inputTypeString=NULL, enableLearning=false, autoCorrection=false, autoComplete=false, imeOptions=0, privateImeOptions=null, actionName=UNSPECIFIED, actionLabel=null, initialSelStart=-1, initialSelEnd=-1, initialCapsMode=0, label=null, fieldId=2131296820, fieldName=null, extras=null, hintText=null, hintLocales=[]}}, false)
07-25 06:15:14.394   736   736 I GoogleInputMethodService: GoogleInputMethodService.updateDeviceLockedStatus():2216 repeatCheckTimes = 1, locked = false
07-25 06:15:14.395   736   736 I AndroidIME: InputBundleManager.loadActiveInputBundleId():450 loadActiveInputBundleId: und-Latn-x-password, password
07-25 06:15:14.400   595   595 I Launcher3: Launcher onStop.
07-25 06:15:14.418  2942  3068 I Unity   : SystemInfo CPU = ARM64 FP ASIMD AES, Cores = 8, Memory = 15930mb
07-25 06:15:14.418  2942  3068 I Unity   : SystemInfo ARM big.LITTLE configuration: 4 big (mask: 0xf0), 4 little (mask: 0xf)
07-25 06:15:14.418  2942  3068 I Unity   : ApplicationInfo com.gof.china version 1.2.6 build 949f1516-8803-4b74-8ed2-4986cc52ac27
07-25 06:15:14.418  2942  3074 E CGSdk   : network_change:true
07-25 06:15:14.418  2942  3068 I Unity   : Built from '2018.4/staging' branch, Version '2018.4.36f1 (6cd387d23174)', Build type 'Release', Scripting Backend 'il2cpp', CPU 'arm64-v8a'
07-25 06:15:14.419  2942  3074 E 🍺[centuryGame]🍺-CGRum: Rum DomainConnectivityCheck error:{"errorCode":1226,"extra":"ModuleName：rum Under time limit"}
07-25 06:15:14.435   168  2706 I rc_model_v2: fps chg from 59 -> 14
07-25 06:15:14.435    95    95 E drm_hwc2_gralloc: hwc_get_handle_name:cann't get value from gralloc
07-25 06:15:14.435    95    95 E drm_hwc2_gralloc: hwc_get_handle_name:cann't get value from gralloc
07-25 06:15:14.444  2942  3088 I [CrashSightReport]: setHandleAnrSigQuit: true
07-25 06:15:14.597   909   909 D BoundBrokerSvc: onUnbind: Intent { act=com.google.android.gms.safetynet.service.START dat=chimera-action: cmp=com.google.android.gms/.chimera.GmsBoundBrokerService }
07-25 06:15:14.597   812   812 D BoundBrokerSvc: onUnbind: Intent { act=com.google.android.gms.trustagent.StateApi.START dat=chimera-action: cmp=com.google.android.gms/.chimera.PersistentApiService }
07-25 06:15:14.607   100   123 E JWSensorsHal: connect to /data/misc/sensor/sensor_ctrl error:2 No such file or directory
07-25 06:15:14.676    84    84 W         : Read socket err: Try again
07-25 06:15:14.676  1071  1145 V Space   : closeClient: android.net.LocalSocket@c13d617 impl:android.net.LocalSocketImpl@c775a04 fd:java.io.FileDescriptor@f56bbed, reason: reached the end
07-25 06:15:14.682    84    84 D Zygote  : Forked child process 3095
07-25 06:15:14.683   287   326 W ActivityManager: Slow operation: 1023ms so far, now at startProcess: returned from zygote!
07-25 06:15:14.683   287   326 W ActivityManager: Slow operation: 1023ms so far, now at startProcess: done updating battery stats
07-25 06:15:14.683   287   326 W ActivityManager: Slow operation: 1023ms so far, now at startProcess: building log message
07-25 06:15:14.683   287   326 I ActivityManager: Start proc 3095:com.gof.china:xg_vip_service/u0a108 for service {com.gof.china/com.tencent.android.tpush.service.XGVipPushService}
07-25 06:15:14.683   287   326 W ActivityManager: Slow operation: 1023ms so far, now at startProcess: starting to update pids map
07-25 06:15:14.683   287   326 W ActivityManager: Slow operation: 1023ms so far, now at startProcess: done updating pids map
07-25 06:15:14.683   287   326 W ActivityManager: Slow operation: 421ms so far, now at startProcess: asking zygote to start proc
07-25 06:15:14.685   572   572 W         : Connect socket err: Permission denied
07-25 06:15:14.686  3095  3095 W         : Access socket err: No such file or directory
07-25 06:15:14.686  3095  3095 I Zygote  : seccomp disabled by setenforce 0
07-25 06:15:14.690  3095  3095 E :xg_vip_servic: Not starting debugger since process cannot load the jdwp agent.
07-25 06:15:14.691   572   572 D Zygote  : Forked child process 3111
07-25 06:15:14.694   287   326 W ActivityManager: Slow operation: 431ms so far, now at startProcess: returned from zygote!
07-25 06:15:14.694   287   326 W ActivityManager: Slow operation: 432ms so far, now at startProcess: done updating battery stats
07-25 06:15:14.694   287   326 W ActivityManager: Slow operation: 432ms so far, now at startProcess: building log message
07-25 06:15:14.694   287   326 I ActivityManager: Start proc 3111:com.android.webview:sandboxed_process0:org.chromium.content.app.SandboxedProcessService0/u0ai9000 for  {com.gof.china/org.chromium.content.app.SandboxedProcessService0}
07-25 06:15:14.694   287   326 W ActivityManager: Slow operation: 432ms so far, now at startProcess: starting to update pids map
07-25 06:15:14.694   287   326 W ActivityManager: Slow operation: 432ms so far, now at startProcess: done updating pids map
07-25 06:15:14.698  3111  3111 W         : Access socket err: No such file or directory
07-25 06:15:14.698  3111  3111 I Zygote  : seccomp disabled by setenforce 0
07-25 06:15:14.701   168  2706 I rc_model_v2: fps chg from 14 -> 22
07-25 06:15:14.703  3111  3111 E ProcessService: Not starting debugger since process cannot load the jdwp agent.
07-25 06:15:14.710  3095  3095 I :xg_vip_servic: The ClassLoaderContext is a special shared library.
07-25 06:15:14.715  3111  3111 I LoadedApk: No resource references to update in package com.android.webview
07-25 06:15:14.715  3111  3111 I cr_ChildProcessService: Creating new ChildProcessService pid=3111
07-25 06:15:14.725  3095  3095 I MultiDex: VM with version 2.1.0 has multidex support
07-25 06:15:14.725  3095  3095 I MultiDex: Installing application
07-25 06:15:14.725  3095  3095 I MultiDex: VM has multidex support, MultiDex support library is disabled.
07-25 06:15:14.732  3095  3095 E suiyi digest:: PǙK���|�����
07-25 06:15:14.742  3095  3095 E 🍺[centuryGame]🍺-CGSdk: preInitInApplication
07-25 06:15:14.743  3095  3095 E suiyi digest:: PǙK���|�����
07-25 06:15:14.743    89   193 E JWAudioHAL: connect to /data/misc/audioserver/audio_out error:2 No such file or directory
07-25 06:15:14.748  3095  3095 E DeviceUtils: VERSION_NAME:1.2.6
07-25 06:15:14.748  3095  3095 E DeviceUtils: VERSION_CODE:17
07-25 06:15:14.749  3095  3095 E CGSdk   : registerReceiver
07-25 06:15:14.755  3095  3095 E 🍺[centuryGame]🍺-CGSdk: start initBugly: true
07-25 06:15:14.755  3095  3095 W System.err: java.io.FileNotFoundException: cztchannel.txt
07-25 06:15:14.755  3095  3095 W System.err:    at android.content.res.AssetManager.nativeOpenAsset(Native Method)
07-25 06:15:14.755  3095  3095 W System.err:    at android.content.res.AssetManager.open(AssetManager.java:824)
07-25 06:15:14.755  3095  3095 W System.err:    at android.content.res.AssetManager.open(AssetManager.java:801)
07-25 06:15:14.756  3095  3095 W System.err:    at com.centurygame.sdk.utils.ChannelUtil.getFromAssets(ChannelUtil.java:78)
07-25 06:15:14.756  3095  3095 W System.err:    at com.centurygame.sdk.utils.ChannelUtil.getChannelFromApkChina(ChannelUtil.java:69)
07-25 06:15:14.756  3095  3095 W System.err:    at com.centurygame.sdk.utils.ChannelUtil.getChannel(ChannelUtil.java:46)
07-25 06:15:14.756  3095  3095 W System.err:    at com.centurygame.sdk.CGSdk.initBugly(Unknown Source:60)
07-25 06:15:14.756  3095  3095 W System.err:    at com.centurygame.sdk.CGSdk.preInit(Unknown Source:57)
07-25 06:15:14.756  3095  3095 W System.err:    at com.centurygame.sdk.CGSDKChinaApplication.onCreate(CGSDKChinaApplication.java:46)
07-25 06:15:14.756  3095  3095 W System.err:    at android.app.Instrumentation.callApplicationOnCreate(Instrumentation.java:1189)
07-25 06:15:14.756  3095  3095 W System.err:    at android.app.ActivityThread.handleBindApplication(ActivityThread.java:6542)
07-25 06:15:14.756  3095  3095 W System.err:    at android.app.ActivityThread.access$1300(ActivityThread.java:229)
07-25 06:15:14.756  3095  3095 W System.err:    at android.app.ActivityThread$H.handleMessage(ActivityThread.java:1869)
07-25 06:15:14.756  3095  3095 W System.err:    at android.os.Handler.dispatchMessage(Handler.java:107)
07-25 06:15:14.756  3095  3095 W System.err:    at android.os.Looper.loop(Looper.java:214)
07-25 06:15:14.756  3095  3095 W System.err:    at android.app.ActivityThread.main(ActivityThread.java:7438)
07-25 06:15:14.756  3095  3095 W System.err:    at java.lang.reflect.Method.invoke(Native Method)
07-25 06:15:14.756  3095  3095 W System.err:    at com.android.internal.os.RuntimeInit$MethodAndArgsCaller.run(RuntimeInit.java:492)
07-25 06:15:14.756  3095  3095 W System.err:    at com.android.internal.os.ZygoteInit.main(ZygoteInit.java:930)
07-25 06:15:14.774  3095  3095 I eup     : register native abi method success
07-25 06:15:14.782  3095  3095 E CGBuglyHelper: bugly init success
07-25 06:15:14.784  3095  3095 E 🍺[centuryGame]🍺-CGSdk: rumConfig is rumString:{"rum_version":"1.0","debug":false,"rum_app_tag":"devops.rum.us","sampling":{"event_white_list":[],"user_white_list":[],"service_name_white_list":[],"user_black_list":[],"sample_rate":1},"log_server_url":"https:\/\/logagent.campfiregames.cn\/log","rum_app_key":"d3b7c2e58b97b29faa637dc31af8feb6","rum_app_id":"gof.cn.prod","cache_threshold":1,"mobile_domain_list":["https:\/\/logagent.campfiregames.cn"]}
07-25 06:15:14.787  3095  3095 E :xg_vip_servic: Invalid ID 0x00000000.
