07-25 06:15:16.916   168  2706 I mpp_enc : mode vbr bps [250000:4000000:4250000] fps flex [60/1] -> flex [60/1] gop i [599] v [0]
07-25 06:15:16.916   168  2706 I mpp_enc : xxxxmpp_packet_append
07-25 06:15:17.011  2308  2393 E HQSession.cpp: Peer closed with error err=Connect failed msg=connect timeout proto=, client CID=, server CID=00000000, local=<uninitialized address>, <uninitialized address>=upstream, drain=none
07-25 06:15:17.011  2308  2393 E HQSession.cpp: Peer closed with error err=Connect failed msg=connect timeout proto=, client CID=, server CID=00000000, local=<uninitialized address>, <uninitialized address>=upstream, drain=none
07-25 06:15:17.017    83  3370 E ResolverController: No valid NAT64 prefix (100, <unspecified>/0)
07-25 06:15:17.022    83  3371 E ResolverController: No valid NAT64 prefix (100, <unspecified>/0)
07-25 06:15:17.105  2942  3068 I Unity   : 06:15:17.97-17: HTTP GET状态码：200
07-25 06:15:17.105  2942  3068 I Unity   : LuaInterface.Debugger:Log(String)
07-25 06:15:17.105  2942  3068 I Unity   : CenturyGame.GameFramework.HttpGetAppVersion:CheckReq(UnityWebRequest, String)
07-25 06:15:17.105  2942  3068 I Unity   : CenturyGame.GameFramework.<Working>d__19:MoveNext()
07-25 06:15:17.105  2942  3068 I Unity   : <CallWrapper>d__18:MoveNext()
07-25 06:15:17.105  2942  3068 I Unity   : UnityEngine.SetupCoroutine:InvokeMoveNext(IEnumerator, IntPtr)
07-25 06:15:17.105  2942  3068 I Unity   :  
07-25 06:15:17.105  2942  3068 I Unity   : (Filename: ./Runtime/Export/Debug.bindings.h Line: 45)
07-25 06:15:17.105  2942  3068 I Unity   : 
07-25 06:15:17.156  2942  3068 I System.out: ProxyFinder.FindFor - proxy type : DIRECT
07-25 06:15:17.156  2942  3068 I System.out: ProxyFinder.FindFor - No Proxy
07-25 06:15:17.261   287   324 E memtrack: Couldn't load memtrack module
07-25 06:15:17.261   287   324 W android.os.Debug: failed to get memory consumption info: -1
07-25 06:15:17.274    83  3378 E ResolverController: No valid NAT64 prefix (100, <unspecified>/0)
07-25 06:15:17.414  2942  3068 W System.err: SLF4J: Failed to load class "org.slf4j.impl.StaticLoggerBinder".
07-25 06:15:17.414  2942  3068 W System.err: SLF4J: Defaulting to no-operation (NOP) logger implementation
07-25 06:15:17.414  2942  3068 W System.err: SLF4J: See http://www.slf4j.org/codes.html#StaticLoggerBinder for further details.
07-25 06:15:17.549  2308  2393 E HQSession.cpp: Peer closed with error err=Connect failed msg=connect timeout proto=, client CID=, server CID=00000000, local=<uninitialized address>, <uninitialized address>=upstream, drain=none
07-25 06:15:17.552    83  3384 E ResolverController: No valid NAT64 prefix (100, <unspecified>/0)
07-25 06:15:17.564    94   132 D gralloc3: got new private_handle_t instance @0x7d87234280 for buffer 'Unnamed'. share_fd : 7, share_attr_fd : 8, flags : 0x0, width : 640, height : 1138, req_format : 0x1, producer_usage : 0x40000000000b00, consumer_usage : 0x40000000000b00, , stride : 0, alloc_format : 0x100000001, size : 2995200, layer_count : 1, backing_store_size : 2995200, backing_store_id : 403726925871, allocating_pid : 94, ref_count : 1, yuv_info : 0
07-25 06:15:17.564    94   132 D gralloc3: plane_info[0]: offset : 0, byte_stride : 2560, alloc_width : 640, alloc_height : 1152
07-25 06:15:17.564    94   132 D gralloc3: plane_info[1]: offset : 0, byte_stride : 0, alloc_width : 0, alloc_height : 0
07-25 06:15:17.582    95    95 E drm_hwc2_gralloc: hwc_get_handle_name:cann't get value from gralloc
07-25 06:15:17.582    95    95 E drm_hwc2_gralloc: hwc_get_handle_name:cann't get value from gralloc
07-25 06:15:17.598    83  3385 E ResolverController: No valid NAT64 prefix (100, <unspecified>/0)
07-25 06:15:17.599  2942  3068 I Unity   : 06:15:17.596-36: LuaState start
07-25 06:15:17.599  2942  3068 I Unity   : LuaInterface.Debugger:Log(String)
07-25 06:15:17.599  2942  3068 I Unity   : LuaInterface.LuaState:Start()
07-25 06:15:17.599  2942  3068 I Unity   : CenturyGame.GameFramework.LuaModule:StartLua()
07-25 06:15:17.599  2942  3068 I Unity   : CenturyGame.GameFramework.LoaderGroup:CheckFinish()
07-25 06:15:17.599  2942  3068 I Unity   : CenturyGame.GameFramework.LoaderGroup:AssetBundleFirstLoadCompleted(Loader, Object, Object)
07-25 06:15:17.599  2942  3068 I Unity   : CenturyGame.GameFramework.Loader:OnLoadCompleted(Object)
07-25 06:15:17.599  2942  3068 I Unity   : UnityEngine.AsyncOperation:InvokeCompletionEvent()
07-25 06:15:17.599  2942  3068 I Unity   :  
07-25 06:15:17.599  2942  3068 I Unity   : (Filename: ./Runtime/Export/Debug.bindings.h Line: 45)
07-25 06:15:17.599  2942  3068 I Unity   : 
07-25 06:15:17.602  2942  3068 I Unity   : 06:15:17.601-36: ver20100 jit:     false    fold    cse    dce    fwd    dse    narrow    loop    abc    sink    fuse
07-25 06:15:17.602  2942  3068 I Unity   : LuaInterface.Debugger:Log(String)
07-25 06:15:17.602  2942  3068 I Unity   : LuaInterface.ToLua:Print(IntPtr)
07-25 06:15:17.602  2942  3068 I Unity   :  
07-25 06:15:17.602  2942  3068 I Unity   : (Filename: ./Runtime/Export/Debug.bindings.h Line: 45)
07-25 06:15:17.602  2942  3068 I Unity   : 
07-25 06:15:17.602  2942  3068 I Unity   : 06:15:17.602-36: os: Linux, arch: arm64
07-25 06:15:17.602  2942  3068 I Unity   : LuaInterface.Debugger:Log(String)
07-25 06:15:17.602  2942  3068 I Unity   : LuaInterface.ToLua:Print(IntPtr)
07-25 06:15:17.602  2942  3068 I Unity   :  
07-25 06:15:17.602  2942  3068 I Unity   : (Filename: ./Runtime/Export/Debug.bindings.h Line: 45)
07-25 06:15:17.602  2942  3068 I Unity   : 
07-25 06:15:17.782   168  2706 I rc_model_v2: fps chg from 60 -> 10
07-25 06:15:17.852    83  3388 E ResolverController: No valid NAT64 prefix (100, <unspecified>/0)
07-25 06:15:17.997  2942  3052 W PackageParser: Unknown element under <manifest>: queries at /data/app/com.gof.china-A9FhHaRsaGzEYXfPQfCr3Q==/base.apk Binary XML file line #20
07-25 06:15:17.997  2942  3052 W PackageParser: Unknown element under <manifest>: meta-data at /data/app/com.gof.china-A9FhHaRsaGzEYXfPQfCr3Q==/base.apk Binary XML file line #43
07-25 06:15:17.997  2942  3052 W PackageParser: Unknown element under <manifest>: queries at /data/app/com.gof.china-A9FhHaRsaGzEYXfPQfCr3Q==/base.apk Binary XML file line #49
07-25 06:15:17.997  2942  3052 W PackageParser: Unknown element under <manifest>: supports-gl-texture at /data/app/com.gof.china-A9FhHaRsaGzEYXfPQfCr3Q==/base.apk Binary XML file line #69
07-25 06:15:18.095    94   132 D gralloc3: got new private_handle_t instance @0x7d87234280 for buffer 'Unnamed'. share_fd : 7, share_attr_fd : 8, flags : 0x0, width : 640, height : 1138, req_format : 0x1, producer_usage : 0x40000000000b00, consumer_usage : 0x40000000000b00, , stride : 0, alloc_format : 0x100000001, size : 2995200, layer_count : 1, backing_store_size : 2995200, backing_store_id : 403726925872, allocating_pid : 94, ref_count : 1, yuv_info : 0
07-25 06:15:18.095    94   132 D gralloc3: plane_info[0]: offset : 0, byte_stride : 2560, alloc_width : 640, alloc_height : 1152
07-25 06:15:18.095    94   132 D gralloc3: plane_info[1]: offset : 0, byte_stride : 0, alloc_width : 0, alloc_height : 0
07-25 06:15:18.097    94   132 D gralloc3: got new private_handle_t instance @0x7d87234280 for buffer 'Unnamed'. share_fd : 7, share_attr_fd : 8, flags : 0x0, width : 640, height : 1138, req_format : 0x1, producer_usage : 0x40000000000b00, consumer_usage : 0x40000000000b00, , stride : 0, alloc_format : 0x100000001, size : 2995200, layer_count : 1, backing_store_size : 2995200, backing_store_id : 403726925873, allocating_pid : 94, ref_count : 1, yuv_info : 0
07-25 06:15:18.097    94   132 D gralloc3: plane_info[0]: offset : 0, byte_stride : 2560, alloc_width : 640, alloc_height : 1152
07-25 06:15:18.097    94   132 D gralloc3: plane_info[1]: offset : 0, byte_stride : 0, alloc_width : 0, alloc_height : 0
07-25 06:15:18.114    95    95 E drm_hwc2_gralloc: hwc_get_handle_name:cann't get value from gralloc
07-25 06:15:18.131    95    95 I chatty  : uid=1000(system) composer@2.1-se identical 2 lines
07-25 06:15:18.131    95    95 E drm_hwc2_gralloc: hwc_get_handle_name:cann't get value from gralloc
07-25 06:15:18.264  2942  2942 E 🍺[centuryGame]🍺-CGSessionCNContainer: account open
07-25 06:15:18.264  2942  2942 E 🍺[centuryGame]🍺-CGSessionCNContainer: account check session
07-25 06:15:18.265  2942  2942 E 🍺[centuryGame]🍺-CGDataControl: start reportUserId: 89952022
07-25 06:15:18.265  2942  2942 E CGBuglyHelper: bugly reportUserId success89952022
07-25 06:15:18.267  2942  2942 E 🍺[centuryGame]🍺-CGTpushHelper: sendRegistrationToken start
07-25 06:15:18.270  2942  2942 E 🍺[centuryGame]🍺-CGBi [BI_FUN_TAG]:  eventName:self_attribution_event
07-25 06:15:18.272    83  3396 E ResolverController: No valid NAT64 prefix (100, <unspecified>/0)
07-25 06:15:18.285    83  3397 E ResolverController: No valid NAT64 prefix (100, <unspecified>/0)
07-25 06:15:18.300   287  1065 W DevicePolicyManager: Package com.gof.china (uid=10108, pid=2942) cannot access Device IDs
07-25 06:15:18.300   614   743 W TelephonyPermissions: reportAccessDeniedToReadIdentifiers:com.gof.china:getDeviceId:isPreinstalled=false:isPrivApp=false
07-25 06:15:18.300  2942  2942 D DeviceUtils: java.lang.SecurityException: getDeviceId: current process has android.permission.READ_PHONE_STATE.
07-25 06:15:18.301  2942  2942 D DeviceUtils: macAddr :02:00:00:00:00:00
07-25 06:15:18.301  2942  2942 D LibStringUtil: isMoreDigitVersion length:3
07-25 06:15:18.301  2942  2942 D LibStringUtil: isMoreDigitVersion:^\d+\.\d+\.\d+$
07-25 06:15:18.301  2942  2942 D LibStringUtil: isMoreDigitVersion test:^\d+\.\d+\.\d+$
07-25 06:15:18.302  2942  2942 E 🍺[centuryGame]🍺-UserOnlineReportHelper: heartBeatHandler 66
07-25 06:15:18.302  2942  2942 E 🍺[centuryGame]🍺-UserOnlineReportHelper: heartBeatHandler USER_ONLINE_REPORT_RUN
07-25 06:15:18.302  2942  2942 D LibStringUtil: isMoreDigitVersion length:3
07-25 06:15:18.302  2942  2942 D LibStringUtil: isMoreDigitVersion:^\d+\.\d+\.\d+$
07-25 06:15:18.302  2942  2942 D LibStringUtil: isMoreDigitVersion test:^\d+\.\d+\.\d+$
07-25 06:15:18.313    83  3398 E ResolverController: No valid NAT64 prefix (100, <unspecified>/0)
07-25 06:15:18.336   614   743 D PhoneInterfaceManager: [PhoneIntfMgr] isUserDataEnabled: subId=1 phoneId=0
07-25 06:15:18.337   614   743 D PhoneInterfaceManager: [PhoneIntfMgr] isUserDataEnabled: subId=1 retVal=true
07-25 06:15:18.364   168  2706 I rc_model_v2: fps chg from 10 -> 21
07-25 06:15:18.500   614   743 D PhoneInterfaceManager: [PhoneIntfMgr] isUserDataEnabled: subId=1 phoneId=0
07-25 06:15:18.501   614   743 D PhoneInterfaceManager: [PhoneIntfMgr] isUserDataEnabled: subId=1 retVal=true
07-25 06:15:18.598  2942  2961 I com.gof.china: Waiting for a blocking GC ProfileSaver
07-25 06:15:18.635   168  2706 I rc_model_v2: fps chg from 21 -> 44
07-25 06:15:18.747  2942  2954 I com.gof.china: Background concurrent copying GC freed 123607(4983KB) AllocSpace objects, 15(1440KB) LOS objects, 46% free, 27MB/51MB, paused 6.962ms total 156.980ms
07-25 06:15:18.747  2942  2961 I com.gof.china: WaitForGcToComplete blocked ProfileSaver on ClassLinker for 149.805ms
07-25 06:15:18.897   168  2705 I vpu_api_legacy: setup encoder rate control config:
07-25 06:15:18.897   168  2705 I vpu_api_legacy: width  608 height 1080 format 10:1000d
07-25 06:15:18.897   168  2705 I vpu_api_legacy: rc_mode CBR qp 26 bps 4000000
07-25 06:15:18.897   168  2705 I vpu_api_legacy: fps in 60 fps out 60 gop 599
07-25 06:15:18.897   168  2705 I vpu_api_legacy: setup encoder stream feature config:
07-25 06:15:18.897   168  2705 I vpu_api_legacy: profile 66 level 31 cabac 0
07-25 06:15:18.897   168  2706 I mpp_enc : mpp_enc_proc_cfg cmd 0x320001
07-25 06:15:18.898   168  2706 I mpp_enc : mpp_enc_proc_rc_cfg change 170025
07-25 06:15:18.898   168  2706 I mpp_enc : mpp_enc_proc_rc_cfg MPP_ENC_RC_CFG_CHANGE_FPS_IN
07-25 06:15:18.898   168  2706 I mpp_enc : MPP_ENC_SET_RC_CFG bps 4000000 [3750000 : 4250000] fps [60:60] gop 599
07-25 06:15:18.898   168  2706 I mpp_enc : send header for set cfg change rc_mode/fps/gop
07-25 06:15:18.898   168  2706 I mpp_enc : set_rc_cfg rc->stats_time 0
07-25 06:15:18.898   168  2705 I vpu_api_legacy: vpu_api_set_enc_cfg out
07-25 06:15:18.898   168  2705 I omx_vmpp: setupEncCfg
07-25 06:15:18.898   168  2705 I omx_vmpp: setupFrameRate: framerate 60.00 
07-25 06:15:18.898   168  2706 I mpp_enc : mode cbr bps [3750000:4000000:4250000] fps flex [60/1] -> flex [60/1] gop i [599] v [0]
07-25 06:15:18.898   168  2705 I omx_vmpp: setupQp: qpInit 26 i 10-51 p 10-49
07-25 06:15:18.898   168  2705 E mpp_cfg : mpp_enc_cfg_set_s32: cfg rc:qp_max_step is invalid
07-25 06:15:18.898   168  2705 E mpp_cfg : mpp_enc_cfg_set_s32: cfg rc:cb_qp_offset is invalid
07-25 06:15:18.898   168  2705 E mpp_cfg : mpp_enc_cfg_set_s32: cfg rc:cr_qp_offset is invalid
07-25 06:15:18.898   168  2706 I mpp_enc : mpp_enc_proc_cfg cmd 0x320001
07-25 06:15:18.898   168  2706 I mpp_enc : mpp_enc_proc_rc_cfg change 170045
07-25 06:15:18.898   168  2706 I mpp_enc : mpp_enc_proc_rc_cfg MPP_ENC_RC_CFG_CHANGE_FPS_OUT
07-25 06:15:18.898   168  2706 I mpp_enc : MPP_ENC_SET_RC_CFG bps 4000000 [250000 : 4250000] fps [60:60] gop 599
07-25 06:15:18.898   168  2706 I mpp_enc : send header for set cfg change rc_mode/fps/gop
07-25 06:15:18.898   168  2706 I mpp_enc : set_rc_cfg rc->stats_time 0
07-25 06:15:18.898   168  2706 I mpp_enc : mode vbr bps [250000:4000000:4250000] fps flex [60/1] -> flex [60/1] gop i [599] v [0]
07-25 06:15:18.898   168  2706 I mpp_enc : xxxxmpp_packet_append
07-25 06:15:18.902    83  3406 E ResolverController: No valid NAT64 prefix (100, <unspecified>/0)
07-25 06:15:18.905  2942  3068 E 🍺[centuryGame]🍺-CGThinkinggameHelper: [century game] thinking game onSessionStart
07-25 06:15:19.148   168  2706 I rc_model_v2: fps chg from 60 -> 76
07-25 06:15:19.465   168  2706 I rc_model_v2: fps chg from 76 -> 44
07-25 06:15:19.607   100   123 E JWSensorsHal: connect to /data/misc/sensor/sensor_ctrl error:2 No such file or directory
07-25 06:15:19.701   287  1065 W DevicePolicyManager: Package com.gof.china (uid=10108, pid=2942) cannot access Device IDs
07-25 06:15:19.702   614   743 W TelephonyPermissions: reportAccessDeniedToReadIdentifiers:com.gof.china:getDeviceId:isPreinstalled=false:isPrivApp=false
07-25 06:15:19.702  2942  3068 D DeviceUtils: java.lang.SecurityException: getDeviceId: current process has android.permission.READ_PHONE_STATE.
07-25 06:15:19.702  2942  3068 D DeviceUtils: macAddr :02:00:00:00:00:00
07-25 06:15:19.702  2942  3068 D LibStringUtil: isMoreDigitVersion length:3
07-25 06:15:19.702  2942  3068 D LibStringUtil: isMoreDigitVersion:^\d+\.\d+\.\d+$
07-25 06:15:19.702  2942  3068 D LibStringUtil: isMoreDigitVersion test:^\d+\.\d+\.\d+$
07-25 06:15:19.744    89   193 E JWAudioHAL: connect to /data/misc/audioserver/audio_out error:2 No such file or directory
07-25 06:15:19.848    83  3420 E ResolverController: No valid NAT64 prefix (100, <unspecified>/0)
07-25 06:15:19.893  3095  3209 D TPush   : [PushServiceBroadcastHandler] Internl network connected, restart
07-25 06:15:20.132   168  2706 I rc_model_v2: fps chg from 44 -> 29
07-25 06:15:20.433   168  2706 I rc_model_v2: fps chg from 29 -> 10
07-25 06:15:20.680   812  2204 E chromium: [0725/061520.680699:ERROR:ssl_client_socket_impl.cc(883)] handshake failed; returned -1, SSL error code 1, net_error -101
07-25 06:15:20.824   614   743 D PhoneInterfaceManager: [PhoneIntfMgr] isUserDataEnabled: subId=1 phoneId=0
07-25 06:15:20.825   614   743 D PhoneInterfaceManager: [PhoneIntfMgr] isUserDataEnabled: subId=1 retVal=true
07-25 06:15:20.855    83  3429 E ResolverController: No valid NAT64 prefix (100, <unspecified>/0)
07-25 06:15:21.739    93  1027 E jw_gps  : connect to /data/misc/gps/gps_ctrl error:2 No such file or directory
07-25 06:15:22.280   287   388 V InputDispatcher: Asynchronous input event injection succeeded.
07-25 06:15:22.399   168  2705 I vpu_api_legacy: setup encoder rate control config:
07-25 06:15:22.399   168  2705 I vpu_api_legacy: width  608 height 1080 format 10:1000d
07-25 06:15:22.399   168  2705 I vpu_api_legacy: rc_mode CBR qp 26 bps 4000000
07-25 06:15:22.399   168  2705 I vpu_api_legacy: fps in 60 fps out 60 gop 599
07-25 06:15:22.399   168  2705 I vpu_api_legacy: setup encoder stream feature config:
07-25 06:15:22.399   168  2705 I vpu_api_legacy: profile 66 level 31 cabac 0
07-25 06:15:22.399   168  2706 I mpp_enc : mpp_enc_proc_cfg cmd 0x320001
07-25 06:15:22.399   168  2706 I mpp_enc : mpp_enc_proc_rc_cfg change 170025
07-25 06:15:22.399   168  2706 I mpp_enc : mpp_enc_proc_rc_cfg MPP_ENC_RC_CFG_CHANGE_FPS_IN
07-25 06:15:22.399   168  2706 I mpp_enc : MPP_ENC_SET_RC_CFG bps 4000000 [3750000 : 4250000] fps [60:60] gop 599
07-25 06:15:22.399   168  2706 I mpp_enc : send header for set cfg change rc_mode/fps/gop
07-25 06:15:22.399   168  2706 I mpp_enc : set_rc_cfg rc->stats_time 0
07-25 06:15:22.399   168  2706 I mpp_enc : mode cbr bps [3750000:4000000:4250000] fps flex [60/1] -> flex [60/1] gop i [599] v [0]
07-25 06:15:22.400   168  2705 I vpu_api_legacy: vpu_api_set_enc_cfg out
07-25 06:15:22.400   168  2705 I omx_vmpp: setupEncCfg
07-25 06:15:22.400   168  2705 I omx_vmpp: setupFrameRate: framerate 60.00 
07-25 06:15:22.400   168  2705 I omx_vmpp: setupQp: qpInit 26 i 10-51 p 10-49
07-25 06:15:22.401   168  2705 E mpp_cfg : mpp_enc_cfg_set_s32: cfg rc:qp_max_step is invalid
07-25 06:15:22.401   168  2705 E mpp_cfg : mpp_enc_cfg_set_s32: cfg rc:cb_qp_offset is invalid
07-25 06:15:22.401   168  2705 E mpp_cfg : mpp_enc_cfg_set_s32: cfg rc:cr_qp_offset is invalid
07-25 06:15:22.401   168  2706 I mpp_enc : mpp_enc_proc_cfg cmd 0x320001
07-25 06:15:22.401   168  2706 I mpp_enc : mpp_enc_proc_rc_cfg change 170045
07-25 06:15:22.401   168  2706 I mpp_enc : mpp_enc_proc_rc_cfg MPP_ENC_RC_CFG_CHANGE_FPS_OUT
07-25 06:15:22.401   168  2706 I mpp_enc : MPP_ENC_SET_RC_CFG bps 4000000 [250000 : 4250000] fps [60:60] gop 599
07-25 06:15:22.401   168  2706 I mpp_enc : send header for set cfg change rc_mode/fps/gop
07-25 06:15:22.401   168  2706 I mpp_enc : set_rc_cfg rc->stats_time 0
07-25 06:15:22.401   168  2706 I mpp_enc : mode vbr bps [250000:4000000:4250000] fps flex [60/1] -> flex [60/1] gop i [599] v [0]
07-25 06:15:22.402   168  2706 I mpp_enc : xxxxmpp_packet_append
07-25 06:15:22.431   287   388 V InputDispatcher: Asynchronous input event injection succeeded.
07-25 06:15:22.446  2942  3068 I System.out: ProxyFinder.FindFor - proxy type : DIRECT
07-25 06:15:22.446  2942  3068 I System.out: ProxyFinder.FindFor - No Proxy
07-25 06:15:22.447  2942  3068 I System.out: ProxyFinder.FindFor - proxy type : DIRECT
07-25 06:15:22.447  2942  3068 I System.out: ProxyFinder.FindFor - No Proxy
07-25 06:15:22.502    83  3443 E ResolverController: No valid NAT64 prefix (100, <unspecified>/0)
07-25 06:15:22.564  2942  3068 I System.out: ProxyFinder.FindFor - proxy type : DIRECT
07-25 06:15:22.564  2942  3068 I System.out: ProxyFinder.FindFor - No Proxy
07-25 06:15:22.583  2942  3068 I System.out: ProxyFinder.FindFor - proxy type : DIRECT
07-25 06:15:22.583  2942  3068 I System.out: ProxyFinder.FindFor - No Proxy
07-25 06:15:22.606  2942  3068 I System.out: ProxyFinder.FindFor - proxy type : DIRECT
07-25 06:15:22.606  2942  3068 I System.out: ProxyFinder.FindFor - No Proxy
07-25 06:15:22.637  2942  3068 I System.out: ProxyFinder.FindFor - proxy type : DIRECT
07-25 06:15:22.637  2942  3068 I System.out: ProxyFinder.FindFor - No Proxy
07-25 06:15:22.664   168  2706 I rc_model_v2: fps chg from 60 -> 38
07-25 06:15:22.672  2942  3068 I System.out: ProxyFinder.FindFor - proxy type : DIRECT
07-25 06:15:22.672  2942  3068 I System.out: ProxyFinder.FindFor - No Proxy
07-25 06:15:22.683  2942  3068 I System.out: ProxyFinder.FindFor - proxy type : DIRECT
07-25 06:15:22.683  2942  3068 I System.out: ProxyFinder.FindFor - No Proxy
07-25 06:15:22.760  2942  3068 I System.out: ProxyFinder.FindFor - proxy type : DIRECT
07-25 06:15:22.760  2942  3068 I System.out: ProxyFinder.FindFor - No Proxy
07-25 06:15:22.771  2942  3068 I System.out: ProxyFinder.FindFor - proxy type : DIRECT
07-25 06:15:22.771  2942  3068 I System.out: ProxyFinder.FindFor - No Proxy
07-25 06:15:22.817  2942  3068 I System.out: ProxyFinder.FindFor - proxy type : DIRECT
07-25 06:15:22.817  2942  3068 I System.out: ProxyFinder.FindFor - No Proxy
07-25 06:15:22.832  2942  3068 I System.out: ProxyFinder.FindFor - proxy type : DIRECT
07-25 06:15:22.832  2942  3068 I System.out: ProxyFinder.FindFor - No Proxy
07-25 06:15:22.866  2942  3068 I System.out: ProxyFinder.FindFor - proxy type : DIRECT
07-25 06:15:22.866  2942  3068 I System.out: ProxyFinder.FindFor - No Proxy
07-25 06:15:22.883  2942  3068 I System.out: ProxyFinder.FindFor - proxy type : DIRECT
07-25 06:15:22.883  2942  3068 I System.out: ProxyFinder.FindFor - No Proxy
07-25 06:15:22.915   168  2706 I rc_model_v2: fps chg from 38 -> 56
07-25 06:15:22.915  2942  3068 I System.out: ProxyFinder.FindFor - proxy type : DIRECT
07-25 06:15:22.915  2942  3068 I System.out: ProxyFinder.FindFor - No Proxy
07-25 06:15:22.983  2942  3068 I System.out: ProxyFinder.FindFor - proxy type : DIRECT
07-25 06:15:22.983  2942  3068 I System.out: ProxyFinder.FindFor - No Proxy
07-25 06:15:22.999  2942  3068 I System.out: ProxyFinder.FindFor - proxy type : DIRECT
07-25 06:15:22.999  2942  3068 I System.out: ProxyFinder.FindFor - No Proxy
07-25 06:15:23.009  3095  3209 D TPush   : [ServiceUtil]  Not pull up other XGService with cloud
07-25 06:15:23.050  2942  3068 I System.out: ProxyFinder.FindFor - proxy type : DIRECT
07-25 06:15:23.050  2942  3068 I System.out: ProxyFinder.FindFor - No Proxy
07-25 06:15:23.051  2942  3068 I System.out: ProxyFinder.FindFor - proxy type : DIRECT
07-25 06:15:23.051  2942  3068 I System.out: ProxyFinder.FindFor - No Proxy
07-25 06:15:23.115  2942  3068 I System.out: ProxyFinder.FindFor - proxy type : DIRECT
07-25 06:15:23.115  2942  3068 I System.out: ProxyFinder.FindFor - No Proxy
07-25 06:15:23.133  2942  3068 I System.out: ProxyFinder.FindFor - proxy type : DIRECT
07-25 06:15:23.133  2942  3068 I System.out: ProxyFinder.FindFor - No Proxy
07-25 06:15:23.182  2942  3068 I System.out: ProxyFinder.FindFor - proxy type : DIRECT
07-25 06:15:23.182  2942  3068 I System.out: ProxyFinder.FindFor - No Proxy
07-25 06:15:23.199  2942  3068 I System.out: ProxyFinder.FindFor - proxy type : DIRECT
07-25 06:15:23.199  2942  3068 I System.out: ProxyFinder.FindFor - No Proxy
07-25 06:15:23.268  2942  3068 I System.out: ProxyFinder.FindFor - proxy type : DIRECT
07-25 06:15:23.268  2942  3068 I System.out: ProxyFinder.FindFor - No Proxy
07-25 06:15:23.269  2942  3068 I System.out: ProxyFinder.FindFor - proxy type : DIRECT
07-25 06:15:23.269  2942  3068 I System.out: ProxyFinder.FindFor - No Proxy
07-25 06:15:23.334  2942  3068 I System.out: ProxyFinder.FindFor - proxy type : DIRECT
07-25 06:15:23.334  2942  3068 I System.out: ProxyFinder.FindFor - No Proxy
07-25 06:15:23.350  2942  3068 I System.out: ProxyFinder.FindFor - proxy type : DIRECT
07-25 06:15:23.350  2942  3068 I System.out: ProxyFinder.FindFor - No Proxy
07-25 06:15:23.385  2942  3068 I System.out: ProxyFinder.FindFor - proxy type : DIRECT
07-25 06:15:23.385  2942  3068 I System.out: ProxyFinder.FindFor - No Proxy
07-25 06:15:23.410  2942  3068 I System.out: ProxyFinder.FindFor - proxy type : DIRECT
07-25 06:15:23.410  2942  3068 I System.out: ProxyFinder.FindFor - No Proxy
07-25 06:15:23.433  2942  3068 I System.out: ProxyFinder.FindFor - proxy type : DIRECT
07-25 06:15:23.433  2942  3068 I System.out: ProxyFinder.FindFor - No Proxy
07-25 06:15:23.467  2942  3068 I System.out: ProxyFinder.FindFor - proxy type : DIRECT
07-25 06:15:23.467  2942  3068 I System.out: ProxyFinder.FindFor - No Proxy
07-25 06:15:23.483  2942  3068 I System.out: ProxyFinder.FindFor - proxy type : DIRECT
07-25 06:15:23.483  2942  3068 I System.out: ProxyFinder.FindFor - No Proxy
07-25 06:15:23.526  2942  3068 I System.out: ProxyFinder.FindFor - proxy type : DIRECT
07-25 06:15:23.526  2942  3068 I System.out: ProxyFinder.FindFor - No Proxy
07-25 06:15:23.547   168  2705 I vpu_api_legacy: setup encoder rate control config:
07-25 06:15:23.547   168  2705 I vpu_api_legacy: width  608 height 1080 format 10:1000d
07-25 06:15:23.547   168  2705 I vpu_api_legacy: rc_mode CBR qp 26 bps 4000000
07-25 06:15:23.547   168  2705 I vpu_api_legacy: fps in 60 fps out 60 gop 599
07-25 06:15:23.547   168  2705 I vpu_api_legacy: setup encoder stream feature config:
07-25 06:15:23.547   168  2705 I vpu_api_legacy: profile 66 level 31 cabac 0
07-25 06:15:23.547   168  2706 I mpp_enc : mpp_enc_proc_cfg cmd 0x320001
07-25 06:15:23.547   168  2706 I mpp_enc : mpp_enc_proc_rc_cfg change 170025
07-25 06:15:23.547   168  2706 I mpp_enc : mpp_enc_proc_rc_cfg MPP_ENC_RC_CFG_CHANGE_FPS_IN
07-25 06:15:23.547   168  2706 I mpp_enc : MPP_ENC_SET_RC_CFG bps 4000000 [3750000 : 4250000] fps [60:60] gop 599
07-25 06:15:23.547   168  2706 I mpp_enc : send header for set cfg change rc_mode/fps/gop
07-25 06:15:23.547   168  2706 I mpp_enc : set_rc_cfg rc->stats_time 0
07-25 06:15:23.547   168  2706 I mpp_enc : mode cbr bps [3750000:4000000:4250000] fps flex [60/1] -> flex [60/1] gop i [599] v [0]
07-25 06:15:23.547   168  2705 I vpu_api_legacy: vpu_api_set_enc_cfg out
07-25 06:15:23.547   168  2705 I omx_vmpp: setupEncCfg
07-25 06:15:23.547   168  2705 I omx_vmpp: setupFrameRate: framerate 60.00 
07-25 06:15:23.547   168  2705 I omx_vmpp: setupQp: qpInit 26 i 10-51 p 10-49
07-25 06:15:23.547   168  2705 E mpp_cfg : mpp_enc_cfg_set_s32: cfg rc:qp_max_step is invalid
07-25 06:15:23.547   168  2705 E mpp_cfg : mpp_enc_cfg_set_s32: cfg rc:cb_qp_offset is invalid
07-25 06:15:23.547   168  2705 E mpp_cfg : mpp_enc_cfg_set_s32: cfg rc:cr_qp_offset is invalid
07-25 06:15:23.547   168  2706 I mpp_enc : mpp_enc_proc_cfg cmd 0x320001
07-25 06:15:23.547   168  2706 I mpp_enc : mpp_enc_proc_rc_cfg change 170045
07-25 06:15:23.547   168  2706 I mpp_enc : mpp_enc_proc_rc_cfg MPP_ENC_RC_CFG_CHANGE_FPS_OUT
07-25 06:15:23.547   168  2706 I mpp_enc : MPP_ENC_SET_RC_CFG bps 4000000 [250000 : 4250000] fps [60:60] gop 599
07-25 06:15:23.547   168  2706 I mpp_enc : send header for set cfg change rc_mode/fps/gop
07-25 06:15:23.547   168  2706 I mpp_enc : set_rc_cfg rc->stats_time 0
07-25 06:15:23.547   168  2706 I mpp_enc : mode vbr bps [250000:4000000:4250000] fps flex [60/1] -> flex [60/1] gop i [599] v [0]
07-25 06:15:23.547   168  2706 I mpp_enc : xxxxmpp_packet_append
07-25 06:15:23.558  2942  3068 I System.out: ProxyFinder.FindFor - proxy type : DIRECT
07-25 06:15:23.558  2942  3068 I System.out: ProxyFinder.FindFor - No Proxy
07-25 06:15:23.650  2942  3068 I System.out: ProxyFinder.FindFor - proxy type : DIRECT
07-25 06:15:23.650  2942  3068 I System.out: ProxyFinder.FindFor - No Proxy
07-25 06:15:23.670  2942  3068 I System.out: ProxyFinder.FindFor - proxy type : DIRECT
07-25 06:15:23.670  2942  3068 I System.out: ProxyFinder.FindFor - No Proxy
07-25 06:15:23.701  2942  3068 I System.out: ProxyFinder.FindFor - proxy type : DIRECT
07-25 06:15:23.701  2942  3068 I System.out: ProxyFinder.FindFor - No Proxy
07-25 06:15:23.738  2942  3068 I System.out: ProxyFinder.FindFor - proxy type : DIRECT
07-25 06:15:23.738  2942  3068 I System.out: ProxyFinder.FindFor - No Proxy
07-25 06:15:23.782  2942  3068 I System.out: ProxyFinder.FindFor - proxy type : DIRECT
07-25 06:15:23.782  2942  3068 I System.out: ProxyFinder.FindFor - No Proxy
07-25 06:15:23.801  2942  3068 I System.out: ProxyFinder.FindFor - proxy type : DIRECT
07-25 06:15:23.801  2942  3068 I System.out: ProxyFinder.FindFor - No Proxy
07-25 06:15:23.813   168  2706 I rc_model_v2: fps chg from 60 -> 82
07-25 06:15:23.815  2942  3068 I System.out: ProxyFinder.FindFor - proxy type : DIRECT
07-25 06:15:23.815  2942  3068 I System.out: ProxyFinder.FindFor - No Proxy
07-25 06:15:23.849  2942  3068 I System.out: ProxyFinder.FindFor - proxy type : DIRECT
07-25 06:15:23.849  2942  3068 I System.out: ProxyFinder.FindFor - No Proxy
07-25 06:15:23.883  2942  3068 I System.out: ProxyFinder.FindFor - proxy type : DIRECT
07-25 06:15:23.883  2942  3068 I System.out: ProxyFinder.FindFor - No Proxy
07-25 06:15:23.932  2942  3068 I System.out: ProxyFinder.FindFor - proxy type : DIRECT
07-25 06:15:23.932  2942  3068 I System.out: ProxyFinder.FindFor - No Proxy
07-25 06:15:23.932  2942  3068 I System.out: ProxyFinder.FindFor - proxy type : DIRECT
07-25 06:15:23.932  2942  3068 I System.out: ProxyFinder.FindFor - No Proxy
07-25 06:15:23.997    83  3448 E ResolverController: No valid NAT64 prefix (100, <unspecified>/0)
07-25 06:15:23.999  2942  3068 I System.out: ProxyFinder.FindFor - proxy type : DIRECT
07-25 06:15:23.999  2942  3068 I System.out: ProxyFinder.FindFor - No Proxy
07-25 06:15:24.000  2942  3068 I System.out: ProxyFinder.FindFor - proxy type : DIRECT
07-25 06:15:24.000  2942  3068 I System.out: ProxyFinder.FindFor - No Proxy
07-25 06:15:24.009   287   324 E memtrack: Couldn't load memtrack module
07-25 06:15:24.009   287   324 W android.os.Debug: failed to get memory consumption info: -1
07-25 06:15:24.027   287   324 E memtrack: Couldn't load memtrack module
07-25 06:15:24.027   287   324 W android.os.Debug: failed to get memory consumption info: -1
07-25 06:15:24.047  2942  3068 I System.out: ProxyFinder.FindFor - proxy type : DIRECT
07-25 06:15:24.047  2942  3068 I System.out: ProxyFinder.FindFor - No Proxy
07-25 06:15:24.065  2942  3068 I System.out: ProxyFinder.FindFor - proxy type : DIRECT
07-25 06:15:24.065  2942  3068 I System.out: ProxyFinder.FindFor - No Proxy
07-25 06:15:24.080   168  2706 I rc_model_v2: fps chg from 82 -> 56
07-25 06:15:24.081  2942  3068 I System.out: ProxyFinder.FindFor - proxy type : DIRECT
07-25 06:15:24.081  2942  3068 I System.out: ProxyFinder.FindFor - No Proxy
07-25 06:15:24.099  2942  3068 I System.out: ProxyFinder.FindFor - proxy type : DIRECT
07-25 06:15:24.099  2942  3068 I System.out: ProxyFinder.FindFor - No Proxy
07-25 06:15:24.131  2942  3068 I System.out: ProxyFinder.FindFor - proxy type : DIRECT
07-25 06:15:24.131  2942  3068 I System.out: ProxyFinder.FindFor - No Proxy
07-25 06:15:24.165  2942  3068 I System.out: ProxyFinder.FindFor - proxy type : DIRECT
07-25 06:15:24.165  2942  3068 I System.out: ProxyFinder.FindFor - No Proxy
07-25 06:15:24.199  2942  3068 I System.out: ProxyFinder.FindFor - proxy type : DIRECT
07-25 06:15:24.199  2942  3068 I System.out: ProxyFinder.FindFor - No Proxy
07-25 06:15:24.223  2942  3449 W ApkUtil : getPackageInfo NameNotFoundException
07-25 06:15:24.223  2942  3449 I chatty  : uid=10108(com.gof.china) identical 1 line
07-25 06:15:24.223  2942  3449 W ApkUtil : getPackageInfo NameNotFoundException
07-25 06:15:24.225  2942  3450 W ApkUtil : getPackageInfo NameNotFoundException
07-25 06:15:24.225  2942  3450 I chatty  : uid=10108(com.gof.china) identical 1 line
07-25 06:15:24.225  2942  3450 W ApkUtil : getPackageInfo NameNotFoundException
07-25 06:15:24.232    83  3452 E ResolverController: No valid NAT64 prefix (100, <unspecified>/0)
07-25 06:15:24.252  2942  3068 I System.out: ProxyFinder.FindFor - proxy type : DIRECT
07-25 06:15:24.252  2942  3068 I System.out: ProxyFinder.FindFor - No Proxy
07-25 06:15:24.282  2942  3068 I System.out: ProxyFinder.FindFor - proxy type : DIRECT
07-25 06:15:24.282  2942  3068 I System.out: ProxyFinder.FindFor - No Proxy
07-25 06:15:24.298  2942  3068 I System.out: ProxyFinder.FindFor - proxy type : DIRECT
07-25 06:15:24.298  2942  3068 I System.out: ProxyFinder.FindFor - No Proxy
07-25 06:15:24.337  2942  3068 I System.out: ProxyFinder.FindFor - proxy type : DIRECT
07-25 06:15:24.337  2942  3068 I System.out: ProxyFinder.FindFor - No Proxy
07-25 06:15:24.381  2942  3068 I System.out: ProxyFinder.FindFor - proxy type : DIRECT
07-25 06:15:24.381  2942  3068 I System.out: ProxyFinder.FindFor - No Proxy
07-25 06:15:24.398  2942  3068 I System.out: ProxyFinder.FindFor - proxy type : DIRECT
07-25 06:15:24.398  2942  3068 I System.out: ProxyFinder.FindFor - No Proxy
07-25 06:15:24.457   287   388 V InputDispatcher: Asynchronous input event injection succeeded.
07-25 06:15:24.486  2942  3068 I System.out: ProxyFinder.FindFor - proxy type : DIRECT
07-25 06:15:24.486  2942  3068 I System.out: ProxyFinder.FindFor - No Proxy
07-25 06:15:24.487  2942  3068 I System.out: ProxyFinder.FindFor - proxy type : DIRECT
07-25 06:15:24.487  2942  3068 I System.out: ProxyFinder.FindFor - No Proxy
07-25 06:15:24.548  2942  3068 I System.out: ProxyFinder.FindFor - proxy type : DIRECT
07-25 06:15:24.548  2942  3068 I System.out: ProxyFinder.FindFor - No Proxy
07-25 06:15:24.570  2942  3068 I System.out: ProxyFinder.FindFor - proxy type : DIRECT
07-25 06:15:24.570  2942  3068 I System.out: ProxyFinder.FindFor - No Proxy
07-25 06:15:24.582   168  2705 I vpu_api_legacy: setup encoder rate control config:
07-25 06:15:24.582   168  2705 I vpu_api_legacy: width  608 height 1080 format 10:1000d
07-25 06:15:24.582   168  2705 I vpu_api_legacy: rc_mode CBR qp 26 bps 4000000
07-25 06:15:24.582   168  2705 I vpu_api_legacy: fps in 60 fps out 60 gop 599
07-25 06:15:24.582   168  2705 I vpu_api_legacy: setup encoder stream feature config:
07-25 06:15:24.582   168  2705 I vpu_api_legacy: profile 66 level 31 cabac 0
07-25 06:15:24.582   168  2706 I mpp_enc : mpp_enc_proc_cfg cmd 0x320001
07-25 06:15:24.582   168  2706 I mpp_enc : mpp_enc_proc_rc_cfg change 170025
07-25 06:15:24.582   168  2706 I mpp_enc : mpp_enc_proc_rc_cfg MPP_ENC_RC_CFG_CHANGE_FPS_IN
07-25 06:15:24.582   168  2706 I mpp_enc : MPP_ENC_SET_RC_CFG bps 4000000 [3750000 : 4250000] fps [60:60] gop 599
07-25 06:15:24.582   168  2706 I mpp_enc : send header for set cfg change rc_mode/fps/gop
07-25 06:15:24.583   168  2706 I mpp_enc : set_rc_cfg rc->stats_time 0
07-25 06:15:24.583   168  2706 I mpp_enc : mode cbr bps [3750000:4000000:4250000] fps flex [60/1] -> flex [60/1] gop i [599] v [0]
07-25 06:15:24.583   168  2705 I vpu_api_legacy: vpu_api_set_enc_cfg out
07-25 06:15:24.583   168  2705 I omx_vmpp: setupEncCfg
07-25 06:15:24.583   168  2705 I omx_vmpp: setupFrameRate: framerate 60.00 
07-25 06:15:24.583   168  2705 I omx_vmpp: setupQp: qpInit 26 i 10-51 p 10-49
07-25 06:15:24.583   168  2705 E mpp_cfg : mpp_enc_cfg_set_s32: cfg rc:qp_max_step is invalid
07-25 06:15:24.583   168  2705 E mpp_cfg : mpp_enc_cfg_set_s32: cfg rc:cb_qp_offset is invalid
07-25 06:15:24.583   168  2705 E mpp_cfg : mpp_enc_cfg_set_s32: cfg rc:cr_qp_offset is invalid
07-25 06:15:24.583   168  2706 I mpp_enc : mpp_enc_proc_cfg cmd 0x320001
07-25 06:15:24.583   168  2706 I mpp_enc : mpp_enc_proc_rc_cfg change 170045
07-25 06:15:24.583   168  2706 I mpp_enc : mpp_enc_proc_rc_cfg MPP_ENC_RC_CFG_CHANGE_FPS_OUT
07-25 06:15:24.583   168  2706 I mpp_enc : MPP_ENC_SET_RC_CFG bps 4000000 [250000 : 4250000] fps [60:60] gop 599
07-25 06:15:24.583   168  2706 I mpp_enc : send header for set cfg change rc_mode/fps/gop
07-25 06:15:24.583   168  2706 I mpp_enc : set_rc_cfg rc->stats_time 0
07-25 06:15:24.583   168  2706 I mpp_enc : mode vbr bps [250000:4000000:4250000] fps flex [60/1] -> flex [60/1] gop i [599] v [0]
07-25 06:15:24.584   168  2706 I mpp_enc : xxxxmpp_packet_append
07-25 06:15:24.591   287   388 V InputDispatcher: Asynchronous input event injection succeeded.
07-25 06:15:24.607   100   123 E JWSensorsHal: connect to /data/misc/sensor/sensor_ctrl error:2 No such file or directory
07-25 06:15:24.648  2942  3068 I System.out: ProxyFinder.FindFor - proxy type : DIRECT
07-25 06:15:24.648  2942  3068 I System.out: ProxyFinder.FindFor - No Proxy
07-25 06:15:24.701  2942  3068 I System.out: ProxyFinder.FindFor - proxy type : DIRECT
07-25 06:15:24.701  2942  3068 I System.out: ProxyFinder.FindFor - No Proxy
07-25 06:15:24.744    89   193 E JWAudioHAL: connect to /data/misc/audioserver/audio_out error:2 No such file or directory
07-25 06:15:24.832  2942  3068 I System.out: ProxyFinder.FindFor - proxy type : DIRECT
07-25 06:15:24.832  2942  3068 I System.out: ProxyFinder.FindFor - No Proxy
07-25 06:15:24.848   168  2706 I rc_model_v2: fps chg from 60 -> 117
07-25 06:15:24.850  2942  3068 I System.out: ProxyFinder.FindFor - proxy type : DIRECT
07-25 06:15:24.850  2942  3068 I System.out: ProxyFinder.FindFor - No Proxy
07-25 06:15:24.884  2942  3068 I System.out: ProxyFinder.FindFor - proxy type : DIRECT
07-25 06:15:24.884  2942  3068 I System.out: ProxyFinder.FindFor - No Proxy
07-25 06:15:24.917  2942  3068 I System.out: ProxyFinder.FindFor - proxy type : DIRECT
07-25 06:15:24.917  2942  3068 I System.out: ProxyFinder.FindFor - No Proxy
07-25 06:15:24.949  2942  3068 I System.out: ProxyFinder.FindFor - proxy type : DIRECT
07-25 06:15:24.950  2942  3068 I System.out: ProxyFinder.FindFor - No Proxy
07-25 06:15:24.966  2942  3068 I System.out: ProxyFinder.FindFor - proxy type : DIRECT
07-25 06:15:24.966  2942  3068 I System.out: ProxyFinder.FindFor - No Proxy
07-25 06:15:25.019  2942  3068 I System.out: ProxyFinder.FindFor - proxy type : DIRECT
07-25 06:15:25.019  2942  3068 I System.out: ProxyFinder.FindFor - No Proxy
07-25 06:15:25.019  2942  3068 I System.out: ProxyFinder.FindFor - proxy type : DIRECT
07-25 06:15:25.019  2942  3068 I System.out: ProxyFinder.FindFor - No Proxy
07-25 06:15:25.065  2942  3068 I System.out: ProxyFinder.FindFor - proxy type : DIRECT
07-25 06:15:25.065  2942  3068 I System.out: ProxyFinder.FindFor - No Proxy
07-25 06:15:25.083  2942  3068 I System.out: ProxyFinder.FindFor - proxy type : DIRECT
07-25 06:15:25.083  2942  3068 I System.out: ProxyFinder.FindFor - No Proxy
07-25 06:15:25.098   168  2706 I rc_model_v2: fps chg from 117 -> 60
07-25 06:15:25.119  2942  3068 I System.out: ProxyFinder.FindFor - proxy type : DIRECT
07-25 06:15:25.119  2942  3068 I System.out: ProxyFinder.FindFor - No Proxy
07-25 06:15:25.152  2942  3068 I System.out: ProxyFinder.FindFor - proxy type : DIRECT
07-25 06:15:25.152  2942  3068 I System.out: ProxyFinder.FindFor - No Proxy
07-25 06:15:25.182  2942  3068 I System.out: ProxyFinder.FindFor - proxy type : DIRECT
07-25 06:15:25.182  2942  3068 I System.out: ProxyFinder.FindFor - No Proxy
07-25 06:15:25.201  2942  3068 I System.out: ProxyFinder.FindFor - proxy type : DIRECT
07-25 06:15:25.201  2942  3068 I System.out: ProxyFinder.FindFor - No Proxy
07-25 06:15:25.233  2942  3068 I System.out: ProxyFinder.FindFor - proxy type : DIRECT
07-25 06:15:25.234  2942  3068 I System.out: ProxyFinder.FindFor - No Proxy
07-25 06:15:25.284  2942  3068 I System.out: ProxyFinder.FindFor - proxy type : DIRECT
07-25 06:15:25.284  2942  3068 I System.out: ProxyFinder.FindFor - No Proxy
07-25 06:15:25.335  2942  3068 I System.out: ProxyFinder.FindFor - proxy type : DIRECT
07-25 06:15:25.335  2942  3068 I System.out: ProxyFinder.FindFor - No Proxy
07-25 06:15:25.353  2942  3068 I System.out: ProxyFinder.FindFor - proxy type : DIRECT
07-25 06:15:25.353  2942  3068 I System.out: ProxyFinder.FindFor - No Proxy
07-25 06:15:25.381  2942  3068 I System.out: ProxyFinder.FindFor - proxy type : DIRECT
07-25 06:15:25.381  2942  3068 I System.out: ProxyFinder.FindFor - No Proxy
07-25 06:15:25.398  2942  3068 I System.out: ProxyFinder.FindFor - proxy type : DIRECT
07-25 06:15:25.398  2942  3068 I System.out: ProxyFinder.FindFor - No Proxy
07-25 06:15:25.434  2942  3068 I System.out: ProxyFinder.FindFor - proxy type : DIRECT
07-25 06:15:25.435  2942  3068 I System.out: ProxyFinder.FindFor - No Proxy
07-25 06:15:25.448  2942  3068 I System.out: ProxyFinder.FindFor - proxy type : DIRECT
07-25 06:15:25.448  2942  3068 I System.out: ProxyFinder.FindFor - No Proxy
07-25 06:15:25.469  2942  3068 I System.out: ProxyFinder.FindFor - proxy type : DIRECT
07-25 06:15:25.469  2942  3068 I System.out: ProxyFinder.FindFor - No Proxy
07-25 06:15:25.564  2942  3068 I System.out: ProxyFinder.FindFor - proxy type : DIRECT
07-25 06:15:25.564  2942  3068 I System.out: ProxyFinder.FindFor - No Proxy
07-25 06:15:25.580   168  2705 I vpu_api_legacy: setup encoder rate control config:
07-25 06:15:25.580   168  2705 I vpu_api_legacy: width  608 height 1080 format 10:1000d
07-25 06:15:25.580   168  2705 I vpu_api_legacy: rc_mode CBR qp 26 bps 4000000
07-25 06:15:25.580   168  2705 I vpu_api_legacy: fps in 60 fps out 60 gop 599
07-25 06:15:25.580   168  2705 I vpu_api_legacy: setup encoder stream feature config:
07-25 06:15:25.580   168  2705 I vpu_api_legacy: profile 66 level 31 cabac 0
07-25 06:15:25.580   168  2706 I mpp_enc : mpp_enc_proc_cfg cmd 0x320001
07-25 06:15:25.580   168  2706 I mpp_enc : mpp_enc_proc_rc_cfg change 170025
07-25 06:15:25.580   168  2706 I mpp_enc : mpp_enc_proc_rc_cfg MPP_ENC_RC_CFG_CHANGE_FPS_IN
07-25 06:15:25.580   168  2706 I mpp_enc : MPP_ENC_SET_RC_CFG bps 4000000 [3750000 : 4250000] fps [60:60] gop 599
07-25 06:15:25.580   168  2706 I mpp_enc : send header for set cfg change rc_mode/fps/gop
07-25 06:15:25.580   168  2706 I mpp_enc : set_rc_cfg rc->stats_time 0
07-25 06:15:25.580   168  2706 I mpp_enc : mode cbr bps [3750000:4000000:4250000] fps flex [60/1] -> flex [60/1] gop i [599] v [0]
07-25 06:15:25.580   168  2705 I vpu_api_legacy: vpu_api_set_enc_cfg out
07-25 06:15:25.580   168  2705 I omx_vmpp: setupEncCfg
07-25 06:15:25.580   168  2705 I omx_vmpp: setupFrameRate: framerate 60.00 
07-25 06:15:25.580   168  2705 I omx_vmpp: setupQp: qpInit 26 i 10-51 p 10-49
07-25 06:15:25.580   168  2705 E mpp_cfg : mpp_enc_cfg_set_s32: cfg rc:qp_max_step is invalid
07-25 06:15:25.580   168  2705 E mpp_cfg : mpp_enc_cfg_set_s32: cfg rc:cb_qp_offset is invalid
07-25 06:15:25.580   168  2705 E mpp_cfg : mpp_enc_cfg_set_s32: cfg rc:cr_qp_offset is invalid
07-25 06:15:25.581   168  2706 I mpp_enc : mpp_enc_proc_cfg cmd 0x320001
07-25 06:15:25.581   168  2706 I mpp_enc : mpp_enc_proc_rc_cfg change 170045
07-25 06:15:25.581   168  2706 I mpp_enc : mpp_enc_proc_rc_cfg MPP_ENC_RC_CFG_CHANGE_FPS_OUT
07-25 06:15:25.581   168  2706 I mpp_enc : MPP_ENC_SET_RC_CFG bps 4000000 [250000 : 4250000] fps [60:60] gop 599
07-25 06:15:25.581   168  2706 I mpp_enc : send header for set cfg change rc_mode/fps/gop
07-25 06:15:25.581   168  2706 I mpp_enc : set_rc_cfg rc->stats_time 0
07-25 06:15:25.581   168  2706 I mpp_enc : mode vbr bps [250000:4000000:4250000] fps flex [60/1] -> flex [60/1] gop i [599] v [0]
07-25 06:15:25.581   168  2706 I mpp_enc : xxxxmpp_packet_append
07-25 06:15:25.587  2942  3068 I System.out: ProxyFinder.FindFor - proxy type : DIRECT
07-25 06:15:25.587  2942  3068 I System.out: ProxyFinder.FindFor - No Proxy
07-25 06:15:25.648  2942  3068 I System.out: ProxyFinder.FindFor - proxy type : DIRECT
07-25 06:15:25.648  2942  3068 I System.out: ProxyFinder.FindFor - No Proxy
07-25 06:15:25.666  2942  3068 I System.out: ProxyFinder.FindFor - proxy type : DIRECT
07-25 06:15:25.666  2942  3068 I System.out: ProxyFinder.FindFor - No Proxy
07-25 06:15:25.698  2942  3068 I System.out: ProxyFinder.FindFor - proxy type : DIRECT
07-25 06:15:25.698  2942  3068 I System.out: ProxyFinder.FindFor - No Proxy
07-25 06:15:25.723  2942  3068 I System.out: ProxyFinder.FindFor - proxy type : DIRECT
07-25 06:15:25.723  2942  3068 I System.out: ProxyFinder.FindFor - No Proxy
07-25 06:15:25.781  2942  3068 I System.out: ProxyFinder.FindFor - proxy type : DIRECT
07-25 06:15:25.781  2942  3068 I System.out: ProxyFinder.FindFor - No Proxy
07-25 06:15:25.798  2942  3068 I System.out: ProxyFinder.FindFor - proxy type : DIRECT
07-25 06:15:25.798  2942  3068 I System.out: ProxyFinder.FindFor - No Proxy
07-25 06:15:25.847   168  2706 I rc_model_v2: fps chg from 60 -> 109
07-25 06:15:25.869  2942  3068 I System.out: ProxyFinder.FindFor - proxy type : DIRECT
07-25 06:15:25.869  2942  3068 I System.out: ProxyFinder.FindFor - No Proxy
07-25 06:15:25.914  2942  3068 I System.out: ProxyFinder.FindFor - proxy type : DIRECT
07-25 06:15:25.914  2942  3068 I System.out: ProxyFinder.FindFor - No Proxy
07-25 06:15:25.933  2942  3068 I System.out: ProxyFinder.FindFor - proxy type : DIRECT
07-25 06:15:25.933  2942  3068 I System.out: ProxyFinder.FindFor - No Proxy
07-25 06:15:26.015  2942  3068 I System.out: ProxyFinder.FindFor - proxy type : DIRECT
07-25 06:15:26.015  2942  3068 I System.out: ProxyFinder.FindFor - No Proxy
07-25 06:15:26.069  2942  3068 I System.out: ProxyFinder.FindFor - proxy type : DIRECT
07-25 06:15:26.069  2942  3068 I System.out: ProxyFinder.FindFor - No Proxy
07-25 06:15:26.070  2942  3068 I System.out: ProxyFinder.FindFor - proxy type : DIRECT
07-25 06:15:26.070  2942  3068 I System.out: ProxyFinder.FindFor - No Proxy
07-25 06:15:26.099   168  2706 I rc_model_v2: fps chg from 109 -> 59
07-25 06:15:26.137  2942  3068 I System.out: ProxyFinder.FindFor - proxy type : DIRECT
07-25 06:15:26.137  2942  3068 I System.out: ProxyFinder.FindFor - No Proxy
07-25 06:15:26.137  2942  3068 I System.out: ProxyFinder.FindFor - proxy type : DIRECT
07-25 06:15:26.137  2942  3068 I System.out: ProxyFinder.FindFor - No Proxy
07-25 06:15:26.230  2942  3068 I System.out: ProxyFinder.FindFor - proxy type : DIRECT
07-25 06:15:26.231  2942  3068 I System.out: ProxyFinder.FindFor - No Proxy
07-25 06:15:26.243   287   388 V InputDispatcher: Asynchronous input event injection succeeded.
07-25 06:15:26.264  2942  3068 I System.out: ProxyFinder.FindFor - proxy type : DIRECT
07-25 06:15:26.264  2942  3068 I System.out: ProxyFinder.FindFor - No Proxy
07-25 06:15:26.282  2942  3068 I System.out: ProxyFinder.FindFor - proxy type : DIRECT
07-25 06:15:26.282  2942  3068 I System.out: ProxyFinder.FindFor - No Proxy
07-25 06:15:26.317  2942  3068 I System.out: ProxyFinder.FindFor - proxy type : DIRECT
07-25 06:15:26.317  2942  3068 I System.out: ProxyFinder.FindFor - No Proxy
07-25 06:15:26.391   287   388 V InputDispatcher: Asynchronous input event injection succeeded.
07-25 06:15:26.399  2942  3068 I System.out: ProxyFinder.FindFor - proxy type : DIRECT
07-25 06:15:26.399  2942  3068 I System.out: ProxyFinder.FindFor - No Proxy
07-25 06:15:26.433  2942  3068 I System.out: ProxyFinder.FindFor - proxy type : DIRECT
07-25 06:15:26.433  2942  3068 I System.out: ProxyFinder.FindFor - No Proxy
07-25 06:15:26.466  2942  3068 I System.out: ProxyFinder.FindFor - proxy type : DIRECT
07-25 06:15:26.473  2942  3068 I System.out: ProxyFinder.FindFor - No Proxy
07-25 06:15:26.500  2942  3068 I System.out: ProxyFinder.FindFor - proxy type : DIRECT
07-25 06:15:26.500  2942  3068 I System.out: ProxyFinder.FindFor - No Proxy
07-25 06:15:26.580   168  2705 I vpu_api_legacy: setup encoder rate control config:
07-25 06:15:26.580   168  2705 I vpu_api_legacy: width  608 height 1080 format 10:1000d
07-25 06:15:26.580   168  2705 I vpu_api_legacy: rc_mode CBR qp 26 bps 4000000
07-25 06:15:26.580   168  2705 I vpu_api_legacy: fps in 60 fps out 60 gop 599
07-25 06:15:26.580   168  2705 I vpu_api_legacy: setup encoder stream feature config:
07-25 06:15:26.580   168  2705 I vpu_api_legacy: profile 66 level 31 cabac 0
07-25 06:15:26.581   168  2706 I mpp_enc : mpp_enc_proc_cfg cmd 0x320001
07-25 06:15:26.581   168  2706 I mpp_enc : mpp_enc_proc_rc_cfg change 170025
07-25 06:15:26.581   168  2706 I mpp_enc : mpp_enc_proc_rc_cfg MPP_ENC_RC_CFG_CHANGE_FPS_IN
07-25 06:15:26.581   168  2706 I mpp_enc : MPP_ENC_SET_RC_CFG bps 4000000 [3750000 : 4250000] fps [60:60] gop 599
07-25 06:15:26.581   168  2706 I mpp_enc : send header for set cfg change rc_mode/fps/gop
07-25 06:15:26.581   168  2706 I mpp_enc : set_rc_cfg rc->stats_time 0
07-25 06:15:26.581   168  2706 I mpp_enc : mode cbr bps [3750000:4000000:4250000] fps flex [60/1] -> flex [60/1] gop i [599] v [0]
07-25 06:15:26.581   168  2705 I vpu_api_legacy: vpu_api_set_enc_cfg out
07-25 06:15:26.581   168  2705 I omx_vmpp: setupEncCfg
07-25 06:15:26.581   168  2705 I omx_vmpp: setupFrameRate: framerate 60.00 
07-25 06:15:26.581   168  2705 I omx_vmpp: setupQp: qpInit 26 i 10-51 p 10-49
07-25 06:15:26.581   168  2705 E mpp_cfg : mpp_enc_cfg_set_s32: cfg rc:qp_max_step is invalid
07-25 06:15:26.581   168  2705 E mpp_cfg : mpp_enc_cfg_set_s32: cfg rc:cb_qp_offset is invalid
07-25 06:15:26.581   168  2705 E mpp_cfg : mpp_enc_cfg_set_s32: cfg rc:cr_qp_offset is invalid
07-25 06:15:26.582   168  2706 I mpp_enc : mpp_enc_proc_cfg cmd 0x320001
07-25 06:15:26.582   168  2706 I mpp_enc : mpp_enc_proc_rc_cfg change 170045
07-25 06:15:26.582   168  2706 I mpp_enc : mpp_enc_proc_rc_cfg MPP_ENC_RC_CFG_CHANGE_FPS_OUT
07-25 06:15:26.582   168  2706 I mpp_enc : MPP_ENC_SET_RC_CFG bps 4000000 [250000 : 4250000] fps [60:60] gop 599
07-25 06:15:26.582   168  2706 I mpp_enc : send header for set cfg change rc_mode/fps/gop
07-25 06:15:26.582   168  2706 I mpp_enc : set_rc_cfg rc->stats_time 0
07-25 06:15:26.582   168  2706 I mpp_enc : mode vbr bps [250000:4000000:4250000] fps flex [60/1] -> flex [60/1] gop i [599] v [0]
07-25 06:15:26.582   168  2706 I mpp_enc : xxxxmpp_packet_append
07-25 06:15:26.611  2942  3068 I System.out: ProxyFinder.FindFor - proxy type : DIRECT
07-25 06:15:26.611  2942  3068 I System.out: ProxyFinder.FindFor - No Proxy
07-25 06:15:26.651  2942  3068 I System.out: ProxyFinder.FindFor - proxy type : DIRECT
07-25 06:15:26.651  2942  3068 I System.out: ProxyFinder.FindFor - No Proxy
07-25 06:15:26.732  2942  3068 I System.out: ProxyFinder.FindFor - proxy type : DIRECT
07-25 06:15:26.732  2942  3068 I System.out: ProxyFinder.FindFor - No Proxy
07-25 06:15:26.739    93  1027 E jw_gps  : connect to /data/misc/gps/gps_ctrl error:2 No such file or directory
07-25 06:15:26.749  2942  3068 I System.out: ProxyFinder.FindFor - proxy type : DIRECT
07-25 06:15:26.750  2942  3068 I System.out: ProxyFinder.FindFor - No Proxy
07-25 06:15:26.833  2942  3068 I System.out: ProxyFinder.FindFor - proxy type : DIRECT
07-25 06:15:26.833  2942  3068 I System.out: ProxyFinder.FindFor - No Proxy
07-25 06:15:26.846   168  2706 I rc_model_v2: fps chg from 60 -> 109
