07-25 06:15:26.923  2942  3068 I System.out: ProxyFinder.FindFor - proxy type : DIRECT
07-25 06:15:26.923  2942  3068 I System.out: ProxyFinder.FindFor - No Proxy
07-25 06:15:26.923  2942  3068 I System.out: ProxyFinder.FindFor - proxy type : DIRECT
07-25 06:15:26.923  2942  3068 I System.out: ProxyFinder.FindFor - No Proxy
07-25 06:15:27.049  2942  3068 I System.out: ProxyFinder.FindFor - proxy type : DIRECT
07-25 06:15:27.049  2942  3068 I System.out: ProxyFinder.FindFor - No Proxy
07-25 06:15:27.097   168  2706 I rc_model_v2: fps chg from 109 -> 56
07-25 06:15:27.183  2942  3068 I System.out: ProxyFinder.FindFor - proxy type : DIRECT
07-25 06:15:27.183  2942  3068 I System.out: ProxyFinder.FindFor - No Proxy
07-25 06:15:27.248  2942  3068 I System.out: ProxyFinder.FindFor - proxy type : DIRECT
07-25 06:15:27.248  2942  3068 I System.out: ProxyFinder.FindFor - No Proxy
07-25 06:15:27.299  2942  3068 I System.out: ProxyFinder.FindFor - proxy type : DIRECT
07-25 06:15:27.299  2942  3068 I System.out: ProxyFinder.FindFor - No Proxy
07-25 06:15:27.366  2942  3068 I System.out: ProxyFinder.FindFor - proxy type : DIRECT
07-25 06:15:27.366  2942  3068 I System.out: ProxyFinder.FindFor - No Proxy
07-25 06:15:27.504  2942  3068 I System.out: ProxyFinder.FindFor - proxy type : DIRECT
07-25 06:15:27.504  2942  3068 I System.out: ProxyFinder.FindFor - No Proxy
07-25 06:15:27.597   168  2705 I vpu_api_legacy: setup encoder rate control config:
07-25 06:15:27.597   168  2705 I vpu_api_legacy: width  608 height 1080 format 10:1000d
07-25 06:15:27.597   168  2705 I vpu_api_legacy: rc_mode CBR qp 26 bps 4000000
07-25 06:15:27.597   168  2705 I vpu_api_legacy: fps in 60 fps out 60 gop 599
07-25 06:15:27.597   168  2705 I vpu_api_legacy: setup encoder stream feature config:
07-25 06:15:27.597   168  2705 I vpu_api_legacy: profile 66 level 31 cabac 0
07-25 06:15:27.597   168  2706 I mpp_enc : mpp_enc_proc_cfg cmd 0x320001
07-25 06:15:27.597   168  2706 I mpp_enc : mpp_enc_proc_rc_cfg change 170025
07-25 06:15:27.597   168  2706 I mpp_enc : mpp_enc_proc_rc_cfg MPP_ENC_RC_CFG_CHANGE_FPS_IN
07-25 06:15:27.597   168  2706 I mpp_enc : MPP_ENC_SET_RC_CFG bps 4000000 [3750000 : 4250000] fps [60:60] gop 599
07-25 06:15:27.597   168  2706 I mpp_enc : send header for set cfg change rc_mode/fps/gop
07-25 06:15:27.597   168  2706 I mpp_enc : set_rc_cfg rc->stats_time 0
07-25 06:15:27.597   168  2706 I mpp_enc : mode cbr bps [3750000:4000000:4250000] fps flex [60/1] -> flex [60/1] gop i [599] v [0]
07-25 06:15:27.597   168  2705 I vpu_api_legacy: vpu_api_set_enc_cfg out
07-25 06:15:27.597   168  2705 I omx_vmpp: setupEncCfg
07-25 06:15:27.597   168  2705 I omx_vmpp: setupFrameRate: framerate 60.00 
07-25 06:15:27.597   168  2705 I omx_vmpp: setupQp: qpInit 26 i 10-51 p 10-49
07-25 06:15:27.597   168  2705 E mpp_cfg : mpp_enc_cfg_set_s32: cfg rc:qp_max_step is invalid
07-25 06:15:27.597   168  2705 E mpp_cfg : mpp_enc_cfg_set_s32: cfg rc:cb_qp_offset is invalid
07-25 06:15:27.597   168  2705 E mpp_cfg : mpp_enc_cfg_set_s32: cfg rc:cr_qp_offset is invalid
07-25 06:15:27.597   168  2706 I mpp_enc : mpp_enc_proc_cfg cmd 0x320001
07-25 06:15:27.597   168  2706 I mpp_enc : mpp_enc_proc_rc_cfg change 170045
07-25 06:15:27.597   168  2706 I mpp_enc : mpp_enc_proc_rc_cfg MPP_ENC_RC_CFG_CHANGE_FPS_OUT
07-25 06:15:27.597   168  2706 I mpp_enc : MPP_ENC_SET_RC_CFG bps 4000000 [250000 : 4250000] fps [60:60] gop 599
07-25 06:15:27.597   168  2706 I mpp_enc : send header for set cfg change rc_mode/fps/gop
07-25 06:15:27.597   168  2706 I mpp_enc : set_rc_cfg rc->stats_time 0
07-25 06:15:27.597   168  2706 I mpp_enc : mode vbr bps [250000:4000000:4250000] fps flex [60/1] -> flex [60/1] gop i [599] v [0]
07-25 06:15:27.597   168  2706 I mpp_enc : xxxxmpp_packet_append
07-25 06:15:27.600   287   324 E memtrack: Couldn't load memtrack module
07-25 06:15:27.600   287   324 W android.os.Debug: failed to get memory consumption info: -1
07-25 06:15:27.616  2942  3068 I System.out: ProxyFinder.FindFor - proxy type : DIRECT
07-25 06:15:27.616  2942  3068 I System.out: ProxyFinder.FindFor - No Proxy
07-25 06:15:27.616   287   324 E memtrack: Couldn't load memtrack module
07-25 06:15:27.616   287   324 W android.os.Debug: failed to get memory consumption info: -1
07-25 06:15:27.630   287   324 E memtrack: Couldn't load memtrack module
07-25 06:15:27.630   287   324 W android.os.Debug: failed to get memory consumption info: -1
07-25 06:15:27.752  2942  3068 I System.out: ProxyFinder.FindFor - proxy type : DIRECT
07-25 06:15:27.752  2942  3068 I System.out: ProxyFinder.FindFor - No Proxy
07-25 06:15:27.776   287   388 V InputDispatcher: Asynchronous input event injection succeeded.
07-25 06:15:27.847  2942  3068 I System.out: ProxyFinder.FindFor - proxy type : DIRECT
07-25 06:15:27.847  2942  3068 I System.out: ProxyFinder.FindFor - No Proxy
07-25 06:15:27.863   168  2706 I rc_model_v2: fps chg from 60 -> 116
07-25 06:15:27.908   287   388 V InputDispatcher: Asynchronous input event injection succeeded.
07-25 06:15:27.917  2942  3068 I System.out: ProxyFinder.FindFor - proxy type : DIRECT
07-25 06:15:27.917  2942  3068 I System.out: ProxyFinder.FindFor - No Proxy
07-25 06:15:27.999  2942  3068 I System.out: ProxyFinder.FindFor - proxy type : DIRECT
07-25 06:15:27.999  2942  3068 I System.out: ProxyFinder.FindFor - No Proxy
07-25 06:15:28.130   168  2706 I rc_model_v2: fps chg from 116 -> 60
07-25 06:15:28.315  2942  3068 I System.out: ProxyFinder.FindFor - proxy type : DIRECT
07-25 06:15:28.315  2942  3068 I System.out: ProxyFinder.FindFor - No Proxy
07-25 06:15:28.364  2942  3068 I System.out: ProxyFinder.FindFor - proxy type : DIRECT
07-25 06:15:28.364  2942  3068 I System.out: ProxyFinder.FindFor - No Proxy
07-25 06:15:28.414  2942  3068 I System.out: ProxyFinder.FindFor - proxy type : DIRECT
07-25 06:15:28.414  2942  3068 I System.out: ProxyFinder.FindFor - No Proxy
07-25 06:15:28.430  2942  3068 I System.out: ProxyFinder.FindFor - proxy type : DIRECT
07-25 06:15:28.430  2942  3068 I System.out: ProxyFinder.FindFor - No Proxy
07-25 06:15:28.498  2942  3068 I System.out: ProxyFinder.FindFor - proxy type : DIRECT
07-25 06:15:28.498  2942  3068 I System.out: ProxyFinder.FindFor - No Proxy
07-25 06:15:28.641   105   210 D AudioFlinger: mixer(0x7aa87a4c00) throttle end: throttle time(9)
07-25 06:15:28.663   168  2705 I vpu_api_legacy: setup encoder rate control config:
07-25 06:15:28.663   168  2705 I vpu_api_legacy: width  608 height 1080 format 10:1000d
07-25 06:15:28.663   168  2705 I vpu_api_legacy: rc_mode CBR qp 26 bps 4000000
07-25 06:15:28.663   168  2705 I vpu_api_legacy: fps in 60 fps out 60 gop 599
07-25 06:15:28.663   168  2705 I vpu_api_legacy: setup encoder stream feature config:
07-25 06:15:28.663   168  2705 I vpu_api_legacy: profile 66 level 31 cabac 0
07-25 06:15:28.663   168  2706 I mpp_enc : mpp_enc_proc_cfg cmd 0x320001
07-25 06:15:28.663   168  2706 I mpp_enc : mpp_enc_proc_rc_cfg change 170025
07-25 06:15:28.663   168  2706 I mpp_enc : mpp_enc_proc_rc_cfg MPP_ENC_RC_CFG_CHANGE_FPS_IN
07-25 06:15:28.663   168  2706 I mpp_enc : MPP_ENC_SET_RC_CFG bps 4000000 [3750000 : 4250000] fps [60:60] gop 599
07-25 06:15:28.663   168  2706 I mpp_enc : send header for set cfg change rc_mode/fps/gop
07-25 06:15:28.663   168  2706 I mpp_enc : set_rc_cfg rc->stats_time 0
07-25 06:15:28.663   168  2706 I mpp_enc : mode cbr bps [3750000:4000000:4250000] fps flex [60/1] -> flex [60/1] gop i [599] v [0]
07-25 06:15:28.663   168  2705 I vpu_api_legacy: vpu_api_set_enc_cfg out
07-25 06:15:28.663   168  2705 I omx_vmpp: setupEncCfg
07-25 06:15:28.663   168  2705 I omx_vmpp: setupFrameRate: framerate 60.00 
07-25 06:15:28.663   168  2705 I omx_vmpp: setupQp: qpInit 26 i 10-51 p 10-49
07-25 06:15:28.663   168  2705 E mpp_cfg : mpp_enc_cfg_set_s32: cfg rc:qp_max_step is invalid
07-25 06:15:28.663   168  2705 E mpp_cfg : mpp_enc_cfg_set_s32: cfg rc:cb_qp_offset is invalid
07-25 06:15:28.663   168  2705 E mpp_cfg : mpp_enc_cfg_set_s32: cfg rc:cr_qp_offset is invalid
07-25 06:15:28.663   168  2706 I mpp_enc : mpp_enc_proc_cfg cmd 0x320001
07-25 06:15:28.663   168  2706 I mpp_enc : mpp_enc_proc_rc_cfg change 170045
07-25 06:15:28.663   168  2706 I mpp_enc : mpp_enc_proc_rc_cfg MPP_ENC_RC_CFG_CHANGE_FPS_OUT
07-25 06:15:28.663   168  2706 I mpp_enc : MPP_ENC_SET_RC_CFG bps 4000000 [250000 : 4250000] fps [60:60] gop 599
07-25 06:15:28.663   168  2706 I mpp_enc : send header for set cfg change rc_mode/fps/gop
07-25 06:15:28.663   168  2706 I mpp_enc : set_rc_cfg rc->stats_time 0
07-25 06:15:28.663   168  2706 I mpp_enc : mode vbr bps [250000:4000000:4250000] fps flex [60/1] -> flex [60/1] gop i [599] v [0]
07-25 06:15:28.663   168  2706 I mpp_enc : xxxxmpp_packet_append
07-25 06:15:28.784   287   388 V InputDispatcher: Asynchronous input event injection succeeded.
07-25 06:15:28.815  2942  3068 I System.out: ProxyFinder.FindFor - proxy type : DIRECT
07-25 06:15:28.815  2942  3068 I System.out: ProxyFinder.FindFor - No Proxy
07-25 06:15:28.837  2942  3068 I System.out: ProxyFinder.FindFor - proxy type : DIRECT
07-25 06:15:28.837  2942  3068 I System.out: ProxyFinder.FindFor - No Proxy
07-25 06:15:28.895   287   388 V InputDispatcher: Asynchronous input event injection succeeded.
07-25 06:15:28.914   168  2706 I rc_model_v2: fps chg from 60 -> 108
07-25 06:15:28.922  2942  3068 I System.out: ProxyFinder.FindFor - proxy type : DIRECT
07-25 06:15:28.922  2942  3068 I System.out: ProxyFinder.FindFor - No Proxy
07-25 06:15:29.059  2942  3068 I System.out: ProxyFinder.FindFor - proxy type : DIRECT
07-25 06:15:29.059  2942  3068 I System.out: ProxyFinder.FindFor - No Proxy
07-25 06:15:29.059  2942  3068 I System.out: ProxyFinder.FindFor - proxy type : DIRECT
07-25 06:15:29.059  2942  3068 I System.out: ProxyFinder.FindFor - No Proxy
07-25 06:15:29.105  2942  3068 I System.out: ProxyFinder.FindFor - proxy type : DIRECT
07-25 06:15:29.105  2942  3068 I System.out: ProxyFinder.FindFor - No Proxy
07-25 06:15:29.176   168  2706 I rc_model_v2: fps chg from 108 -> 57
07-25 06:15:29.301  2942  3068 I System.out: ProxyFinder.FindFor - proxy type : DIRECT
07-25 06:15:29.301  2942  3068 I System.out: ProxyFinder.FindFor - No Proxy
07-25 06:15:29.454  2942  3068 I System.out: ProxyFinder.FindFor - proxy type : DIRECT
07-25 06:15:29.454  2942  3068 I System.out: ProxyFinder.FindFor - No Proxy
07-25 06:15:29.499  2942  3068 I System.out: ProxyFinder.FindFor - proxy type : DIRECT
07-25 06:15:29.499  2942  3068 I System.out: ProxyFinder.FindFor - No Proxy
07-25 06:15:29.602  2942  3068 I System.out: ProxyFinder.FindFor - proxy type : DIRECT
07-25 06:15:29.602  2942  3068 I System.out: ProxyFinder.FindFor - No Proxy
07-25 06:15:29.607   100   123 E JWSensorsHal: connect to /data/misc/sensor/sensor_ctrl error:2 No such file or directory
07-25 06:15:29.610   909  2186 E WakeLock: CryptauthEnroller ** IS FORCE-RELEASED ON TIMEOUT **
07-25 06:15:29.669   168  2705 I vpu_api_legacy: setup encoder rate control config:
07-25 06:15:29.669   168  2705 I vpu_api_legacy: width  608 height 1080 format 10:1000d
07-25 06:15:29.669   168  2705 I vpu_api_legacy: rc_mode CBR qp 26 bps 4000000
07-25 06:15:29.669   168  2705 I vpu_api_legacy: fps in 60 fps out 60 gop 599
07-25 06:15:29.669   168  2705 I vpu_api_legacy: setup encoder stream feature config:
07-25 06:15:29.669   168  2705 I vpu_api_legacy: profile 66 level 31 cabac 0
07-25 06:15:29.669   168  2706 I mpp_enc : mpp_enc_proc_cfg cmd 0x320001
07-25 06:15:29.669   168  2706 I mpp_enc : mpp_enc_proc_rc_cfg change 170025
07-25 06:15:29.669   168  2706 I mpp_enc : mpp_enc_proc_rc_cfg MPP_ENC_RC_CFG_CHANGE_FPS_IN
07-25 06:15:29.669   168  2706 I mpp_enc : MPP_ENC_SET_RC_CFG bps 4000000 [3750000 : 4250000] fps [60:60] gop 599
07-25 06:15:29.669   168  2706 I mpp_enc : send header for set cfg change rc_mode/fps/gop
07-25 06:15:29.669   168  2705 I vpu_api_legacy: vpu_api_set_enc_cfg out
07-25 06:15:29.669   168  2705 I omx_vmpp: setupEncCfg
07-25 06:15:29.669   168  2705 I omx_vmpp: setupFrameRate: framerate 60.00 
07-25 06:15:29.669   168  2705 I omx_vmpp: setupQp: qpInit 26 i 10-51 p 10-49
07-25 06:15:29.669   168  2705 E mpp_cfg : mpp_enc_cfg_set_s32: cfg rc:qp_max_step is invalid
07-25 06:15:29.669   168  2705 E mpp_cfg : mpp_enc_cfg_set_s32: cfg rc:cb_qp_offset is invalid
07-25 06:15:29.669   168  2705 E mpp_cfg : mpp_enc_cfg_set_s32: cfg rc:cr_qp_offset is invalid
07-25 06:15:29.669   168  2706 I mpp_enc : set_rc_cfg rc->stats_time 0
07-25 06:15:29.669   168  2706 I mpp_enc : mode cbr bps [3750000:4000000:4250000] fps flex [60/1] -> flex [60/1] gop i [599] v [0]
07-25 06:15:29.669   168  2706 I mpp_enc : mpp_enc_proc_cfg cmd 0x320001
07-25 06:15:29.669   168  2706 I mpp_enc : mpp_enc_proc_rc_cfg change 170045
07-25 06:15:29.669   168  2706 I mpp_enc : mpp_enc_proc_rc_cfg MPP_ENC_RC_CFG_CHANGE_FPS_OUT
07-25 06:15:29.669   168  2706 I mpp_enc : MPP_ENC_SET_RC_CFG bps 4000000 [250000 : 4250000] fps [60:60] gop 599
07-25 06:15:29.669   168  2706 I mpp_enc : send header for set cfg change rc_mode/fps/gop
07-25 06:15:29.669   168  2706 I mpp_enc : set_rc_cfg rc->stats_time 0
07-25 06:15:29.669   168  2706 I mpp_enc : mode vbr bps [250000:4000000:4250000] fps flex [60/1] -> flex [60/1] gop i [599] v [0]
07-25 06:15:29.669   168  2706 I mpp_enc : xxxxmpp_packet_append
07-25 06:15:29.744    89   193 E JWAudioHAL: connect to /data/misc/audioserver/audio_out error:2 No such file or directory
07-25 06:15:29.857  2942  3068 I System.out: ProxyFinder.FindFor - proxy type : DIRECT
07-25 06:15:29.857  2942  3068 I System.out: ProxyFinder.FindFor - No Proxy
07-25 06:15:29.915  2942  3068 I System.out: ProxyFinder.FindFor - proxy type : DIRECT
07-25 06:15:29.915  2942  3068 I System.out: ProxyFinder.FindFor - No Proxy
07-25 06:15:29.929   168  2706 I rc_model_v2: fps chg from 60 -> 115
07-25 06:15:29.966  2942  3068 I System.out: ProxyFinder.FindFor - proxy type : DIRECT
07-25 06:15:29.966  2942  3068 I System.out: ProxyFinder.FindFor - No Proxy
07-25 06:15:29.999  2942  3068 I System.out: ProxyFinder.FindFor - proxy type : DIRECT
07-25 06:15:29.999  2942  3068 I System.out: ProxyFinder.FindFor - No Proxy
07-25 06:15:30.100  2942  3068 I System.out: ProxyFinder.FindFor - proxy type : DIRECT
07-25 06:15:30.100  2942  3068 I System.out: ProxyFinder.FindFor - No Proxy
07-25 06:15:30.145   287   388 V InputDispatcher: Asynchronous input event injection succeeded.
07-25 06:15:30.165  2942  3068 I System.out: ProxyFinder.FindFor - proxy type : DIRECT
07-25 06:15:30.165  2942  3068 I System.out: ProxyFinder.FindFor - No Proxy
07-25 06:15:30.179   168  2706 I rc_model_v2: fps chg from 115 -> 60
07-25 06:15:30.261   287   388 V InputDispatcher: Asynchronous input event injection succeeded.
07-25 06:15:30.288  2942  3068 I System.out: ProxyFinder.FindFor - proxy type : DIRECT
07-25 06:15:30.288  2942  3068 I System.out: ProxyFinder.FindFor - No Proxy
07-25 06:15:30.380  2942  3068 I System.out: ProxyFinder.FindFor - proxy type : DIRECT
07-25 06:15:30.380  2942  3068 I System.out: ProxyFinder.FindFor - No Proxy
07-25 06:15:30.398  2942  3068 I System.out: ProxyFinder.FindFor - proxy type : DIRECT
07-25 06:15:30.398  2942  3068 I System.out: ProxyFinder.FindFor - No Proxy
07-25 06:15:30.481  2942  3068 I System.out: ProxyFinder.FindFor - proxy type : DIRECT
07-25 06:15:30.481  2942  3068 I System.out: ProxyFinder.FindFor - No Proxy
07-25 06:15:30.482  2942  3068 I System.out: ProxyFinder.FindFor - proxy type : DIRECT
07-25 06:15:30.482  2942  3068 I System.out: ProxyFinder.FindFor - No Proxy
07-25 06:15:30.511   287   388 W InputDispatcher: Asynchronous input event injection failed.
07-25 06:15:30.629   287   388 V InputDispatcher: Asynchronous input event injection succeeded.
07-25 06:15:30.649  2942  3068 I System.out: ProxyFinder.FindFor - proxy type : DIRECT
07-25 06:15:30.649  2942  3068 I System.out: ProxyFinder.FindFor - No Proxy
07-25 06:15:30.663   168  2705 I vpu_api_legacy: setup encoder rate control config:
07-25 06:15:30.663   168  2705 I vpu_api_legacy: width  608 height 1080 format 10:1000d
07-25 06:15:30.663   168  2705 I vpu_api_legacy: rc_mode CBR qp 26 bps 4000000
07-25 06:15:30.663   168  2705 I vpu_api_legacy: fps in 60 fps out 60 gop 599
07-25 06:15:30.663   168  2705 I vpu_api_legacy: setup encoder stream feature config:
07-25 06:15:30.663   168  2705 I vpu_api_legacy: profile 66 level 31 cabac 0
07-25 06:15:30.663   168  2706 I mpp_enc : mpp_enc_proc_cfg cmd 0x320001
07-25 06:15:30.663   168  2706 I mpp_enc : mpp_enc_proc_rc_cfg change 170025
07-25 06:15:30.663   168  2706 I mpp_enc : mpp_enc_proc_rc_cfg MPP_ENC_RC_CFG_CHANGE_FPS_IN
07-25 06:15:30.663   168  2706 I mpp_enc : MPP_ENC_SET_RC_CFG bps 4000000 [3750000 : 4250000] fps [60:60] gop 599
07-25 06:15:30.663   168  2706 I mpp_enc : send header for set cfg change rc_mode/fps/gop
07-25 06:15:30.663   168  2706 I mpp_enc : set_rc_cfg rc->stats_time 0
07-25 06:15:30.663   168  2706 I mpp_enc : mode cbr bps [3750000:4000000:4250000] fps flex [60/1] -> flex [60/1] gop i [599] v [0]
07-25 06:15:30.663   168  2705 I vpu_api_legacy: vpu_api_set_enc_cfg out
07-25 06:15:30.663   168  2705 I omx_vmpp: setupEncCfg
07-25 06:15:30.663   168  2705 I omx_vmpp: setupFrameRate: framerate 60.00 
07-25 06:15:30.663   168  2705 I omx_vmpp: setupQp: qpInit 26 i 10-51 p 10-49
07-25 06:15:30.663   168  2705 E mpp_cfg : mpp_enc_cfg_set_s32: cfg rc:qp_max_step is invalid
07-25 06:15:30.663   168  2705 E mpp_cfg : mpp_enc_cfg_set_s32: cfg rc:cb_qp_offset is invalid
07-25 06:15:30.663   168  2705 E mpp_cfg : mpp_enc_cfg_set_s32: cfg rc:cr_qp_offset is invalid
07-25 06:15:30.663   168  2706 I mpp_enc : mpp_enc_proc_cfg cmd 0x320001
07-25 06:15:30.663   168  2706 I mpp_enc : mpp_enc_proc_rc_cfg change 170045
07-25 06:15:30.663   168  2706 I mpp_enc : mpp_enc_proc_rc_cfg MPP_ENC_RC_CFG_CHANGE_FPS_OUT
07-25 06:15:30.663   168  2706 I mpp_enc : MPP_ENC_SET_RC_CFG bps 4000000 [250000 : 4250000] fps [60:60] gop 599
07-25 06:15:30.663   168  2706 I mpp_enc : send header for set cfg change rc_mode/fps/gop
07-25 06:15:30.663   168  2706 I mpp_enc : set_rc_cfg rc->stats_time 0
07-25 06:15:30.663   168  2706 I mpp_enc : mode vbr bps [250000:4000000:4250000] fps flex [60/1] -> flex [60/1] gop i [599] v [0]
07-25 06:15:30.664   168  2706 I mpp_enc : xxxxmpp_packet_append
07-25 06:15:30.698  2942  3068 I System.out: ProxyFinder.FindFor - proxy type : DIRECT
07-25 06:15:30.698  2942  3068 I System.out: ProxyFinder.FindFor - No Proxy
07-25 06:15:30.728   287   388 V InputDispatcher: Asynchronous input event injection succeeded.
07-25 06:15:30.783  2942  3068 I System.out: ProxyFinder.FindFor - proxy type : DIRECT
07-25 06:15:30.783  2942  3068 I System.out: ProxyFinder.FindFor - No Proxy
07-25 06:15:30.783  2942  3068 I System.out: ProxyFinder.FindFor - proxy type : DIRECT
07-25 06:15:30.783  2942  3068 I System.out: ProxyFinder.FindFor - No Proxy
07-25 06:15:30.916  2942  3068 I System.out: ProxyFinder.FindFor - proxy type : DIRECT
07-25 06:15:30.916  2942  3068 I System.out: ProxyFinder.FindFor - No Proxy
07-25 06:15:30.930   168  2706 I rc_model_v2: fps chg from 60 -> 112
07-25 06:15:31.050  2942  3068 I System.out: ProxyFinder.FindFor - proxy type : DIRECT
07-25 06:15:31.050  2942  3068 I System.out: ProxyFinder.FindFor - No Proxy
07-25 06:15:31.180   168  2706 I rc_model_v2: fps chg from 112 -> 60
07-25 06:15:31.250  2942  3068 I System.out: ProxyFinder.FindFor - proxy type : DIRECT
07-25 06:15:31.250  2942  3068 I System.out: ProxyFinder.FindFor - No Proxy
07-25 06:15:31.517   287   388 V InputDispatcher: Asynchronous input event injection succeeded.
07-25 06:15:31.615  2942  3068 I System.out: ProxyFinder.FindFor - proxy type : DIRECT
07-25 06:15:31.615  2942  3068 I System.out: ProxyFinder.FindFor - No Proxy
07-25 06:15:31.663   168  2705 I vpu_api_legacy: setup encoder rate control config:
07-25 06:15:31.663   168  2705 I vpu_api_legacy: width  608 height 1080 format 10:1000d
07-25 06:15:31.663   168  2705 I vpu_api_legacy: rc_mode CBR qp 26 bps 4000000
07-25 06:15:31.663   168  2705 I vpu_api_legacy: fps in 60 fps out 60 gop 599
07-25 06:15:31.663   168  2705 I vpu_api_legacy: setup encoder stream feature config:
07-25 06:15:31.663   168  2705 I vpu_api_legacy: profile 66 level 31 cabac 0
07-25 06:15:31.663   168  2706 I mpp_enc : mpp_enc_proc_cfg cmd 0x320001
07-25 06:15:31.663   168  2706 I mpp_enc : mpp_enc_proc_rc_cfg change 170025
07-25 06:15:31.663   168  2706 I mpp_enc : mpp_enc_proc_rc_cfg MPP_ENC_RC_CFG_CHANGE_FPS_IN
07-25 06:15:31.663   168  2706 I mpp_enc : MPP_ENC_SET_RC_CFG bps 4000000 [3750000 : 4250000] fps [60:60] gop 599
07-25 06:15:31.663   168  2706 I mpp_enc : send header for set cfg change rc_mode/fps/gop
07-25 06:15:31.663   168  2705 I vpu_api_legacy: vpu_api_set_enc_cfg out
07-25 06:15:31.663   168  2705 I omx_vmpp: setupEncCfg
07-25 06:15:31.663   168  2705 I omx_vmpp: setupFrameRate: framerate 60.00 
07-25 06:15:31.663   168  2705 I omx_vmpp: setupQp: qpInit 26 i 10-51 p 10-49
07-25 06:15:31.663   168  2705 E mpp_cfg : mpp_enc_cfg_set_s32: cfg rc:qp_max_step is invalid
07-25 06:15:31.663   168  2705 E mpp_cfg : mpp_enc_cfg_set_s32: cfg rc:cb_qp_offset is invalid
07-25 06:15:31.663   168  2705 E mpp_cfg : mpp_enc_cfg_set_s32: cfg rc:cr_qp_offset is invalid
07-25 06:15:31.663   168  2706 I mpp_enc : set_rc_cfg rc->stats_time 0
07-25 06:15:31.664   168  2706 I mpp_enc : mode cbr bps [3750000:4000000:4250000] fps flex [60/1] -> flex [60/1] gop i [599] v [0]
07-25 06:15:31.664   168  2706 I mpp_enc : mpp_enc_proc_cfg cmd 0x320001
07-25 06:15:31.664   168  2706 I mpp_enc : mpp_enc_proc_rc_cfg change 170045
07-25 06:15:31.664   168  2706 I mpp_enc : mpp_enc_proc_rc_cfg MPP_ENC_RC_CFG_CHANGE_FPS_OUT
07-25 06:15:31.664   168  2706 I mpp_enc : MPP_ENC_SET_RC_CFG bps 4000000 [250000 : 4250000] fps [60:60] gop 599
07-25 06:15:31.664   168  2706 I mpp_enc : send header for set cfg change rc_mode/fps/gop
07-25 06:15:31.664   168  2706 I mpp_enc : set_rc_cfg rc->stats_time 0
07-25 06:15:31.664   168  2706 I mpp_enc : mode vbr bps [250000:4000000:4250000] fps flex [60/1] -> flex [60/1] gop i [599] v [0]
07-25 06:15:31.664   168  2706 I mpp_enc : xxxxmpp_packet_append
07-25 06:15:31.696   287   388 V InputDispatcher: Asynchronous input event injection succeeded.
07-25 06:15:31.699  2942  3068 I System.out: ProxyFinder.FindFor - proxy type : DIRECT
07-25 06:15:31.699  2942  3068 I System.out: ProxyFinder.FindFor - No Proxy
07-25 06:15:31.739    93  1027 E jw_gps  : connect to /data/misc/gps/gps_ctrl error:2 No such file or directory
07-25 06:15:31.764  2942  3068 I System.out: ProxyFinder.FindFor - proxy type : DIRECT
07-25 06:15:31.764  2942  3068 I System.out: ProxyFinder.FindFor - No Proxy
07-25 06:15:31.784  2942  3068 I System.out: ProxyFinder.FindFor - proxy type : DIRECT
07-25 06:15:31.784  2942  3068 I System.out: ProxyFinder.FindFor - No Proxy
07-25 06:15:31.847  2308  2388 E AndroidSerialExecutorImpl.cpp: AndroidSerialExecutorImpl(RequestStreamClient) Exception Running Function, Message: couldn't find key requestId in dynamic object
07-25 06:15:31.912   287   388 W InputDispatcher: Asynchronous input event injection failed.
07-25 06:15:31.930   168  2706 I rc_model_v2: fps chg from 60 -> 109
07-25 06:15:31.930  2942  3068 I System.out: ProxyFinder.FindFor - proxy type : DIRECT
07-25 06:15:31.930  2942  3068 I System.out: ProxyFinder.FindFor - No Proxy
07-25 06:15:32.015  2942  3068 I System.out: ProxyFinder.FindFor - proxy type : DIRECT
07-25 06:15:32.015  2942  3068 I System.out: ProxyFinder.FindFor - No Proxy
07-25 06:15:32.015  2942  3068 I System.out: ProxyFinder.FindFor - proxy type : DIRECT
07-25 06:15:32.015  2942  3068 I System.out: ProxyFinder.FindFor - No Proxy
07-25 06:15:32.131  2942  3068 I System.out: ProxyFinder.FindFor - proxy type : DIRECT
07-25 06:15:32.131  2942  3068 I System.out: ProxyFinder.FindFor - No Proxy
07-25 06:15:32.180   168  2706 I rc_model_v2: fps chg from 109 -> 60
07-25 06:15:32.197  2942  3068 I System.out: ProxyFinder.FindFor - proxy type : DIRECT
07-25 06:15:32.197  2942  3068 I System.out: ProxyFinder.FindFor - No Proxy
07-25 06:15:32.316  2942  3068 I System.out: ProxyFinder.FindFor - proxy type : DIRECT
07-25 06:15:32.316  2942  3068 I System.out: ProxyFinder.FindFor - No Proxy
07-25 06:15:32.430  2942  3068 I System.out: ProxyFinder.FindFor - proxy type : DIRECT
07-25 06:15:32.430  2942  3068 I System.out: ProxyFinder.FindFor - No Proxy
07-25 06:15:32.497  2942  3068 I System.out: ProxyFinder.FindFor - proxy type : DIRECT
07-25 06:15:32.497  2942  3068 I System.out: ProxyFinder.FindFor - No Proxy
07-25 06:15:32.515  2942  3068 I System.out: ProxyFinder.FindFor - proxy type : DIRECT
07-25 06:15:32.515  2942  3068 I System.out: ProxyFinder.FindFor - No Proxy
07-25 06:15:32.663   168  2705 I vpu_api_legacy: setup encoder rate control config:
07-25 06:15:32.663   168  2705 I vpu_api_legacy: width  608 height 1080 format 10:1000d
07-25 06:15:32.663   168  2705 I vpu_api_legacy: rc_mode CBR qp 26 bps 4000000
07-25 06:15:32.663   168  2705 I vpu_api_legacy: fps in 60 fps out 60 gop 599
07-25 06:15:32.663   168  2705 I vpu_api_legacy: setup encoder stream feature config:
07-25 06:15:32.663   168  2705 I vpu_api_legacy: profile 66 level 31 cabac 0
07-25 06:15:32.663   168  2706 I mpp_enc : mpp_enc_proc_cfg cmd 0x320001
07-25 06:15:32.663   168  2706 I mpp_enc : mpp_enc_proc_rc_cfg change 170025
07-25 06:15:32.663   168  2706 I mpp_enc : mpp_enc_proc_rc_cfg MPP_ENC_RC_CFG_CHANGE_FPS_IN
07-25 06:15:32.663   168  2706 I mpp_enc : MPP_ENC_SET_RC_CFG bps 4000000 [3750000 : 4250000] fps [60:60] gop 599
07-25 06:15:32.663   168  2706 I mpp_enc : send header for set cfg change rc_mode/fps/gop
07-25 06:15:32.663   168  2705 I vpu_api_legacy: vpu_api_set_enc_cfg out
07-25 06:15:32.663   168  2705 I omx_vmpp: setupEncCfg
07-25 06:15:32.663   168  2705 I omx_vmpp: setupFrameRate: framerate 60.00 
07-25 06:15:32.663   168  2705 I omx_vmpp: setupQp: qpInit 26 i 10-51 p 10-49
07-25 06:15:32.663   168  2705 E mpp_cfg : mpp_enc_cfg_set_s32: cfg rc:qp_max_step is invalid
07-25 06:15:32.663   168  2705 E mpp_cfg : mpp_enc_cfg_set_s32: cfg rc:cb_qp_offset is invalid
07-25 06:15:32.663   168  2705 E mpp_cfg : mpp_enc_cfg_set_s32: cfg rc:cr_qp_offset is invalid
07-25 06:15:32.663   168  2706 I mpp_enc : set_rc_cfg rc->stats_time 0
07-25 06:15:32.663   168  2706 I mpp_enc : mode cbr bps [3750000:4000000:4250000] fps flex [60/1] -> flex [60/1] gop i [599] v [0]
07-25 06:15:32.663   168  2706 I mpp_enc : mpp_enc_proc_cfg cmd 0x320001
07-25 06:15:32.663   168  2706 I mpp_enc : mpp_enc_proc_rc_cfg change 170045
07-25 06:15:32.663   168  2706 I mpp_enc : mpp_enc_proc_rc_cfg MPP_ENC_RC_CFG_CHANGE_FPS_OUT
07-25 06:15:32.663   168  2706 I mpp_enc : MPP_ENC_SET_RC_CFG bps 4000000 [250000 : 4250000] fps [60:60] gop 599
07-25 06:15:32.663   168  2706 I mpp_enc : send header for set cfg change rc_mode/fps/gop
07-25 06:15:32.663   168  2706 I mpp_enc : set_rc_cfg rc->stats_time 0
07-25 06:15:32.663   168  2706 I mpp_enc : mode vbr bps [250000:4000000:4250000] fps flex [60/1] -> flex [60/1] gop i [599] v [0]
07-25 06:15:32.663   168  2706 I mpp_enc : xxxxmpp_packet_append
07-25 06:15:32.682  2942  3068 I System.out: ProxyFinder.FindFor - proxy type : DIRECT
07-25 06:15:32.682  2942  3068 I System.out: ProxyFinder.FindFor - No Proxy
07-25 06:15:32.782  2942  3068 I System.out: ProxyFinder.FindFor - proxy type : DIRECT
07-25 06:15:32.782  2942  3068 I System.out: ProxyFinder.FindFor - No Proxy
07-25 06:15:32.798  2942  3068 I System.out: ProxyFinder.FindFor - proxy type : DIRECT
07-25 06:15:32.798  2942  3068 I System.out: ProxyFinder.FindFor - No Proxy
07-25 06:15:32.929   168  2706 I rc_model_v2: fps chg from 60 -> 109
07-25 06:15:32.930  2942  3068 I System.out: ProxyFinder.FindFor - proxy type : DIRECT
07-25 06:15:32.930  2942  3068 I System.out: ProxyFinder.FindFor - No Proxy
07-25 06:15:32.965  2942  3068 I System.out: ProxyFinder.FindFor - proxy type : DIRECT
07-25 06:15:32.965  2942  3068 I System.out: ProxyFinder.FindFor - No Proxy
07-25 06:15:32.983  2942  3068 I System.out: ProxyFinder.FindFor - proxy type : DIRECT
07-25 06:15:32.983  2942  3068 I System.out: ProxyFinder.FindFor - No Proxy
07-25 06:15:33.080  2942  3068 I System.out: ProxyFinder.FindFor - proxy type : DIRECT
07-25 06:15:33.080  2942  3068 I System.out: ProxyFinder.FindFor - No Proxy
07-25 06:15:33.179   168  2706 I rc_model_v2: fps chg from 109 -> 60
07-25 06:15:33.183  2942  3068 I System.out: ProxyFinder.FindFor - proxy type : DIRECT
07-25 06:15:33.183  2942  3068 I System.out: ProxyFinder.FindFor - No Proxy
07-25 06:15:33.231  2942  3068 I System.out: ProxyFinder.FindFor - proxy type : DIRECT
07-25 06:15:33.231  2942  3068 I System.out: ProxyFinder.FindFor - No Proxy
07-25 06:15:33.249  2942  3068 I System.out: ProxyFinder.FindFor - proxy type : DIRECT
07-25 06:15:33.249  2942  3068 I System.out: ProxyFinder.FindFor - No Proxy
07-25 06:15:33.332  2942  3068 I System.out: ProxyFinder.FindFor - proxy type : DIRECT
07-25 06:15:33.332  2942  3068 I System.out: ProxyFinder.FindFor - No Proxy
07-25 06:15:33.464  2942  3068 I System.out: ProxyFinder.FindFor - proxy type : DIRECT
07-25 06:15:33.464  2942  3068 I System.out: ProxyFinder.FindFor - No Proxy
07-25 06:15:33.634  2942  3068 I System.out: ProxyFinder.FindFor - proxy type : DIRECT
07-25 06:15:33.634  2942  3068 I System.out: ProxyFinder.FindFor - No Proxy
07-25 06:15:33.663   168  2705 I vpu_api_legacy: setup encoder rate control config:
07-25 06:15:33.663   168  2705 I vpu_api_legacy: width  608 height 1080 format 10:1000d
07-25 06:15:33.663   168  2705 I vpu_api_legacy: rc_mode CBR qp 26 bps 4000000
07-25 06:15:33.663   168  2705 I vpu_api_legacy: fps in 60 fps out 60 gop 599
07-25 06:15:33.663   168  2705 I vpu_api_legacy: setup encoder stream feature config:
07-25 06:15:33.663   168  2705 I vpu_api_legacy: profile 66 level 31 cabac 0
07-25 06:15:33.663   168  2706 I mpp_enc : mpp_enc_proc_cfg cmd 0x320001
07-25 06:15:33.663   168  2706 I mpp_enc : mpp_enc_proc_rc_cfg change 170025
07-25 06:15:33.663   168  2706 I mpp_enc : mpp_enc_proc_rc_cfg MPP_ENC_RC_CFG_CHANGE_FPS_IN
07-25 06:15:33.663   168  2706 I mpp_enc : MPP_ENC_SET_RC_CFG bps 4000000 [3750000 : 4250000] fps [60:60] gop 599
07-25 06:15:33.663   168  2706 I mpp_enc : send header for set cfg change rc_mode/fps/gop
07-25 06:15:33.663   168  2705 I vpu_api_legacy: vpu_api_set_enc_cfg out
07-25 06:15:33.663   168  2705 I omx_vmpp: setupEncCfg
07-25 06:15:33.663   168  2705 I omx_vmpp: setupFrameRate: framerate 60.00 
07-25 06:15:33.663   168  2705 I omx_vmpp: setupQp: qpInit 26 i 10-51 p 10-49
07-25 06:15:33.663   168  2705 E mpp_cfg : mpp_enc_cfg_set_s32: cfg rc:qp_max_step is invalid
07-25 06:15:33.663   168  2705 E mpp_cfg : mpp_enc_cfg_set_s32: cfg rc:cb_qp_offset is invalid
07-25 06:15:33.663   168  2705 E mpp_cfg : mpp_enc_cfg_set_s32: cfg rc:cr_qp_offset is invalid
07-25 06:15:33.663   168  2706 I mpp_enc : set_rc_cfg rc->stats_time 0
07-25 06:15:33.663   168  2706 I mpp_enc : mode cbr bps [3750000:4000000:4250000] fps flex [60/1] -> flex [60/1] gop i [599] v [0]
07-25 06:15:33.663   168  2706 I mpp_enc : mpp_enc_proc_cfg cmd 0x320001
07-25 06:15:33.663   168  2706 I mpp_enc : mpp_enc_proc_rc_cfg change 170045
07-25 06:15:33.663   168  2706 I mpp_enc : mpp_enc_proc_rc_cfg MPP_ENC_RC_CFG_CHANGE_FPS_OUT
07-25 06:15:33.663   168  2706 I mpp_enc : MPP_ENC_SET_RC_CFG bps 4000000 [250000 : 4250000] fps [60:60] gop 599
07-25 06:15:33.663   168  2706 I mpp_enc : send header for set cfg change rc_mode/fps/gop
07-25 06:15:33.663   168  2706 I mpp_enc : set_rc_cfg rc->stats_time 0
07-25 06:15:33.663   168  2706 I mpp_enc : mode vbr bps [250000:4000000:4250000] fps flex [60/1] -> flex [60/1] gop i [599] v [0]
07-25 06:15:33.663   168  2706 I mpp_enc : xxxxmpp_packet_append
07-25 06:15:33.918   168  2706 I rc_model_v2: fps chg from 60 -> 110
07-25 06:15:34.072  2942  3068 I System.out: ProxyFinder.FindFor - proxy type : DIRECT
07-25 06:15:34.072  2942  3068 I System.out: ProxyFinder.FindFor - No Proxy
07-25 06:15:34.132  2942  3068 I System.out: ProxyFinder.FindFor - proxy type : DIRECT
07-25 06:15:34.132  2942  3068 I System.out: ProxyFinder.FindFor - No Proxy
07-25 06:15:34.263   168  2706 I rc_model_v2: fps chg from 110 -> 46
07-25 06:15:34.354   287   388 W InputDispatcher: channel 'eaea3a1 com.gof.china/com.gof.china.DDUnityLaunchActivity (server)' ~ Consumer closed input channel or an error occurred.  events=0x9
07-25 06:15:34.354   287   388 E InputDispatcher: channel 'eaea3a1 com.gof.china/com.gof.china.DDUnityLaunchActivity (server)' ~ Channel is unrecoverably broken and will be disposed!
07-25 06:15:34.355   287   511 D ConnectivityService: ConnectivityService NetworkRequestInfo binderDied(NetworkRequest [ LISTEN id=38, [ Capabilities: INTERNET&NOT_RESTRICTED&TRUSTED Uid: 10108] ], android.os.BinderProxy@e58a293)
07-25 06:15:34.355   287   835 D ConnectivityService: ConnectivityService NetworkRequestInfo binderDied(NetworkRequest [ TRACK_DEFAULT id=37, [ Capabilities: INTERNET&NOT_RESTRICTED&TRUSTED Uid: 10108] ], android.os.BinderProxy@df832d0)
07-25 06:15:34.355   287   511 D ConnectivityService: ConnectivityService NetworkRequestInfo binderDied(NetworkRequest [ TRACK_DEFAULT id=34, [ Capabilities: INTERNET&NOT_RESTRICTED&TRUSTED Uid: 10108] ], android.os.BinderProxy@f0932c9)
07-25 06:15:34.355   287  1062 I ActivityManager: Process com.gof.china (pid 2942) has died: fore TOP 
07-25 06:15:34.355   287   402 D ConnectivityService: releasing NetworkRequest [ TRACK_DEFAULT id=37, [ Capabilities: INTERNET&NOT_RESTRICTED&TRUSTED Uid: 10108] ] (release request)
07-25 06:15:34.355   287   402 D ConnectivityService: releasing NetworkRequest [ TRACK_DEFAULT id=34, [ Capabilities: INTERNET&NOT_RESTRICTED&TRUSTED Uid: 10108] ] (release request)
07-25 06:15:34.355   287   835 I WindowManager: WIN DEATH: Window{eaea3a1 u0 com.gof.china/com.gof.china.DDUnityLaunchActivity}
07-25 06:15:34.356   287   835 W InputDispatcher: Attempted to unregister already unregistered input channel 'eaea3a1 com.gof.china/com.gof.china.DDUnityLaunchActivity (server)'
07-25 06:15:34.357    84    84 I Zygote  : Process 2942 exited cleanly (0)
07-25 06:15:34.361  3111  3111 I cr_ChildProcessService: Destroying ChildProcessService pid=3111
07-25 06:15:34.362   909   909 D BoundBrokerSvc: onUnbind: Intent { act=com.google.android.gms.appset.service.START dat=chimera-action: cmp=com.google.android.gms/.chimera.GmsApiService }
07-25 06:15:34.362  3111  3111 I ProcessService: System.exit called, status: 0
07-25 06:15:34.362  3111  3111 I AndroidRuntime: VM exiting with result code 0, cleanup skipped.
07-25 06:15:34.363   435   435 V KeyguardUpdateMonitor: onSubscriptionInfoChanged()
07-25 06:15:34.364   287  1062 W ActivityTaskManager: Force removing ActivityRecord{a874d92 u0 com.gof.china/.DDUnityLaunchActivity t3}: app died, no saved state
07-25 06:15:34.365   435   435 V KeyguardUpdateMonitor: SubInfo:{id=1, iccId=890124019[****] simSlotIndex=0 carrierId=1 displayName=T-Mobile carrierName=T-Mobile nameSource=0 iconTint=-16746133 mNumber=[****] dataRoaming=0 iconBitmap=android.graphics.Bitmap@e30301 mcc 310 mnc 260mCountryIso=us isEmbedded false nativeAccessRules null cardString=890124019[****] cardId=-1 isOpportunistic false mGroupUUID=null mIsGroupDisabled=false profileClass=-1 ehplmns = null hplmns = null subscriptionType=0 mGroupOwner=null carrierConfigAccessRules=null}
07-25 06:15:34.366   614   743 D PhoneInterfaceManager: [PhoneIntfMgr] isDataEnabled: subId=1 phoneId=0
07-25 06:15:34.366   614   743 D PhoneInterfaceManager: [PhoneIntfMgr] isDataEnabled: subId=1 retVal=true
07-25 06:15:34.368   435   435 V KeyguardUpdateMonitor: onSubscriptionInfoChanged()
07-25 06:15:34.369   287  1062 I ActivityTaskManager: getPackageFerformanceMode--ComponentInfo{com.android.launcher3/com.android.launcher3.Launcher}----com.android.launcher3
07-25 06:15:34.370   435   435 V KeyguardUpdateMonitor: SubInfo:{id=1, iccId=890124019[****] simSlotIndex=0 carrierId=1 displayName=T-Mobile carrierName=T-Mobile nameSource=0 iconTint=-16746133 mNumber=[****] dataRoaming=0 iconBitmap=android.graphics.Bitmap@f58c5a6 mcc 310 mnc 260mCountryIso=us isEmbedded false nativeAccessRules null cardString=890124019[****] cardId=-1 isOpportunistic false mGroupUUID=null mIsGroupDisabled=false profileClass=-1 ehplmns = null hplmns = null subscriptionType=0 mGroupOwner=null carrierConfigAccessRules=null}
07-25 06:15:34.373   614   970 D PhoneInterfaceManager: [PhoneIntfMgr] isDataEnabled: subId=1 phoneId=0
07-25 06:15:34.373   614   970 D PhoneInterfaceManager: [PhoneIntfMgr] isDataEnabled: subId=1 retVal=true
07-25 06:15:34.376  1071  1099 V Space   : sendTracking: resume_activity ({"opType":"resume_activity","resultCode":0,"component":"com.android.launcher3\/.Launcher","package":"com.android.launcher3","pid":2942,"uid":10108})
07-25 06:15:34.377   572   572 I Zygote  : Process 3111 exited cleanly (0)
07-25 06:15:34.380   287  1062 I ActivityManager: Killing 3111:com.android.webview:sandboxed_process0:org.chromium.content.app.SandboxedProcessService0/u0a108i0 (adj 0): isolated not needed
07-25 06:15:34.381   287   319 W ActivityManager: setHasOverlayUi called on unknown pid: 2942
07-25 06:15:34.382   595   595 I Launcher3: Launcher onStart.
07-25 06:15:34.383   595   595 I Launcher3: Launcher onResume.
07-25 06:15:34.385   287   330 D KernelCpuUidUserSysTimeReader: Removing uids 90003-90003
07-25 06:15:34.385   287   330 D BatteryStatsImpl: Got readings for an isolated uid with no mapping: 90003
07-25 06:15:34.385   287   330 D KernelCpuUidUserSysTimeReader: Removing uids 90001-90001
07-25 06:15:34.385   287   330 D BatteryStatsImpl: Got readings for an isolated uid with no mapping: 90001
07-25 06:15:34.385   287   330 W KernelCpuProcStringReader: File not found. It's normal if not implemented: /proc/uid_time_in_state
07-25 06:15:34.385   287   330 W KernelCpuProcStringReader: File not found. It's normal if not implemented: /proc/uid_concurrent_active_time
07-25 06:15:34.385   287   330 W KernelCpuProcStringReader: File not found. It's normal if not implemented: /proc/uid_concurrent_policy_time
07-25 06:15:34.389   287   327 I libprocessgroup: Successfully killed process cgroup uid 10108 pid 2942 in 33ms
07-25 06:15:34.389   287   327 I libprocessgroup: Successfully killed process cgroup uid 99000 pid 3111 in 0ms
07-25 06:15:34.398    94   132 D gralloc3: got new private_handle_t instance @0x7d87234280 for buffer 'Unnamed'. share_fd : 7, share_attr_fd : 8, flags : 0x0, width : 720, height : 1280, req_format : 0x1, producer_usage : 0x40000000000b00, consumer_usage : 0x40000000000b00, , stride : 0, alloc_format : 0x100000001, size : 3744768, layer_count : 1, backing_store_size : 3744768, backing_store_id : 403726925874, allocating_pid : 94, ref_count : 1, yuv_info : 0
07-25 06:15:34.398    94   132 D gralloc3: plane_info[0]: offset : 0, byte_stride : 2880, alloc_width : 720, alloc_height : 1280
07-25 06:15:34.398    94   132 D gralloc3: plane_info[1]: offset : 0, byte_stride : 0, alloc_width : 0, alloc_height : 0
07-25 06:15:34.399    94   132 D gralloc3: got new private_handle_t instance @0x7d87234280 for buffer 'Unnamed'. share_fd : 7, share_attr_fd : 8, flags : 0x0, width : 720, height : 1280, req_format : 0x1, producer_usage : 0x40000000000b00, consumer_usage : 0x40000000000b00, , stride : 0, alloc_format : 0x100000001, size : 3744768, layer_count : 1, backing_store_size : 3744768, backing_store_id : 403726925875, allocating_pid : 94, ref_count : 1, yuv_info : 0
07-25 06:15:34.399    94   132 D gralloc3: plane_info[0]: offset : 0, byte_stride : 2880, alloc_width : 720, alloc_height : 1280
07-25 06:15:34.399    94   132 D gralloc3: plane_info[1]: offset : 0, byte_stride : 0, alloc_width : 0, alloc_height : 0
07-25 06:15:34.400    94   132 D gralloc3: got new private_handle_t instance @0x7d87234280 for buffer 'Unnamed'. share_fd : 7, share_attr_fd : 8, flags : 0x0, width : 720, height : 1280, req_format : 0x1, producer_usage : 0x40000000000b00, consumer_usage : 0x40000000000b00, , stride : 0, alloc_format : 0x100000001, size : 3744768, layer_count : 1, backing_store_size : 3744768, backing_store_id : 403726925876, allocating_pid : 94, ref_count : 1, yuv_info : 0
07-25 06:15:34.400    94   132 D gralloc3: plane_info[0]: offset : 0, byte_stride : 2880, alloc_width : 720, alloc_height : 1280
07-25 06:15:34.400    94   132 D gralloc3: plane_info[1]: offset : 0, byte_stride : 0, alloc_width : 0, alloc_height : 0
07-25 06:15:34.402   435   435 D ImageWallpaper: wallpaper visibility changes to: true
07-25 06:15:34.406   736   736 I GoogleInputMethodService: GoogleInputMethodService.onFinishInput():3126 
07-25 06:15:34.407   736   736 I GoogleInputMethodService: GoogleInputMethodService.updateDeviceLockedStatus():2216 repeatCheckTimes = 0, locked = false
07-25 06:15:34.407   736   736 I GoogleInputMethodService: GoogleInputMethodService.onStartInput():1954 onStartInput(EditorInfo{EditorInfo{packageName=com.android.launcher3, inputType=0, inputTypeString=NULL, enableLearning=false, autoCorrection=false, autoComplete=false, imeOptions=0, privateImeOptions=null, actionName=UNSPECIFIED, actionLabel=null, initialSelStart=-1, initialSelEnd=-1, initialCapsMode=0, label=null, fieldId=-1, fieldName=null, extras=null, hintText=null, hintLocales=[]}}, false)
07-25 06:15:34.407   736   736 I GoogleInputMethodService: GoogleInputMethodService.updateDeviceLockedStatus():2216 repeatCheckTimes = 1, locked = false
07-25 06:15:34.408   736   736 I AndroidIME: InputBundleManager.loadActiveInputBundleId():450 loadActiveInputBundleId: und-Latn-x-password, password
07-25 06:15:34.413    95   218 E drm_hwc2_gralloc: hwc_get_handle_name:cann't get value from gralloc
07-25 06:15:34.447    95   218 I chatty  : uid=1000(system) HwBinder:95_2 identical 6 lines
07-25 06:15:34.447    95   218 E drm_hwc2_gralloc: hwc_get_handle_name:cann't get value from gralloc
07-25 06:15:34.607   100   123 E JWSensorsHal: connect to /data/misc/sensor/sensor_ctrl error:2 No such file or directory
07-25 06:15:34.744    89   193 E JWAudioHAL: connect to /data/misc/audioserver/audio_out error:2 No such file or directory
07-25 06:15:34.782   168  2706 I rc_model_v2: fps chg from 46 -> 22
07-25 06:15:35.083   168  2706 I rc_model_v2: fps chg from 22 -> 10
07-25 06:15:36.739    93  1027 E jw_gps  : connect to /data/misc/gps/gps_ctrl error:2 No such file or directory
^C
130|de72dfcb07da:/ # 