07-25 06:18:08.624   287   388 V InputDispatcher: Asynchronous input event injection succeeded.
07-25 06:18:08.770   287   388 V InputDispatcher: Asynchronous input event injection succeeded.
07-25 06:18:09.023   168  2706 I rc_model_v2: fps chg from 39 -> 12
07-25 06:18:09.493   614   970 D PhoneInterfaceManager: [PhoneIntfMgr] isUserDataEnabled: subId=1 phoneId=0
07-25 06:18:09.494   614   970 D PhoneInterfaceManager: [PhoneIntfMgr] isUserDataEnabled: subId=1 retVal=true
07-25 06:18:09.521    83  4448 E ResolverController: No valid NAT64 prefix (100, <unspecified>/0)
07-25 06:18:09.614   100   123 E JWSensorsHal: connect to /data/misc/sensor/sensor_ctrl error:2 No such file or directory
07-25 06:18:09.751    89   193 E JWAudioHAL: connect to /data/misc/audioserver/audio_out error:2 No such file or directory
07-25 06:18:10.544   287   388 V InputDispatcher: Asynchronous input event injection succeeded.
07-25 06:18:10.682   287   388 V InputDispatcher: Asynchronous input event injection succeeded.
07-25 06:18:11.616  4108  4222 D TPush   : [ServiceUtil]  Not pull up other XGService with cloud
07-25 06:18:11.751    93  1027 E jw_gps  : connect to /data/misc/gps/gps_ctrl error:2 No such file or directory
07-25 06:18:12.617   287   324 E memtrack: Couldn't load memtrack module
07-25 06:18:12.618   287   324 W android.os.Debug: failed to get memory consumption info: -1
07-25 06:18:12.658  3975  4082 I System.out: ProxyFinder.FindFor - proxy type : DIRECT
07-25 06:18:12.658  3975  4082 I System.out: ProxyFinder.FindFor - No Proxy
07-25 06:18:12.658  3975  4082 I System.out: ProxyFinder.FindFor - proxy type : DIRECT
07-25 06:18:12.658  3975  4082 I System.out: ProxyFinder.FindFor - No Proxy
07-25 06:18:12.659    83  4465 E ResolverController: No valid NAT64 prefix (100, <unspecified>/0)
07-25 06:18:12.715    83  4466 E ResolverController: No valid NAT64 prefix (100, <unspecified>/0)
07-25 06:18:12.748  1909  1942 W GnpSdk  : GNP job with key %s failed.
07-25 06:18:12.748  1909  1942 W GnpSdk  : pbw: Http networking stack error
07-25 06:18:12.748  1909  1942 W GnpSdk  :      at owv.run(PG:26)
07-25 06:18:12.748  1909  1942 W GnpSdk  :      at jlx.run(PG:1)
07-25 06:18:12.748  1909  1942 W GnpSdk  :      at ojy.run(PG:24)
07-25 06:18:12.748  1909  1942 W GnpSdk  :      at jgo.run(PG:30)
07-25 06:18:12.748  1909  1942 W GnpSdk  :      at java.lang.Thread.run(Thread.java:919)
07-25 06:18:12.748  1909  1942 W GnpSdk  :      at jmq.run(PG:6)
07-25 06:18:12.748  1909  1942 W GnpSdk  : Caused by: m.md: Exception in CronetUrlRequest: net::ERR_TIMED_OUT, ErrorCode=4, InternalErrorCode=-7, Retryable=true
07-25 06:18:12.748  1909  1942 W GnpSdk  :      at org.chromium.net.impl.CronetUrlRequest.onError(:com.google.android.gms.dynamite_cronetdynamite@242632022@24.26.32 (100400-0):4)
07-25 06:18:12.750  1909  2037 W GnpSdk  : Job finished with permanent failure. Job ID: 'GNP_SDK_JOB::no_account::12', key: 'GK_PERIODIC_SYNC'
07-25 06:18:12.750  1909  2037 W GnpSdk  : pbw: Http networking stack error
07-25 06:18:12.750  1909  2037 W GnpSdk  :      at owv.run(PG:26)
07-25 06:18:12.750  1909  2037 W GnpSdk  :      at jlx.run(PG:1)
07-25 06:18:12.750  1909  2037 W GnpSdk  :      at ojy.run(PG:24)
07-25 06:18:12.750  1909  2037 W GnpSdk  :      at jgo.run(PG:30)
07-25 06:18:12.750  1909  2037 W GnpSdk  :      at java.lang.Thread.run(Thread.java:919)
07-25 06:18:12.750  1909  2037 W GnpSdk  :      at jmq.run(PG:6)
07-25 06:18:12.750  1909  2037 W GnpSdk  : Caused by: m.md: Exception in CronetUrlRequest: net::ERR_TIMED_OUT, ErrorCode=4, InternalErrorCode=-7, Retryable=true
07-25 06:18:12.750  1909  2037 W GnpSdk  :      at org.chromium.net.impl.CronetUrlRequest.onError(:com.google.android.gms.dynamite_cronetdynamite@242632022@24.26.32 (100400-0):4)
07-25 06:18:12.757    83    83 I netd    : firewallSetUidRule(2, 10047, 2) <0.02ms>
07-25 06:18:12.760   287   402 D ConnectivityService: Blocked status changed to true for 10047(27) on netId 100
07-25 06:18:12.760   287   402 D ConnectivityService: Blocked status changed to true for 10047(28) on netId 100
07-25 06:18:12.761   287   402 D ConnectivityService: Blocked status changed to true for 10047(29) on netId 100
07-25 06:18:12.778   287   402 D ConnectivityService: releasing NetworkRequest [ TRACK_DEFAULT id=27, [ Capabilities: INTERNET&NOT_RESTRICTED&TRUSTED Uid: 10047] ] (release request)
07-25 06:18:12.781   435   435 V KeyguardUpdateMonitor: onSubscriptionInfoChanged()
07-25 06:18:12.782   435   435 V KeyguardUpdateMonitor: SubInfo:{id=1, iccId=890124019[****] simSlotIndex=0 carrierId=1 displayName=T-Mobile carrierName=T-Mobile nameSource=0 iconTint=-16746133 mNumber=[****] dataRoaming=0 iconBitmap=android.graphics.Bitmap@6e387f5 mcc 310 mnc 260mCountryIso=us isEmbedded false nativeAccessRules null cardString=890124019[****] cardId=-1 isOpportunistic false mGroupUUID=null mIsGroupDisabled=false profileClass=-1 ehplmns = null hplmns = null subscriptionType=0 mGroupOwner=null carrierConfigAccessRules=null}
07-25 06:18:12.782   614   970 D PhoneInterfaceManager: [PhoneIntfMgr] isDataEnabled: subId=1 phoneId=0
07-25 06:18:12.782   614   970 D PhoneInterfaceManager: [PhoneIntfMgr] isDataEnabled: subId=1 retVal=true
07-25 06:18:12.784  3975  4082 E Unity   : 文件检验失败: /storage/emulated/0/Android/data/com.gof.china/files/data/art_actor_hero_3d_hero_exhibit_norah_material_depend_76b825d6fc81369f11aec956f154fde.unity3d
07-25 06:18:12.784  3975  4082 E Unity   : CenturyGame.GameFramework.<>c:<Check>b__4_1(LoomBase)
07-25 06:18:12.784  3975  4082 E Unity   : Loom:Update()
07-25 06:18:12.784  3975  4082 E Unity   :  
07-25 06:18:12.784  3975  4082 E Unity   : (Filename: ./Runtime/Export/Debug.bindings.h Line: 45)
07-25 06:18:12.784  3975  4082 E Unity   : 
07-25 06:18:12.811  3975  4082 I System.out: ProxyFinder.FindFor - proxy type : DIRECT
07-25 06:18:12.811  3975  4082 I System.out: ProxyFinder.FindFor - No Proxy
07-25 06:18:12.811  3975  4082 I System.out: ProxyFinder.FindFor - proxy type : DIRECT
07-25 06:18:12.811  3975  4082 I System.out: ProxyFinder.FindFor - No Proxy
07-25 06:18:12.829  3975  4085 E [CrashSightReport]: # REPORT ID: 1e21e50f-357d-4c7f-8cf5-98193464034d
07-25 06:18:12.834   287   303 E memtrack: Couldn't load memtrack module
07-25 06:18:12.834   287   303 W android.os.Debug: failed to get memory consumption info: -1
07-25 06:18:12.885    83  4476 E ResolverController: No valid NAT64 prefix (100, <unspecified>/0)
07-25 06:18:12.888   168  2706 I rc_model_v2: fps chg from 12 -> 37
07-25 06:18:12.920  3975  4082 I System.out: ProxyFinder.FindFor - proxy type : DIRECT
07-25 06:18:12.920  3975  4082 I System.out: ProxyFinder.FindFor - No Proxy
07-25 06:18:12.968    83  4477 E ResolverController: No valid NAT64 prefix (100, <unspecified>/0)
07-25 06:18:13.031  3975  4085 W [CrashSightReport]: set expUid:1e21e50f-357d-4c7f-8cf5-98193464034d uc:1 re:true me:false mc:0
07-25 06:18:13.042  3975  4082 I System.out: ProxyFinder.FindFor - proxy type : DIRECT
07-25 06:18:13.042  3975  4082 I System.out: ProxyFinder.FindFor - No Proxy
07-25 06:18:13.056   168  2705 I vpu_api_legacy: setup encoder rate control config:
07-25 06:18:13.056   168  2705 I vpu_api_legacy: width  608 height 1080 format 10:1000d
07-25 06:18:13.056   168  2705 I vpu_api_legacy: rc_mode CBR qp 26 bps 4000000
07-25 06:18:13.056   168  2705 I vpu_api_legacy: fps in 60 fps out 60 gop 599
07-25 06:18:13.056   168  2705 I vpu_api_legacy: setup encoder stream feature config:
07-25 06:18:13.056   168  2705 I vpu_api_legacy: profile 66 level 31 cabac 0
07-25 06:18:13.056   168  2706 I mpp_enc : mpp_enc_proc_cfg cmd 0x320001
07-25 06:18:13.056   168  2706 I mpp_enc : mpp_enc_proc_rc_cfg change 170025
07-25 06:18:13.056   168  2706 I mpp_enc : mpp_enc_proc_rc_cfg MPP_ENC_RC_CFG_CHANGE_FPS_IN
07-25 06:18:13.056   168  2706 I mpp_enc : MPP_ENC_SET_RC_CFG bps 4000000 [3750000 : 4250000] fps [60:60] gop 599
07-25 06:18:13.056   168  2706 I mpp_enc : send header for set cfg change rc_mode/fps/gop
07-25 06:18:13.056   168  2706 I mpp_enc : set_rc_cfg rc->stats_time 0
07-25 06:18:13.056   168  2706 I mpp_enc : mode cbr bps [3750000:4000000:4250000] fps flex [60/1] -> flex [60/1] gop i [599] v [0]
07-25 06:18:13.056   168  2705 I vpu_api_legacy: vpu_api_set_enc_cfg out
07-25 06:18:13.056   168  2705 I omx_vmpp: setupEncCfg
07-25 06:18:13.056   168  2705 I omx_vmpp: setupFrameRate: framerate 60.00 
07-25 06:18:13.056   168  2705 I omx_vmpp: setupQp: qpInit 26 i 10-51 p 10-49
07-25 06:18:13.056   168  2705 E mpp_cfg : mpp_enc_cfg_set_s32: cfg rc:qp_max_step is invalid
07-25 06:18:13.056   168  2705 E mpp_cfg : mpp_enc_cfg_set_s32: cfg rc:cb_qp_offset is invalid
07-25 06:18:13.056   168  2705 E mpp_cfg : mpp_enc_cfg_set_s32: cfg rc:cr_qp_offset is invalid
07-25 06:18:13.056   168  2706 I mpp_enc : mpp_enc_proc_cfg cmd 0x320001
07-25 06:18:13.056   168  2706 I mpp_enc : mpp_enc_proc_rc_cfg change 170045
07-25 06:18:13.056   168  2706 I mpp_enc : mpp_enc_proc_rc_cfg MPP_ENC_RC_CFG_CHANGE_FPS_OUT
07-25 06:18:13.056   168  2706 I mpp_enc : MPP_ENC_SET_RC_CFG bps 4000000 [250000 : 4250000] fps [60:60] gop 599
07-25 06:18:13.056   168  2706 I mpp_enc : send header for set cfg change rc_mode/fps/gop
07-25 06:18:13.056   168  2706 I mpp_enc : set_rc_cfg rc->stats_time 0
07-25 06:18:13.056   168  2706 I mpp_enc : mode vbr bps [250000:4000000:4250000] fps flex [60/1] -> flex [60/1] gop i [599] v [0]
07-25 06:18:13.057   168  2706 I mpp_enc : xxxxmpp_packet_append
07-25 06:18:13.143    83  4478 E ResolverController: No valid NAT64 prefix (100, <unspecified>/0)
07-25 06:18:13.174  3975  4082 I System.out: ProxyFinder.FindFor - proxy type : DIRECT
07-25 06:18:13.174  3975  4082 I System.out: ProxyFinder.FindFor - No Proxy
07-25 06:18:13.308  3975  4082 I System.out: ProxyFinder.FindFor - proxy type : DIRECT
07-25 06:18:13.308  3975  4082 I System.out: ProxyFinder.FindFor - No Proxy
07-25 06:18:13.323   168  2706 I rc_model_v2: fps chg from 60 -> 93
07-25 06:18:13.345   287   388 V InputDispatcher: Asynchronous input event injection succeeded.
07-25 06:18:13.427  3975  4082 I System.out: ProxyFinder.FindFor - proxy type : DIRECT
07-25 06:18:13.427  3975  4082 I System.out: ProxyFinder.FindFor - No Proxy
07-25 06:18:13.477   287   388 V InputDispatcher: Asynchronous input event injection succeeded.
07-25 06:18:13.524  3975  4082 I System.out: ProxyFinder.FindFor - proxy type : DIRECT
07-25 06:18:13.524  3975  4082 I System.out: ProxyFinder.FindFor - No Proxy
07-25 06:18:13.589   168  2706 I rc_model_v2: fps chg from 93 -> 60
07-25 06:18:13.641  3975  4082 I System.out: ProxyFinder.FindFor - proxy type : DIRECT
07-25 06:18:13.641  3975  4082 I System.out: ProxyFinder.FindFor - No Proxy
07-25 06:18:13.795  3975  4082 I System.out: ProxyFinder.FindFor - proxy type : DIRECT
07-25 06:18:13.795  3975  4082 I System.out: ProxyFinder.FindFor - No Proxy
07-25 06:18:13.910  3975  4082 I System.out: ProxyFinder.FindFor - proxy type : DIRECT
07-25 06:18:13.910  3975  4082 I System.out: ProxyFinder.FindFor - No Proxy
07-25 06:18:14.023  3975  4082 I System.out: ProxyFinder.FindFor - proxy type : DIRECT
07-25 06:18:14.023  3975  4082 I System.out: ProxyFinder.FindFor - No Proxy
07-25 06:18:14.055   168  2705 I vpu_api_legacy: setup encoder rate control config:
07-25 06:18:14.055   168  2705 I vpu_api_legacy: width  608 height 1080 format 10:1000d
07-25 06:18:14.055   168  2705 I vpu_api_legacy: rc_mode CBR qp 26 bps 4000000
07-25 06:18:14.055   168  2705 I vpu_api_legacy: fps in 60 fps out 60 gop 599
07-25 06:18:14.055   168  2705 I vpu_api_legacy: setup encoder stream feature config:
07-25 06:18:14.055   168  2705 I vpu_api_legacy: profile 66 level 31 cabac 0
07-25 06:18:14.055   168  2706 I mpp_enc : mpp_enc_proc_cfg cmd 0x320001
07-25 06:18:14.055   168  2706 I mpp_enc : mpp_enc_proc_rc_cfg change 170025
07-25 06:18:14.055   168  2706 I mpp_enc : mpp_enc_proc_rc_cfg MPP_ENC_RC_CFG_CHANGE_FPS_IN
07-25 06:18:14.055   168  2706 I mpp_enc : MPP_ENC_SET_RC_CFG bps 4000000 [3750000 : 4250000] fps [60:60] gop 599
07-25 06:18:14.055   168  2706 I mpp_enc : send header for set cfg change rc_mode/fps/gop
07-25 06:18:14.055   168  2706 I mpp_enc : set_rc_cfg rc->stats_time 0
07-25 06:18:14.055   168  2706 I mpp_enc : mode cbr bps [3750000:4000000:4250000] fps flex [60/1] -> flex [60/1] gop i [599] v [0]
07-25 06:18:14.055   168  2705 I vpu_api_legacy: vpu_api_set_enc_cfg out
07-25 06:18:14.055   168  2705 I omx_vmpp: setupEncCfg
07-25 06:18:14.055   168  2705 I omx_vmpp: setupFrameRate: framerate 60.00 
07-25 06:18:14.055   168  2705 I omx_vmpp: setupQp: qpInit 26 i 10-51 p 10-49
07-25 06:18:14.055   168  2705 E mpp_cfg : mpp_enc_cfg_set_s32: cfg rc:qp_max_step is invalid
07-25 06:18:14.055   168  2705 E mpp_cfg : mpp_enc_cfg_set_s32: cfg rc:cb_qp_offset is invalid
07-25 06:18:14.055   168  2705 E mpp_cfg : mpp_enc_cfg_set_s32: cfg rc:cr_qp_offset is invalid
07-25 06:18:14.055   168  2706 I mpp_enc : mpp_enc_proc_cfg cmd 0x320001
07-25 06:18:14.055   168  2706 I mpp_enc : mpp_enc_proc_rc_cfg change 170045
07-25 06:18:14.055   168  2706 I mpp_enc : mpp_enc_proc_rc_cfg MPP_ENC_RC_CFG_CHANGE_FPS_OUT
07-25 06:18:14.055   168  2706 I mpp_enc : MPP_ENC_SET_RC_CFG bps 4000000 [250000 : 4250000] fps [60:60] gop 599
07-25 06:18:14.055   168  2706 I mpp_enc : send header for set cfg change rc_mode/fps/gop
07-25 06:18:14.055   168  2706 I mpp_enc : set_rc_cfg rc->stats_time 0
07-25 06:18:14.055   168  2706 I mpp_enc : mode vbr bps [250000:4000000:4250000] fps flex [60/1] -> flex [60/1] gop i [599] v [0]
07-25 06:18:14.055   168  2706 I mpp_enc : xxxxmpp_packet_append
07-25 06:18:14.125  3975  4082 I System.out: ProxyFinder.FindFor - proxy type : DIRECT
07-25 06:18:14.125  3975  4082 I System.out: ProxyFinder.FindFor - No Proxy
07-25 06:18:14.274  3975  4082 I System.out: ProxyFinder.FindFor - proxy type : DIRECT
07-25 06:18:14.274  3975  4082 I System.out: ProxyFinder.FindFor - No Proxy
07-25 06:18:14.333   168  2706 I rc_model_v2: fps chg from 60 -> 101
07-25 06:18:14.367   287   388 V InputDispatcher: Asynchronous input event injection succeeded.
07-25 06:18:14.374  3975  4082 I System.out: ProxyFinder.FindFor - proxy type : DIRECT
07-25 06:18:14.374  3975  4082 I System.out: ProxyFinder.FindFor - No Proxy
07-25 06:18:14.441  3975  4082 I System.out: ProxyFinder.FindFor - proxy type : DIRECT
07-25 06:18:14.441  3975  4082 I System.out: ProxyFinder.FindFor - No Proxy
07-25 06:18:14.461   287   388 V InputDispatcher: Asynchronous input event injection succeeded.
07-25 06:18:14.507  3975  4082 I System.out: ProxyFinder.FindFor - proxy type : DIRECT
07-25 06:18:14.508  3975  4082 I System.out: ProxyFinder.FindFor - No Proxy
07-25 06:18:14.579   287   388 V InputDispatcher: Asynchronous input event injection succeeded.
07-25 06:18:14.588   168  2706 I rc_model_v2: fps chg from 101 -> 62
07-25 06:18:14.590  3975  4082 I System.out: ProxyFinder.FindFor - proxy type : DIRECT
07-25 06:18:14.590  3975  4082 I System.out: ProxyFinder.FindFor - No Proxy
07-25 06:18:14.616   100   123 E JWSensorsHal: connect to /data/misc/sensor/sensor_ctrl error:2 No such file or directory
07-25 06:18:14.656  3975  4082 I System.out: ProxyFinder.FindFor - proxy type : DIRECT
07-25 06:18:14.656  3975  4082 I System.out: ProxyFinder.FindFor - No Proxy
07-25 06:18:14.696   287   388 V InputDispatcher: Asynchronous input event injection succeeded.
07-25 06:18:14.731  3975  4082 I System.out: ProxyFinder.FindFor - proxy type : DIRECT
07-25 06:18:14.731  3975  4082 I System.out: ProxyFinder.FindFor - No Proxy
07-25 06:18:14.751    89   193 E JWAudioHAL: connect to /data/misc/audioserver/audio_out error:2 No such file or directory
07-25 06:18:14.806  3975  4082 I System.out: ProxyFinder.FindFor - proxy type : DIRECT
07-25 06:18:14.806  3975  4082 I System.out: ProxyFinder.FindFor - No Proxy
07-25 06:18:14.856  3975  4082 I System.out: ProxyFinder.FindFor - proxy type : DIRECT
07-25 06:18:14.856  3975  4082 I System.out: ProxyFinder.FindFor - No Proxy
07-25 06:18:14.875  3975  4082 I System.out: ProxyFinder.FindFor - proxy type : DIRECT
07-25 06:18:14.875  3975  4082 I System.out: ProxyFinder.FindFor - No Proxy
07-25 06:18:14.924  3975  4082 I System.out: ProxyFinder.FindFor - proxy type : DIRECT
07-25 06:18:14.924  3975  4082 I System.out: ProxyFinder.FindFor - No Proxy
07-25 06:18:14.957  3975  4082 I System.out: ProxyFinder.FindFor - proxy type : DIRECT
07-25 06:18:14.957  3975  4082 I System.out: ProxyFinder.FindFor - No Proxy
07-25 06:18:14.963   287   388 V InputDispatcher: Asynchronous input event injection succeeded.
07-25 06:18:14.992  3975  4082 I System.out: ProxyFinder.FindFor - proxy type : DIRECT
07-25 06:18:14.992  3975  4082 I System.out: ProxyFinder.FindFor - No Proxy
07-25 06:18:15.024  3975  4082 I System.out: ProxyFinder.FindFor - proxy type : DIRECT
07-25 06:18:15.024  3975  4082 I System.out: ProxyFinder.FindFor - No Proxy
07-25 06:18:15.055   168  2705 I vpu_api_legacy: setup encoder rate control config:
07-25 06:18:15.055   168  2705 I vpu_api_legacy: width  608 height 1080 format 10:1000d
07-25 06:18:15.055   168  2705 I vpu_api_legacy: rc_mode CBR qp 26 bps 4000000
07-25 06:18:15.055   168  2705 I vpu_api_legacy: fps in 60 fps out 60 gop 599
07-25 06:18:15.055   168  2705 I vpu_api_legacy: setup encoder stream feature config:
07-25 06:18:15.055   168  2705 I vpu_api_legacy: profile 66 level 31 cabac 0
07-25 06:18:15.055   168  2706 I mpp_enc : mpp_enc_proc_cfg cmd 0x320001
07-25 06:18:15.055   168  2706 I mpp_enc : mpp_enc_proc_rc_cfg change 170025
07-25 06:18:15.055   168  2706 I mpp_enc : mpp_enc_proc_rc_cfg MPP_ENC_RC_CFG_CHANGE_FPS_IN
07-25 06:18:15.055   168  2706 I mpp_enc : MPP_ENC_SET_RC_CFG bps 4000000 [3750000 : 4250000] fps [60:60] gop 599
07-25 06:18:15.055   168  2706 I mpp_enc : send header for set cfg change rc_mode/fps/gop
07-25 06:18:15.055   168  2706 I mpp_enc : set_rc_cfg rc->stats_time 0
07-25 06:18:15.055   168  2705 I vpu_api_legacy: vpu_api_set_enc_cfg out
07-25 06:18:15.055   168  2705 I omx_vmpp: setupEncCfg
07-25 06:18:15.055   168  2706 I mpp_enc : mode cbr bps [3750000:4000000:4250000] fps flex [60/1] -> flex [60/1] gop i [599] v [0]
07-25 06:18:15.055   168  2705 I omx_vmpp: setupFrameRate: framerate 60.00 
07-25 06:18:15.055   168  2705 I omx_vmpp: setupQp: qpInit 26 i 10-51 p 10-49
07-25 06:18:15.055   168  2705 E mpp_cfg : mpp_enc_cfg_set_s32: cfg rc:qp_max_step is invalid
07-25 06:18:15.055   168  2705 E mpp_cfg : mpp_enc_cfg_set_s32: cfg rc:cb_qp_offset is invalid
07-25 06:18:15.055   168  2705 E mpp_cfg : mpp_enc_cfg_set_s32: cfg rc:cr_qp_offset is invalid
07-25 06:18:15.055   168  2706 I mpp_enc : mpp_enc_proc_cfg cmd 0x320001
07-25 06:18:15.055   168  2706 I mpp_enc : mpp_enc_proc_rc_cfg change 170045
07-25 06:18:15.055   168  2706 I mpp_enc : mpp_enc_proc_rc_cfg MPP_ENC_RC_CFG_CHANGE_FPS_OUT
07-25 06:18:15.055   168  2706 I mpp_enc : MPP_ENC_SET_RC_CFG bps 4000000 [250000 : 4250000] fps [60:60] gop 599
07-25 06:18:15.055   168  2706 I mpp_enc : send header for set cfg change rc_mode/fps/gop
07-25 06:18:15.055   168  2706 I mpp_enc : set_rc_cfg rc->stats_time 0
07-25 06:18:15.055   168  2706 I mpp_enc : mode vbr bps [250000:4000000:4250000] fps flex [60/1] -> flex [60/1] gop i [599] v [0]
07-25 06:18:15.055   168  2706 I mpp_enc : xxxxmpp_packet_append
07-25 06:18:15.057  3975  4082 I System.out: ProxyFinder.FindFor - proxy type : DIRECT
07-25 06:18:15.057  3975  4082 I System.out: ProxyFinder.FindFor - No Proxy
07-25 06:18:15.090  3975  4082 I System.out: ProxyFinder.FindFor - proxy type : DIRECT
07-25 06:18:15.090  3975  4082 I System.out: ProxyFinder.FindFor - No Proxy
07-25 06:18:15.096   287   388 V InputDispatcher: Asynchronous input event injection succeeded.
07-25 06:18:15.141  3975  4082 I System.out: ProxyFinder.FindFor - proxy type : DIRECT
07-25 06:18:15.141  3975  4082 I System.out: ProxyFinder.FindFor - No Proxy
07-25 06:18:15.159  3975  4082 I System.out: ProxyFinder.FindFor - proxy type : DIRECT
07-25 06:18:15.159  3975  4082 I System.out: ProxyFinder.FindFor - No Proxy
07-25 06:18:15.208  3975  4082 I System.out: ProxyFinder.FindFor - proxy type : DIRECT
07-25 06:18:15.208  3975  4082 I System.out: ProxyFinder.FindFor - No Proxy
07-25 06:18:15.224  3975  4082 I System.out: ProxyFinder.FindFor - proxy type : DIRECT
07-25 06:18:15.224  3975  4082 I System.out: ProxyFinder.FindFor - No Proxy
07-25 06:18:15.274  3975  4082 I System.out: ProxyFinder.FindFor - proxy type : DIRECT
07-25 06:18:15.274  3975  4082 I System.out: ProxyFinder.FindFor - No Proxy
07-25 06:18:15.291  3975  4082 I System.out: ProxyFinder.FindFor - proxy type : DIRECT
07-25 06:18:15.291  3975  4082 I System.out: ProxyFinder.FindFor - No Proxy
07-25 06:18:15.296   287   388 W InputDispatcher: Asynchronous input event injection failed.
07-25 06:18:15.306   168  2706 I rc_model_v2: fps chg from 60 -> 108
07-25 06:18:15.343  3975  4082 I System.out: ProxyFinder.FindFor - proxy type : DIRECT
07-25 06:18:15.343  3975  4082 I System.out: ProxyFinder.FindFor - No Proxy
07-25 06:18:15.358  3975  4082 I System.out: ProxyFinder.FindFor - proxy type : DIRECT
07-25 06:18:15.358  3975  4082 I System.out: ProxyFinder.FindFor - No Proxy
07-25 06:18:15.415   287   388 V InputDispatcher: Asynchronous input event injection succeeded.
07-25 06:18:15.425  3975  4082 I System.out: ProxyFinder.FindFor - proxy type : DIRECT
07-25 06:18:15.425  3975  4082 I System.out: ProxyFinder.FindFor - No Proxy
07-25 06:18:15.441  3975  4082 I System.out: ProxyFinder.FindFor - proxy type : DIRECT
07-25 06:18:15.441  3975  4082 I System.out: ProxyFinder.FindFor - No Proxy
07-25 06:18:15.513   287   388 V InputDispatcher: Asynchronous input event injection succeeded.
07-25 06:18:15.528  3975  4082 I System.out: ProxyFinder.FindFor - proxy type : DIRECT
07-25 06:18:15.528  3975  4082 I System.out: ProxyFinder.FindFor - No Proxy
07-25 06:18:15.529  3975  4082 I System.out: ProxyFinder.FindFor - proxy type : DIRECT
07-25 06:18:15.529  3975  4082 I System.out: ProxyFinder.FindFor - No Proxy
07-25 06:18:15.574   812  1175 W GLSUser : [AppCertManager] Exception while requesting key: 
07-25 06:18:15.574   812  1175 W GLSUser : java.util.concurrent.ExecutionException: bqag: Failed to process request
07-25 06:18:15.574   812  1175 W GLSUser :      at eeaw.s(:com.google.android.gms@242632022@24.26.32 (100400-650348549):21)
07-25 06:18:15.574   812  1175 W GLSUser :      at eeaw.get(:com.google.android.gms@242632022@24.26.32 (100400-650348549):10)
07-25 06:18:15.574   812  1175 W GLSUser :      at yip.b(:com.google.android.gms@242632022@24.26.32 (100400-650348549):478)
07-25 06:18:15.574   812  1175 W GLSUser :      at yin.a(:com.google.android.gms@242632022@24.26.32 (100400-650348549):70)
07-25 06:18:15.574   812  1175 W GLSUser :      at yij.a(:com.google.android.gms@242632022@24.26.32 (100400-650348549):3)
07-25 06:18:15.574   812  1175 W GLSUser :      at yil.a(:com.google.android.gms@242632022@24.26.32 (100400-650348549):58)
07-25 06:18:15.574   812  1175 W GLSUser :      at yil.b(:com.google.android.gms@242632022@24.26.32 (100400-650348549):21)
07-25 06:18:15.574   812  1175 W GLSUser :      at aoua.m(:com.google.android.gms@242632022@24.26.32 (100400-650348549):13)
07-25 06:18:15.574   812  1175 W GLSUser :      at aoum.g(:com.google.android.gms@242632022@24.26.32 (100400-650348549):11)
07-25 06:18:15.574   812  1175 W GLSUser :      at binm.a(:com.google.android.gms@242632022@24.26.32 (100400-650348549):383)
07-25 06:18:15.574   812  1175 W GLSUser :      at aotu.call(:com.google.android.gms@242632022@24.26.32 (100400-650348549):3)
07-25 06:18:15.574   812  1175 W GLSUser :      at java.util.concurrent.FutureTask.run(FutureTask.java:266)
07-25 06:18:15.574   812  1175 W GLSUser :      at aozu.c(:com.google.android.gms@242632022@24.26.32 (100400-650348549):50)
07-25 06:18:15.574   812  1175 W GLSUser :      at aozu.run(:com.google.android.gms@242632022@24.26.32 (100400-650348549):76)
07-25 06:18:15.574   812  1175 W GLSUser :      at java.util.concurrent.ThreadPoolExecutor.runWorker(ThreadPoolExecutor.java:1167)
07-25 06:18:15.574   812  1175 W GLSUser :      at java.util.concurrent.ThreadPoolExecutor$Worker.run(ThreadPoolExecutor.java:641)
07-25 06:18:15.574   812  1175 W GLSUser :      at apff.run(:com.google.android.gms@242632022@24.26.32 (100400-650348549):8)
07-25 06:18:15.574   812  1175 W GLSUser :      at java.lang.Thread.run(Thread.java:919)
07-25 06:18:15.574   812  1175 W GLSUser : Caused by: bqag: Failed to process request
07-25 06:18:15.574   812  1175 W GLSUser :      at bqdx.b(:com.google.android.gms@242632022@24.26.32 (100400-650348549):19)
07-25 06:18:15.574   812  1175 W GLSUser :      at bqel.onFailed(:com.google.android.gms@242632022@24.26.32 (100400-650348549):15)
07-25 06:18:15.574   812  1175 W GLSUser :      at m.mt.onFailed(:com.google.android.gms.dynamite_cronetdynamite@242632022@24.26.32 (100400-0):3)
07-25 06:18:15.574   812  1175 W GLSUser :      at m.lu.run(:com.google.android.gms.dynamite_cronetdynamite@242632022@24.26.32 (100400-0):9)
07-25 06:18:15.574   812  1175 W GLSUser :      ... 6 more
07-25 06:18:15.574   812  1175 W GLSUser : Caused by: m.md: Exception in CronetUrlRequest: net::ERR_TIMED_OUT, ErrorCode=4, InternalErrorCode=-7, Retryable=true
07-25 06:18:15.574   812  1175 W GLSUser :      at org.chromium.net.impl.CronetUrlRequest.onError(:com.google.android.gms.dynamite_cronetdynamite@242632022@24.26.32 (100400-0):4)
07-25 06:18:15.575   812  1175 W GLSUser : [DeviceKeyStore] Cannot load key: Device key file not found.
07-25 06:18:15.576   812   830 W GLSUser : [DeviceKeyStore] Cannot load key: Device key file not found.
07-25 06:18:15.578   168  2706 I rc_model_v2: fps chg from 108 -> 59
07-25 06:18:15.583   812   861 E DomainFilterImpl: Error while reading domain filter from WHAPI [CONTEXT service_id=121 ]
07-25 06:18:15.583   812   861 E DomainFilterImpl: java.util.concurrent.ExecutionException: fjoe: DEADLINE_EXCEEDED: ClientCall started after CallOptions deadline was exceeded. Deadline has been exceeded for 180.470277814s. 
07-25 06:18:15.583   812   861 E DomainFilterImpl:      at java.util.concurrent.FutureTask.report(FutureTask.java:123)
07-25 06:18:15.583   812   861 E DomainFilterImpl:      at java.util.concurrent.FutureTask.get(FutureTask.java:193)
07-25 06:18:15.583   812   861 E DomainFilterImpl:      at aotw.get(:com.google.android.gms@242632022@24.26.32 (100400-650348549):1)
07-25 06:18:15.583   812   861 E DomainFilterImpl:      at bisf.t(:com.google.android.gms@242632022@24.26.32 (100400-650348549):88)
07-25 06:18:15.583   812   861 E DomainFilterImpl:      at bisf.c(:com.google.android.gms@242632022@24.26.32 (100400-650348549):15)
07-25 06:18:15.583   812   861 E DomainFilterImpl:      at birz.c(:com.google.android.gms@242632022@24.26.32 (100400-650348549):5)
07-25 06:18:15.583   812   861 E DomainFilterImpl:      at com.google.android.gms.instantapps.routing.DomainFilterUpdateChimeraService.f(:com.google.android.gms@242632022@24.26.32 (100400-650348549):22)
07-25 06:18:15.583   812   861 E DomainFilterImpl:      at com.google.android.gms.instantapps.routing.DomainFilterUpdateChimeraService.a(:com.google.android.gms@242632022@24.26.32 (100400-650348549):308)
07-25 06:18:15.583   812   861 E DomainFilterImpl:      at bish.run(:com.google.android.gms@242632022@24.26.32 (100400-650348549):22)
07-25 06:18:15.583   812   861 E DomainFilterImpl:      at aozu.c(:com.google.android.gms@242632022@24.26.32 (100400-650348549):50)
07-25 06:18:15.583   812   861 E DomainFilterImpl:      at aozu.run(:com.google.android.gms@242632022@24.26.32 (100400-650348549):76)
07-25 06:18:15.583   812   861 E DomainFilterImpl:      at java.util.concurrent.ThreadPoolExecutor.runWorker(ThreadPoolExecutor.java:1167)
07-25 06:18:15.583   812   861 E DomainFilterImpl:      at java.util.concurrent.ThreadPoolExecutor$Worker.run(ThreadPoolExecutor.java:641)
07-25 06:18:15.583   812   861 E DomainFilterImpl:      at apff.run(:com.google.android.gms@242632022@24.26.32 (100400-650348549):8)
07-25 06:18:15.583   812   861 E DomainFilterImpl:      at java.lang.Thread.run(Thread.java:919)
07-25 06:18:15.583   812   861 E DomainFilterImpl: Caused by: fjoe: DEADLINE_EXCEEDED: ClientCall started after CallOptions deadline was exceeded. Deadline has been exceeded for 180.470277814s. 
07-25 06:18:15.583   812   861 E DomainFilterImpl:      at aoum.s(:com.google.android.gms@242632022@24.26.32 (100400-650348549):31)
07-25 06:18:15.583   812   861 E DomainFilterImpl:      at aoum.g(:com.google.android.gms@242632022@24.26.32 (100400-650348549):97)
07-25 06:18:15.583   812   861 E DomainFilterImpl:      at binm.a(:com.google.android.gms@242632022@24.26.32 (100400-650348549):383)
07-25 06:18:15.583   812   861 E DomainFilterImpl:      at aotu.call(:com.google.android.gms@242632022@24.26.32 (100400-650348549):3)
07-25 06:18:15.583   812   861 E DomainFilterImpl:      at java.util.concurrent.FutureTask.run(FutureTask.java:266)
07-25 06:18:15.583   812   861 E DomainFilterImpl:      ... 6 more
07-25 06:18:15.584   812   861 W DomainFilterUpdateChime: Retry later [CONTEXT service_id=121 ]
07-25 06:18:15.588    83  4491 E ResolverController: No valid NAT64 prefix (100, <unspecified>/0)
07-25 06:18:15.594  3975  4082 I System.out: ProxyFinder.FindFor - proxy type : DIRECT
07-25 06:18:15.594  3975  4082 I System.out: ProxyFinder.FindFor - No Proxy
07-25 06:18:15.607  3975  4082 I System.out: ProxyFinder.FindFor - proxy type : DIRECT
07-25 06:18:15.607  3975  4082 I System.out: ProxyFinder.FindFor - No Proxy
07-25 06:18:15.675  3975  4082 I System.out: ProxyFinder.FindFor - proxy type : DIRECT
07-25 06:18:15.675  3975  4082 I System.out: ProxyFinder.FindFor - No Proxy
07-25 06:18:15.677   812   830 W GmsUrlRequestImpl: Content-Type header is overwritten.
07-25 06:18:15.692  3975  4082 I System.out: ProxyFinder.FindFor - proxy type : DIRECT
07-25 06:18:15.692  3975  4082 I System.out: ProxyFinder.FindFor - No Proxy
07-25 06:18:15.730   287   388 W InputDispatcher: Asynchronous input event injection failed.
07-25 06:18:15.791  3975  4082 I System.out: ProxyFinder.FindFor - proxy type : DIRECT
07-25 06:18:15.791  3975  4082 I System.out: ProxyFinder.FindFor - No Proxy
07-25 06:18:15.825  3975  4082 I System.out: ProxyFinder.FindFor - proxy type : DIRECT
07-25 06:18:15.826  3975  4082 I System.out: ProxyFinder.FindFor - No Proxy
07-25 06:18:15.832   287   388 V InputDispatcher: Asynchronous input event injection succeeded.
07-25 06:18:15.911  3975  4082 I System.out: ProxyFinder.FindFor - proxy type : DIRECT
07-25 06:18:15.911  3975  4082 I System.out: ProxyFinder.FindFor - No Proxy
07-25 06:18:15.930   287   388 V InputDispatcher: Asynchronous input event injection succeeded.
07-25 06:18:15.942  3975  4082 I System.out: ProxyFinder.FindFor - proxy type : DIRECT
07-25 06:18:15.942  3975  4082 I System.out: ProxyFinder.FindFor - No Proxy
07-25 06:18:16.024  3975  4082 I System.out: ProxyFinder.FindFor - proxy type : DIRECT
07-25 06:18:16.024  3975  4082 I System.out: ProxyFinder.FindFor - No Proxy
07-25 06:18:16.030   287   388 V InputDispatcher: Asynchronous input event injection succeeded.
07-25 06:18:16.055   168  2705 I vpu_api_legacy: setup encoder rate control config:
07-25 06:18:16.055   168  2705 I vpu_api_legacy: width  608 height 1080 format 10:1000d
07-25 06:18:16.055   168  2705 I vpu_api_legacy: rc_mode CBR qp 26 bps 4000000
07-25 06:18:16.055   168  2705 I vpu_api_legacy: fps in 60 fps out 60 gop 599
07-25 06:18:16.055   168  2705 I vpu_api_legacy: setup encoder stream feature config:
07-25 06:18:16.055   168  2705 I vpu_api_legacy: profile 66 level 31 cabac 0
07-25 06:18:16.055   168  2706 I mpp_enc : mpp_enc_proc_cfg cmd 0x320001
07-25 06:18:16.056   168  2706 I mpp_enc : mpp_enc_proc_rc_cfg change 170025
07-25 06:18:16.056   168  2706 I mpp_enc : mpp_enc_proc_rc_cfg MPP_ENC_RC_CFG_CHANGE_FPS_IN
07-25 06:18:16.056   168  2706 I mpp_enc : MPP_ENC_SET_RC_CFG bps 4000000 [3750000 : 4250000] fps [60:60] gop 599
07-25 06:18:16.056   168  2706 I mpp_enc : send header for set cfg change rc_mode/fps/gop
07-25 06:18:16.056   168  2706 I mpp_enc : set_rc_cfg rc->stats_time 0
07-25 06:18:16.056   168  2706 I mpp_enc : mode cbr bps [3750000:4000000:4250000] fps flex [60/1] -> flex [60/1] gop i [599] v [0]
07-25 06:18:16.056   168  2705 I vpu_api_legacy: vpu_api_set_enc_cfg out
07-25 06:18:16.056   168  2705 I omx_vmpp: setupEncCfg
07-25 06:18:16.056   168  2705 I omx_vmpp: setupFrameRate: framerate 60.00 
07-25 06:18:16.056   168  2705 I omx_vmpp: setupQp: qpInit 26 i 10-51 p 10-49
07-25 06:18:16.056   168  2705 E mpp_cfg : mpp_enc_cfg_set_s32: cfg rc:qp_max_step is invalid
07-25 06:18:16.056   168  2705 E mpp_cfg : mpp_enc_cfg_set_s32: cfg rc:cb_qp_offset is invalid
07-25 06:18:16.056   168  2705 E mpp_cfg : mpp_enc_cfg_set_s32: cfg rc:cr_qp_offset is invalid
07-25 06:18:16.056   168  2706 I mpp_enc : mpp_enc_proc_cfg cmd 0x320001
07-25 06:18:16.056   168  2706 I mpp_enc : mpp_enc_proc_rc_cfg change 170045
07-25 06:18:16.056   168  2706 I mpp_enc : mpp_enc_proc_rc_cfg MPP_ENC_RC_CFG_CHANGE_FPS_OUT
07-25 06:18:16.056   168  2706 I mpp_enc : MPP_ENC_SET_RC_CFG bps 4000000 [250000 : 4250000] fps [60:60] gop 599
07-25 06:18:16.056   168  2706 I mpp_enc : send header for set cfg change rc_mode/fps/gop
07-25 06:18:16.056   168  2706 I mpp_enc : set_rc_cfg rc->stats_time 0
07-25 06:18:16.056   168  2706 I mpp_enc : mode vbr bps [250000:4000000:4250000] fps flex [60/1] -> flex [60/1] gop i [599] v [0]
07-25 06:18:16.057   168  2706 I mpp_enc : xxxxmpp_packet_append
07-25 06:18:16.074  3975  4082 I System.out: ProxyFinder.FindFor - proxy type : DIRECT
07-25 06:18:16.074  3975  4082 I System.out: ProxyFinder.FindFor - No Proxy
07-25 06:18:16.127   909  2282 W SubscribedFeeds: Soft failure: java.net.SocketTimeoutException: failed to connect to android.clients.google.com/142.251.43.14 (port 443) from /192.168.30.38 (port 39804) after 60000ms [CONTEXT service_id=250 ]
07-25 06:18:16.127   909  2282 W SubscribedFeeds: java.net.SocketTimeoutException: failed to connect to android.clients.google.com/142.251.43.14 (port 443) from /192.168.30.38 (port 39804) after 60000ms
07-25 06:18:16.127   909  2282 W SubscribedFeeds:       at libcore.io.IoBridge.connectErrno(IoBridge.java:191)
07-25 06:18:16.127   909  2282 W SubscribedFeeds:       at libcore.io.IoBridge.connect(IoBridge.java:135)
07-25 06:18:16.127   909  2282 W SubscribedFeeds:       at java.net.PlainSocketImpl.socketConnect(PlainSocketImpl.java:142)
07-25 06:18:16.127   909  2282 W SubscribedFeeds:       at java.net.AbstractPlainSocketImpl.doConnect(AbstractPlainSocketImpl.java:390)
07-25 06:18:16.127   909  2282 W SubscribedFeeds:       at java.net.AbstractPlainSocketImpl.connectToAddress(AbstractPlainSocketImpl.java:230)
07-25 06:18:16.127   909  2282 W SubscribedFeeds:       at java.net.AbstractPlainSocketImpl.connect(AbstractPlainSocketImpl.java:212)
07-25 06:18:16.127   909  2282 W SubscribedFeeds:       at java.net.SocksSocketImpl.connect(SocksSocketImpl.java:436)
07-25 06:18:16.127   909  2282 W SubscribedFeeds:       at java.net.Socket.connect(Socket.java:621)
07-25 06:18:16.127   909  2282 W SubscribedFeeds:       at com.android.okhttp.internal.Platform.connectSocket(Platform.java:182)
07-25 06:18:16.127   909  2282 W SubscribedFeeds:       at com.android.okhttp.internal.io.RealConnection.connectSocket(RealConnection.java:145)
07-25 06:18:16.127   909  2282 W SubscribedFeeds:       at com.android.okhttp.internal.io.RealConnection.connect(RealConnection.java:116)
07-25 06:18:16.127   909  2282 W SubscribedFeeds:       at com.android.okhttp.internal.http.StreamAllocation.findConnection(StreamAllocation.java:186)
07-25 06:18:16.127   909  2282 W SubscribedFeeds:       at com.android.okhttp.internal.http.StreamAllocation.findHealthyConnection(StreamAllocation.java:128)
07-25 06:18:16.127   909  2282 W SubscribedFeeds:       at com.android.okhttp.internal.http.StreamAllocation.newStream(StreamAllocation.java:97)
07-25 06:18:16.127   909  2282 W SubscribedFeeds:       at com.android.okhttp.internal.http.HttpEngine.connect(HttpEngine.java:289)
07-25 06:18:16.127   909  2282 W SubscribedFeeds:       at com.android.okhttp.internal.http.HttpEngine.sendRequest(HttpEngine.java:232)
07-25 06:18:16.127   909  2282 W SubscribedFeeds:       at com.android.okhttp.internal.huc.HttpURLConnectionImpl.execute(HttpURLConnectionImpl.java:465)
07-25 06:18:16.127   909  2282 W SubscribedFeeds:       at com.android.okhttp.internal.huc.HttpURLConnectionImpl.connect(HttpURLConnectionImpl.java:131)
07-25 06:18:16.127   909  2282 W SubscribedFeeds:       at com.android.okhttp.internal.huc.DelegatingHttpsURLConnection.connect(DelegatingHttpsURLConnection.java:90)
07-25 06:18:16.127   909  2282 W SubscribedFeeds:       at com.android.okhttp.internal.huc.HttpsURLConnectionImpl.connect(HttpsURLConnectionImpl.java:30)
07-25 06:18:16.127   909  2282 W SubscribedFeeds:       at bfwu.b(:com.google.android.gms@242632022@24.26.32 (100400-650348549):536)
07-25 06:18:16.127   909  2282 W SubscribedFeeds:       at bfwu.execute(:com.google.android.gms@242632022@24.26.32 (100400-650348549):8)
07-25 06:18:16.127   909  2282 W SubscribedFeeds:       at bfwu.execute(:com.google.android.gms@242632022@24.26.32 (100400-650348549):5)
07-25 06:18:16.127   909  2282 W SubscribedFeeds:       at ctzy.a(:com.google.android.gms@242632022@24.26.32 (100400-650348549):50)
07-25 06:18:16.127   909  2282 W SubscribedFeeds:       at ctyf.a(:com.google.android.gms@242632022@24.26.32 (100400-650348549):14)
07-25 06:18:16.127   909  2282 W SubscribedFeeds:       at ctyg.b(:com.google.android.gms@242632022@24.26.32 (100400-650348549):5)
07-25 06:18:16.127   909  2282 W SubscribedFeeds:       at ctys.a(:com.google.android.gms@242632022@24.26.32 (100400-650348549):164)
07-25 06:18:16.127   909  2282 W SubscribedFeeds:       at ctyy.b(:com.google.android.gms@242632022@24.26.32 (100400-650348549):358)
07-25 06:18:16.127   909  2282 W SubscribedFeeds:       at aoyp.onPerformSync(:com.google.android.gms@242632022@24.26.32 (100400-650348549):22)
07-25 06:18:16.127   909  2282 W SubscribedFeeds:       at android.content.AbstractThreadedSyncAdapter$SyncThread.run(AbstractThreadedSyncAdapter.java:334)
07-25 06:18:16.142  3975  4082 I System.out: ProxyFinder.FindFor - proxy type : DIRECT
07-25 06:18:16.142  3975  4082 I System.out: ProxyFinder.FindFor - No Proxy
07-25 06:18:16.163   287   388 V InputDispatcher: Asynchronous input event injection succeeded.
07-25 06:18:16.192  3975  4082 I System.out: ProxyFinder.FindFor - proxy type : DIRECT
07-25 06:18:16.192  3975  4082 I System.out: ProxyFinder.FindFor - No Proxy
07-25 06:18:16.258  3975  4082 I System.out: ProxyFinder.FindFor - proxy type : DIRECT
07-25 06:18:16.258  3975  4082 I System.out: ProxyFinder.FindFor - No Proxy
07-25 06:18:16.322   168  2706 I rc_model_v2: fps chg from 60 -> 109
07-25 06:18:16.346   287   388 W InputDispatcher: Asynchronous input event injection failed.
07-25 06:18:16.416   287   388 V InputDispatcher: Asynchronous input event injection succeeded.
07-25 06:18:16.530   287   388 V InputDispatcher: Asynchronous input event injection succeeded.
07-25 06:18:16.589   168  2706 I rc_model_v2: fps chg from 109 -> 59
07-25 06:18:16.739  3975  4082 I System.out: ProxyFinder.FindFor - proxy type : DIRECT
07-25 06:18:16.739  3975  4082 I System.out: ProxyFinder.FindFor - No Proxy
07-25 06:18:16.747   287   388 W InputDispatcher: Asynchronous input event injection failed.
07-25 06:18:16.751    93  1027 E jw_gps  : connect to /data/misc/gps/gps_ctrl error:2 No such file or directory
07-25 06:18:16.940  3975  4082 I System.out: ProxyFinder.FindFor - proxy type : DIRECT
07-25 06:18:16.940  3975  4082 I System.out: ProxyFinder.FindFor - No Proxy
07-25 06:18:17.055   168  2705 I vpu_api_legacy: setup encoder rate control config:
07-25 06:18:17.055   168  2705 I vpu_api_legacy: width  608 height 1080 format 10:1000d
07-25 06:18:17.055   168  2705 I vpu_api_legacy: rc_mode CBR qp 26 bps 4000000
07-25 06:18:17.055   168  2705 I vpu_api_legacy: fps in 60 fps out 60 gop 599
07-25 06:18:17.055   168  2705 I vpu_api_legacy: setup encoder stream feature config:
07-25 06:18:17.055   168  2705 I vpu_api_legacy: profile 66 level 31 cabac 0
07-25 06:18:17.055   168  2706 I mpp_enc : mpp_enc_proc_cfg cmd 0x320001
07-25 06:18:17.055   168  2706 I mpp_enc : mpp_enc_proc_rc_cfg change 170025
07-25 06:18:17.055   168  2706 I mpp_enc : mpp_enc_proc_rc_cfg MPP_ENC_RC_CFG_CHANGE_FPS_IN
07-25 06:18:17.055   168  2706 I mpp_enc : MPP_ENC_SET_RC_CFG bps 4000000 [3750000 : 4250000] fps [60:60] gop 599
07-25 06:18:17.055   168  2706 I mpp_enc : send header for set cfg change rc_mode/fps/gop
07-25 06:18:17.055   168  2706 I mpp_enc : set_rc_cfg rc->stats_time 0
07-25 06:18:17.055   168  2706 I mpp_enc : mode cbr bps [3750000:4000000:4250000] fps flex [60/1] -> flex [60/1] gop i [599] v [0]
07-25 06:18:17.055   168  2705 I vpu_api_legacy: vpu_api_set_enc_cfg out
07-25 06:18:17.055   168  2705 I omx_vmpp: setupEncCfg
07-25 06:18:17.055   168  2705 I omx_vmpp: setupFrameRate: framerate 60.00 
07-25 06:18:17.055   168  2705 I omx_vmpp: setupQp: qpInit 26 i 10-51 p 10-49
07-25 06:18:17.055   168  2705 E mpp_cfg : mpp_enc_cfg_set_s32: cfg rc:qp_max_step is invalid
07-25 06:18:17.055   168  2705 E mpp_cfg : mpp_enc_cfg_set_s32: cfg rc:cb_qp_offset is invalid
07-25 06:18:17.055   168  2705 E mpp_cfg : mpp_enc_cfg_set_s32: cfg rc:cr_qp_offset is invalid
07-25 06:18:17.055   168  2706 I mpp_enc : mpp_enc_proc_cfg cmd 0x320001
07-25 06:18:17.055   168  2706 I mpp_enc : mpp_enc_proc_rc_cfg change 170045
07-25 06:18:17.055   168  2706 I mpp_enc : mpp_enc_proc_rc_cfg MPP_ENC_RC_CFG_CHANGE_FPS_OUT
07-25 06:18:17.055   168  2706 I mpp_enc : MPP_ENC_SET_RC_CFG bps 4000000 [250000 : 4250000] fps [60:60] gop 599
07-25 06:18:17.055   168  2706 I mpp_enc : send header for set cfg change rc_mode/fps/gop
07-25 06:18:17.055   168  2706 I mpp_enc : set_rc_cfg rc->stats_time 0
07-25 06:18:17.055   168  2706 I mpp_enc : mode vbr bps [250000:4000000:4250000] fps flex [60/1] -> flex [60/1] gop i [599] v [0]
07-25 06:18:17.055   168  2706 I mpp_enc : xxxxmpp_packet_append
07-25 06:18:17.073  3975  4082 I System.out: ProxyFinder.FindFor - proxy type : DIRECT
07-25 06:18:17.073  3975  4082 I System.out: ProxyFinder.FindFor - No Proxy
07-25 06:18:17.306   168  2706 I rc_model_v2: fps chg from 60 -> 108
07-25 06:18:17.356  3975  4082 I System.out: ProxyFinder.FindFor - proxy type : DIRECT
07-25 06:18:17.356  3975  4082 I System.out: ProxyFinder.FindFor - No Proxy
07-25 06:18:17.358  2308  2393 E HQSession.cpp: Peer closed with error err=Connect failed msg=connect timeout proto=, client CID=, server CID=00000000, local=<uninitialized address>, <uninitialized address>=upstream, drain=none
07-25 06:18:17.359    83  4493 E ResolverController: No valid NAT64 prefix (100, <unspecified>/0)
07-25 06:18:17.542  3975  4082 I System.out: ProxyFinder.FindFor - proxy type : DIRECT
07-25 06:18:17.542  3975  4082 I System.out: ProxyFinder.FindFor - No Proxy
07-25 06:18:17.571   168  2706 I rc_model_v2: fps chg from 108 -> 60
07-25 06:18:17.607  3975  4082 I System.out: ProxyFinder.FindFor - proxy type : DIRECT
07-25 06:18:17.607  3975  4082 I System.out: ProxyFinder.FindFor - No Proxy
07-25 06:18:17.661  2308  2393 E HQSession.cpp: Peer closed with error err=Connect failed msg=connect timeout proto=, client CID=, server CID=00000000, local=<uninitialized address>, <uninitialized address>=upstream, drain=none
07-25 06:18:17.699   287   388 V InputDispatcher: Asynchronous input event injection succeeded.
07-25 06:18:17.711    83  4495 E ResolverController: No valid NAT64 prefix (100, <unspecified>/0)
07-25 06:18:17.765   287   388 V InputDispatcher: Asynchronous input event injection succeeded.
07-25 06:18:17.898   287   388 I chatty  : uid=1000(system) InputDispatcher identical 4 lines
07-25 06:18:18.031   287   388 V InputDispatcher: Asynchronous input event injection succeeded.
07-25 06:18:18.039  3975  4082 I System.out: ProxyFinder.FindFor - proxy type : DIRECT
07-25 06:18:18.039  3975  4082 I System.out: ProxyFinder.FindFor - No Proxy
07-25 06:18:18.055   168  2705 I vpu_api_legacy: setup encoder rate control config:
07-25 06:18:18.055   168  2705 I vpu_api_legacy: width  608 height 1080 format 10:1000d
07-25 06:18:18.055   168  2705 I vpu_api_legacy: rc_mode CBR qp 26 bps 4000000
07-25 06:18:18.055   168  2705 I vpu_api_legacy: fps in 60 fps out 60 gop 599
07-25 06:18:18.055   168  2705 I vpu_api_legacy: setup encoder stream feature config:
07-25 06:18:18.055   168  2705 I vpu_api_legacy: profile 66 level 31 cabac 0
07-25 06:18:18.055   168  2706 I mpp_enc : mpp_enc_proc_cfg cmd 0x320001
07-25 06:18:18.055   168  2706 I mpp_enc : mpp_enc_proc_rc_cfg change 170025
07-25 06:18:18.055   168  2706 I mpp_enc : mpp_enc_proc_rc_cfg MPP_ENC_RC_CFG_CHANGE_FPS_IN
07-25 06:18:18.055   168  2706 I mpp_enc : MPP_ENC_SET_RC_CFG bps 4000000 [3750000 : 4250000] fps [60:60] gop 599
07-25 06:18:18.055   168  2706 I mpp_enc : send header for set cfg change rc_mode/fps/gop
07-25 06:18:18.055   168  2706 I mpp_enc : set_rc_cfg rc->stats_time 0
07-25 06:18:18.055   168  2706 I mpp_enc : mode cbr bps [3750000:4000000:4250000] fps flex [60/1] -> flex [60/1] gop i [599] v [0]
07-25 06:18:18.056   168  2705 I vpu_api_legacy: vpu_api_set_enc_cfg out
07-25 06:18:18.056   168  2705 I omx_vmpp: setupEncCfg
07-25 06:18:18.056   168  2705 I omx_vmpp: setupFrameRate: framerate 60.00 
07-25 06:18:18.056   168  2705 I omx_vmpp: setupQp: qpInit 26 i 10-51 p 10-49
07-25 06:18:18.056   168  2705 E mpp_cfg : mpp_enc_cfg_set_s32: cfg rc:qp_max_step is invalid
07-25 06:18:18.056   168  2705 E mpp_cfg : mpp_enc_cfg_set_s32: cfg rc:cb_qp_offset is invalid
07-25 06:18:18.056   168  2705 E mpp_cfg : mpp_enc_cfg_set_s32: cfg rc:cr_qp_offset is invalid
07-25 06:18:18.056   168  2706 I mpp_enc : mpp_enc_proc_cfg cmd 0x320001
07-25 06:18:18.056   168  2706 I mpp_enc : mpp_enc_proc_rc_cfg change 170045
07-25 06:18:18.056   168  2706 I mpp_enc : mpp_enc_proc_rc_cfg MPP_ENC_RC_CFG_CHANGE_FPS_OUT
07-25 06:18:18.056   168  2706 I mpp_enc : MPP_ENC_SET_RC_CFG bps 4000000 [250000 : 4250000] fps [60:60] gop 599
07-25 06:18:18.056   168  2706 I mpp_enc : send header for set cfg change rc_mode/fps/gop
07-25 06:18:18.056   168  2706 I mpp_enc : set_rc_cfg rc->stats_time 0
07-25 06:18:18.056   168  2706 I mpp_enc : mode vbr bps [250000:4000000:4250000] fps flex [60/1] -> flex [60/1] gop i [599] v [0]
07-25 06:18:18.056   168  2706 I mpp_enc : xxxxmpp_packet_append
07-25 06:18:18.322   168  2706 I rc_model_v2: fps chg from 60 -> 112
07-25 06:18:18.407  3975  4082 I System.out: ProxyFinder.FindFor - proxy type : DIRECT
07-25 06:18:18.407  3975  4082 I System.out: ProxyFinder.FindFor - No Proxy
07-25 06:18:18.457  3975  4082 I System.out: ProxyFinder.FindFor - proxy type : DIRECT
07-25 06:18:18.457  3975  4082 I System.out: ProxyFinder.FindFor - No Proxy
07-25 06:18:18.509  3975  4082 I System.out: ProxyFinder.FindFor - proxy type : DIRECT
07-25 06:18:18.509  3975  4082 I System.out: ProxyFinder.FindFor - No Proxy
07-25 06:18:18.589   168  2706 I rc_model_v2: fps chg from 112 -> 60
07-25 06:18:19.020   287   388 V InputDispatcher: Asynchronous input event injection succeeded.
07-25 06:18:19.054   168  2705 I vpu_api_legacy: setup encoder rate control config:
07-25 06:18:19.054   168  2705 I vpu_api_legacy: width  608 height 1080 format 10:1000d
07-25 06:18:19.054   168  2705 I vpu_api_legacy: rc_mode CBR qp 26 bps 4000000
07-25 06:18:19.054   168  2705 I vpu_api_legacy: fps in 60 fps out 60 gop 599
07-25 06:18:19.054   168  2705 I vpu_api_legacy: setup encoder stream feature config:
07-25 06:18:19.054   168  2705 I vpu_api_legacy: profile 66 level 31 cabac 0
07-25 06:18:19.054   168  2706 I mpp_enc : mpp_enc_proc_cfg cmd 0x320001
07-25 06:18:19.054   168  2706 I mpp_enc : mpp_enc_proc_rc_cfg change 170025
07-25 06:18:19.054   168  2706 I mpp_enc : mpp_enc_proc_rc_cfg MPP_ENC_RC_CFG_CHANGE_FPS_IN
07-25 06:18:19.055   168  2706 I mpp_enc : MPP_ENC_SET_RC_CFG bps 4000000 [3750000 : 4250000] fps [60:60] gop 599
07-25 06:18:19.055   168  2706 I mpp_enc : send header for set cfg change rc_mode/fps/gop
07-25 06:18:19.055   168  2706 I mpp_enc : set_rc_cfg rc->stats_time 0
07-25 06:18:19.055   168  2706 I mpp_enc : mode cbr bps [3750000:4000000:4250000] fps flex [60/1] -> flex [60/1] gop i [599] v [0]
07-25 06:18:19.055   168  2705 I vpu_api_legacy: vpu_api_set_enc_cfg out
07-25 06:18:19.055   168  2705 I omx_vmpp: setupEncCfg
07-25 06:18:19.055   168  2705 I omx_vmpp: setupFrameRate: framerate 60.00 
07-25 06:18:19.055   168  2705 I omx_vmpp: setupQp: qpInit 26 i 10-51 p 10-49
07-25 06:18:19.055   168  2705 E mpp_cfg : mpp_enc_cfg_set_s32: cfg rc:qp_max_step is invalid
07-25 06:18:19.055   168  2705 E mpp_cfg : mpp_enc_cfg_set_s32: cfg rc:cb_qp_offset is invalid
07-25 06:18:19.055   168  2705 E mpp_cfg : mpp_enc_cfg_set_s32: cfg rc:cr_qp_offset is invalid
07-25 06:18:19.055   168  2706 I mpp_enc : mpp_enc_proc_cfg cmd 0x320001
07-25 06:18:19.055   168  2706 I mpp_enc : mpp_enc_proc_rc_cfg change 170045
07-25 06:18:19.055   168  2706 I mpp_enc : mpp_enc_proc_rc_cfg MPP_ENC_RC_CFG_CHANGE_FPS_OUT
07-25 06:18:19.055   168  2706 I mpp_enc : MPP_ENC_SET_RC_CFG bps 4000000 [250000 : 4250000] fps [60:60] gop 599
07-25 06:18:19.055   168  2706 I mpp_enc : send header for set cfg change rc_mode/fps/gop
07-25 06:18:19.055   168  2706 I mpp_enc : set_rc_cfg rc->stats_time 0
07-25 06:18:19.055   168  2706 I mpp_enc : mode vbr bps [250000:4000000:4250000] fps flex [60/1] -> flex [60/1] gop i [599] v [0]
07-25 06:18:19.055   168  2706 I mpp_enc : xxxxmpp_packet_append
