









07-25 06:17:59.614   100   123 E JWSensorsHal: connect to /data/misc/sensor/sensor_ctrl error:2 No such file or directory
07-25 06:17:59.750    89   193 E JWAudioHAL: connect to /data/misc/audioserver/audio_out error:2 No such file or directory
07-25 06:18:00.376   168  2706 I rc_model_v2: fps chg from 9 -> 12
07-25 06:18:01.049   287   388 V InputDispatcher: Asynchronous input event injection succeeded.
07-25 06:18:01.194   287  1055 I ActivityTaskManager: START u0 {act=android.intent.action.MAIN cat=[android.intent.category.LAUNCHER] flg=0x10200000 cmp=com.gof.china/.DDUnityLaunchActivity bnds=[194,307][360,550]} from uid 1000
07-25 06:18:01.182   287   388 V InputDispatcher: Asynchronous input event injection succeeded.
07-25 06:18:01.203   287  1055 I ActivityTaskManager: getPackageFerformanceMode--ComponentInfo{com.gof.china/com.gof.china.DDUnityLaunchActivity}----com.gof.china
07-25 06:18:01.211   595   595 I Launcher3: Launcher onPause.
07-25 06:18:01.213   287   320 E system_server: Invalid ID 0x00000000.
07-25 06:18:01.221   287   303 I ActivityTaskManager: getPackageFerformanceMode--ComponentInfo{com.gof.china/com.gof.china.DDUnityLaunchActivity}----com.gof.china
07-25 06:18:01.231    94   132 D gralloc3: got new private_handle_t instance @0x7d87234280 for buffer 'Unnamed'. share_fd : 7, share_attr_fd : 8, flags : 0x0, width : 720, height : 1280, req_format : 0x1, producer_usage : 0x933, consumer_usage : 0x933, , stride : 720, alloc_format : 0x1, size : 3686400, layer_count : 1, backing_store_size : 3686400, backing_store_id : 403726925877, allocating_pid : 94, ref_count : 1, yuv_info : 0
07-25 06:18:01.231    94   132 D gralloc3: plane_info[0]: offset : 0, byte_stride : 2880, alloc_width : 720, alloc_height : 1280
07-25 06:18:01.231    94   132 D gralloc3: plane_info[1]: offset : 0, byte_stride : 0, alloc_width : 0, alloc_height : 0
07-25 06:18:01.235   287   324 E memtrack: Couldn't load memtrack module
07-25 06:18:01.235   287   324 W android.os.Debug: failed to get memory consumption info: -1
07-25 06:18:01.243  1071  1278 V Space   : Received message: prop:0
07-25 06:18:01.243  1071  1278 W Space   : send warn: remove ? android.net.LocalSocket@ff029e9 impl:android.net.LocalSocketImpl@93d066e fd:java.io.FileDescriptor@e05710f
07-25 06:18:01.243   168  2706 I rc_model_v2: fps chg from 12 -> 19
07-25 06:18:01.575   168  2706 I rc_model_v2: fps chg from 19 -> 30
07-25 06:18:01.750    93  1027 E jw_gps  : connect to /data/misc/gps/gps_ctrl error:2 No such file or directory
07-25 06:18:01.885   168  2706 I rc_model_v2: fps chg from 30 -> 9
07-25 06:18:02.250    84    84 W         : Read socket err: Try again
07-25 06:18:02.250  1071  1278 V Space   : closeClient: android.net.LocalSocket@ff029e9 impl:android.net.LocalSocketImpl@93d066e fd:java.io.FileDescriptor@e05710f, reason: reached the end
07-25 06:18:02.275    84    84 D Zygote  : Forked child process 3975
07-25 06:18:02.278   287   326 W ActivityManager: Slow operation: 1053ms so far, now at startProcess: returned from zygote!
07-25 06:18:02.278   287   326 W ActivityManager: Slow operation: 1053ms so far, now at startProcess: done updating battery stats
07-25 06:18:02.278   287   326 W ActivityManager: Slow operation: 1053ms so far, now at startProcess: building log message
07-25 06:18:02.278   287   326 I ActivityManager: Start proc 3975:com.gof.china/u0a108 for activity {com.gof.china/com.gof.china.DDUnityLaunchActivity}
07-25 06:18:02.278   287   326 W ActivityManager: Slow operation: 1053ms so far, now at startProcess: starting to update pids map
07-25 06:18:02.279   287   326 W ActivityManager: Slow operation: 1053ms so far, now at startProcess: done updating pids map
07-25 06:18:02.284  3975  3975 W         : Access socket err: No such file or directory
07-25 06:18:02.285  3975  3975 I Zygote  : seccomp disabled by setenforce 0
07-25 06:18:02.287  3975  3975 E com.gof.china: Not starting debugger since process cannot load the jdwp agent.
07-25 06:18:02.297  1071  1099 V Space   : sendTracking: resume_activity ({"opType":"resume_activity","resultCode":0,"component":"com.gof.china\/.DDUnityLaunchActivity","package":"com.gof.china"})
07-25 06:18:02.299   287   320 W WindowManager: Unable to find process with pid=595 uid=1000
07-25 06:18:02.303  3975  3975 I com.gof.china: The ClassLoaderContext is a special shared library.
07-25 06:18:02.312  3975  3975 I MultiDex: VM with version 2.1.0 has multidex support
07-25 06:18:02.312  3975  3975 I MultiDex: Installing application
07-25 06:18:02.312  3975  3975 I MultiDex: VM has multidex support, MultiDex support library is disabled.
07-25 06:18:02.315  3975  3995 D ActivityThread: Loading provider com.gof.china.XG_SETTINGS_PROVIDER: com.tencent.tpns.baseapi.base.SettingsContentProvider
07-25 06:18:02.318  3975  3994 I TPush-Native: JNI_OnLoad
07-25 06:18:02.318  3975  3975 D AndroidAutoSize: designWidthInDp = 360, designHeightInDp = 350, screenWidth = 720, screenHeight = 1280
07-25 06:18:02.318  3975  3975 D AndroidAutoSize: initDensity = 2.0, initScaledDensity = 2.0
07-25 06:18:02.326  1071  1315 V Space   : Received message: prop:0
07-25 06:18:02.326  1071  1315 W Space   : send warn: remove ? android.net.LocalSocket@15de59c impl:android.net.LocalSocketImpl@3987ba5 fd:java.io.FileDescriptor@4371b7a
07-25 06:18:02.328  3975  3975 E suiyi digest:: PǙK���|�����
07-25 06:18:02.332  3975  3975 E 🍺[centuryGame]🍺-CGSdk: preInitInApplication
07-25 06:18:02.333  3975  3975 E suiyi digest:: PǙK���|�����
07-25 06:18:02.336  3975  3975 E DeviceUtils: VERSION_NAME:1.2.6
07-25 06:18:02.336  3975  3975 E DeviceUtils: VERSION_CODE:17
07-25 06:18:02.337  3975  3975 E CGSdk   : registerReceiver
07-25 06:18:02.341  3975  3975 E 🍺[centuryGame]🍺-CGSdk: start initBugly: true
07-25 06:18:02.341  3975  3975 W System.err: java.io.FileNotFoundException: cztchannel.txt
07-25 06:18:02.341  3975  3975 W System.err:    at android.content.res.AssetManager.nativeOpenAsset(Native Method)
07-25 06:18:02.341  3975  3975 W System.err:    at android.content.res.AssetManager.open(AssetManager.java:824)
07-25 06:18:02.341  3975  3975 W System.err:    at android.content.res.AssetManager.open(AssetManager.java:801)
07-25 06:18:02.341  3975  3975 W System.err:    at com.centurygame.sdk.utils.ChannelUtil.getFromAssets(ChannelUtil.java:78)
07-25 06:18:02.341  3975  3975 W System.err:    at com.centurygame.sdk.utils.ChannelUtil.getChannelFromApkChina(ChannelUtil.java:69)
07-25 06:18:02.341  3975  3975 W System.err:    at com.centurygame.sdk.utils.ChannelUtil.getChannel(ChannelUtil.java:46)
07-25 06:18:02.341  3975  3975 W System.err:    at com.centurygame.sdk.CGSdk.initBugly(Unknown Source:60)
07-25 06:18:02.341  3975  3975 W System.err:    at com.centurygame.sdk.CGSdk.preInit(Unknown Source:57)
07-25 06:18:02.341  3975  3975 W System.err:    at com.centurygame.sdk.CGSDKChinaApplication.onCreate(CGSDKChinaApplication.java:46)
07-25 06:18:02.341  3975  3975 W System.err:    at android.app.Instrumentation.callApplicationOnCreate(Instrumentation.java:1189)
07-25 06:18:02.341  3975  3975 W System.err:    at android.app.ActivityThread.handleBindApplication(ActivityThread.java:6542)
07-25 06:18:02.341  3975  3975 W System.err:    at android.app.ActivityThread.access$1300(ActivityThread.java:229)
07-25 06:18:02.341  3975  3975 W System.err:    at android.app.ActivityThread$H.handleMessage(ActivityThread.java:1869)
07-25 06:18:02.341  3975  3975 W System.err:    at android.os.Handler.dispatchMessage(Handler.java:107)
07-25 06:18:02.341  3975  3975 W System.err:    at android.os.Looper.loop(Looper.java:214)
07-25 06:18:02.341  3975  3975 W System.err:    at android.app.ActivityThread.main(ActivityThread.java:7438)
07-25 06:18:02.341  3975  3975 W System.err:    at java.lang.reflect.Method.invoke(Native Method)
07-25 06:18:02.341  3975  3975 W System.err:    at com.android.internal.os.RuntimeInit$MethodAndArgsCaller.run(RuntimeInit.java:492)
07-25 06:18:02.341  3975  3975 W System.err:    at com.android.internal.os.ZygoteInit.main(ZygoteInit.java:930)
07-25 06:18:02.348    83  4021 E ResolverController: No valid NAT64 prefix (100, <unspecified>/0)
07-25 06:18:02.349  3975  3975 I eup     : register native abi method success
07-25 06:18:02.351  3975  3975 E CGBuglyHelper: bugly init success
07-25 06:18:02.352  3975  3975 E 🍺[centuryGame]🍺-CGSdk: rumConfig is rumString:{"cache_threshold":1,"rum_app_key":"d3b7c2e58b97b29faa637dc31af8feb6","rum_app_tag":"devops.rum.us","mobile_domain_list":["https:\/\/logagent.campfiregames.cn"],"rum_app_id":"gof.cn.prod","sampling":{"user_black_list":[],"user_white_list":[],"service_name_white_list":[],"event_white_list":[],"sample_rate":1},"debug":false,"rum_version":"1.0","log_server_url":"https:\/\/logagent.campfiregames.cn\/log"}
07-25 06:18:02.354  3975  3975 E com.gof.china: Invalid ID 0x00000000.
07-25 06:18:02.356   287   325 W BroadcastQueue: Permission Denial: broadcasting Intent { act=android.net.conn.CONNECTIVITY_CHANGE flg=0x4200010 (has extras) } from null (pid=-1, uid=-1) requires com.tencent.bugly.BuglyBroadcastReceiver.permission due to registered receiver BroadcastFilter{54c40bf 10108/u0 ReceiverList{f0386de 3975 com.gof.china/10108/u0 remote:17a619}}
07-25 06:18:02.354  3975  3975 I chatty  : uid=10108(com.gof.china) identical 1 line
07-25 06:18:02.354  3975  3975 E com.gof.china: Invalid ID 0x00000000.
07-25 06:18:02.366  3975  4038 D NetworkSecurityConfig: No Network Security Config specified, using platform default
07-25 06:18:02.367    83  4043 E ResolverController: No valid NAT64 prefix (100, <unspecified>/0)
07-25 06:18:02.367    83  4039 E ResolverController: No valid NAT64 prefix (100, <unspecified>/0)
07-25 06:18:02.368   287  1055 D ConnectivityService: requestNetwork for uid/pid:10108/3975 NetworkRequest [ TRACK_DEFAULT id=43, [ Capabilities: INTERNET&NOT_RESTRICTED&TRUSTED Uid: 10108] ]
07-25 06:18:02.368   287   429 D Ethernet: got request NetworkRequest [ TRACK_DEFAULT id=43, [ Capabilities: INTERNET&NOT_RESTRICTED&TRUSTED Uid: 10108] ] with score 70 and serial -1
07-25 06:18:02.368   287   399 D WifiNetworkFactory: got request NetworkRequest [ TRACK_DEFAULT id=43, [ Capabilities: INTERNET&NOT_RESTRICTED&TRUSTED Uid: 10108] ] with score 70 and serial -1
07-25 06:18:02.368   287   399 D UntrustedWifiNetworkFactory: got request NetworkRequest [ TRACK_DEFAULT id=43, [ Capabilities: INTERNET&NOT_RESTRICTED&TRUSTED Uid: 10108] ] with score 70 and serial -1
07-25 06:18:02.369   614   614 D PhoneSwitcherNetworkRequstListener: got request NetworkRequest [ TRACK_DEFAULT id=43, [ Capabilities: INTERNET&NOT_RESTRICTED&TRUSTED Uid: 10108] ] with score 70 and serial -1
07-25 06:18:02.369   435   435 V KeyguardUpdateMonitor: onSubscriptionInfoChanged()
07-25 06:18:02.370   435   435 V KeyguardUpdateMonitor: SubInfo:{id=1, iccId=890124019[****] simSlotIndex=0 carrierId=1 displayName=T-Mobile carrierName=T-Mobile nameSource=0 iconTint=-16746133 mNumber=[****] dataRoaming=0 iconBitmap=android.graphics.Bitmap@74ac500 mcc 310 mnc 260mCountryIso=us isEmbedded false nativeAccessRules null cardString=890124019[****] cardId=-1 isOpportunistic false mGroupUUID=null mIsGroupDisabled=false profileClass=-1 ehplmns = null hplmns = null subscriptionType=0 mGroupOwner=null carrierConfigAccessRules=null}
07-25 06:18:02.371   614   970 D PhoneInterfaceManager: [PhoneIntfMgr] isDataEnabled: subId=1 phoneId=0
07-25 06:18:02.371   614   970 D PhoneInterfaceManager: [PhoneIntfMgr] isDataEnabled: subId=1 retVal=true
07-25 06:18:02.372  3975  3975 E com.gof.china: Invalid ID 0x00000000.
07-25 06:18:02.374    83  4044 E ResolverController: No valid NAT64 prefix (100, <unspecified>/0)
07-25 06:18:02.378  3975  3975 E 🍺[centuryGame]🍺-CGHelpshiftHelper: [Helpshift DEBUG] helpshiftConfig isForChina:true
07-25 06:18:02.380  3975  4055 D Helpshift_Migrator: Migration not required, skipping
07-25 06:18:02.384  3975  3975 E 🍺[centuryGame]🍺-CGSdk: adjustString is null
07-25 06:18:02.384  3975  3975 W System.err: java.lang.ClassNotFoundException: com.google.firebase.FirebaseApp
07-25 06:18:02.384  3975  3975 W System.err:    at java.lang.Class.classForName(Native Method)
07-25 06:18:02.384  3975  3975 W System.err:    at java.lang.Class.forName(Class.java:454)
07-25 06:18:02.384  3975  3975 W System.err:    at java.lang.Class.forName(Class.java:379)
07-25 06:18:02.384  3975  3975 W System.err:    at com.centurygame.sdk.utils.ReflectionUtils.invokeStaticMethod(ReflectionUtils.java:139)
07-25 06:18:02.384  3975  3975 W System.err:    at com.centurygame.sdk.CGSdk.b(Unknown Source:16)
07-25 06:18:02.384  3975  3975 W System.err:    at com.centurygame.sdk.CGSdk.c(Unknown Source:26)
07-25 06:18:02.384  3975  3975 W System.err:    at com.centurygame.sdk.CGSdk.preInit(Unknown Source:60)
07-25 06:18:02.384  3975  3975 W System.err:    at com.centurygame.sdk.CGSDKChinaApplication.onCreate(CGSDKChinaApplication.java:46)
07-25 06:18:02.384  3975  3975 W System.err:    at android.app.Instrumentation.callApplicationOnCreate(Instrumentation.java:1189)
07-25 06:18:02.384  3975  3975 W System.err:    at android.app.ActivityThread.handleBindApplication(ActivityThread.java:6542)
07-25 06:18:02.384  3975  3975 W System.err:    at android.app.ActivityThread.access$1300(ActivityThread.java:229)
07-25 06:18:02.384  3975  3975 W System.err:    at android.app.ActivityThread$H.handleMessage(ActivityThread.java:1869)
07-25 06:18:02.384  3975  3975 W System.err:    at android.os.Handler.dispatchMessage(Handler.java:107)
07-25 06:18:02.384  3975  3975 W System.err:    at android.os.Looper.loop(Looper.java:214)
07-25 06:18:02.384  3975  3975 W System.err:    at android.app.ActivityThread.main(ActivityThread.java:7438)
07-25 06:18:02.384  3975  3975 W System.err:    at java.lang.reflect.Method.invoke(Native Method)
07-25 06:18:02.384  3975  3975 W System.err:    at com.android.internal.os.RuntimeInit$MethodAndArgsCaller.run(RuntimeInit.java:492)
07-25 06:18:02.384  3975  3975 W System.err:    at com.android.internal.os.ZygoteInit.main(ZygoteInit.java:930)
07-25 06:18:02.384  3975  3975 W System.err: Caused by: java.lang.ClassNotFoundException: com.google.firebase.FirebaseApp
07-25 06:18:02.384  3975  3975 W System.err:    ... 18 more
07-25 06:18:02.384  3975  3975 W System.err: java.lang.ClassNotFoundException: com.centurygame.sdk.marketing.googleanalytics.CGGoogleanalyticsHelper
07-25 06:18:02.384  3975  3975 W System.err:    at java.lang.Class.classForName(Native Method)
07-25 06:18:02.384  3975  3975 W System.err:    at java.lang.Class.forName(Class.java:454)
07-25 06:18:02.384  3975  3975 W System.err:    at java.lang.Class.forName(Class.java:379)
07-25 06:18:02.384  3975  3975 W System.err:    at com.centurygame.sdk.utils.ReflectionUtils.invokeInstanceMethod(ReflectionUtils.java:183)
07-25 06:18:02.384  3975  3975 W System.err:    at com.centurygame.sdk.CGSdk.b(Unknown Source:33)
07-25 06:18:02.384  3975  3975 W System.err:    at com.centurygame.sdk.CGSdk.c(Unknown Source:26)
07-25 06:18:02.384  3975  3975 W System.err:    at com.centurygame.sdk.CGSdk.preInit(Unknown Source:60)
07-25 06:18:02.384  3975  3975 W System.err:    at com.centurygame.sdk.CGSDKChinaApplication.onCreate(CGSDKChinaApplication.java:46)
07-25 06:18:02.384  3975  3975 W System.err:    at android.app.Instrumentation.callApplicationOnCreate(Instrumentation.java:1189)
07-25 06:18:02.384  3975  3975 W System.err:    at android.app.ActivityThread.handleBindApplication(ActivityThread.java:6542)
07-25 06:18:02.384  3975  3975 W System.err:    at android.app.ActivityThread.access$1300(ActivityThread.java:229)
07-25 06:18:02.384  3975  3975 W System.err:    at android.app.ActivityThread$H.handleMessage(ActivityThread.java:1869)
07-25 06:18:02.384  3975  3975 W System.err:    at android.os.Handler.dispatchMessage(Handler.java:107)
07-25 06:18:02.384  3975  3975 W System.err:    at android.os.Looper.loop(Looper.java:214)
07-25 06:18:02.384  3975  3975 W System.err:    at android.app.ActivityThread.main(ActivityThread.java:7438)
07-25 06:18:02.384  3975  3975 W System.err:    at java.lang.reflect.Method.invoke(Native Method)
07-25 06:18:02.384  3975  3975 W System.err:    at com.android.internal.os.RuntimeInit$MethodAndArgsCaller.run(RuntimeInit.java:492)
07-25 06:18:02.384  3975  3975 W System.err:    at com.android.internal.os.ZygoteInit.main(ZygoteInit.java:930)
07-25 06:18:02.384  3975  3975 W System.err: Caused by: java.lang.ClassNotFoundException: com.centurygame.sdk.marketing.googleanalytics.CGGoogleanalyticsHelper
07-25 06:18:02.384  3975  3975 W System.err:    ... 18 more
07-25 06:18:02.384  3975  3975 E 🍺[centuryGame]🍺-CGSDKChinaApplication: invoke loadOsLibrary start
07-25 06:18:02.440   168  2706 I rc_model_v2: fps chg from 9 -> 39
07-25 06:18:02.447  3975  3975 E 🍺[centuryGame]🍺-CGOaidMge: initOaid: manufacturer not supported
07-25 06:18:02.447  3975  3975 E 🍺[centuryGame]🍺-CGOaidMge: onSupport: supplier is null
07-25 06:18:02.447  3975  3975 E 🍺[centuryGame]🍺-CGSDKChinaApplication: invoke loadOsLibrary end
07-25 06:18:02.456  3975  3975 D AndroidAutoSize: com.gof.china.DDUnityLaunchActivity implemented by me.jessyan.autosize.internal.CustomAdapt!
07-25 06:18:02.456  3975  3975 D getSizeInDp-->:: return 667
07-25 06:18:02.456  3975  3975 D AndroidAutoSize: The com.gof.china.DDUnityLaunchActivity has been adapted! 
07-25 06:18:02.456  3975  3975 D AndroidAutoSize: DDUnityLaunchActivity Info: isBaseOnWidth = false, designHeightInDp = 667.000000, designHeightInSubunits = 667.000000, targetDensity = 1.847076, targetScaledDensity = 1.847076, targetDensityDpi = 295, targetXdpi = 1.847076, targetScreenWidthDp = 389, targetScreenHeightDp = 667
07-25 06:18:02.457   168  2705 I vpu_api_legacy: setup encoder rate control config:
07-25 06:18:02.457   168  2705 I vpu_api_legacy: width  608 height 1080 format 10:1000d
07-25 06:18:02.457   168  2705 I vpu_api_legacy: rc_mode CBR qp 26 bps 4000000
07-25 06:18:02.457   168  2705 I vpu_api_legacy: fps in 60 fps out 60 gop 599
07-25 06:18:02.457   168  2705 I vpu_api_legacy: setup encoder stream feature config:
07-25 06:18:02.457   168  2705 I vpu_api_legacy: profile 66 level 31 cabac 0
07-25 06:18:02.457   168  2706 I mpp_enc : mpp_enc_proc_cfg cmd 0x320001
07-25 06:18:02.457   168  2706 I mpp_enc : mpp_enc_proc_rc_cfg change 170025
07-25 06:18:02.457   168  2706 I mpp_enc : mpp_enc_proc_rc_cfg MPP_ENC_RC_CFG_CHANGE_FPS_IN
07-25 06:18:02.457   168  2706 I mpp_enc : MPP_ENC_SET_RC_CFG bps 4000000 [3750000 : 4250000] fps [60:60] gop 599
07-25 06:18:02.457   168  2706 I mpp_enc : send header for set cfg change rc_mode/fps/gop
07-25 06:18:02.457   168  2706 I mpp_enc : set_rc_cfg rc->stats_time 0
07-25 06:18:02.457   168  2706 I mpp_enc : mode cbr bps [3750000:4000000:4250000] fps flex [60/1] -> flex [60/1] gop i [599] v [0]
07-25 06:18:02.457   168  2705 I vpu_api_legacy: vpu_api_set_enc_cfg out
07-25 06:18:02.457   168  2705 I omx_vmpp: setupEncCfg
07-25 06:18:02.457   168  2705 I omx_vmpp: setupFrameRate: framerate 60.00 
07-25 06:18:02.457   168  2705 I omx_vmpp: setupQp: qpInit 26 i 10-51 p 10-49
07-25 06:18:02.457   168  2705 E mpp_cfg : mpp_enc_cfg_set_s32: cfg rc:qp_max_step is invalid
07-25 06:18:02.457   168  2705 E mpp_cfg : mpp_enc_cfg_set_s32: cfg rc:cb_qp_offset is invalid
07-25 06:18:02.457   168  2705 E mpp_cfg : mpp_enc_cfg_set_s32: cfg rc:cr_qp_offset is invalid
07-25 06:18:02.457   168  2706 I mpp_enc : mpp_enc_proc_cfg cmd 0x320001
07-25 06:18:02.457   168  2706 I mpp_enc : mpp_enc_proc_rc_cfg change 170045
07-25 06:18:02.457   168  2706 I mpp_enc : mpp_enc_proc_rc_cfg MPP_ENC_RC_CFG_CHANGE_FPS_OUT
07-25 06:18:02.457   168  2706 I mpp_enc : MPP_ENC_SET_RC_CFG bps 4000000 [250000 : 4250000] fps [60:60] gop 599
07-25 06:18:02.457   168  2706 I mpp_enc : send header for set cfg change rc_mode/fps/gop
07-25 06:18:02.457   168  2706 I mpp_enc : set_rc_cfg rc->stats_time 0
07-25 06:18:02.457   168  2706 I mpp_enc : mode vbr bps [250000:4000000:4250000] fps flex [60/1] -> flex [60/1] gop i [599] v [0]
07-25 06:18:02.457   168  2706 I mpp_enc : xxxxmpp_packet_append
07-25 06:18:02.533  3975  4015 E CGSdk   : network_change:true
07-25 06:18:02.536  3975  4015 E 🍺[centuryGame]🍺-CGRum: Rum DomainConnectivityCheck error:{"errorCode":1226,"extra":"ModuleName：rum Under time limit"}
07-25 06:18:02.707    95    95 E drm_hwc2_gralloc: hwc_get_handle_name:cann't get value from gralloc
07-25 06:18:02.757   287   376 W WindowManager: Unable to find process with pid=595 uid=1000
07-25 06:18:02.707    95    95 E drm_hwc2_gralloc: hwc_get_handle_name:cann't get value from gralloc
07-25 06:18:02.757   435   435 D ImageWallpaper: wallpaper visibility changes to: false
07-25 06:18:02.842  3975  3975 D SystemUtil: Manifest launchActivityName:com.gof.china.DDUnityLaunchActivity
07-25 06:18:02.843  3975  3975 E 🍺[centuryGame]🍺-CGSdk: datastr:null
07-25 06:18:02.843  3975  3975 E 🍺[centuryGame]🍺-CGSdk: not google push
07-25 06:18:02.847  3975  3975 W [CrashSightReport]: appContext: not null, appId: 6849c8affa, isDebug: false, crashSightStrategy: not null
07-25 06:18:02.852  3975  3975 I [CrashSightReport]: sdk uuid deviceId: 
07-25 06:18:02.852  3975  3975 I [CrashSightReport]: cachedUuid: 8409bf10-1417-4366-b2fc-32128bbd116e
07-25 06:18:02.852  3975  3975 I [CrashSightReport]: currentVersionUuid: 
07-25 06:18:02.852  3975  3975 I [CrashSightReport]: redisKeyUuid: 8409bf10-1417-4366-b2fc-32128bbd116e
07-25 06:18:02.862  3975  3975 D AndroidAutoSize: com.gof.china.DDUnityLaunchActivity implemented by me.jessyan.autosize.internal.CustomAdapt!
07-25 06:18:02.862  3975  3975 D getSizeInDp-->:: return 667
07-25 06:18:02.862  3975  3975 D AndroidAutoSize: The com.gof.china.DDUnityLaunchActivity has been adapted! 
07-25 06:18:02.862  3975  3975 D AndroidAutoSize: DDUnityLaunchActivity Info: isBaseOnWidth = false, designHeightInDp = 667.000000, designHeightInSubunits = 667.000000, targetDensity = 1.847076, targetScaledDensity = 1.847076, targetDensityDpi = 295, targetXdpi = 1.847076, targetScreenWidthDp = 389, targetScreenHeightDp = 667
07-25 06:18:02.877  3975  3975 I WebViewFactory: Loading com.android.webview version 74.0.3729.186 (code 373018655)
07-25 06:18:02.879  3975  3975 I com.gof.china: The ClassLoaderContext is a special shared library.
07-25 06:18:02.892  3975  3975 I cr_LibraryLoader: Time to load native libraries: 1 ms (timestamps 1898-1899)
07-25 06:18:02.898  3975  3975 I chromium: [INFO:library_loader_hooks.cc(50)] Chromium logging enabled: level = 0, default verbosity = 0
07-25 06:18:02.898  3975  3975 I cr_LibraryLoader: Expected native library version number "74.0.3729.186", actual native library version number "74.0.3729.186"
07-25 06:18:02.902  3975  4093 W cr_ChildProcLH: Create a new ChildConnectionAllocator with package name = com.android.webview, sandboxed = true
07-25 06:18:02.903  3975  3975 I cr_BrowserStartup: Initializing chromium process, singleProcess=false
07-25 06:18:02.928   287   376 D ConnectivityService: requestNetwork for uid/pid:10108/3975 NetworkRequest [ TRACK_DEFAULT id=44, [ Capabilities: INTERNET&NOT_RESTRICTED&TRUSTED Uid: 10108] ]
07-25 06:18:02.928   287   429 D Ethernet: got request NetworkRequest [ TRACK_DEFAULT id=44, [ Capabilities: INTERNET&NOT_RESTRICTED&TRUSTED Uid: 10108] ] with score 70 and serial -1
07-25 06:18:02.928   287   399 D WifiNetworkFactory: got request NetworkRequest [ TRACK_DEFAULT id=44, [ Capabilities: INTERNET&NOT_RESTRICTED&TRUSTED Uid: 10108] ] with score 70 and serial -1
07-25 06:18:02.928   287   399 D UntrustedWifiNetworkFactory: got request NetworkRequest [ TRACK_DEFAULT id=44, [ Capabilities: INTERNET&NOT_RESTRICTED&TRUSTED Uid: 10108] ] with score 70 and serial -1
07-25 06:18:02.928   614   614 D PhoneSwitcherNetworkRequstListener: got request NetworkRequest [ TRACK_DEFAULT id=44, [ Capabilities: INTERNET&NOT_RESTRICTED&TRUSTED Uid: 10108] ] with score 70 and serial -1
07-25 06:18:02.929   435   435 V KeyguardUpdateMonitor: onSubscriptionInfoChanged()
07-25 06:18:02.930   435   435 V KeyguardUpdateMonitor: SubInfo:{id=1, iccId=890124019[****] simSlotIndex=0 carrierId=1 displayName=T-Mobile carrierName=T-Mobile nameSource=0 iconTint=-16746133 mNumber=[****] dataRoaming=0 iconBitmap=android.graphics.Bitmap@dc1139 mcc 310 mnc 260mCountryIso=us isEmbedded false nativeAccessRules null cardString=890124019[****] cardId=-1 isOpportunistic false mGroupUUID=null mIsGroupDisabled=false profileClass=-1 ehplmns = null hplmns = null subscriptionType=0 mGroupOwner=null carrierConfigAccessRules=null}
07-25 06:18:02.931   614   636 D PhoneInterfaceManager: [PhoneIntfMgr] isDataEnabled: subId=1 phoneId=0
07-25 06:18:02.931   614   636 D PhoneInterfaceManager: [PhoneIntfMgr] isDataEnabled: subId=1 retVal=true
07-25 06:18:02.940   287   303 D ConnectivityService: requestNetwork for uid/pid:10108/3975 NetworkRequest [ TRACK_DEFAULT id=46, [ Capabilities: INTERNET&NOT_RESTRICTED&TRUSTED Uid: 10108] ]
07-25 06:18:02.940   287   429 D Ethernet: got request NetworkRequest [ TRACK_DEFAULT id=46, [ Capabilities: INTERNET&NOT_RESTRICTED&TRUSTED Uid: 10108] ] with score 70 and serial -1
07-25 06:18:02.940   287   399 D WifiNetworkFactory: got request NetworkRequest [ TRACK_DEFAULT id=46, [ Capabilities: INTERNET&NOT_RESTRICTED&TRUSTED Uid: 10108] ] with score 70 and serial -1
07-25 06:18:02.940   614   614 D PhoneSwitcherNetworkRequstListener: got request NetworkRequest [ TRACK_DEFAULT id=46, [ Capabilities: INTERNET&NOT_RESTRICTED&TRUSTED Uid: 10108] ] with score 70 and serial -1
07-25 06:18:02.941   287   399 D UntrustedWifiNetworkFactory: got request NetworkRequest [ TRACK_DEFAULT id=46, [ Capabilities: INTERNET&NOT_RESTRICTED&TRUSTED Uid: 10108] ] with score 70 and serial -1
07-25 06:18:02.941   435   435 V KeyguardUpdateMonitor: onSubscriptionInfoChanged()
07-25 06:18:02.941   435   435 V KeyguardUpdateMonitor: SubInfo:{id=1, iccId=890124019[****] simSlotIndex=0 carrierId=1 displayName=T-Mobile carrierName=T-Mobile nameSource=0 iconTint=-16746133 mNumber=[****] dataRoaming=0 iconBitmap=android.graphics.Bitmap@608e37e mcc 310 mnc 260mCountryIso=us isEmbedded false nativeAccessRules null cardString=890124019[****] cardId=-1 isOpportunistic false mGroupUUID=null mIsGroupDisabled=false profileClass=-1 ehplmns = null hplmns = null subscriptionType=0 mGroupOwner=null carrierConfigAccessRules=null}
07-25 06:18:02.942   614   636 D PhoneInterfaceManager: [PhoneIntfMgr] isDataEnabled: subId=1 phoneId=0
07-25 06:18:02.942   614   636 D PhoneInterfaceManager: [PhoneIntfMgr] isDataEnabled: subId=1 retVal=true
07-25 06:18:02.947    83  4106 E ResolverController: No valid NAT64 prefix (100, <unspecified>/0)
07-25 06:18:02.967    94   132 D gralloc3: got new private_handle_t instance @0x7d87234280 for buffer 'Unnamed'. share_fd : 7, share_attr_fd : 8, flags : 0x0, width : 720, height : 1280, req_format : 0x1, producer_usage : 0x933, consumer_usage : 0x933, , stride : 720, alloc_format : 0x1, size : 3686400, layer_count : 1, backing_store_size : 3686400, backing_store_id : 403726925878, allocating_pid : 94, ref_count : 1, yuv_info : 0
07-25 06:18:02.967    94   132 D gralloc3: plane_info[0]: offset : 0, byte_stride : 2880, alloc_width : 720, alloc_height : 1280
07-25 06:18:02.967    94   132 D gralloc3: plane_info[1]: offset : 0, byte_stride : 0, alloc_width : 0, alloc_height : 0
07-25 06:18:02.968  3975  3975 E ion     : ioctl c0044901 failed with code -1: Not a typewriter
07-25 06:18:02.973   287   324 I ActivityTaskManager: Displayed com.gof.china/.DDUnityLaunchActivity: +1s776ms
07-25 06:18:02.975   168  2706 I rc_model_v2: fps chg from 60 -> 23
07-25 06:18:02.982   736   736 I GoogleInputMethodService: GoogleInputMethodService.onFinishInput():3126 
07-25 06:18:02.982   736   736 I GoogleInputMethodService: GoogleInputMethodService.updateDeviceLockedStatus():2216 repeatCheckTimes = 0, locked = false
07-25 06:18:02.983   736   736 I GoogleInputMethodService: GoogleInputMethodService.onStartInput():1954 onStartInput(EditorInfo{EditorInfo{packageName=com.gof.china, inputType=0, inputTypeString=NULL, enableLearning=false, autoCorrection=false, autoComplete=false, imeOptions=0, privateImeOptions=null, actionName=UNSPECIFIED, actionLabel=null, initialSelStart=-1, initialSelEnd=-1, initialCapsMode=0, label=null, fieldId=2131296820, fieldName=null, extras=null, hintText=null, hintLocales=[]}}, false)
07-25 06:18:02.983   736   736 I GoogleInputMethodService: GoogleInputMethodService.updateDeviceLockedStatus():2216 repeatCheckTimes = 1, locked = false
07-25 06:18:02.984   736   736 I AndroidIME: InputBundleManager.loadActiveInputBundleId():450 loadActiveInputBundleId: und-Latn-x-password, password
07-25 06:18:02.991   595   595 I Launcher3: Launcher onStop.
07-25 06:18:03.002  3975  4082 I Unity   : SystemInfo CPU = ARM64 FP ASIMD AES, Cores = 8, Memory = 15930mb
07-25 06:18:03.002  3975  4082 I Unity   : SystemInfo ARM big.LITTLE configuration: 4 big (mask: 0xf0), 4 little (mask: 0xf)
07-25 06:18:03.002  3975  4082 I Unity   : ApplicationInfo com.gof.china version 1.2.6 build 949f1516-8803-4b74-8ed2-4986cc52ac27
07-25 06:18:03.002  3975  4082 I Unity   : Built from '2018.4/staging' branch, Version '2018.4.36f1 (6cd387d23174)', Build type 'Release', Scripting Backend 'il2cpp', CPU 'arm64-v8a'
07-25 06:18:03.007    95    95 E drm_hwc2_gralloc: hwc_get_handle_name:cann't get value from gralloc
07-25 06:18:03.007    95    95 E drm_hwc2_gralloc: hwc_get_handle_name:cann't get value from gralloc
07-25 06:18:03.072  3975  4088 E CGSdk   : network_change:true
07-25 06:18:03.073  3975  4088 E 🍺[centuryGame]🍺-CGRum: Rum DomainConnectivityCheck error:{"errorCode":1226,"extra":"ModuleName：rum Under time limit"}
07-25 06:18:03.089  3975  4103 I [CrashSightReport]: setHandleAnrSigQuit: true
07-25 06:18:03.343    84    84 W         : Read socket err: Try again
07-25 06:18:03.343  1071  1315 V Space   : closeClient: android.net.LocalSocket@15de59c impl:android.net.LocalSocketImpl@3987ba5 fd:java.io.FileDescriptor@4371b7a, reason: reached the end
07-25 06:18:03.354    84    84 D Zygote  : Forked child process 4108
07-25 06:18:03.355   287   326 W ActivityManager: Slow operation: 1031ms so far, now at startProcess: returned from zygote!
07-25 06:18:03.355   287   326 W ActivityManager: Slow operation: 1031ms so far, now at startProcess: done updating battery stats
07-25 06:18:03.355   287   326 W ActivityManager: Slow operation: 1031ms so far, now at startProcess: building log message
07-25 06:18:03.356   287   326 I ActivityManager: Start proc 4108:com.gof.china:xg_vip_service/u0a108 for service {com.gof.china/com.tencent.android.tpush.service.XGVipPushService}
07-25 06:18:03.356   287   326 W ActivityManager: Slow operation: 1031ms so far, now at startProcess: starting to update pids map
07-25 06:18:03.356   287   326 W ActivityManager: Slow operation: 1031ms so far, now at startProcess: done updating pids map
07-25 06:18:03.356   287   326 W ActivityManager: Slow operation: 452ms so far, now at startProcess: asking zygote to start proc
07-25 06:18:03.358  4108  4108 W         : Access socket err: No such file or directory
07-25 06:18:03.358   572   572 W         : Connect socket err: Permission denied
07-25 06:18:03.358  4108  4108 I Zygote  : seccomp disabled by setenforce 0
07-25 06:18:03.361  4108  4108 E :xg_vip_servic: Not starting debugger since process cannot load the jdwp agent.
07-25 06:18:03.364   572   572 D Zygote  : Forked child process 4126
07-25 06:18:03.365  4126  4126 W         : Access socket err: No such file or directory
07-25 06:18:03.366  4126  4126 I Zygote  : seccomp disabled by setenforce 0
07-25 06:18:03.367   287   326 W ActivityManager: Slow operation: 462ms so far, now at startProcess: returned from zygote!
07-25 06:18:03.367   287   326 W ActivityManager: Slow operation: 463ms so far, now at startProcess: done updating battery stats
07-25 06:18:03.367   287   326 W ActivityManager: Slow operation: 463ms so far, now at startProcess: building log message
07-25 06:18:03.367   287   326 I ActivityManager: Start proc 4126:com.android.webview:sandboxed_process0:org.chromium.content.app.SandboxedProcessService0/u0i1 for  {com.gof.china/org.chromium.content.app.SandboxedProcessService0}
07-25 06:18:03.367   287   326 W ActivityManager: Slow operation: 463ms so far, now at startProcess: starting to update pids map
07-25 06:18:03.367   287   326 W ActivityManager: Slow operation: 463ms so far, now at startProcess: done updating pids map
07-25 06:18:03.367  4126  4126 E ProcessService: Not starting debugger since process cannot load the jdwp agent.
07-25 06:18:03.378  4108  4108 I :xg_vip_servic: The ClassLoaderContext is a special shared library.
07-25 06:18:03.379  4126  4126 I LoadedApk: No resource references to update in package com.android.webview
07-25 06:18:03.380  4126  4126 I cr_ChildProcessService: Creating new ChildProcessService pid=4126
07-25 06:18:03.385  4108  4108 I MultiDex: VM with version 2.1.0 has multidex support
07-25 06:18:03.385  4108  4108 I MultiDex: Installing application
07-25 06:18:03.385  4108  4108 I MultiDex: VM has multidex support, MultiDex support library is disabled.
07-25 06:18:03.387  4108  4108 E suiyi digest:: PǙK���|�����
07-25 06:18:03.392  4108  4108 E 🍺[centuryGame]🍺-CGSdk: preInitInApplication
07-25 06:18:03.393  4108  4108 E suiyi digest:: PǙK���|�����
07-25 06:18:03.394  4108  4108 E DeviceUtils: VERSION_NAME:1.2.6
07-25 06:18:03.394  4108  4108 E DeviceUtils: VERSION_CODE:17
07-25 06:18:03.395  4108  4108 E CGSdk   : registerReceiver
07-25 06:18:03.397    83  4156 E ResolverController: No valid NAT64 prefix (100, <unspecified>/0)
07-25 06:18:03.397  4108  4108 E 🍺[centuryGame]🍺-CGSdk: start initBugly: true
07-25 06:18:03.397  4108  4108 W System.err: java.io.FileNotFoundException: cztchannel.txt
07-25 06:18:03.398  4108  4108 W System.err:    at android.content.res.AssetManager.nativeOpenAsset(Native Method)
07-25 06:18:03.398  4108  4108 W System.err:    at android.content.res.AssetManager.open(AssetManager.java:824)
07-25 06:18:03.398  4108  4108 W System.err:    at android.content.res.AssetManager.open(AssetManager.java:801)
07-25 06:18:03.398  4108  4108 W System.err:    at com.centurygame.sdk.utils.ChannelUtil.getFromAssets(ChannelUtil.java:78)
07-25 06:18:03.398  4108  4108 W System.err:    at com.centurygame.sdk.utils.ChannelUtil.getChannelFromApkChina(ChannelUtil.java:69)
07-25 06:18:03.398  4108  4108 W System.err:    at com.centurygame.sdk.utils.ChannelUtil.getChannel(ChannelUtil.java:46)
07-25 06:18:03.398  4108  4108 W System.err:    at com.centurygame.sdk.CGSdk.initBugly(Unknown Source:60)
07-25 06:18:03.398  4108  4108 W System.err:    at com.centurygame.sdk.CGSdk.preInit(Unknown Source:57)
07-25 06:18:03.398  4108  4108 W System.err:    at com.centurygame.sdk.CGSDKChinaApplication.onCreate(CGSDKChinaApplication.java:46)
07-25 06:18:03.398  4108  4108 W System.err:    at android.app.Instrumentation.callApplicationOnCreate(Instrumentation.java:1189)
07-25 06:18:03.398  4108  4108 W System.err:    at android.app.ActivityThread.handleBindApplication(ActivityThread.java:6542)
07-25 06:18:03.398  4108  4108 W System.err:    at android.app.ActivityThread.access$1300(ActivityThread.java:229)
07-25 06:18:03.398  4108  4108 W System.err:    at android.app.ActivityThread$H.handleMessage(ActivityThread.java:1869)
07-25 06:18:03.398  4108  4108 W System.err:    at android.os.Handler.dispatchMessage(Handler.java:107)
07-25 06:18:03.398  4108  4108 W System.err:    at android.os.Looper.loop(Looper.java:214)
07-25 06:18:03.398  4108  4108 W System.err:    at android.app.ActivityThread.main(ActivityThread.java:7438)
07-25 06:18:03.398  4108  4108 W System.err:    at java.lang.reflect.Method.invoke(Native Method)
07-25 06:18:03.398  4108  4108 W System.err:    at com.android.internal.os.RuntimeInit$MethodAndArgsCaller.run(RuntimeInit.java:492)
07-25 06:18:03.398  4108  4108 W System.err:    at com.android.internal.os.ZygoteInit.main(ZygoteInit.java:930)
07-25 06:18:03.406  4108  4108 I eup     : register native abi method success
07-25 06:18:03.408  4108  4108 E CGBuglyHelper: bugly init success
07-25 06:18:03.408  4108  4108 E 🍺[centuryGame]🍺-CGSdk: rumConfig is rumString:{"cache_threshold":1,"rum_app_key":"d3b7c2e58b97b29faa637dc31af8feb6","rum_app_tag":"devops.rum.us","mobile_domain_list":["https:\/\/logagent.campfiregames.cn"],"rum_app_id":"gof.cn.prod","sampling":{"user_black_list":[],"user_white_list":[],"service_name_white_list":[],"event_white_list":[],"sample_rate":1},"debug":false,"rum_version":"1.0","log_server_url":"https:\/\/logagent.campfiregames.cn\/log"}
07-25 06:18:03.410  4108  4108 E :xg_vip_servic: Invalid ID 0x00000000.
07-25 06:18:03.410   287   325 W BroadcastQueue: Permission Denial: broadcasting Intent { act=android.net.conn.CONNECTIVITY_CHANGE flg=0x4200010 (has extras) } from null (pid=-1, uid=-1) requires com.tencent.bugly.BuglyBroadcastReceiver.permission due to registered receiver BroadcastFilter{380a608 10108/u0 ReceiverList{26a7fab 4108 com.gof.china:xg_vip_service/10108/u0 remote:40fdfa}}
07-25 06:18:03.410  4108  4108 I chatty  : uid=10108 com.gof.china:xg_vip_service identical 1 line
07-25 06:18:03.410  4108  4108 E :xg_vip_servic: Invalid ID 0x00000000.
07-25 06:18:03.415    83  4179 E ResolverController: No valid NAT64 prefix (100, <unspecified>/0)
07-25 06:18:03.423  4108  4178 D NetworkSecurityConfig: No Network Security Config specified, using platform default
07-25 06:18:03.425    83  4185 E ResolverController: No valid NAT64 prefix (100, <unspecified>/0)
07-25 06:18:03.426   287   303 D ConnectivityService: requestNetwork for uid/pid:10108/4108 NetworkRequest [ TRACK_DEFAULT id=48, [ Capabilities: INTERNET&NOT_RESTRICTED&TRUSTED Uid: 10108] ]
07-25 06:18:03.426   287   429 D Ethernet: got request NetworkRequest [ TRACK_DEFAULT id=48, [ Capabilities: INTERNET&NOT_RESTRICTED&TRUSTED Uid: 10108] ] with score 70 and serial -1
07-25 06:18:03.426   287   399 D WifiNetworkFactory: got request NetworkRequest [ TRACK_DEFAULT id=48, [ Capabilities: INTERNET&NOT_RESTRICTED&TRUSTED Uid: 10108] ] with score 70 and serial -1
07-25 06:18:03.426   287   399 D UntrustedWifiNetworkFactory: got request NetworkRequest [ TRACK_DEFAULT id=48, [ Capabilities: INTERNET&NOT_RESTRICTED&TRUSTED Uid: 10108] ] with score 70 and serial -1
07-25 06:18:03.426   614   614 D PhoneSwitcherNetworkRequstListener: got request NetworkRequest [ TRACK_DEFAULT id=48, [ Capabilities: INTERNET&NOT_RESTRICTED&TRUSTED Uid: 10108] ] with score 70 and serial -1
07-25 06:18:03.427   435   435 V KeyguardUpdateMonitor: onSubscriptionInfoChanged()
07-25 06:18:03.428   435   435 V KeyguardUpdateMonitor: SubInfo:{id=1, iccId=890124019[****] simSlotIndex=0 carrierId=1 displayName=T-Mobile carrierName=T-Mobile nameSource=0 iconTint=-16746133 mNumber=[****] dataRoaming=0 iconBitmap=android.graphics.Bitmap@88d70df mcc 310 mnc 260mCountryIso=us isEmbedded false nativeAccessRules null cardString=890124019[****] cardId=-1 isOpportunistic false mGroupUUID=null mIsGroupDisabled=false profileClass=-1 ehplmns = null hplmns = null subscriptionType=0 mGroupOwner=null carrierConfigAccessRules=null}
07-25 06:18:03.428   614   636 D PhoneInterfaceManager: [PhoneIntfMgr] isDataEnabled: subId=1 phoneId=0
07-25 06:18:03.428   614   636 D PhoneInterfaceManager: [PhoneIntfMgr] isDataEnabled: subId=1 retVal=true
07-25 06:18:03.431  4108  4108 E :xg_vip_servic: Invalid ID 0x00000000.
07-25 06:18:03.433    83  4184 E ResolverController: No valid NAT64 prefix (100, <unspecified>/0)
07-25 06:18:03.438  4108  4108 E 🍺[centuryGame]🍺-CGHelpshiftHelper: [Helpshift DEBUG] helpshiftConfig isForChina:true
07-25 06:18:03.441  4108  4207 D Helpshift_Migrator: Migration not required, skipping
07-25 06:18:03.444  4108  4108 E 🍺[centuryGame]🍺-CGSdk: adjustString is null
07-25 06:18:03.445  4108  4108 W System.err: java.lang.ClassNotFoundException: com.google.firebase.FirebaseApp
07-25 06:18:03.445  4108  4108 W System.err:    at java.lang.Class.classForName(Native Method)
07-25 06:18:03.445  4108  4108 W System.err:    at java.lang.Class.forName(Class.java:454)
07-25 06:18:03.445  4108  4108 W System.err:    at java.lang.Class.forName(Class.java:379)
07-25 06:18:03.445  4108  4108 W System.err:    at com.centurygame.sdk.utils.ReflectionUtils.invokeStaticMethod(ReflectionUtils.java:139)
07-25 06:18:03.445  4108  4108 W System.err:    at com.centurygame.sdk.CGSdk.b(Unknown Source:16)
07-25 06:18:03.445  4108  4108 W System.err:    at com.centurygame.sdk.CGSdk.c(Unknown Source:26)
07-25 06:18:03.445  4108  4108 W System.err:    at com.centurygame.sdk.CGSdk.preInit(Unknown Source:60)
07-25 06:18:03.445  4108  4108 W System.err:    at com.centurygame.sdk.CGSDKChinaApplication.onCreate(CGSDKChinaApplication.java:46)
07-25 06:18:03.445  4108  4108 W System.err:    at android.app.Instrumentation.callApplicationOnCreate(Instrumentation.java:1189)
07-25 06:18:03.445  4108  4108 W System.err:    at android.app.ActivityThread.handleBindApplication(ActivityThread.java:6542)
07-25 06:18:03.445  4108  4108 W System.err:    at android.app.ActivityThread.access$1300(ActivityThread.java:229)
07-25 06:18:03.445  4108  4108 W System.err:    at android.app.ActivityThread$H.handleMessage(ActivityThread.java:1869)
07-25 06:18:03.445  4108  4108 W System.err:    at android.os.Handler.dispatchMessage(Handler.java:107)
07-25 06:18:03.445  4108  4108 W System.err:    at android.os.Looper.loop(Looper.java:214)
07-25 06:18:03.445  4108  4108 W System.err:    at android.app.ActivityThread.main(ActivityThread.java:7438)
07-25 06:18:03.445  4108  4108 W System.err:    at java.lang.reflect.Method.invoke(Native Method)
07-25 06:18:03.445  4108  4108 W System.err:    at com.android.internal.os.RuntimeInit$MethodAndArgsCaller.run(RuntimeInit.java:492)
07-25 06:18:03.445  4108  4108 W System.err:    at com.android.internal.os.ZygoteInit.main(ZygoteInit.java:930)
07-25 06:18:03.445  4108  4108 W System.err: Caused by: java.lang.ClassNotFoundException: com.google.firebase.FirebaseApp
07-25 06:18:03.445  4108  4108 W System.err:    ... 18 more
07-25 06:18:03.445  4108  4108 W System.err: java.lang.ClassNotFoundException: com.centurygame.sdk.marketing.googleanalytics.CGGoogleanalyticsHelper
07-25 06:18:03.445  4108  4108 W System.err:    at java.lang.Class.classForName(Native Method)
07-25 06:18:03.445  4108  4108 W System.err:    at java.lang.Class.forName(Class.java:454)
07-25 06:18:03.445  4108  4108 W System.err:    at java.lang.Class.forName(Class.java:379)
07-25 06:18:03.445  4108  4108 W System.err:    at com.centurygame.sdk.utils.ReflectionUtils.invokeInstanceMethod(ReflectionUtils.java:183)
07-25 06:18:03.445  4108  4108 W System.err:    at com.centurygame.sdk.CGSdk.b(Unknown Source:33)
07-25 06:18:03.445  4108  4108 W System.err:    at com.centurygame.sdk.CGSdk.c(Unknown Source:26)
07-25 06:18:03.445  4108  4108 W System.err:    at com.centurygame.sdk.CGSdk.preInit(Unknown Source:60)
07-25 06:18:03.445  4108  4108 W System.err:    at com.centurygame.sdk.CGSDKChinaApplication.onCreate(CGSDKChinaApplication.java:46)
07-25 06:18:03.445  4108  4108 W System.err:    at android.app.Instrumentation.callApplicationOnCreate(Instrumentation.java:1189)
07-25 06:18:03.445  4108  4108 W System.err:    at android.app.ActivityThread.handleBindApplication(ActivityThread.java:6542)
07-25 06:18:03.445  4108  4108 W System.err:    at android.app.ActivityThread.access$1300(ActivityThread.java:229)
07-25 06:18:03.445  4108  4108 W System.err:    at android.app.ActivityThread$H.handleMessage(ActivityThread.java:1869)
07-25 06:18:03.445  4108  4108 W System.err:    at android.os.Handler.dispatchMessage(Handler.java:107)
07-25 06:18:03.445  4108  4108 W System.err:    at android.os.Looper.loop(Looper.java:214)
07-25 06:18:03.445  4108  4108 W System.err:    at android.app.ActivityThread.main(ActivityThread.java:7438)
07-25 06:18:03.445  4108  4108 W System.err:    at java.lang.reflect.Method.invoke(Native Method)
07-25 06:18:03.445  4108  4108 W System.err:    at com.android.internal.os.RuntimeInit$MethodAndArgsCaller.run(RuntimeInit.java:492)
07-25 06:18:03.445  4108  4108 W System.err:    at com.android.internal.os.ZygoteInit.main(ZygoteInit.java:930)
07-25 06:18:03.445  4108  4108 W System.err: Caused by: java.lang.ClassNotFoundException: com.centurygame.sdk.marketing.googleanalytics.CGGoogleanalyticsHelper
07-25 06:18:03.445  4108  4108 W System.err:    ... 18 more
07-25 06:18:03.445  4108  4108 E 🍺[centuryGame]🍺-CGSDKChinaApplication: invoke loadOsLibrary start
07-25 06:18:03.484  4108  4108 E 🍺[centuryGame]🍺-CGOaidMge: initOaid: manufacturer not supported
07-25 06:18:03.484  4108  4108 E 🍺[centuryGame]🍺-CGOaidMge: onSupport: supplier is null
07-25 06:18:03.484  4108  4108 E 🍺[centuryGame]🍺-CGSDKChinaApplication: invoke loadOsLibrary end
07-25 06:18:03.485  4108  4108 I TPush-Native: JNI_OnLoad
07-25 06:18:03.500  4108  4108 I TPush   : [Mqtt-TPush - IMqttServiceImpl] init IMqttServiceImpl encryptLevel: 0, compressLevel: 0
07-25 06:18:03.505  4108  4108 I TPush   : [XGVipPushService] Service onBind()
07-25 06:18:03.506  4108  4108 I TPush   : [XGVipPushService] Service onStartCommand() : com.gof.china
07-25 06:18:03.537  4108  4221 I TPush   : [Mqtt-TPush - IMqttServiceImpl] update encryptLevel: 0, compressLevel: 1
07-25 06:18:03.540  4108  4260 D TPush   : [ClientComms] ConnectBG mqtt thread
07-25 06:18:03.549    83  4261 E ResolverController: No valid NAT64 prefix (100, <unspecified>/0)
07-25 06:18:03.574   168  2706 I rc_model_v2: fps chg from 23 -> 10
07-25 06:18:03.586  4108  4155 E CGSdk   : network_change:true
07-25 06:18:03.589  4108  4155 E 🍺[centuryGame]🍺-CGRum: Rum DomainConnectivityCheck error:{"errorCode":1226,"extra":"ModuleName：rum Under time limit"}
07-25 06:18:03.606  4108  4108 D TPush   : [PushServiceManager] Service's running at com.gof.china,version : 1.4.0.1
07-25 06:18:03.607  4108  4108 I TPush   : [PushServiceBroadcastHandler] handleServiceInited, beforeInitedIntents size:0
07-25 06:18:03.612  4108  4260 I TPush   : [IMqttClientManager - StateImpl] onConnectComplete isReconnect:false
07-25 06:18:03.707  4108  4234 E CGSdk   : network_change:true
07-25 06:18:03.707  4108  4234 E 🍺[centuryGame]🍺-CGRum: Rum DomainConnectivityCheck error:{"errorCode":1226,"extra":"ModuleName：rum Under time limit"}
07-25 06:18:04.126  3975  4082 E libprocessgroup: set_timerslack_ns write failed: Operation not permitted
07-25 06:18:04.127  3975  4082 I chatty  : uid=10108(com.gof.china) UnityMain identical 14 lines
07-25 06:18:04.127  3975  4082 E libprocessgroup: set_timerslack_ns write failed: Operation not permitted
07-25 06:18:04.134  3975  4082 I mali_so : [File] : hardware/arm/maliT760/driver/product/base/src/mali_base_kbase.c; [Line] : 1292; [Func] : base_context_deal_with_version_affairs_rk_ext;
07-25 06:18:04.134  3975  4082 I mali_so : arm_release_ver of this mali_so is 'g12p0-01eac0', rk_so_ver is '9'.
07-25 06:18:04.134  3975  4082 I mali_so : [File] : hardware/arm/maliT760/driver/product/base/src/mali_base_kbase.c; [Line] : 1308; [Func] : base_context_deal_with_version_affairs_rk_ext;
07-25 06:18:04.134  3975  4082 I mali_so : arm_release_vers are match. to set the full mali_ver 'g12p0-01eac0-9' as value of 'sys.gmali.version'.
07-25 06:18:04.136    34    34 I hwservicemanager: getTransport: Cannot find entry android.hardware.configstore@1.0::ISurfaceFlingerConfigs/default in either framework or device manifest.
07-25 06:18:04.150  3975  4082 D Unity   :  GL_EXT_debug_marker GL_ARM_rgba8 GL_ARM_mali_shader_binary GL_OES_depth24 GL_OES_depth_texture GL_OES_depth_texture_cube_map GL_OES_packed_depth_stencil GL_OES_rgb8_rgba8 GL_EXT_read_format_bgra GL_OES_compressed_paletted_texture GL_OES_compressed_ETC1_RGB8_texture GL_OES_standard_derivatives GL_OES_EGL_image GL_OES_EGL_image_external GL_OES_EGL_image_external_essl3 GL_OES_EGL_sync GL_OES_texture_npot GL_OES_vertex_half_float GL_OES_required_internalformat GL_OES_vertex_array_object GL_OES_mapbuffer GL_EXT_texture_format_BGRA8888 GL_EXT_texture_rg GL_EXT_texture_type_2_10_10_10_REV GL_OES_fbo_render_mipmap GL_OES_element_index_uint GL_EXT_shadow_samplers GL_OES_texture_compression_astc GL_KHR_texture_compression_astc_ldr GL_KHR_texture_compression_astc_hdr GL_KHR_texture_compression_astc_sliced_3d GL_EXT_texture_compression_astc_decode_mode GL_EXT_texture_compression_astc_decode_mode_rgb9e5 GL_KHR_debug GL_EXT_occlusion_query_boolean GL_EXT_disjoint_timer_query GL_EXT_blend_minmax GL_EXT_discard_framebuffer
07-25 06:18:04.150  3975  4082 D Unity   :  GL_OES_get_program_binary GL_OES_texture_3D GL_EXT_texture_storage GL_EXT_multisampled_render_to_texture GL_EXT_multisampled_render_to_texture2 GL_OES_surfaceless_context GL_OES_texture_stencil8 GL_EXT_shader_pixel_local_storage GL_ARM_shader_framebuffer_fetch GL_ARM_shader_framebuffer_fetch_depth_stencil GL_ARM_mali_program_binary GL_EXT_sRGB GL_EXT_sRGB_write_control GL_EXT_texture_sRGB_decode GL_EXT_texture_sRGB_R8 GL_EXT_texture_sRGB_RG8 GL_KHR_blend_equation_advanced GL_KHR_blend_equation_advanced_coherent GL_OES_texture_storage_multisample_2d_array GL_OES_shader_image_atomic GL_EXT_robustness GL_EXT_draw_buffers_indexed GL_OES_draw_buffers_indexed GL_EXT_texture_border_clamp GL_OES_texture_border_clamp GL_EXT_texture_cube_map_array GL_OES_texture_cube_map_array GL_OES_sample_variables GL_OES_sample_shading GL_OES_shader_multisample_interpolation GL_EXT_shader_io_blocks GL_OES_shader_io_blocks GL_EXT_tessellation_shader GL_OES_tessellation_shader GL_EXT_primitive_bounding_box GL_OES_primitive_bounding_
