07-25 06:18:19.095  3975  4082 I System.out: ProxyFinder.FindFor - proxy type : DIRECT
07-25 06:18:19.095  3975  4082 I System.out: ProxyFinder.FindFor - No Proxy
07-25 06:18:19.116   287   388 V InputDispatcher: Asynchronous input event injection succeeded.
07-25 06:18:19.192  3975  4082 I System.out: ProxyFinder.FindFor - proxy type : DIRECT
07-25 06:18:19.193  3975  4082 I System.out: ProxyFinder.FindFor - No Proxy
07-25 06:18:19.283   287   388 W InputDispatcher: Asynchronous input event injection failed.
07-25 06:18:19.305   168  2706 I rc_model_v2: fps chg from 60 -> 112
07-25 06:18:19.443  3975  4082 I System.out: ProxyFinder.FindFor - proxy type : DIRECT
07-25 06:18:19.443  3975  4082 I System.out: ProxyFinder.FindFor - No Proxy
07-25 06:18:19.468   287   388 V InputDispatcher: Asynchronous input event injection succeeded.
07-25 06:18:19.533   287   388 V InputDispatcher: Asynchronous input event injection succeeded.
07-25 06:18:19.559  3975  4082 I System.out: ProxyFinder.FindFor - proxy type : DIRECT
07-25 06:18:19.559  3975  4082 I System.out: ProxyFinder.FindFor - No Proxy
07-25 06:18:19.559  3975  4082 I System.out: ProxyFinder.FindFor - proxy type : DIRECT
07-25 06:18:19.559  3975  4082 I System.out: ProxyFinder.FindFor - No Proxy
07-25 06:18:19.571   168  2706 I rc_model_v2: fps chg from 112 -> 60
07-25 06:18:19.616   100   123 E JWSensorsHal: connect to /data/misc/sensor/sensor_ctrl error:2 No such file or directory
07-25 06:18:19.751    89   193 E JWAudioHAL: connect to /data/misc/audioserver/audio_out error:2 No such file or directory
07-25 06:18:19.856  3975  4082 I System.out: ProxyFinder.FindFor - proxy type : DIRECT
07-25 06:18:19.856  3975  4082 I System.out: ProxyFinder.FindFor - No Proxy
07-25 06:18:19.917   287   388 W InputDispatcher: Asynchronous input event injection failed.
07-25 06:18:19.996  3975  4082 I System.out: ProxyFinder.FindFor - proxy type : DIRECT
07-25 06:18:19.996  3975  4082 I System.out: ProxyFinder.FindFor - No Proxy
07-25 06:18:20.054   168  2705 I vpu_api_legacy: setup encoder rate control config:
07-25 06:18:20.054   168  2705 I vpu_api_legacy: width  608 height 1080 format 10:1000d
07-25 06:18:20.054   168  2705 I vpu_api_legacy: rc_mode CBR qp 26 bps 4000000
07-25 06:18:20.054   168  2705 I vpu_api_legacy: fps in 60 fps out 60 gop 599
07-25 06:18:20.054   168  2705 I vpu_api_legacy: setup encoder stream feature config:
07-25 06:18:20.054   168  2705 I vpu_api_legacy: profile 66 level 31 cabac 0
07-25 06:18:20.054   168  2706 I mpp_enc : mpp_enc_proc_cfg cmd 0x320001
07-25 06:18:20.054   168  2706 I mpp_enc : mpp_enc_proc_rc_cfg change 170025
07-25 06:18:20.054   168  2706 I mpp_enc : mpp_enc_proc_rc_cfg MPP_ENC_RC_CFG_CHANGE_FPS_IN
07-25 06:18:20.054   168  2706 I mpp_enc : MPP_ENC_SET_RC_CFG bps 4000000 [3750000 : 4250000] fps [60:60] gop 599
07-25 06:18:20.054   168  2706 I mpp_enc : send header for set cfg change rc_mode/fps/gop
07-25 06:18:20.054   168  2705 I vpu_api_legacy: vpu_api_set_enc_cfg out
07-25 06:18:20.054   168  2705 I omx_vmpp: setupEncCfg
07-25 06:18:20.054   168  2705 I omx_vmpp: setupFrameRate: framerate 60.00 
07-25 06:18:20.055   168  2705 I omx_vmpp: setupQp: qpInit 26 i 10-51 p 10-49
07-25 06:18:20.055   168  2705 E mpp_cfg : mpp_enc_cfg_set_s32: cfg rc:qp_max_step is invalid
07-25 06:18:20.055   168  2705 E mpp_cfg : mpp_enc_cfg_set_s32: cfg rc:cb_qp_offset is invalid
07-25 06:18:20.055   168  2705 E mpp_cfg : mpp_enc_cfg_set_s32: cfg rc:cr_qp_offset is invalid
07-25 06:18:20.055   168  2706 I mpp_enc : set_rc_cfg rc->stats_time 0
07-25 06:18:20.055   168  2706 I mpp_enc : mode cbr bps [3750000:4000000:4250000] fps flex [60/1] -> flex [60/1] gop i [599] v [0]
07-25 06:18:20.055   168  2706 I mpp_enc : mpp_enc_proc_cfg cmd 0x320001
07-25 06:18:20.055   168  2706 I mpp_enc : mpp_enc_proc_rc_cfg change 170045
07-25 06:18:20.055   168  2706 I mpp_enc : mpp_enc_proc_rc_cfg MPP_ENC_RC_CFG_CHANGE_FPS_OUT
07-25 06:18:20.055   168  2706 I mpp_enc : MPP_ENC_SET_RC_CFG bps 4000000 [250000 : 4250000] fps [60:60] gop 599
07-25 06:18:20.055   168  2706 I mpp_enc : send header for set cfg change rc_mode/fps/gop
07-25 06:18:20.055   168  2706 I mpp_enc : set_rc_cfg rc->stats_time 0
07-25 06:18:20.055   168  2706 I mpp_enc : mode vbr bps [250000:4000000:4250000] fps flex [60/1] -> flex [60/1] gop i [599] v [0]
07-25 06:18:20.055   168  2706 I mpp_enc : xxxxmpp_packet_append
07-25 06:18:20.057  3975  4082 I System.out: ProxyFinder.FindFor - proxy type : DIRECT
07-25 06:18:20.057  3975  4082 I System.out: ProxyFinder.FindFor - No Proxy
07-25 06:18:20.068   287   388 V InputDispatcher: Asynchronous input event injection succeeded.
07-25 06:18:20.107  3975  4082 I System.out: ProxyFinder.FindFor - proxy type : DIRECT
07-25 06:18:20.107  3975  4082 I System.out: ProxyFinder.FindFor - No Proxy
07-25 06:18:20.173  3975  4082 I System.out: ProxyFinder.FindFor - proxy type : DIRECT
07-25 06:18:20.173  3975  4082 I System.out: ProxyFinder.FindFor - No Proxy
07-25 06:18:20.217   287   388 V InputDispatcher: Asynchronous input event injection succeeded.
07-25 06:18:20.275  3975  4082 I System.out: ProxyFinder.FindFor - proxy type : DIRECT
07-25 06:18:20.275  3975  4082 I System.out: ProxyFinder.FindFor - No Proxy
07-25 06:18:20.305   168  2706 I rc_model_v2: fps chg from 60 -> 116
07-25 06:18:20.376  3975  4082 I System.out: ProxyFinder.FindFor - proxy type : DIRECT
07-25 06:18:20.376  3975  4082 I System.out: ProxyFinder.FindFor - No Proxy
07-25 06:18:20.434   287   388 W InputDispatcher: Asynchronous input event injection failed.
07-25 06:18:20.473  3975  4082 I System.out: ProxyFinder.FindFor - proxy type : DIRECT
07-25 06:18:20.473  3975  4082 I System.out: ProxyFinder.FindFor - No Proxy
07-25 06:18:20.552   287   388 V InputDispatcher: Asynchronous input event injection succeeded.
07-25 06:18:20.555   168  2706 I rc_model_v2: fps chg from 116 -> 60
07-25 06:18:20.669   287   388 V InputDispatcher: Asynchronous input event injection succeeded.
07-25 06:18:20.710  3975  4082 I System.out: ProxyFinder.FindFor - proxy type : DIRECT
07-25 06:18:20.710  3975  4082 I System.out: ProxyFinder.FindFor - No Proxy
07-25 06:18:20.861  3975  4082 I System.out: ProxyFinder.FindFor - proxy type : DIRECT
07-25 06:18:20.861  3975  4082 I System.out: ProxyFinder.FindFor - No Proxy
07-25 06:18:20.968   287   388 W InputDispatcher: Asynchronous input event injection failed.
07-25 06:18:20.972  3975  4082 I System.out: ProxyFinder.FindFor - proxy type : DIRECT
07-25 06:18:20.972  3975  4082 I System.out: ProxyFinder.FindFor - No Proxy
07-25 06:18:21.055   168  2705 I vpu_api_legacy: setup encoder rate control config:
07-25 06:18:21.055   168  2705 I vpu_api_legacy: width  608 height 1080 format 10:1000d
07-25 06:18:21.055   168  2705 I vpu_api_legacy: rc_mode CBR qp 26 bps 4000000
07-25 06:18:21.055   168  2705 I vpu_api_legacy: fps in 60 fps out 60 gop 599
07-25 06:18:21.055   168  2705 I vpu_api_legacy: setup encoder stream feature config:
07-25 06:18:21.055   168  2705 I vpu_api_legacy: profile 66 level 31 cabac 0
07-25 06:18:21.055   168  2706 I mpp_enc : mpp_enc_proc_cfg cmd 0x320001
07-25 06:18:21.055   168  2706 I mpp_enc : mpp_enc_proc_rc_cfg change 170025
07-25 06:18:21.055   168  2706 I mpp_enc : mpp_enc_proc_rc_cfg MPP_ENC_RC_CFG_CHANGE_FPS_IN
07-25 06:18:21.055   168  2706 I mpp_enc : MPP_ENC_SET_RC_CFG bps 4000000 [3750000 : 4250000] fps [60:60] gop 599
07-25 06:18:21.055   168  2706 I mpp_enc : send header for set cfg change rc_mode/fps/gop
07-25 06:18:21.055   168  2705 I vpu_api_legacy: vpu_api_set_enc_cfg out
07-25 06:18:21.055   168  2705 I omx_vmpp: setupEncCfg
07-25 06:18:21.055   168  2705 I omx_vmpp: setupFrameRate: framerate 60.00 
07-25 06:18:21.055   168  2705 I omx_vmpp: setupQp: qpInit 26 i 10-51 p 10-49
07-25 06:18:21.055   168  2705 E mpp_cfg : mpp_enc_cfg_set_s32: cfg rc:qp_max_step is invalid
07-25 06:18:21.055   168  2705 E mpp_cfg : mpp_enc_cfg_set_s32: cfg rc:cb_qp_offset is invalid
07-25 06:18:21.055   168  2705 E mpp_cfg : mpp_enc_cfg_set_s32: cfg rc:cr_qp_offset is invalid
07-25 06:18:21.055   168  2706 I mpp_enc : set_rc_cfg rc->stats_time 0
07-25 06:18:21.055   168  2706 I mpp_enc : mode cbr bps [3750000:4000000:4250000] fps flex [60/1] -> flex [60/1] gop i [599] v [0]
07-25 06:18:21.055   168  2706 I mpp_enc : mpp_enc_proc_cfg cmd 0x320001
07-25 06:18:21.055   168  2706 I mpp_enc : mpp_enc_proc_rc_cfg change 170045
07-25 06:18:21.055   168  2706 I mpp_enc : mpp_enc_proc_rc_cfg MPP_ENC_RC_CFG_CHANGE_FPS_OUT
07-25 06:18:21.055   168  2706 I mpp_enc : MPP_ENC_SET_RC_CFG bps 4000000 [250000 : 4250000] fps [60:60] gop 599
07-25 06:18:21.055   168  2706 I mpp_enc : send header for set cfg change rc_mode/fps/gop
07-25 06:18:21.055   168  2706 I mpp_enc : set_rc_cfg rc->stats_time 0
07-25 06:18:21.055   168  2706 I mpp_enc : mode vbr bps [250000:4000000:4250000] fps flex [60/1] -> flex [60/1] gop i [599] v [0]
07-25 06:18:21.055   168  2706 I mpp_enc : xxxxmpp_packet_append
07-25 06:18:21.057  3975  4082 I System.out: ProxyFinder.FindFor - proxy type : DIRECT
07-25 06:18:21.057  3975  4082 I System.out: ProxyFinder.FindFor - No Proxy
07-25 06:18:21.074   287   388 V InputDispatcher: Asynchronous input event injection succeeded.
07-25 06:18:21.075  3975  4082 I System.out: ProxyFinder.FindFor - proxy type : DIRECT
07-25 06:18:21.076  3975  4082 I System.out: ProxyFinder.FindFor - No Proxy
07-25 06:18:21.192  3975  4082 I System.out: ProxyFinder.FindFor - proxy type : DIRECT
07-25 06:18:21.192  3975  4082 I System.out: ProxyFinder.FindFor - No Proxy
07-25 06:18:21.218   287   388 V InputDispatcher: Asynchronous input event injection succeeded.
07-25 06:18:21.224  3975  4082 I System.out: ProxyFinder.FindFor - proxy type : DIRECT
07-25 06:18:21.224  3975  4082 I System.out: ProxyFinder.FindFor - No Proxy
07-25 06:18:21.274  3975  4082 I System.out: ProxyFinder.FindFor - proxy type : DIRECT
07-25 06:18:21.274  3975  4082 I System.out: ProxyFinder.FindFor - No Proxy
07-25 06:18:21.309  3975  4082 I System.out: ProxyFinder.FindFor - proxy type : DIRECT
07-25 06:18:21.309  3975  4082 I System.out: ProxyFinder.FindFor - No Proxy
07-25 06:18:21.322   168  2706 I rc_model_v2: fps chg from 60 -> 112
07-25 06:18:21.361  3975  4082 I System.out: ProxyFinder.FindFor - proxy type : DIRECT
07-25 06:18:21.361  3975  4082 I System.out: ProxyFinder.FindFor - No Proxy
07-25 06:18:21.404  1504  1551 E chromium: [0725/061821.404394:ERROR:ssl_client_socket_impl.cc(883)] handshake failed; returned -1, SSL error code 1, net_error -101
07-25 06:18:21.423  3975  4082 I System.out: ProxyFinder.FindFor - proxy type : DIRECT
07-25 06:18:21.423  3975  4082 I System.out: ProxyFinder.FindFor - No Proxy
07-25 06:18:21.473  3975  4082 I System.out: ProxyFinder.FindFor - proxy type : DIRECT
07-25 06:18:21.473  3975  4082 I System.out: ProxyFinder.FindFor - No Proxy
07-25 06:18:21.535   287   388 W InputDispatcher: Asynchronous input event injection failed.
07-25 06:18:21.555  3975  4082 I System.out: ProxyFinder.FindFor - proxy type : DIRECT
07-25 06:18:21.555  3975  4082 I System.out: ProxyFinder.FindFor - No Proxy
07-25 06:18:21.572   168  2706 I rc_model_v2: fps chg from 112 -> 60
07-25 06:18:21.751    93  1027 E jw_gps  : connect to /data/misc/gps/gps_ctrl error:2 No such file or directory
07-25 06:18:21.855  3975  4082 I System.out: ProxyFinder.FindFor - proxy type : DIRECT
07-25 06:18:21.855  3975  4082 I System.out: ProxyFinder.FindFor - No Proxy
07-25 06:18:21.888  3975  4082 I System.out: ProxyFinder.FindFor - proxy type : DIRECT
07-25 06:18:21.888  3975  4082 I System.out: ProxyFinder.FindFor - No Proxy
07-25 06:18:21.902   287   388 V InputDispatcher: Asynchronous input event injection succeeded.
07-25 06:18:22.054   168  2705 I vpu_api_legacy: setup encoder rate control config:
07-25 06:18:22.054   168  2705 I vpu_api_legacy: width  608 height 1080 format 10:1000d
07-25 06:18:22.054   168  2705 I vpu_api_legacy: rc_mode CBR qp 26 bps 4000000
07-25 06:18:22.054   168  2705 I vpu_api_legacy: fps in 60 fps out 60 gop 599
07-25 06:18:22.055   168  2705 I vpu_api_legacy: setup encoder stream feature config:
07-25 06:18:22.055   168  2705 I vpu_api_legacy: profile 66 level 31 cabac 0
07-25 06:18:22.055   168  2706 I mpp_enc : mpp_enc_proc_cfg cmd 0x320001
07-25 06:18:22.055   168  2706 I mpp_enc : mpp_enc_proc_rc_cfg change 170025
07-25 06:18:22.055   168  2706 I mpp_enc : mpp_enc_proc_rc_cfg MPP_ENC_RC_CFG_CHANGE_FPS_IN
07-25 06:18:22.055   168  2706 I mpp_enc : MPP_ENC_SET_RC_CFG bps 4000000 [3750000 : 4250000] fps [60:60] gop 599
07-25 06:18:22.055   168  2706 I mpp_enc : send header for set cfg change rc_mode/fps/gop
07-25 06:18:22.055   168  2705 I vpu_api_legacy: vpu_api_set_enc_cfg out
07-25 06:18:22.055   168  2705 I omx_vmpp: setupEncCfg
07-25 06:18:22.055   168  2705 I omx_vmpp: setupFrameRate: framerate 60.00 
07-25 06:18:22.055   168  2705 I omx_vmpp: setupQp: qpInit 26 i 10-51 p 10-49
07-25 06:18:22.055   168  2705 E mpp_cfg : mpp_enc_cfg_set_s32: cfg rc:qp_max_step is invalid
07-25 06:18:22.055   168  2705 E mpp_cfg : mpp_enc_cfg_set_s32: cfg rc:cb_qp_offset is invalid
07-25 06:18:22.055   168  2705 E mpp_cfg : mpp_enc_cfg_set_s32: cfg rc:cr_qp_offset is invalid
07-25 06:18:22.055   168  2706 I mpp_enc : set_rc_cfg rc->stats_time 0
07-25 06:18:22.055   168  2706 I mpp_enc : mode cbr bps [3750000:4000000:4250000] fps flex [60/1] -> flex [60/1] gop i [599] v [0]
07-25 06:18:22.055   168  2706 I mpp_enc : mpp_enc_proc_cfg cmd 0x320001
07-25 06:18:22.055   168  2706 I mpp_enc : mpp_enc_proc_rc_cfg change 170045
07-25 06:18:22.055   168  2706 I mpp_enc : mpp_enc_proc_rc_cfg MPP_ENC_RC_CFG_CHANGE_FPS_OUT
07-25 06:18:22.055   168  2706 I mpp_enc : MPP_ENC_SET_RC_CFG bps 4000000 [250000 : 4250000] fps [60:60] gop 599
07-25 06:18:22.055   168  2706 I mpp_enc : send header for set cfg change rc_mode/fps/gop
07-25 06:18:22.055   168  2706 I mpp_enc : set_rc_cfg rc->stats_time 0
07-25 06:18:22.055   168  2706 I mpp_enc : mode vbr bps [250000:4000000:4250000] fps flex [60/1] -> flex [60/1] gop i [599] v [0]
07-25 06:18:22.055   168  2706 I mpp_enc : xxxxmpp_packet_append
07-25 06:18:22.069   287   388 V InputDispatcher: Asynchronous input event injection succeeded.
07-25 06:18:22.321   168  2706 I rc_model_v2: fps chg from 60 -> 109
07-25 06:18:22.386   287   388 W InputDispatcher: Asynchronous input event injection failed.
07-25 06:18:22.422  3975  4082 I System.out: ProxyFinder.FindFor - proxy type : DIRECT
07-25 06:18:22.422  3975  4082 I System.out: ProxyFinder.FindFor - No Proxy
07-25 06:18:22.521   287   388 V InputDispatcher: Asynchronous input event injection succeeded.
07-25 06:18:22.573   168  2706 I rc_model_v2: fps chg from 109 -> 59
07-25 06:18:22.638  3975  4082 I System.out: ProxyFinder.FindFor - proxy type : DIRECT
07-25 06:18:22.638  3975  4082 I System.out: ProxyFinder.FindFor - No Proxy
07-25 06:18:22.670   287   388 V InputDispatcher: Asynchronous input event injection succeeded.
07-25 06:18:23.000   287   388 W InputDispatcher: channel 'dd3542 com.gof.china/com.gof.china.DDUnityLaunchActivity (server)' ~ Consumer closed input channel or an error occurred.  events=0x9
07-25 06:18:23.000   287   388 E InputDispatcher: channel 'dd3542 com.gof.china/com.gof.china.DDUnityLaunchActivity (server)' ~ Channel is unrecoverably broken and will be disposed!
07-25 06:18:23.000   287   303 D ConnectivityService: ConnectivityService NetworkRequestInfo binderDied(NetworkRequest [ TRACK_DEFAULT id=46, [ Capabilities: INTERNET&NOT_RESTRICTED&TRUSTED Uid: 10108] ], android.os.BinderProxy@8d3a93c)
07-25 06:18:23.000   287   303 D ConnectivityService: ConnectivityService NetworkRequestInfo binderDied(NetworkRequest [ LISTEN id=47, [ Capabilities: INTERNET&NOT_RESTRICTED&TRUSTED Uid: 10108] ], android.os.BinderProxy@1786c5)
07-25 06:18:23.001   287   303 I WindowManager: WIN DEATH: Window{dd3542 u0 com.gof.china/com.gof.china.DDUnityLaunchActivity}
07-25 06:18:23.001   287   303 W InputDispatcher: Attempted to unregister already unregistered input channel 'dd3542 com.gof.china/com.gof.china.DDUnityLaunchActivity (server)'
07-25 06:18:23.001   287   835 D ConnectivityService: ConnectivityService NetworkRequestInfo binderDied(NetworkRequest [ TRACK_DEFAULT id=43, [ Capabilities: INTERNET&NOT_RESTRICTED&TRUSTED Uid: 10108] ], android.os.BinderProxy@672981a)
07-25 06:18:23.001   287   376 I ActivityManager: Process com.gof.china (pid 3975) has died: fore TOP 
07-25 06:18:23.002   287   402 D ConnectivityService: releasing NetworkRequest [ TRACK_DEFAULT id=46, [ Capabilities: INTERNET&NOT_RESTRICTED&TRUSTED Uid: 10108] ] (release request)
07-25 06:18:23.002   287   402 D ConnectivityService: releasing NetworkRequest [ TRACK_DEFAULT id=43, [ Capabilities: INTERNET&NOT_RESTRICTED&TRUSTED Uid: 10108] ] (release request)
07-25 06:18:23.003    84    84 I Zygote  : Process 3975 exited cleanly (0)
07-25 06:18:23.003   435   435 V KeyguardUpdateMonitor: onSubscriptionInfoChanged()
07-25 06:18:23.007   435   435 V KeyguardUpdateMonitor: SubInfo:{id=1, iccId=890124019[****] simSlotIndex=0 carrierId=1 displayName=T-Mobile carrierName=T-Mobile nameSource=0 iconTint=-16746133 mNumber=[****] dataRoaming=0 iconBitmap=android.graphics.Bitmap@ecbb98a mcc 310 mnc 260mCountryIso=us isEmbedded false nativeAccessRules null cardString=890124019[****] cardId=-1 isOpportunistic false mGroupUUID=null mIsGroupDisabled=false profileClass=-1 ehplmns = null hplmns = null subscriptionType=0 mGroupOwner=null carrierConfigAccessRules=null}
07-25 06:18:23.009   614   970 D PhoneInterfaceManager: [PhoneIntfMgr] isDataEnabled: subId=1 phoneId=0
07-25 06:18:23.009   614   970 D PhoneInterfaceManager: [PhoneIntfMgr] isDataEnabled: subId=1 retVal=true
07-25 06:18:23.009   435   435 V KeyguardUpdateMonitor: onSubscriptionInfoChanged()
07-25 06:18:23.010   435   435 V KeyguardUpdateMonitor: SubInfo:{id=1, iccId=890124019[****] simSlotIndex=0 carrierId=1 displayName=T-Mobile carrierName=T-Mobile nameSource=0 iconTint=-16746133 mNumber=[****] dataRoaming=0 iconBitmap=android.graphics.Bitmap@a023bfb mcc 310 mnc 260mCountryIso=us isEmbedded false nativeAccessRules null cardString=890124019[****] cardId=-1 isOpportunistic false mGroupUUID=null mIsGroupDisabled=false profileClass=-1 ehplmns = null hplmns = null subscriptionType=0 mGroupOwner=null carrierConfigAccessRules=null}
07-25 06:18:23.013   614   970 D PhoneInterfaceManager: [PhoneIntfMgr] isDataEnabled: subId=1 phoneId=0
07-25 06:18:23.013   614   970 D PhoneInterfaceManager: [PhoneIntfMgr] isDataEnabled: subId=1 retVal=true
07-25 06:18:23.014   909   909 D BoundBrokerSvc: onUnbind: Intent { act=com.google.android.gms.appset.service.START dat=chimera-action: cmp=com.google.android.gms/.chimera.GmsApiService }
07-25 06:18:23.016  4126  4126 I cr_ChildProcessService: Destroying ChildProcessService pid=4126
07-25 06:18:23.018  4126  4126 I ProcessService: System.exit called, status: 0
07-25 06:18:23.018  4126  4126 I AndroidRuntime: VM exiting with result code 0, cleanup skipped.
07-25 06:18:23.029   287   376 W ActivityTaskManager: Force removing ActivityRecord{111e6df u0 com.gof.china/.DDUnityLaunchActivity t4}: app died, no saved state
07-25 06:18:23.032   287   376 I ActivityTaskManager: getPackageFerformanceMode--ComponentInfo{com.android.launcher3/com.android.launcher3.Launcher}----com.android.launcher3
07-25 06:18:23.033  1071  1099 V Space   : sendTracking: resume_activity ({"opType":"resume_activity","resultCode":0,"component":"com.android.launcher3\/.Launcher","package":"com.android.launcher3"})
07-25 06:18:23.035   287   376 I ActivityManager: Killing 4126:com.android.webview:sandboxed_process0:org.chromium.content.app.SandboxedProcessService0/u0a108i1 (adj 0): isolated not needed
07-25 06:18:23.036   287   319 W ActivityManager: setHasOverlayUi called on unknown pid: 3975
07-25 06:18:23.037   909   909 E ActivityThread: Service com.google.android.gms.chimera.GmsApiService has leaked ServiceConnection bcud@98bed6c that was originally bound here
07-25 06:18:23.037   909   909 E ActivityThread: android.app.ServiceConnectionLeaked: Service com.google.android.gms.chimera.GmsApiService has leaked ServiceConnection bcud@98bed6c that was originally bound here
07-25 06:18:23.037   909   909 E ActivityThread:        at android.app.LoadedApk$ServiceDispatcher.<init>(LoadedApk.java:1805)
07-25 06:18:23.037   909   909 E ActivityThread:        at android.app.LoadedApk.getServiceDispatcherCommon(LoadedApk.java:1677)
07-25 06:18:23.037   909   909 E ActivityThread:        at android.app.LoadedApk.getServiceDispatcher(LoadedApk.java:1656)
07-25 06:18:23.037   909   909 E ActivityThread:        at android.app.ContextImpl.bindServiceCommon(ContextImpl.java:1721)
07-25 06:18:23.037   909   909 E ActivityThread:        at android.app.ContextImpl.bindService(ContextImpl.java:1650)
07-25 06:18:23.037   909   909 E ActivityThread:        at android.content.ContextWrapper.bindService(ContextWrapper.java:705)
07-25 06:18:23.037   909   909 E ActivityThread:        at android.content.ContextWrapper.bindService(ContextWrapper.java:705)
07-25 06:18:23.037   909   909 E ActivityThread:        at android.content.ContextWrapper.bindService(ContextWrapper.java:705)
07-25 06:18:23.037   909   909 E ActivityThread:        at bctj.bindService(:com.google.android.gms@242632022@24.26.32 (100400-650348549):10)
07-25 06:18:23.037   909   909 E ActivityThread:        at android.content.ContextWrapper.bindService(ContextWrapper.java:705)
07-25 06:18:23.037   909   909 E ActivityThread:        at android.content.ContextWrapper.bindService(ContextWrapper.java:705)
07-25 06:18:23.037   909   909 E ActivityThread:        at android.content.ContextWrapper.bindService(ContextWrapper.java:705)
07-25 06:18:23.037   909   909 E ActivityThread:        at android.content.ContextWrapper.bindService(ContextWrapper.java:705)
07-25 06:18:23.037   909   909 E ActivityThread:        at aowq.i(:com.google.android.gms@242632022@24.26.32 (100400-650348549):17)
07-25 06:18:23.037   909   909 E ActivityThread:        at aowq.f(:com.google.android.gms@242632022@24.26.32 (100400-650348549):97)
07-25 06:18:23.037   909   909 E ActivityThread:        at aowq.e(:com.google.android.gms@242632022@24.26.32 (100400-650348549):8)
07-25 06:18:23.037   909   909 E ActivityThread:        at tuw.a(:com.google.android.gms@242632022@24.26.32 (100400-650348549):48)
07-25 06:18:23.037   909   909 E ActivityThread:        at hkw.a(:com.google.android.gms@242632022@24.26.32 (100400-650348549):19)
07-25 06:18:23.037   909   909 E ActivityThread:        at tvb.<init>(:com.google.android.gms@242632022@24.26.32 (100400-650348549):11)
07-25 06:18:23.037   909   909 E ActivityThread:        at twa.call(:com.google.android.gms@242632022@24.26.32 (100400-650348549):18)
07-25 06:18:23.037   909   909 E ActivityThread:        at java.util.concurrent.FutureTask.run(FutureTask.java:266)
07-25 06:18:23.037   909   909 E ActivityThread:        at aozu.c(:com.google.android.gms@242632022@24.26.32 (100400-650348549):50)
07-25 06:18:23.037   909   909 E ActivityThread:        at aozu.run(:com.google.android.gms@242632022@24.26.32 (100400-650348549):76)
07-25 06:18:23.037   909   909 E ActivityThread:        at java.util.concurrent.ThreadPoolExecutor.runWorker(ThreadPoolExecutor.java:1167)
07-25 06:18:23.037   909   909 E ActivityThread:        at java.util.concurrent.ThreadPoolExecutor$Worker.run(ThreadPoolExecutor.java:641)
07-25 06:18:23.037   909   909 E ActivityThread:        at apff.run(:com.google.android.gms@242632022@24.26.32 (100400-650348549):8)
07-25 06:18:23.037   909   909 E ActivityThread:        at java.lang.Thread.run(Thread.java:919)
07-25 06:18:23.041   595   595 I Launcher3: Launcher onStart.
07-25 06:18:23.042   595   595 I Launcher3: Launcher onResume.
07-25 06:18:23.046   287   327 I libprocessgroup: Successfully killed process cgroup uid 10108 pid 3975 in 44ms
07-25 06:18:23.046   287   327 I libprocessgroup: Successfully killed process cgroup uid 99001 pid 4126 in 0ms
07-25 06:18:23.047   572   572 I Zygote  : Process 4126 exited cleanly (0)
07-25 06:18:23.051   287   330 D KernelCpuUidUserSysTimeReader: Removing uids 90003-90003
07-25 06:18:23.051   287   330 D BatteryStatsImpl: Got readings for an isolated uid with no mapping: 90003
07-25 06:18:23.051   287   330 D KernelCpuUidUserSysTimeReader: Removing uids 90001-90001
07-25 06:18:23.051   287   330 D BatteryStatsImpl: Got readings for an isolated uid with no mapping: 90001
07-25 06:18:23.052   287   330 W KernelCpuProcStringReader: File not found. It's normal if not implemented: /proc/uid_time_in_state
07-25 06:18:23.052   287   330 W KernelCpuProcStringReader: File not found. It's normal if not implemented: /proc/uid_concurrent_active_time
07-25 06:18:23.052   287   330 W KernelCpuProcStringReader: File not found. It's normal if not implemented: /proc/uid_concurrent_policy_time
07-25 06:18:23.054   287   388 W InputDispatcher: Asynchronous input event injection failed.
07-25 06:18:23.060    94   132 D gralloc3: got new private_handle_t instance @0x7d87234280 for buffer 'Unnamed'. share_fd : 7, share_attr_fd : 8, flags : 0x0, width : 720, height : 1280, req_format : 0x1, producer_usage : 0x40000000000b00, consumer_usage : 0x40000000000b00, , stride : 0, alloc_format : 0x100000001, size : 3744768, layer_count : 1, backing_store_size : 3744768, backing_store_id : 403726925886, allocating_pid : 94, ref_count : 1, yuv_info : 0
07-25 06:18:23.060    94   132 D gralloc3: plane_info[0]: offset : 0, byte_stride : 2880, alloc_width : 720, alloc_height : 1280
07-25 06:18:23.060    94   132 D gralloc3: plane_info[1]: offset : 0, byte_stride : 0, alloc_width : 0, alloc_height : 0
07-25 06:18:23.060    94   132 D gralloc3: got new private_handle_t instance @0x7d87234280 for buffer 'Unnamed'. share_fd : 7, share_attr_fd : 8, flags : 0x0, width : 720, height : 1280, req_format : 0x1, producer_usage : 0x40000000000b00, consumer_usage : 0x40000000000b00, , stride : 0, alloc_format : 0x100000001, size : 3744768, layer_count : 1, backing_store_size : 3744768, backing_store_id : 403726925887, allocating_pid : 94, ref_count : 1, yuv_info : 0
07-25 06:18:23.060    94   132 D gralloc3: plane_info[0]: offset : 0, byte_stride : 2880, alloc_width : 720, alloc_height : 1280
07-25 06:18:23.060    94   132 D gralloc3: plane_info[1]: offset : 0, byte_stride : 0, alloc_width : 0, alloc_height : 0
07-25 06:18:23.061    94   132 D gralloc3: got new private_handle_t instance @0x7d87234280 for buffer 'Unnamed'. share_fd : 7, share_attr_fd : 8, flags : 0x0, width : 720, height : 1280, req_format : 0x1, producer_usage : 0x40000000000b00, consumer_usage : 0x40000000000b00, , stride : 0, alloc_format : 0x100000001, size : 3744768, layer_count : 1, backing_store_size : 3744768, backing_store_id : 403726925888, allocating_pid : 94, ref_count : 1, yuv_info : 0
07-25 06:18:23.061    94   132 D gralloc3: plane_info[0]: offset : 0, byte_stride : 2880, alloc_width : 720, alloc_height : 1280
07-25 06:18:23.061    94   132 D gralloc3: plane_info[1]: offset : 0, byte_stride : 0, alloc_width : 0, alloc_height : 0
07-25 06:18:23.065   435   435 D ImageWallpaper: wallpaper visibility changes to: true
07-25 06:18:23.074    95   218 E drm_hwc2_gralloc: hwc_get_handle_name:cann't get value from gralloc
07-25 06:18:23.074    95   218 I chatty  : uid=1000(system) HwBinder:95_2 identical 2 lines
07-25 06:18:23.074    95   218 E drm_hwc2_gralloc: hwc_get_handle_name:cann't get value from gralloc
07-25 06:18:23.075   736   736 I GoogleInputMethodService: GoogleInputMethodService.onFinishInput():3126 
07-25 06:18:23.076   736   736 I GoogleInputMethodService: GoogleInputMethodService.updateDeviceLockedStatus():2216 repeatCheckTimes = 0, locked = false
07-25 06:18:23.077   736   736 I GoogleInputMethodService: GoogleInputMethodService.onStartInput():1954 onStartInput(EditorInfo{EditorInfo{packageName=com.android.launcher3, inputType=0, inputTypeString=NULL, enableLearning=false, autoCorrection=false, autoComplete=false, imeOptions=0, privateImeOptions=null, actionName=UNSPECIFIED, actionLabel=null, initialSelStart=-1, initialSelEnd=-1, initialCapsMode=0, label=null, fieldId=-1, fieldName=null, extras=null, hintText=null, hintLocales=[]}}, false)
07-25 06:18:23.078   736   736 I GoogleInputMethodService: GoogleInputMethodService.updateDeviceLockedStatus():2216 repeatCheckTimes = 1, locked = false
07-25 06:18:23.079   736   736 I AndroidIME: InputBundleManager.loadActiveInputBundleId():450 loadActiveInputBundleId: und-Latn-x-password, password
07-25 06:18:23.091    95   218 E drm_hwc2_gralloc: hwc_get_handle_name:cann't get value from gralloc
07-25 06:18:23.107    95   218 I chatty  : uid=1000(system) HwBinder:95_2 identical 2 lines
07-25 06:18:23.107    95   218 E drm_hwc2_gralloc: hwc_get_handle_name:cann't get value from gralloc
07-25 06:18:23.175   168  2706 I rc_model_v2: fps chg from 59 -> 39
07-25 06:18:23.225   168  2705 I vpu_api_legacy: setup encoder rate control config:
07-25 06:18:23.225   168  2705 I vpu_api_legacy: width  608 height 1080 format 10:1000d
07-25 06:18:23.225   168  2705 I vpu_api_legacy: rc_mode CBR qp 26 bps 4000000
07-25 06:18:23.225   168  2705 I vpu_api_legacy: fps in 60 fps out 60 gop 599
07-25 06:18:23.225   168  2705 I vpu_api_legacy: setup encoder stream feature config:
07-25 06:18:23.225   168  2705 I vpu_api_legacy: profile 66 level 31 cabac 0
07-25 06:18:23.226   168  2706 I mpp_enc : mpp_enc_proc_cfg cmd 0x320001
07-25 06:18:23.226   168  2706 I mpp_enc : mpp_enc_proc_rc_cfg change 170025
07-25 06:18:23.226   168  2706 I mpp_enc : mpp_enc_proc_rc_cfg MPP_ENC_RC_CFG_CHANGE_FPS_IN
07-25 06:18:23.226   168  2706 I mpp_enc : MPP_ENC_SET_RC_CFG bps 4000000 [3750000 : 4250000] fps [60:60] gop 599
07-25 06:18:23.226   168  2706 I mpp_enc : send header for set cfg change rc_mode/fps/gop
07-25 06:18:23.226   168  2705 I vpu_api_legacy: vpu_api_set_enc_cfg out
07-25 06:18:23.226   168  2705 I omx_vmpp: setupEncCfg
07-25 06:18:23.226   168  2705 I omx_vmpp: setupFrameRate: framerate 60.00 
07-25 06:18:23.226   168  2705 I omx_vmpp: setupQp: qpInit 26 i 10-51 p 10-49
07-25 06:18:23.226   168  2705 E mpp_cfg : mpp_enc_cfg_set_s32: cfg rc:qp_max_step is invalid
07-25 06:18:23.226   168  2705 E mpp_cfg : mpp_enc_cfg_set_s32: cfg rc:cb_qp_offset is invalid
07-25 06:18:23.226   168  2705 E mpp_cfg : mpp_enc_cfg_set_s32: cfg rc:cr_qp_offset is invalid
07-25 06:18:23.226   168  2706 I mpp_enc : set_rc_cfg rc->stats_time 0
07-25 06:18:23.226   168  2706 I mpp_enc : mode cbr bps [3750000:4000000:4250000] fps flex [60/1] -> flex [60/1] gop i [599] v [0]
07-25 06:18:23.226   168  2706 I mpp_enc : mpp_enc_proc_cfg cmd 0x320001
07-25 06:18:23.226   168  2706 I mpp_enc : mpp_enc_proc_rc_cfg change 170045
07-25 06:18:23.226   168  2706 I mpp_enc : mpp_enc_proc_rc_cfg MPP_ENC_RC_CFG_CHANGE_FPS_OUT
07-25 06:18:23.226   168  2706 I mpp_enc : MPP_ENC_SET_RC_CFG bps 4000000 [250000 : 4250000] fps [60:60] gop 599
07-25 06:18:23.226   168  2706 I mpp_enc : send header for set cfg change rc_mode/fps/gop
07-25 06:18:23.226   168  2706 I mpp_enc : set_rc_cfg rc->stats_time 0
07-25 06:18:23.226   168  2706 I mpp_enc : mode vbr bps [250000:4000000:4250000] fps flex [60/1] -> flex [60/1] gop i [599] v [0]
07-25 06:18:23.226   168  2706 I mpp_enc : xxxxmpp_packet_append
07-25 06:18:23.549   168  2706 I rc_model_v2: fps chg from 60 -> 21
07-25 06:18:23.849   168  2706 I rc_model_v2: fps chg from 21 -> 10
07-25 06:18:24.616   100   123 E JWSensorsHal: connect to /data/misc/sensor/sensor_ctrl error:2 No such file or directory
07-25 06:18:24.751    89   193 E JWAudioHAL: connect to /data/misc/audioserver/audio_out error:2 No such file or directory
^C
130|de72dfcb07da:/ # 