07-25 06:18:04.150  3975  4082 D Unity   : box GL_EXT_geometry_shader GL_OES_geometry_shader GL_ANDROID_extension_pack_es31a GL_EXT_gpu_shader5 GL_OES_gpu_shader5 GL_EXT_texture_buffer GL_OES_texture_buffer GL_EXT_copy_image GL_OES_copy_image GL_EXT_shader_non_constant_global_initializers GL_EXT_color_buffer_half_float GL_EXT_unpack_subimage GL_EXT_color_buffer_float GL_EXT_float_blend GL_EXT_YUV_target GL_OVR_multiview GL_OVR_multiview2 GL_OVR_multiview_multisampled_render_to_texture GL_KHR_robustness GL_KHR_robust_buffer_access_behavior GL_EXT_draw_elements_base_vertex GL_OES_draw_elements_base_vertex GL_EXT_protected_textures GL_EXT_buffer_storage GL_EXT_external_buffer GL_EXT_EGL_image_array GL_EXT_texture_filter_anisotropic GL_OES_texture_float_linear GL_ARM_texture_unnormalized_coordinates GL_EXT_shader_framebuffer_fetch GL_EXT_clip_control
07-25 06:18:04.245   100   129 V JWSensorsHal: sending type:0xfff20000 to /data/misc/sensor/sensor_ctrl
07-25 06:18:04.245   287  1055 E SensorService: Error activating sensor 0 (Operation not permitted)
07-25 06:18:04.248  3975  4082 V MediaRouter: Selecting route: RouteInfo{ name=Phone, description=null, status=null, category=RouteCategory{ name=System types=ROUTE_TYPE_LIVE_AUDIO ROUTE_TYPE_LIVE_VIDEO  groupable=false }, supportedTypes=ROUTE_TYPE_LIVE_AUDIO ROUTE_TYPE_LIVE_VIDEO , presentationDisplay=Display id 1: DisplayInfo{"HDMI Screen, displayId 1", uniqueId "local:1", app 1024 x 768, real 1024 x 768, largest app 1024 x 1024, smallest app 768 x 768, mode 2, defaultMode 2, modes [{id=2, width=1024, height=768, fps=60.000004}], colorMode 0, supportedColorModes [0], hdrCapabilities android.view.Display$HdrCapabilities@40f16308, rotation 0, density 227 (227.0 x 227.0) dpi, layerStack 1, appVsyncOff 1000000, presDeadline 16666666, type HDMI, address {port=1}, state ON, FLAG_SECURE, FLAG_SUPPORTS_PROTECTED_BUFFERS, FLAG_PRESENTATION, removeMode 0}, DisplayMetrics{density=1.41875, width=1024, height=768, scaledDensity=1.41875, xdpi=227.0, ydpi=227.0}, isValid=true }
07-25 06:18:04.301   287   402 D ConnectivityService: releasing NetworkRequest [ TRACK_DEFAULT id=44, [ Capabilities: INTERNET&NOT_RESTRICTED&TRUSTED Uid: 10108] ] (release request)
07-25 06:18:04.302   435   435 V KeyguardUpdateMonitor: onSubscriptionInfoChanged()
07-25 06:18:04.303   435   435 V KeyguardUpdateMonitor: SubInfo:{id=1, iccId=890124019[****] simSlotIndex=0 carrierId=1 displayName=T-Mobile carrierName=T-Mobile nameSource=0 iconTint=-16746133 mNumber=[****] dataRoaming=0 iconBitmap=android.graphics.Bitmap@817312c mcc 310 mnc 260mCountryIso=us isEmbedded false nativeAccessRules null cardString=890124019[****] cardId=-1 isOpportunistic false mGroupUUID=null mIsGroupDisabled=false profileClass=-1 ehplmns = null hplmns = null subscriptionType=0 mGroupOwner=null carrierConfigAccessRules=null}
07-25 06:18:04.303   614   970 D PhoneInterfaceManager: [PhoneIntfMgr] isDataEnabled: subId=1 phoneId=0
07-25 06:18:04.303   614   970 D PhoneInterfaceManager: [PhoneIntfMgr] isDataEnabled: subId=1 retVal=true
07-25 06:18:04.317  3975  4082 E Unity   : [CRIWARE] Error:E2022062722:Cannot set sampling rate exceeds max value.
07-25 06:18:04.317  3975  4082 E Unity   : CriWare.CriWareErrorHandler:HandleMessage(String)
07-25 06:18:04.317  3975  4082 E Unity   :  
07-25 06:18:04.317  3975  4082 E Unity   : (Filename: ./Runtime/Export/Debug.bindings.h Line: 45)
07-25 06:18:04.317  3975  4082 E Unity   : 
07-25 06:18:04.317  3975  4306 D         : PlayerBase::PlayerBase()
07-25 06:18:04.317  3975  4306 D         : TrackPlayerBase::TrackPlayerBase()
07-25 06:18:04.317  3975  4306 I libOpenSLES: Emulating old channel mask behavior (ignoring positional mask 0x3, using default mask 0x3 based on channel count of 2)
07-25 06:18:04.318   105  1159 W AudioFlinger: createTrack_l(): mismatch between requested flags (00000104) and output flags (00000002)
07-25 06:18:04.319   105  1159 D AudioFlinger: Client defaulted notificationFrames to 882 for frameCount 4104
07-25 06:18:04.319   105  1159 D AF::TrackHandle: OpPlayAudio: track:58 usage:1 not muted
07-25 06:18:04.320  3975  4306 W AudioTrack: createTrack_l(-889327465): AUDIO_OUTPUT_FLAG_FAST denied by server; frameCount 0 -> 4104
07-25 06:18:04.321  3975  4306 D         : PlayerBase::PlayerBase()
07-25 06:18:04.321  3975  4306 D         : TrackPlayerBase::TrackPlayerBase()
07-25 06:18:04.321  3975  4306 I libOpenSLES: Emulating old channel mask behavior (ignoring positional mask 0x3, using default mask 0x3 based on channel count of 2)
07-25 06:18:04.321  3975  3975 V MediaRouter: Selecting route: RouteInfo{ name=Phone, description=null, status=null, category=RouteCategory{ name=System types=ROUTE_TYPE_LIVE_AUDIO ROUTE_TYPE_LIVE_VIDEO  groupable=false }, supportedTypes=ROUTE_TYPE_LIVE_AUDIO ROUTE_TYPE_LIVE_VIDEO , presentationDisplay=Display id 1: DisplayInfo{"HDMI Screen, displayId 1", uniqueId "local:1", app 1024 x 768, real 1024 x 768, largest app 1024 x 1024, smallest app 768 x 768, mode 2, defaultMode 2, modes [{id=2, width=1024, height=768, fps=60.000004}], colorMode 0, supportedColorModes [0], hdrCapabilities android.view.Display$HdrCapabilities@40f16308, rotation 0, density 227 (227.0 x 227.0) dpi, layerStack 1, appVsyncOff 1000000, presDeadline 16666666, type HDMI, address {port=1}, state ON, FLAG_SECURE, FLAG_SUPPORTS_PROTECTED_BUFFERS, FLAG_PRESENTATION, removeMode 0}, DisplayMetrics{density=1.41875, width=1024, height=768, scaledDensity=1.41875, xdpi=227.0, ydpi=227.0}, isValid=true }
07-25 06:18:04.321   105  1159 W AudioFlinger: createTrack_l(): mismatch between requested flags (00000104) and output flags (00000002)
07-25 06:18:04.322   105  1159 D AudioFlinger: Client defaulted notificationFrames to 882 for frameCount 4104
07-25 06:18:04.322   105  1159 D AF::TrackHandle: OpPlayAudio: track:59 usage:1 not muted
07-25 06:18:04.323  3975  4306 W AudioTrack: createTrack_l(1745075016): AUDIO_OUTPUT_FLAG_FAST denied by server; frameCount 0 -> 4104
07-25 06:18:04.324  3975  3975 V MediaRouter: Selecting route: RouteInfo{ name=Phone, description=null, status=null, category=RouteCategory{ name=System types=ROUTE_TYPE_LIVE_AUDIO ROUTE_TYPE_LIVE_VIDEO  groupable=false }, supportedTypes=ROUTE_TYPE_LIVE_AUDIO ROUTE_TYPE_LIVE_VIDEO , presentationDisplay=Display id 1: DisplayInfo{"HDMI Screen, displayId 1", uniqueId "local:1", app 1024 x 768, real 1024 x 768, largest app 1024 x 1024, smallest app 768 x 768, mode 2, defaultMode 2, modes [{id=2, width=1024, height=768, fps=60.000004}], colorMode 0, supportedColorModes [0], hdrCapabilities android.view.Display$HdrCapabilities@40f16308, rotation 0, density 227 (227.0 x 227.0) dpi, layerStack 1, appVsyncOff 1000000, presDeadline 16666666, type HDMI, address {port=1}, state ON, FLAG_SECURE, FLAG_SUPPORTS_PROTECTED_BUFFERS, FLAG_PRESENTATION, removeMode 0}, DisplayMetrics{density=1.41875, width=1024, height=768, scaledDensity=1.41875, xdpi=227.0, ydpi=227.0}, isValid=true }
07-25 06:18:04.345  3975  4082 I Unity   : ---------------MarkFilePath---------------
07-25 06:18:04.345  3975  4082 I Unity   : CenturyGame.GameFramework.ConfigData:Init()
07-25 06:18:04.345  3975  4082 I Unity   : CenturyGame.GameFramework.ConfigData:get_Instance()
07-25 06:18:04.345  3975  4082 I Unity   : GameConfig:Init(GameData)
07-25 06:18:04.345  3975  4082 I Unity   : CenturyGame.GameFramework.GameMain:Start()
07-25 06:18:04.345  3975  4082 I Unity   :  
07-25 06:18:04.345  3975  4082 I Unity   : (Filename: ./Runtime/Export/Debug.bindings.h Line: 45)
07-25 06:18:04.345  3975  4082 I Unity   : 
07-25 06:18:04.347  3975  4082 I Unity   : jar:file:///data/app/com.gof.china-A9FhHaRsaGzEYXfPQfCr3Q==/base.apk!/assets/e0f9b20c9030892aa874ad78a90c0d45
07-25 06:18:04.347  3975  4082 I Unity   : CenturyGame.GameFramework.ConfigData:Init()
07-25 06:18:04.347  3975  4082 I Unity   : CenturyGame.GameFramework.ConfigData:get_Instance()
07-25 06:18:04.347  3975  4082 I Unity   : GameConfig:Init(GameData)
07-25 06:18:04.347  3975  4082 I Unity   : CenturyGame.GameFramework.GameMain:Start()
07-25 06:18:04.347  3975  4082 I Unity   :  
07-25 06:18:04.347  3975  4082 I Unity   : (Filename: ./Runtime/Export/Debug.bindings.h Line: 45)
07-25 06:18:04.347  3975  4082 I Unity   : 
07-25 06:18:04.349  3975  4082 I Unity   : Whiteout Survival cn
07-25 06:18:04.349  3975  4082 I Unity   : CenturyGame.GameFramework.ConfigData:Init()
07-25 06:18:04.349  3975  4082 I Unity   : CenturyGame.GameFramework.ConfigData:get_Instance()
07-25 06:18:04.349  3975  4082 I Unity   : GameConfig:Init(GameData)
07-25 06:18:04.349  3975  4082 I Unity   : CenturyGame.GameFramework.GameMain:Start()
07-25 06:18:04.349  3975  4082 I Unity   :  
07-25 06:18:04.349  3975  4082 I Unity   : (Filename: ./Runtime/Export/Debug.bindings.h Line: 45)
07-25 06:18:04.349  3975  4082 I Unity   : 
07-25 06:18:04.351  3975  4082 I Unity   : 1.2.6
07-25 06:18:04.351  3975  4082 I Unity   : CenturyGame.GameFramework.ConfigData:Init()
07-25 06:18:04.351  3975  4082 I Unity   : CenturyGame.GameFramework.ConfigData:get_Instance()
07-25 06:18:04.351  3975  4082 I Unity   : GameConfig:Init(GameData)
07-25 06:18:04.351  3975  4082 I Unity   : CenturyGame.GameFramework.GameMain:Start()
07-25 06:18:04.351  3975  4082 I Unity   :  
07-25 06:18:04.351  3975  4082 I Unity   : (Filename: ./Runtime/Export/Debug.bindings.h Line: 45)
07-25 06:18:04.351  3975  4082 I Unity   : 
07-25 06:18:04.353  3975  4082 I Unity   : 17
07-25 06:18:04.353  3975  4082 I Unity   : CenturyGame.GameFramework.ConfigData:Init()
07-25 06:18:04.353  3975  4082 I Unity   : CenturyGame.GameFramework.ConfigData:get_Instance()
07-25 06:18:04.353  3975  4082 I Unity   : GameConfig:Init(GameData)
07-25 06:18:04.353  3975  4082 I Unity   : CenturyGame.GameFramework.GameMain:Start()
07-25 06:18:04.353  3975  4082 I Unity   :  
07-25 06:18:04.353  3975  4082 I Unity   : (Filename: ./Runtime/Export/Debug.bindings.h Line: 45)
07-25 06:18:04.353  3975  4082 I Unity   : 
07-25 06:18:04.355  3975  4082 I Unity   : ---------------MarkFilePath---------------
07-25 06:18:04.355  3975  4082 I Unity   : CenturyGame.GameFramework.ConfigData:Init()
07-25 06:18:04.355  3975  4082 I Unity   : CenturyGame.GameFramework.ConfigData:get_Instance()
07-25 06:18:04.355  3975  4082 I Unity   : GameConfig:Init(GameData)
07-25 06:18:04.355  3975  4082 I Unity   : CenturyGame.GameFramework.GameMain:Start()
07-25 06:18:04.355  3975  4082 I Unity   :  
07-25 06:18:04.355  3975  4082 I Unity   : (Filename: ./Runtime/Export/Debug.bindings.h Line: 45)
07-25 06:18:04.355  3975  4082 I Unity   : 
07-25 06:18:04.614   100   123 E JWSensorsHal: connect to /data/misc/sensor/sensor_ctrl error:2 No such file or directory
07-25 06:18:04.750    89   193 E JWAudioHAL: connect to /data/misc/audioserver/audio_out error:2 No such file or directory
07-25 06:18:04.787   287  1033 E TaskPersister: File error accessing recents directory (directory doesn't exist?).
07-25 06:18:04.828    94   132 D gralloc3: got new private_handle_t instance @0x7d87234280 for buffer 'Unnamed'. share_fd : 7, share_attr_fd : 8, flags : 0x0, width : 720, height : 1280, req_format : 0x1, producer_usage : 0x40000000000b00, consumer_usage : 0x40000000000b00, , stride : 0, alloc_format : 0x100000001, size : 3744768, layer_count : 1, backing_store_size : 3744768, backing_store_id : 403726925879, allocating_pid : 94, ref_count : 1, yuv_info : 0
07-25 06:18:04.828    94   132 D gralloc3: plane_info[0]: offset : 0, byte_stride : 2880, alloc_width : 720, alloc_height : 1280
07-25 06:18:04.828    94   132 D gralloc3: plane_info[1]: offset : 0, byte_stride : 0, alloc_width : 0, alloc_height : 0
07-25 06:18:04.839  3975  4082 I Unity   : [CG] BuglyAgent install. appid = 1ea45351f9
07-25 06:18:04.839  3975  4082 I Unity   : centurygame.CGBugly:intBugly(String)
07-25 06:18:04.839  3975  4082 I Unity   : System.Reflection.MonoMethod:Invoke(Object, BindingFlags, Binder, Object[], CultureInfo)
07-25 06:18:04.839  3975  4082 I Unity   : centurygame.Internal.ReflectionUtils:InvokeMethod(String, String, String, Object, Object[])
07-25 06:18:04.839  3975  4082 I Unity   : centurygame.CGSdk:SetDelegate(IDelegate)
07-25 06:18:04.839  3975  4082 I Unity   : CenturyGame.GameFramework.SDKModule:Init()
07-25 06:18:04.839  3975  4082 I Unity   : CenturyGame.GameFramework.ModuleManager:Init()
07-25 06:18:04.839  3975  4082 I Unity   : CenturyGame.GameFramework.GameMain:<Start>b__8_0()
07-25 06:18:04.839  3975  4082 I Unity   : CenturyGame.GameFramework.LaunchManager:OnLoadSceneCompleted(Scene, LoadSceneMode)
07-25 06:18:04.839  3975  4082 I Unity   :  
07-25 06:18:04.839  3975  4082 I Unity   : (Filename: ./Runtime/Export/Debug.bindings.h Line: 45)
07-25 06:18:04.839  3975  4082 I Unity   : 
07-25 06:18:04.840   168  2706 I rc_model_v2: fps chg from 10 -> 3
07-25 06:18:04.840    95    95 E drm_hwc2_gralloc: hwc_get_handle_name:cann't get value from gralloc
07-25 06:18:04.840    95    95 E drm_hwc2_gralloc: hwc_get_handle_name:cann't get value from gralloc
07-25 06:18:04.842  3975  4082 I Unity   : [CG] BuglyAgent install success.
07-25 06:18:04.842  3975  4082 I Unity   : centurygame.CGBugly:intBugly(String)
07-25 06:18:04.842  3975  4082 I Unity   : System.Reflection.MonoMethod:Invoke(Object, BindingFlags, Binder, Object[], CultureInfo)
07-25 06:18:04.842  3975  4082 I Unity   : centurygame.Internal.ReflectionUtils:InvokeMethod(String, String, String, Object, Object[])
07-25 06:18:04.842  3975  4082 I Unity   : centurygame.CGSdk:SetDelegate(IDelegate)
07-25 06:18:04.842  3975  4082 I Unity   : CenturyGame.GameFramework.SDKModule:Init()
07-25 06:18:04.842  3975  4082 I Unity   : CenturyGame.GameFramework.ModuleManager:Init()
07-25 06:18:04.842  3975  4082 I Unity   : CenturyGame.GameFramework.GameMain:<Start>b__8_0()
07-25 06:18:04.842  3975  4082 I Unity   : CenturyGame.GameFramework.LaunchManager:OnLoadSceneCompleted(Scene, LoadSceneMode)
07-25 06:18:04.842  3975  4082 I Unity   :  
07-25 06:18:04.842  3975  4082 I Unity   : (Filename: ./Runtime/Export/Debug.bindings.h Line: 45)
07-25 06:18:04.842  3975  4082 I Unity   : 
07-25 06:18:04.850  3975  4082 I Unity   : [CGWechatAndroid SetDelegate] callback = centurygame.CGWechat+InternalDelegate
07-25 06:18:04.850  3975  4082 I Unity   : centurygame.Android.CGWechatAndroid:SetDelegate(IDelegate)
07-25 06:18:04.850  3975  4082 I Unity   : centurygame.<>c:<.cctor>b__29_0()
07-25 06:18:04.850  3975  4082 I Unity   : System.Lazy`1:CreateValue()
07-25 06:18:04.850  3975  4082 I Unity   : System.Lazy`1:LazyInitValue()
07-25 06:18:04.850  3975  4082 I Unity   : CenturyGame.GameFramework.SDKModule:Init()
07-25 06:18:04.850  3975  4082 I Unity   : CenturyGame.GameFramework.ModuleManager:Init()
07-25 06:18:04.850  3975  4082 I Unity   : CenturyGame.GameFramework.GameMain:<Start>b__8_0()
07-25 06:18:04.850  3975  4082 I Unity   : CenturyGame.GameFramework.LaunchManager:OnLoadSceneCompleted(Scene, LoadSceneMode)
07-25 06:18:04.850  3975  4082 I Unity   :  
07-25 06:18:04.850  3975  4082 I Unity   : (Filename: ./Runtime/Export/Debug.bindings.h Line: 45)
07-25 06:18:04.850  3975  4082 I Unity   : 
07-25 06:18:04.853  3975  4082 D DeviceUtils: ANDROID_ID get from SP:ceb48b4e6dd12b28
07-25 06:18:04.854  3975  4082 E suiyi digest:: PǙK���|�����
07-25 06:18:04.855  3975  4082 E suiyi digest:: PǙK���|�����
07-25 06:18:04.855  3975  4082 E 🍺[centuryGame]🍺-CGSdk: gameType:online
07-25 06:18:04.857  3975  4082 D CGSdk   : netWorkChange isOffLineMode()falseSystemUtil.isNetWorkAvailable in：true
07-25 06:18:04.857  3975  4082 D CGSdk   : netWorkChange out
07-25 06:18:04.860  3975  4082 W System.err: java.lang.ClassNotFoundException: com.centurygame.sdk.advertising.CGAdvertising
07-25 06:18:04.860  3975  4082 W System.err:    at java.lang.Class.classForName(Native Method)
07-25 06:18:04.860  3975  4082 W System.err:    at java.lang.Class.forName(Class.java:454)
07-25 06:18:04.861  3975  4082 W System.err:    at java.lang.Class.forName(Class.java:379)
07-25 06:18:04.861  3975  4082 W System.err:    at com.centurygame.sdk.utils.ReflectionUtils.invokeStaticMethod(ReflectionUtils.java:139)
07-25 06:18:04.861  3975  4082 W System.err:    at com.centurygame.sdk.CGDataControl.getModuleByName(CGDataControl.java:231)
07-25 06:18:04.861  3975  4082 W System.err:    at com.centurygame.sdk.CGSdk.b(Unknown Source:387)
07-25 06:18:04.861  3975  4082 W System.err:    at com.centurygame.sdk.CGSdk.a(Unknown Source:0)
07-25 06:18:04.861  3975  4082 W System.err:    at com.centurygame.sdk.CGSdk$c.onSuccess(Unknown Source:3)
07-25 06:18:04.861  3975  4082 W System.err:    at com.centurygame.sdk.utils.ConfigUtils.loadConfig(Unknown Source:78)
07-25 06:18:04.861  3975  4082 W System.err:    at com.centurygame.sdk.CGSdk.a(Unknown Source:183)
07-25 06:18:04.861  3975  4082 W System.err:    at com.centurygame.sdk.CGSdk.install(Unknown Source:293)
07-25 06:18:04.861  3975  4082 W System.err:    at com.centurygame.sdk.unity3d.core.CGSdkWrapper.install(Unknown Source:42)
07-25 06:18:04.861  3975  4082 W System.err:    at com.unity3d.player.UnityPlayer.nativeRender(Native Method)
07-25 06:18:04.861  3975  4082 W System.err:    at com.unity3d.player.UnityPlayer.c(Unknown Source:0)
07-25 06:18:04.861  3975  4082 W System.err:    at com.unity3d.player.UnityPlayer$e$1.handleMessage(Unknown Source:95)
07-25 06:18:04.861  3975  4082 W System.err:    at android.os.Handler.dispatchMessage(Handler.java:103)
07-25 06:18:04.861  3975  4082 W System.err:    at android.os.Looper.loop(Looper.java:214)
07-25 06:18:04.861  3975  4082 W System.err:    at com.unity3d.player.UnityPlayer$e.run(Unknown Source:20)
07-25 06:18:04.861  3975  4082 W System.err: Caused by: java.lang.ClassNotFoundException: com.centurygame.sdk.advertising.CGAdvertising
07-25 06:18:04.861  3975  4082 W System.err:    ... 18 more
07-25 06:18:04.862  3975  3975 D MicroMsg.PaySdk.WXFactory: createWXAPI, appId = null, checkSignature = true
07-25 06:18:04.862  3975  3975 D MicroMsg.PaySdk.WXFactory: createWXAPI, appId = null, checkSignature = true, launchMode = 2
07-25 06:18:04.862  3975  3975 D MicroMsg.SDK.WXApiImplV10: <init>, appId = null, checkSignature = true, launchMode = 2
07-25 06:18:04.863  3975  3975 E MicroMsg.SDK.WXApiImplV10: register app failed for wechat app signature check failed
07-25 06:18:04.866  3975  4082 D LibStringUtil: isMoreDigitVersion length:3
07-25 06:18:04.866  3975  4082 D LibStringUtil: isMoreDigitVersion:^\d+\.\d+\.\d+$
07-25 06:18:04.866  3975  4082 D LibStringUtil: isMoreDigitVersion test:^\d+\.\d+\.\d+$
07-25 06:18:04.868  3975  3975 D MicroMsg.PaySdk.WXFactory: createWXAPI, appId = null, checkSignature = true
07-25 06:18:04.868  3975  3975 D MicroMsg.PaySdk.WXFactory: createWXAPI, appId = null, checkSignature = true, launchMode = 2
07-25 06:18:04.868  3975  3975 D MicroMsg.SDK.WXApiImplV10: <init>, appId = null, checkSignature = true, launchMode = 2
07-25 06:18:04.868  3975  3975 E MicroMsg.SDK.WXApiImplV10: register app failed for wechat app signature check failed
07-25 06:18:04.868  3975  3975 E MicroMsg.SDK.WXApiImplV10: open wx app failed, not installed or signature check failed
07-25 06:18:04.869  3975  3975 E 🍺[centuryGame]🍺-CGRum: Rum DomainConnectivityCheck error:{"errorCode":1226,"extra":"ModuleName：rum Already exists"}
07-25 06:18:04.874  3975  3975 I TPush   : [XGPushManager] CreateNotificationChannel channelId: cg_notification_ch_id success
07-25 06:18:04.876  3975  3975 I TPush   : [XGPushManager] enableService=1
07-25 06:18:04.878    83  4349 E ResolverController: No valid NAT64 prefix (100, <unspecified>/0)
07-25 06:18:04.881  3975  3994 E Parcel  : Reading a NULL string not supported here.
07-25 06:18:04.882  3975  3994 E Parcel  : Reading a NULL string not supported here.
07-25 06:18:04.885  3975  3975 W System.err: java.lang.ClassNotFoundException: com.centurygame.sdk.marketing.tencent.CGTencentHelper
07-25 06:18:04.885  3975  3975 W System.err:    at java.lang.Class.classForName(Native Method)
07-25 06:18:04.885  3975  3975 W System.err:    at java.lang.Class.forName(Class.java:454)
07-25 06:18:04.885  3975  3975 W System.err:    at java.lang.Class.forName(Class.java:379)
07-25 06:18:04.885  3975  3975 W System.err:    at com.centurygame.sdk.utils.ReflectionUtils.invokeStaticMethod(ReflectionUtils.java:139)
07-25 06:18:04.885  3975  3975 W System.err:    at com.centurygame.sdk.marketing.CGMarketing.getHelper(CGMarketing.java:96)
07-25 06:18:04.885  3975  3975 W System.err:    at com.centurygame.sdk.marketing.CGMarketing.initialize(CGMarketing.java:65)
07-25 06:18:04.885  3975  3975 W System.err:    at com.centurygame.sdk.CGSdk$d.run(Unknown Source:4)
07-25 06:18:04.885  3975  3975 W System.err:    at android.os.Handler.handleCallback(Handler.java:883)
07-25 06:18:04.885  3975  3975 W System.err:    at android.os.Handler.dispatchMessage(Handler.java:100)
07-25 06:18:04.885  3975  3975 W System.err:    at android.os.Looper.loop(Looper.java:214)
07-25 06:18:04.885  3975  3975 W System.err:    at android.app.ActivityThread.main(ActivityThread.java:7438)
07-25 06:18:04.886  3975  3975 W System.err:    at java.lang.reflect.Method.invoke(Native Method)
07-25 06:18:04.886  3975  3975 W System.err:    at com.android.internal.os.RuntimeInit$MethodAndArgsCaller.run(RuntimeInit.java:492)
07-25 06:18:04.886  3975  3975 W System.err:    at com.android.internal.os.ZygoteInit.main(ZygoteInit.java:930)
07-25 06:18:04.886  3975  3975 W System.err: Caused by: java.lang.ClassNotFoundException: com.centurygame.sdk.marketing.tencent.CGTencentHelper
07-25 06:18:04.886  3975  3975 W System.err:    ... 14 more
07-25 06:18:04.886  3975  3975 W System.err: java.lang.ClassNotFoundException: com.centurygame.sdk.marketing.bytedance.CGBytedanceHelper
07-25 06:18:04.886  3975  3975 W System.err:    at java.lang.Class.classForName(Native Method)
07-25 06:18:04.886  3975  3975 W System.err:    at java.lang.Class.forName(Class.java:454)
07-25 06:18:04.886  3975  3975 W System.err:    at java.lang.Class.forName(Class.java:379)
07-25 06:18:04.886  3975  3975 W System.err:    at com.centurygame.sdk.utils.ReflectionUtils.invokeStaticMethod(ReflectionUtils.java:139)
07-25 06:18:04.886  3975  3975 W System.err:    at com.centurygame.sdk.marketing.CGMarketing.getHelper(CGMarketing.java:96)
07-25 06:18:04.886  3975  3975 W System.err:    at com.centurygame.sdk.marketing.CGMarketing.initialize(CGMarketing.java:65)
07-25 06:18:04.886  3975  3975 W System.err:    at com.centurygame.sdk.CGSdk$d.run(Unknown Source:4)
07-25 06:18:04.886  3975  3975 W System.err:    at android.os.Handler.handleCallback(Handler.java:883)
07-25 06:18:04.886  3975  3975 W System.err:    at android.os.Handler.dispatchMessage(Handler.java:100)
07-25 06:18:04.886  3975  3975 W System.err:    at android.os.Looper.loop(Looper.java:214)
07-25 06:18:04.886  3975  3975 W System.err:    at android.app.ActivityThread.main(ActivityThread.java:7438)
07-25 06:18:04.886  3975  3975 W System.err:    at java.lang.reflect.Method.invoke(Native Method)
07-25 06:18:04.886  3975  3975 W System.err:    at com.android.internal.os.RuntimeInit$MethodAndArgsCaller.run(RuntimeInit.java:492)
07-25 06:18:04.886  3975  3975 W System.err:    at com.android.internal.os.ZygoteInit.main(ZygoteInit.java:930)
07-25 06:18:04.886  3975  3975 W System.err: Caused by: java.lang.ClassNotFoundException: com.centurygame.sdk.marketing.bytedance.CGBytedanceHelper
07-25 06:18:04.886  3975  3975 W System.err:    ... 14 more
07-25 06:18:04.886    83  4351 E ResolverController: No valid NAT64 prefix (100, <unspecified>/0)
07-25 06:18:04.889  3975  3994 E Parcel  : Reading a NULL string not supported here.
07-25 06:18:04.892  3975  3994 I chatty  : uid=10108(com.gof.china) .baseapi.thread identical 3 lines
07-25 06:18:04.893  3975  3994 E Parcel  : Reading a NULL string not supported here.
07-25 06:18:04.895  3975  3975 W Adjust  : PRODUCTION: Adjust is running in Production mode. Use this setting only for the build that you want to publish. Set the environment to `sandbox` if you want to test your app!
07-25 06:18:04.896  3975  3975 W Adjust  : PRODUCTION: Adjust is running in Production mode. Use this setting only for the build that you want to publish. Set the environment to `sandbox` if you want to test your app!
07-25 06:18:04.896  3975  3994 E Parcel  : Reading a NULL string not supported here.
07-25 06:18:04.897  3975  3994 I TPush   : [OtherPushManager] deviceType: rockchip
07-25 06:18:04.898  3975  3994 I TPush   : [XGPushManager] start other push channel register !
07-25 06:18:04.898  3975  3994 I TPush   : [XGPushManager] start other push channel register !
07-25 06:18:04.902  3975  3994 E 🍺[centuryGame]🍺-DDPushManager: get tencent push register success. token：097dbfa179a614bb03a4880c35c91e49c2f8
07-25 06:18:04.904  3975  3994 E 🍺[centuryGame]🍺-CGTpushHelper: sendRegistrationToken start
07-25 06:18:04.904  3975  3994 E 🍺[centuryGame]🍺-CGTpushHelper: sendRegistrationToken push token register fail, not login
07-25 06:18:04.905  3975  3994 I TPush   : [XGPushManager] Action -> Register to TPNS server
07-25 06:18:04.913  3975  3975 E 🍺[centuryGame]🍺-CGBi [BI_FUN_TAG]:  eventName:self_attribution_event
07-25 06:18:04.913  4108  4222 V TPush   : [RegReq] Register(1580019064,0f993f99f2a6d9a586cf17a73896611f,,-1),payload:  channel id-1
07-25 06:18:04.914    83  4365 E ResolverController: No valid NAT64 prefix (100, <unspecified>/0)
07-25 06:18:04.920   909   909 D BoundBrokerSvc: onBind: Intent { act=com.google.android.gms.appset.service.START dat=chimera-action: cmp=com.google.android.gms/.chimera.GmsApiService }
07-25 06:18:04.920   909   909 D BoundBrokerSvc: Loading bound service for intent: Intent { act=com.google.android.gms.appset.service.START dat=chimera-action: cmp=com.google.android.gms/.chimera.GmsApiService }
07-25 06:18:04.926    83  4367 E ResolverController: No valid NAT64 prefix (100, <unspecified>/0)
07-25 06:18:04.941  3975  4374 W ApkUtil : getPackageInfo NameNotFoundException
07-25 06:18:04.941  3975  4374 I chatty  : uid=10108(com.gof.china) identical 1 line
07-25 06:18:04.941  3975  4374 W ApkUtil : getPackageInfo NameNotFoundException
07-25 06:18:04.942  3975  4376 W ApkUtil : getPackageInfo NameNotFoundException
07-25 06:18:04.942  3975  4376 I chatty  : uid=10108(com.gof.china) identical 1 line
07-25 06:18:04.942  3975  4376 W ApkUtil : getPackageInfo NameNotFoundException
07-25 06:18:04.949  3975  3975 D LibStringUtil: isMoreDigitVersion length:3
07-25 06:18:04.949  3975  3975 D LibStringUtil: isMoreDigitVersion:^\d+\.\d+\.\d+$
07-25 06:18:04.949  3975  3975 D LibStringUtil: isMoreDigitVersion test:^\d+\.\d+\.\d+$
07-25 06:18:04.950    83  4380 E ResolverController: No valid NAT64 prefix (100, <unspecified>/0)
07-25 06:18:04.952    83  4381 E ResolverController: No valid NAT64 prefix (100, <unspecified>/0)
07-25 06:18:04.966  4108  4222 D TPush   : [PushServiceBroadcastHandler] >> Register onResponse [accId = 1580019064, token:097dbfa179a614bb03a4880c35c91e49c2f8, otherPushType:0, otherToken: , packName = com.gof.china]
07-25 06:18:04.972  3975  3975 I TPush   : [XGPushManager] Register call back to com.gof.china
07-25 06:18:04.975   287   303 W Binder  : Outgoing transactions from this process must be FLAG_ONEWAY
07-25 06:18:04.975   287   303 W Binder  : java.lang.Throwable
07-25 06:18:04.975   287   303 W Binder  :      at android.os.BinderProxy.transact(BinderProxy.java:481)
07-25 06:18:04.975   287   303 W Binder  :      at android.content.ContentProviderProxy.getType(ContentProviderNative.java:456)
07-25 06:18:04.975   287   303 W Binder  :      at com.android.server.am.ActivityManagerService.getProviderMimeType(ActivityManagerService.java:7784)
07-25 06:18:04.975   287   303 W Binder  :      at android.app.IActivityManager$Stub.onTransact(IActivityManager.java:3207)
07-25 06:18:04.975   287   303 W Binder  :      at com.android.server.am.ActivityManagerService.onTransact(ActivityManagerService.java:2832)
07-25 06:18:04.975   287   303 W Binder  :      at android.os.Binder.execTransactInternal(Binder.java:1021)
07-25 06:18:04.975   287   303 W Binder  :      at android.os.Binder.execTransact(Binder.java:994)
07-25 06:18:04.975  3975  3994 E 🍺[centuryGame]🍺-CGTpushHelper: sendRegistrationToken start
07-25 06:18:04.975  3975  3994 E 🍺[centuryGame]🍺-CGTpushHelper: sendRegistrationToken push token register fail, not login
07-25 06:18:05.039  3975  4082 I Unity   : 06:18:05.35-2: Init lua state cost: 0.01282322
07-25 06:18:05.039  3975  4082 I Unity   : LuaInterface.Debugger:Log(String)
07-25 06:18:05.039  3975  4082 I Unity   : LuaInterface.LuaState:.ctor()
07-25 06:18:05.039  3975  4082 I Unity   : CenturyGame.GameFramework.LuaModule:Init()
07-25 06:18:05.039  3975  4082 I Unity   : CenturyGame.GameFramework.ModuleManager:Init()
07-25 06:18:05.039  3975  4082 I Unity   : CenturyGame.GameFramework.GameMain:<Start>b__8_0()
07-25 06:18:05.039  3975  4082 I Unity   : CenturyGame.GameFramework.LaunchManager:OnLoadSceneCompleted(Scene, LoadSceneMode)
07-25 06:18:05.039  3975  4082 I Unity   :  
07-25 06:18:05.039  3975  4082 I Unity   : (Filename: ./Runtime/Export/Debug.bindings.h Line: 45)
07-25 06:18:05.039  3975  4082 I Unity   : 
07-25 06:18:05.053    83  4382 E ResolverController: No valid NAT64 prefix (100, <unspecified>/0)
07-25 06:18:05.070  3975  4082 I Unity   : 06:18:05.67-2: Register lua type cost time: 0.02631754
07-25 06:18:05.070  3975  4082 I Unity   : LuaInterface.Debugger:Log(String)
07-25 06:18:05.070  3975  4082 I Unity   : LuaBinder:Bind(LuaState)
07-25 06:18:05.070  3975  4082 I Unity   : CenturyGame.GameFramework.LuaModule:Bind()
07-25 06:18:05.070  3975  4082 I Unity   : CenturyGame.GameFramework.LuaModule:Init()
07-25 06:18:05.070  3975  4082 I Unity   : CenturyGame.GameFramework.ModuleManager:Init()
07-25 06:18:05.070  3975  4082 I Unity   : CenturyGame.GameFramework.GameMain:<Start>b__8_0()
07-25 06:18:05.070  3975  4082 I Unity   : CenturyGame.GameFramework.LaunchManager:OnLoadSceneCompleted(Scene, LoadSceneMode)
07-25 06:18:05.070  3975  4082 I Unity   :  
07-25 06:18:05.070  3975  4082 I Unity   : (Filename: ./Runtime/Export/Debug.bindings.h Line: 45)
07-25 06:18:05.070  3975  4082 I Unity   : 
07-25 06:18:05.099  3975  3975 D LibStringUtil: isMoreDigitVersion length:3
07-25 06:18:05.099  3975  3975 D LibStringUtil: isMoreDigitVersion:^\d+\.\d+\.\d+$
07-25 06:18:05.099  3975  3975 D LibStringUtil: isMoreDigitVersion test:^\d+\.\d+\.\d+$
07-25 06:18:05.100  3975  3975 D LibStringUtil: isMoreDigitVersion length:3
07-25 06:18:05.100  3975  3975 D LibStringUtil: isMoreDigitVersion:^\d+\.\d+\.\d+$
07-25 06:18:05.100  3975  3975 D LibStringUtil: isMoreDigitVersion test:^\d+\.\d+\.\d+$
07-25 06:18:05.140   168  2706 I rc_model_v2: fps chg from 3 -> 10
07-25 06:18:05.210   812   812 D BoundBrokerSvc: onUnbind: Intent { act=com.google.android.gms.phenotype.service.START dat=chimera-action: cmp=com.google.android.gms/.chimera.PersistentApiService }
07-25 06:18:05.352  3975  3975 E suiyi digest:: �{�<%�����h�
07-25 06:18:05.571    94   132 D gralloc3: got new private_handle_t instance @0x7d87234280 for buffer 'Unnamed'. share_fd : 7, share_attr_fd : 8, flags : 0x0, width : 720, height : 1280, req_format : 0x1, producer_usage : 0x40000000000b00, consumer_usage : 0x40000000000b00, , stride : 0, alloc_format : 0x100000001, size : 3744768, layer_count : 1, backing_store_size : 3744768, backing_store_id : 403726925880, allocating_pid : 94, ref_count : 1, yuv_info : 0
07-25 06:18:05.571    94   132 D gralloc3: plane_info[0]: offset : 0, byte_stride : 2880, alloc_width : 720, alloc_height : 1280
07-25 06:18:05.571    94   132 D gralloc3: plane_info[1]: offset : 0, byte_stride : 0, alloc_width : 0, alloc_height : 0
07-25 06:18:05.573    94   132 D gralloc3: got new private_handle_t instance @0x7d87234280 for buffer 'Unnamed'. share_fd : 7, share_attr_fd : 8, flags : 0x0, width : 720, height : 1280, req_format : 0x1, producer_usage : 0x933, consumer_usage : 0x933, , stride : 720, alloc_format : 0x1, size : 3686400, layer_count : 1, backing_store_size : 3686400, backing_store_id : 403726925881, allocating_pid : 94, ref_count : 1, yuv_info : 0
07-25 06:18:05.573    94   132 D gralloc3: plane_info[0]: offset : 0, byte_stride : 2880, alloc_width : 720, alloc_height : 1280
07-25 06:18:05.573    94   132 D gralloc3: plane_info[1]: offset : 0, byte_stride : 0, alloc_width : 0, alloc_height : 0
07-25 06:18:05.574    83  4393 E ResolverController: No valid NAT64 prefix (100, <unspecified>/0)
07-25 06:18:05.574    94   132 D gralloc3: got new private_handle_t instance @0x7d87234280 for buffer 'Unnamed'. share_fd : 7, share_attr_fd : 8, flags : 0x0, width : 720, height : 1280, req_format : 0x1, producer_usage : 0x40000000000b00, consumer_usage : 0x40000000000b00, , stride : 0, alloc_format : 0x100000001, size : 3744768, layer_count : 1, backing_store_size : 3744768, backing_store_id : 403726925882, allocating_pid : 94, ref_count : 1, yuv_info : 0
07-25 06:18:05.574    94   132 D gralloc3: plane_info[0]: offset : 0, byte_stride : 2880, alloc_width : 720, alloc_height : 1280
07-25 06:18:05.574    94   132 D gralloc3: plane_info[1]: offset : 0, byte_stride : 0, alloc_width : 0, alloc_height : 0
07-25 06:18:05.592    95    95 E drm_hwc2_gralloc: hwc_get_handle_name:cann't get value from gralloc
07-25 06:18:05.610    95    95 I chatty  : uid=1000(system) composer@2.1-se identical 2 lines
07-25 06:18:05.611    95    95 E drm_hwc2_gralloc: hwc_get_handle_name:cann't get value from gralloc
07-25 06:18:05.691   168  2706 I rc_model_v2: fps chg from 10 -> 32
07-25 06:18:05.783  3975  4082 I Unity   : 06:18:05.771-16: HTTP GET状态码：200
07-25 06:18:05.783  3975  4082 I Unity   : LuaInterface.Debugger:Log(String)
07-25 06:18:05.783  3975  4082 I Unity   : CenturyGame.GameFramework.HttpGetAppVersion:CheckReq(UnityWebRequest, String)
07-25 06:18:05.783  3975  4082 I Unity   : CenturyGame.GameFramework.<Working>d__19:MoveNext()
07-25 06:18:05.783  3975  4082 I Unity   : <CallWrapper>d__18:MoveNext()
07-25 06:18:05.783  3975  4082 I Unity   : UnityEngine.SetupCoroutine:InvokeMoveNext(IEnumerator, IntPtr)
07-25 06:18:05.783  3975  4082 I Unity   :  
07-25 06:18:05.783  3975  4082 I Unity   : (Filename: ./Runtime/Export/Debug.bindings.h Line: 45)
07-25 06:18:05.783  3975  4082 I Unity   : 
07-25 06:18:05.822  3975  3975 W System.err: SLF4J: Failed to load class "org.slf4j.impl.StaticLoggerBinder".
07-25 06:18:05.822  3975  3975 W System.err: SLF4J: Defaulting to no-operation (NOP) logger implementation
07-25 06:18:05.822  3975  3975 W System.err: SLF4J: See http://www.slf4j.org/codes.html#StaticLoggerBinder for further details.
07-25 06:18:05.823   168  2705 I vpu_api_legacy: setup encoder rate control config:
07-25 06:18:05.824   168  2705 I vpu_api_legacy: width  608 height 1080 format 10:1000d
07-25 06:18:05.824   168  2705 I vpu_api_legacy: rc_mode CBR qp 26 bps 4000000
07-25 06:18:05.824   168  2705 I vpu_api_legacy: fps in 60 fps out 60 gop 599
07-25 06:18:05.824   168  2705 I vpu_api_legacy: setup encoder stream feature config:
07-25 06:18:05.824   168  2705 I vpu_api_legacy: profile 66 level 31 cabac 0
07-25 06:18:05.824  3975  4082 I System.out: ProxyFinder.FindFor - proxy type : DIRECT
07-25 06:18:05.824  3975  4082 I System.out: ProxyFinder.FindFor - No Proxy
07-25 06:18:05.824   168  2706 I mpp_enc : mpp_enc_proc_cfg cmd 0x320001
07-25 06:18:05.824   168  2706 I mpp_enc : mpp_enc_proc_rc_cfg change 170025
07-25 06:18:05.824   168  2706 I mpp_enc : mpp_enc_proc_rc_cfg MPP_ENC_RC_CFG_CHANGE_FPS_IN
07-25 06:18:05.824   168  2706 I mpp_enc : MPP_ENC_SET_RC_CFG bps 4000000 [3750000 : 4250000] fps [60:60] gop 599
07-25 06:18:05.824   168  2706 I mpp_enc : send header for set cfg change rc_mode/fps/gop
07-25 06:18:05.824   168  2705 I vpu_api_legacy: vpu_api_set_enc_cfg out
07-25 06:18:05.824   168  2705 I omx_vmpp: setupEncCfg
07-25 06:18:05.824   168  2705 I omx_vmpp: setupFrameRate: framerate 60.00 
07-25 06:18:05.824   168  2705 I omx_vmpp: setupQp: qpInit 26 i 10-51 p 10-49
07-25 06:18:05.824   168  2705 E mpp_cfg : mpp_enc_cfg_set_s32: cfg rc:qp_max_step is invalid
07-25 06:18:05.824   168  2705 E mpp_cfg : mpp_enc_cfg_set_s32: cfg rc:cb_qp_offset is invalid
07-25 06:18:05.824   168  2705 E mpp_cfg : mpp_enc_cfg_set_s32: cfg rc:cr_qp_offset is invalid
07-25 06:18:05.824   168  2706 I mpp_enc : set_rc_cfg rc->stats_time 0
07-25 06:18:05.824   168  2706 I mpp_enc : mode cbr bps [3750000:4000000:4250000] fps flex [60/1] -> flex [60/1] gop i [599] v [0]
07-25 06:18:05.824   168  2706 I mpp_enc : mpp_enc_proc_cfg cmd 0x320001
07-25 06:18:05.824   168  2706 I mpp_enc : mpp_enc_proc_rc_cfg change 170045
07-25 06:18:05.824   168  2706 I mpp_enc : mpp_enc_proc_rc_cfg MPP_ENC_RC_CFG_CHANGE_FPS_OUT
07-25 06:18:05.824   168  2706 I mpp_enc : MPP_ENC_SET_RC_CFG bps 4000000 [250000 : 4250000] fps [60:60] gop 599
07-25 06:18:05.824   168  2706 I mpp_enc : send header for set cfg change rc_mode/fps/gop
07-25 06:18:05.824   168  2706 I mpp_enc : set_rc_cfg rc->stats_time 0
07-25 06:18:05.827   168  2706 I mpp_enc : mode vbr bps [250000:4000000:4250000] fps flex [60/1] -> flex [60/1] gop i [599] v [0]
07-25 06:18:05.827   168  2706 I mpp_enc : xxxxmpp_packet_append
07-25 06:18:05.847    83  4400 E ResolverController: No valid NAT64 prefix (100, <unspecified>/0)
07-25 06:18:06.119  1504  1551 E chromium: [0725/061806.118976:ERROR:ssl_client_socket_impl.cc(883)] handshake failed; returned -1, SSL error code 1, net_error -101
07-25 06:18:06.207    94   132 D gralloc3: got new private_handle_t instance @0x7d87234280 for buffer 'Unnamed'. share_fd : 7, share_attr_fd : 8, flags : 0x0, width : 640, height : 1138, req_format : 0x1, producer_usage : 0x40000000000b00, consumer_usage : 0x40000000000b00, , stride : 0, alloc_format : 0x100000001, size : 2995200, layer_count : 1, backing_store_size : 2995200, backing_store_id : 403726925883, allocating_pid : 94, ref_count : 1, yuv_info : 0
07-25 06:18:06.207    94   132 D gralloc3: plane_info[0]: offset : 0, byte_stride : 2560, alloc_width : 640, alloc_height : 1152
07-25 06:18:06.207    94   132 D gralloc3: plane_info[1]: offset : 0, byte_stride : 0, alloc_width : 0, alloc_height : 0
07-25 06:18:06.225    95    95 E drm_hwc2_gralloc: hwc_get_handle_name:cann't get value from gralloc
07-25 06:18:06.225    95    95 E drm_hwc2_gralloc: hwc_get_handle_name:cann't get value from gralloc
07-25 06:18:06.261    94   132 D gralloc3: got new private_handle_t instance @0x7d87234280 for buffer 'Unnamed'. share_fd : 7, share_attr_fd : 8, flags : 0x0, width : 640, height : 1138, req_format : 0x1, producer_usage : 0x40000000000b00, consumer_usage : 0x40000000000b00, , stride : 0, alloc_format : 0x100000001, size : 2995200, layer_count : 1, backing_store_size : 2995200, backing_store_id : 403726925884, allocating_pid : 94, ref_count : 1, yuv_info : 0
07-25 06:18:06.261    94   132 D gralloc3: plane_info[0]: offset : 0, byte_stride : 2560, alloc_width : 640, alloc_height : 1152
07-25 06:18:06.261    94   132 D gralloc3: plane_info[1]: offset : 0, byte_stride : 0, alloc_width : 0, alloc_height : 0
07-25 06:18:06.264  3975  4082 I Unity   : 06:18:06.260-33: LuaState start
07-25 06:18:06.264  3975  4082 I Unity   : LuaInterface.Debugger:Log(String)
07-25 06:18:06.264  3975  4082 I Unity   : LuaInterface.LuaState:Start()
07-25 06:18:06.264  3975  4082 I Unity   : CenturyGame.GameFramework.LuaModule:StartLua()
07-25 06:18:06.264  3975  4082 I Unity   : CenturyGame.GameFramework.LoaderGroup:CheckFinish()
07-25 06:18:06.264  3975  4082 I Unity   : CenturyGame.GameFramework.LoaderGroup:AssetBundleFirstLoadCompleted(Loader, Object, Object)
07-25 06:18:06.264  3975  4082 I Unity   : CenturyGame.GameFramework.Loader:OnLoadCompleted(Object)
07-25 06:18:06.264  3975  4082 I Unity   : UnityEngine.AsyncOperation:InvokeCompletionEvent()
07-25 06:18:06.264  3975  4082 I Unity   :  
07-25 06:18:06.264  3975  4082 I Unity   : (Filename: ./Runtime/Export/Debug.bindings.h Line: 45)
07-25 06:18:06.264  3975  4082 I Unity   : 
07-25 06:18:06.265  3975  4082 I Unity   : 06:18:06.265-33: ver20100 jit:     false    fold    cse    dce    fwd    dse    narrow    loop    abc    sink    fuse
07-25 06:18:06.265  3975  4082 I Unity   : LuaInterface.Debugger:Log(String)
07-25 06:18:06.265  3975  4082 I Unity   : LuaInterface.ToLua:Print(IntPtr)
07-25 06:18:06.265  3975  4082 I Unity   :  
07-25 06:18:06.265  3975  4082 I Unity   : (Filename: ./Runtime/Export/Debug.bindings.h Line: 45)
07-25 06:18:06.265  3975  4082 I Unity   : 
07-25 06:18:06.266  3975  4082 I Unity   : 06:18:06.265-33: os: Linux, arch: arm64
07-25 06:18:06.266  3975  4082 I Unity   : LuaInterface.Debugger:Log(String)
07-25 06:18:06.266  3975  4082 I Unity   : LuaInterface.ToLua:Print(IntPtr)
07-25 06:18:06.266  3975  4082 I Unity   :  
07-25 06:18:06.266  3975  4082 I Unity   : (Filename: ./Runtime/Export/Debug.bindings.h Line: 45)
07-25 06:18:06.266  3975  4082 I Unity   : 
07-25 06:18:06.273    95    95 E drm_hwc2_gralloc: hwc_get_handle_name:cann't get value from gralloc
07-25 06:18:06.273    95    95 E drm_hwc2_gralloc: hwc_get_handle_name:cann't get value from gralloc
07-25 06:18:06.473   168  2706 I rc_model_v2: fps chg from 60 -> 11
07-25 06:18:06.522    83  4408 E ResolverController: No valid NAT64 prefix (100, <unspecified>/0)
07-25 06:18:06.664  3975  4066 W PackageParser: Unknown element under <manifest>: queries at /data/app/com.gof.china-A9FhHaRsaGzEYXfPQfCr3Q==/base.apk Binary XML file line #20
07-25 06:18:06.664  3975  4066 W PackageParser: Unknown element under <manifest>: meta-data at /data/app/com.gof.china-A9FhHaRsaGzEYXfPQfCr3Q==/base.apk Binary XML file line #43
07-25 06:18:06.664  3975  4066 W PackageParser: Unknown element under <manifest>: queries at /data/app/com.gof.china-A9FhHaRsaGzEYXfPQfCr3Q==/base.apk Binary XML file line #49
07-25 06:18:06.664  3975  4066 W PackageParser: Unknown element under <manifest>: supports-gl-texture at /data/app/com.gof.china-A9FhHaRsaGzEYXfPQfCr3Q==/base.apk Binary XML file line #69
07-25 06:18:06.751    93  1027 E jw_gps  : connect to /data/misc/gps/gps_ctrl error:2 No such file or directory
07-25 06:18:06.763    94   132 D gralloc3: got new private_handle_t instance @0x7d87234280 for buffer 'Unnamed'. share_fd : 7, share_attr_fd : 8, flags : 0x0, width : 640, height : 1138, req_format : 0x1, producer_usage : 0x40000000000b00, consumer_usage : 0x40000000000b00, , stride : 0, alloc_format : 0x100000001, size : 2995200, layer_count : 1, backing_store_size : 2995200, backing_store_id : 403726925885, allocating_pid : 94, ref_count : 1, yuv_info : 0
07-25 06:18:06.763    94   132 D gralloc3: plane_info[0]: offset : 0, byte_stride : 2560, alloc_width : 640, alloc_height : 1152
07-25 06:18:06.763    94   132 D gralloc3: plane_info[1]: offset : 0, byte_stride : 0, alloc_width : 0, alloc_height : 0
07-25 06:18:06.789    95    95 E drm_hwc2_gralloc: hwc_get_handle_name:cann't get value from gralloc
07-25 06:18:06.806    95    95 I chatty  : uid=1000(system) composer@2.1-se identical 2 lines
07-25 06:18:06.806    95    95 E drm_hwc2_gralloc: hwc_get_handle_name:cann't get value from gralloc
07-25 06:18:06.898  1504  1551 E chromium: [0725/061806.898910:ERROR:ssl_client_socket_impl.cc(883)] handshake failed; returned -1, SSL error code 1, net_error -101
07-25 06:18:06.918  3975  3975 E 🍺[centuryGame]🍺-CGSessionCNContainer: account open
07-25 06:18:06.919  3975  3975 E 🍺[centuryGame]🍺-CGSessionCNContainer: account check session
07-25 06:18:06.919  3975  3975 E 🍺[centuryGame]🍺-CGDataControl: start reportUserId: 89952022
07-25 06:18:06.919  3975  3975 E CGBuglyHelper: bugly reportUserId success89952022
07-25 06:18:06.920  3975  3975 E 🍺[centuryGame]🍺-CGTpushHelper: sendRegistrationToken start
07-25 06:18:06.922    83  4413 E ResolverController: No valid NAT64 prefix (100, <unspecified>/0)
07-25 06:18:06.925  3975  3975 E 🍺[centuryGame]🍺-CGBi [BI_FUN_TAG]:  eventName:self_attribution_event
07-25 06:18:06.943    83  4417 E ResolverController: No valid NAT64 prefix (100, <unspecified>/0)
07-25 06:18:06.947   287  1055 W DevicePolicyManager: Package com.gof.china (uid=10108, pid=3975) cannot access Device IDs
07-25 06:18:06.947   614   970 W TelephonyPermissions: reportAccessDeniedToReadIdentifiers:com.gof.china:getDeviceId:isPreinstalled=false:isPrivApp=false
07-25 06:18:06.948  3975  3975 D DeviceUtils: java.lang.SecurityException: getDeviceId: current process has android.permission.READ_PHONE_STATE.
07-25 06:18:06.949  3975  3975 D DeviceUtils: macAddr :02:00:00:00:00:00
07-25 06:18:06.949  3975  3975 D LibStringUtil: isMoreDigitVersion length:3
07-25 06:18:06.949  3975  3975 D LibStringUtil: isMoreDigitVersion:^\d+\.\d+\.\d+$
07-25 06:18:06.949  3975  3975 D LibStringUtil: isMoreDigitVersion test:^\d+\.\d+\.\d+$
07-25 06:18:06.950  3975  3975 E 🍺[centuryGame]🍺-UserOnlineReportHelper: heartBeatHandler 66
07-25 06:18:06.950  3975  3975 E 🍺[centuryGame]🍺-UserOnlineReportHelper: heartBeatHandler USER_ONLINE_REPORT_RUN
07-25 06:18:06.950  3975  3975 D LibStringUtil: isMoreDigitVersion length:3
07-25 06:18:06.950  3975  3975 D LibStringUtil: isMoreDigitVersion:^\d+\.\d+\.\d+$
07-25 06:18:06.950  3975  3975 D LibStringUtil: isMoreDigitVersion test:^\d+\.\d+\.\d+$
07-25 06:18:06.960    83  4418 E ResolverController: No valid NAT64 prefix (100, <unspecified>/0)
07-25 06:18:06.978   614   970 D PhoneInterfaceManager: [PhoneIntfMgr] isUserDataEnabled: subId=1 phoneId=0
07-25 06:18:06.979   614   970 D PhoneInterfaceManager: [PhoneIntfMgr] isUserDataEnabled: subId=1 retVal=true
07-25 06:18:07.056   168  2706 I rc_model_v2: fps chg from 11 -> 17
07-25 06:18:07.056    95    95 E drm_hwc2_gralloc: hwc_get_handle_name:cann't get value from gralloc
07-25 06:18:07.056    95    95 E drm_hwc2_gralloc: hwc_get_handle_name:cann't get value from gralloc
07-25 06:18:07.144   614   970 D PhoneInterfaceManager: [PhoneIntfMgr] isUserDataEnabled: subId=1 phoneId=0
07-25 06:18:07.145   614   970 D PhoneInterfaceManager: [PhoneIntfMgr] isUserDataEnabled: subId=1 retVal=true
07-25 06:18:07.389   168  2706 I rc_model_v2: fps chg from 17 -> 45
07-25 06:18:07.493    83  4425 E ResolverController: No valid NAT64 prefix (100, <unspecified>/0)
07-25 06:18:07.496  3975  4082 E 🍺[centuryGame]🍺-CGThinkinggameHelper: [century game] thinking game onSessionStart
07-25 06:18:07.639   168  2706 I rc_model_v2: fps chg from 45 -> 32
07-25 06:18:07.839   168  2705 I vpu_api_legacy: setup encoder rate control config:
07-25 06:18:07.839   168  2705 I vpu_api_legacy: width  608 height 1080 format 10:1000d
07-25 06:18:07.839   168  2705 I vpu_api_legacy: rc_mode CBR qp 26 bps 4000000
07-25 06:18:07.839   168  2705 I vpu_api_legacy: fps in 60 fps out 60 gop 599
07-25 06:18:07.839   168  2705 I vpu_api_legacy: setup encoder stream feature config:
07-25 06:18:07.839   168  2705 I vpu_api_legacy: profile 66 level 31 cabac 0
07-25 06:18:07.839   168  2706 I mpp_enc : mpp_enc_proc_cfg cmd 0x320001
07-25 06:18:07.839   168  2706 I mpp_enc : mpp_enc_proc_rc_cfg change 170025
07-25 06:18:07.839   168  2706 I mpp_enc : mpp_enc_proc_rc_cfg MPP_ENC_RC_CFG_CHANGE_FPS_IN
07-25 06:18:07.839   168  2706 I mpp_enc : MPP_ENC_SET_RC_CFG bps 4000000 [3750000 : 4250000] fps [60:60] gop 599
07-25 06:18:07.839   168  2706 I mpp_enc : send header for set cfg change rc_mode/fps/gop
07-25 06:18:07.839   168  2706 I mpp_enc : set_rc_cfg rc->stats_time 0
07-25 06:18:07.839   168  2706 I mpp_enc : mode cbr bps [3750000:4000000:4250000] fps flex [60/1] -> flex [60/1] gop i [599] v [0]
07-25 06:18:07.839   168  2705 I vpu_api_legacy: vpu_api_set_enc_cfg out
07-25 06:18:07.839   168  2705 I omx_vmpp: setupEncCfg
07-25 06:18:07.839   168  2705 I omx_vmpp: setupFrameRate: framerate 60.00 
07-25 06:18:07.839   168  2705 I omx_vmpp: setupQp: qpInit 26 i 10-51 p 10-49
07-25 06:18:07.839   168  2705 E mpp_cfg : mpp_enc_cfg_set_s32: cfg rc:qp_max_step is invalid
07-25 06:18:07.839   168  2705 E mpp_cfg : mpp_enc_cfg_set_s32: cfg rc:cb_qp_offset is invalid
07-25 06:18:07.839   168  2705 E mpp_cfg : mpp_enc_cfg_set_s32: cfg rc:cr_qp_offset is invalid
07-25 06:18:07.839   168  2706 I mpp_enc : mpp_enc_proc_cfg cmd 0x320001
07-25 06:18:07.839   168  2706 I mpp_enc : mpp_enc_proc_rc_cfg change 170045
07-25 06:18:07.839   168  2706 I mpp_enc : mpp_enc_proc_rc_cfg MPP_ENC_RC_CFG_CHANGE_FPS_OUT
07-25 06:18:07.839   168  2706 I mpp_enc : MPP_ENC_SET_RC_CFG bps 4000000 [250000 : 4250000] fps [60:60] gop 599
07-25 06:18:07.839   168  2706 I mpp_enc : send header for set cfg change rc_mode/fps/gop
07-25 06:18:07.839   168  2706 I mpp_enc : set_rc_cfg rc->stats_time 0
07-25 06:18:07.839   168  2706 I mpp_enc : mode vbr bps [250000:4000000:4250000] fps flex [60/1] -> flex [60/1] gop i [599] v [0]
07-25 06:18:07.839   168  2706 I mpp_enc : xxxxmpp_packet_append
07-25 06:18:08.386   287   303 W DevicePolicyManager: Package com.gof.china (uid=10108, pid=3975) cannot access Device IDs
07-25 06:18:08.387   614   970 W TelephonyPermissions: reportAccessDeniedToReadIdentifiers:com.gof.china:getDeviceId:isPreinstalled=false:isPrivApp=false
07-25 06:18:08.387  3975  4082 D DeviceUtils: java.lang.SecurityException: getDeviceId: current process has android.permission.READ_PHONE_STATE.
07-25 06:18:08.389  3975  4082 D DeviceUtils: macAddr :02:00:00:00:00:00
07-25 06:18:08.389  3975  4082 D LibStringUtil: isMoreDigitVersion length:3
07-25 06:18:08.389  3975  4082 D LibStringUtil: isMoreDigitVersion:^\d+\.\d+\.\d+$
07-25 06:18:08.389  3975  4082 D LibStringUtil: isMoreDigitVersion test:^\d+\.\d+\.\d+$
07-25 06:18:08.456   168  2706 I rc_model_v2: fps chg from 60 -> 39
07-25 06:18:08.512  4108  4222 D TPush   : [PushServiceBroadcastHandler] Internl network connected, restart
07-25 06:18:08.554    83  4440 E ResolverController: No valid NAT64 prefix (100, <unspecified>/0)
