

还是闪退



11111111111111111111111111111111111





















07-24 05:57:51.436    94   126 E JWSensorsHal: connect to /data/misc/sensor/sensor_ctrl error:2 No such file or directory
07-24 05:57:51.476    83   144 E JWAudioHAL: connect to /data/misc/audioserver/audio_out error:2 No such file or directory
07-24 05:57:52.073    87   976 E jw_gps  : connect to /data/misc/gps/gps_ctrl error:2 No such file or directory
07-24 05:57:52.185   270   383 V InputDispatcher: Asynchronous input event injection succeeded.
07-24 05:57:52.338   270  2818 I ActivityTaskManager: START u0 {act=android.intent.action.MAIN cat=[android.intent.category.LAUNCHER] flg=0x10200000 cmp=com.gof.china/.DDUnityLaunchActivity bnds=[194,307][360,550]} from uid 1000
07-24 05:57:52.334   270   383 V InputDispatcher: Asynchronous input event injection succeeded.
07-24 05:57:52.345   270  2818 I ActivityTaskManager: getPackageFerformanceMode--ComponentInfo{com.gof.china/com.gof.china.DDUnityLaunchActivity}----com.gof.china
07-24 05:57:52.352   270   312 E system_server: Invalid ID 0x00000000.
07-24 05:57:52.354   911   911 I Launcher3: Launcher onPause.
07-24 05:57:52.356   270  2818 I ActivityTaskManager: getPackageFerformanceMode--ComponentInfo{com.gof.china/com.gof.china.DDUnityLaunchActivity}----com.gof.china
07-24 05:57:52.358  5045  5045 W ActivityThread: handleWindowVisibility: no activity for token android.os.BinderProxy@5a57269
07-24 05:57:52.358  1316  1552 V Space   : sendTracking: resume_activity ({"opType":"resume_activity","resultCode":0,"component":"com.gof.china\/.DDUnityLaunchActivity","package":"com.gof.china"})
07-24 05:57:52.369    88    88 D gralloc3: got new private_handle_t instance @0x7426a21280 for buffer 'Unnamed'. share_fd : 7, share_attr_fd : 8, flags : 0x0, width : 720, height : 1280, req_format : 0x1, producer_usage : 0x933, consumer_usage : 0x933, , stride : 720, alloc_format : 0x1, size : 3686400, layer_count : 1, backing_store_size : 3686400, backing_store_id : 377957122111, allocating_pid : 88, ref_count : 1, yuv_info : 0
07-24 05:57:52.369    88    88 D gralloc3: plane_info[0]: offset : 0, byte_stride : 2880, alloc_width : 720, alloc_height : 1280
07-24 05:57:52.369    88    88 D gralloc3: plane_info[1]: offset : 0, byte_stride : 0, alloc_width : 0, alloc_height : 0
07-24 05:57:52.380   270   312 W WindowManager: Unable to find process with pid=911 uid=1000
07-24 05:57:52.392  5045  5045 D AndroidAutoSize: com.gof.china.DDUnityLaunchActivity implemented by me.jessyan.autosize.internal.CustomAdapt!
07-24 05:57:52.393  5045  5045 D getSizeInDp-->:: return 667
07-24 05:57:52.393  5045  5045 D AndroidAutoSize: The com.gof.china.DDUnityLaunchActivity has been adapted! 
07-24 05:57:52.393  5045  5045 D AndroidAutoSize: DDUnityLaunchActivity Info: isBaseOnWidth = false, designHeightInDp = 667.000000, designHeightInSubunits = 667.000000, targetDensity = 1.847076, targetScaledDensity = 1.847076, targetDensityDpi = 295, targetXdpi = 1.847076, targetScreenWidthDp = 389, targetScreenHeightDp = 667
07-24 05:57:52.514    77  5609 E ResolverController: No valid NAT64 prefix (100, <unspecified>/0)
07-24 05:57:52.562   184  3786 I rc_model_v2: fps chg from 9 -> 60
07-24 05:57:52.776    89   232 E drm_hwc2_gralloc: hwc_get_handle_name:cann't get value from gralloc
07-24 05:57:52.825   270  2818 W WindowManager: Unable to find process with pid=911 uid=1000
07-24 05:57:52.776    89   232 E drm_hwc2_gralloc: hwc_get_handle_name:cann't get value from gralloc
07-24 05:57:52.826   695   695 D ImageWallpaper: wallpaper visibility changes to: false
07-24 05:57:52.840  5045  5045 D SystemUtil: Manifest launchActivityName:com.gof.china.DDUnityLaunchActivity
07-24 05:57:52.841  5045  5045 E 🍺[centuryGame]🍺-CGSdk: datastr:null
07-24 05:57:52.841    43    43 E Layer   : [Surface(name=AppWindowToken{7d25a4a token=Token{6d133b5 ActivityRecord{b4533ec u0 com.android.launcher3/.Launcher t4}}})/@0x8eb7567 - animation-leash#0] No local sync point found
07-24 05:57:52.841    43    43 E Layer   : [Surface(name=AppWindowToken{469fe7d token=Token{53accd4 ActivityRecord{3e51227 u0 com.gof.china/.DDUnityLaunchActivity t6}}})/@0xc94eab1 - animation-leash#0] No local sync point found
07-24 05:57:52.841  5045  5045 E 🍺[centuryGame]🍺-CGSdk: not google push
07-24 05:57:52.847  5045  5045 W [CrashSightReport]: appContext: not null, appId: 6849c8affa, isDebug: false, crashSightStrategy: not null
07-24 05:57:52.854  5045  5045 I [CrashSightReport]: sdk uuid deviceId: 
07-24 05:57:52.854  5045  5045 I [CrashSightReport]: cachedUuid: 3852a060-29c0-47ae-88dc-c4601d42b7f7
07-24 05:57:52.854  5045  5045 I [CrashSightReport]: currentVersionUuid: 
07-24 05:57:52.854  5045  5045 I [CrashSightReport]: redisKeyUuid: 3852a060-29c0-47ae-88dc-c4601d42b7f7
07-24 05:57:52.867  5045  5045 D AndroidAutoSize: com.gof.china.DDUnityLaunchActivity implemented by me.jessyan.autosize.internal.CustomAdapt!
07-24 05:57:52.867  5045  5045 D getSizeInDp-->:: return 667
07-24 05:57:52.867  5045  5045 D AndroidAutoSize: The com.gof.china.DDUnityLaunchActivity has been adapted! 
07-24 05:57:52.867  5045  5045 D AndroidAutoSize: DDUnityLaunchActivity Info: isBaseOnWidth = false, designHeightInDp = 667.000000, designHeightInSubunits = 667.000000, targetDensity = 1.847076, targetScaledDensity = 1.847076, targetDensityDpi = 295, targetXdpi = 1.847076, targetScreenWidthDp = 389, targetScreenHeightDp = 667
07-24 05:57:52.877  5045  5045 I WebViewFactory: Loading com.android.webview version 74.0.3729.186 (code 373018655)
07-24 05:57:52.879  5045  5045 I com.gof.china: The ClassLoaderContext is a special shared library.
07-24 05:57:52.887  5045  5045 I com.gof.china: Waiting for a blocking GC ClassLinker
07-24 05:57:52.896  5045  5045 I cr_LibraryLoader: Time to load native libraries: 1 ms (timestamps 1901-1902)
07-24 05:57:52.906  5045  5045 W chromium: [0724/055752.906273:WARNING:library_prefetcher.cc(328)] Code not ordered, madvise optimization skipped
07-24 05:57:52.906  5045  5045 I chromium: [INFO:library_loader_hooks.cc(50)] Chromium logging enabled: level = 0, default verbosity = 0
07-24 05:57:52.906  5045  5045 I cr_LibraryLoader: Expected native library version number "74.0.3729.186", actual native library version number "74.0.3729.186"
07-24 05:57:52.912  5045  5645 W cr_ChildProcLH: Create a new ChildConnectionAllocator with package name = com.android.webview, sandboxed = true
07-24 05:57:52.913    77  5644 E ResolverController: No valid NAT64 prefix (100, <unspecified>/0)
07-24 05:57:52.916   926   926 W         : Connect socket err: Permission denied
07-24 05:57:52.920   926   926 D Zygote  : Forked child process 5646
07-24 05:57:52.922  5045  5045 I cr_BrowserStartup: Initializing chromium process, singleProcess=false
07-24 05:57:52.923  5646  5646 W         : Access socket err: No such file or directory
07-24 05:57:52.924  5646  5646 I Zygote  : seccomp disabled by setenforce 0
07-24 05:57:52.925   270   318 I ActivityManager: Start proc 5646:com.android.webview:sandboxed_process0:org.chromium.content.app.SandboxedProcessService0/u0i1 for  {com.gof.china/org.chromium.content.app.SandboxedProcessService0}
07-24 05:57:52.926  5646  5646 E ProcessService: Not starting debugger since process cannot load the jdwp agent.
07-24 05:57:52.938  5646  5646 I LoadedApk: No resource references to update in package com.android.webview
07-24 05:57:52.939  5646  5646 I cr_ChildProcessService: Creating new ChildProcessService pid=5646
07-24 05:57:52.946   270  2818 D ConnectivityService: requestNetwork for uid/pid:10099/5045 NetworkRequest [ TRACK_DEFAULT id=40, [ Capabilities: INTERNET&NOT_RESTRICTED&TRUSTED Uid: 10099] ]
07-24 05:57:52.947   270   641 D UntrustedWifiNetworkFactory: got request NetworkRequest [ TRACK_DEFAULT id=40, [ Capabilities: INTERNET&NOT_RESTRICTED&TRUSTED Uid: 10099] ] with score 70 and serial -1
07-24 05:57:52.947   270   670 D Ethernet: got request NetworkRequest [ TRACK_DEFAULT id=40, [ Capabilities: INTERNET&NOT_RESTRICTED&TRUSTED Uid: 10099] ] with score 70 and serial -1
07-24 05:57:52.947   985   985 D PhoneSwitcherNetworkRequstListener: got request NetworkRequest [ TRACK_DEFAULT id=40, [ Capabilities: INTERNET&NOT_RESTRICTED&TRUSTED Uid: 10099] ] with score 70 and serial -1
07-24 05:57:52.947   270   641 D WifiNetworkFactory: got request NetworkRequest [ TRACK_DEFAULT id=40, [ Capabilities: INTERNET&NOT_RESTRICTED&TRUSTED Uid: 10099] ] with score 70 and serial -1
07-24 05:57:52.947   695   695 V KeyguardUpdateMonitor: onSubscriptionInfoChanged()
07-24 05:57:52.948   695   695 V KeyguardUpdateMonitor: SubInfo:{id=1, iccId=890124019[****] simSlotIndex=0 carrierId=1 displayName=T-Mobile carrierName=T-Mobile nameSource=0 iconTint=-16746133 mNumber=[****] dataRoaming=0 iconBitmap=android.graphics.Bitmap@e015f36 mcc 310 mnc 260mCountryIso=us isEmbedded false nativeAccessRules null cardString=890124019[****] cardId=-1 isOpportunistic false mGroupUUID=null mIsGroupDisabled=false profileClass=-1 ehplmns = null hplmns = null subscriptionType=0 mGroupOwner=null carrierConfigAccessRules=null}
07-24 05:57:52.949    77  5677 E ResolverController: No valid NAT64 prefix (100, <unspecified>/0)
07-24 05:57:52.950   985  1541 D PhoneInterfaceManager: [PhoneIntfMgr] isDataEnabled: subId=1 phoneId=0
07-24 05:57:52.950   985  1541 D PhoneInterfaceManager: [PhoneIntfMgr] isDataEnabled: subId=1 retVal=true
07-24 05:57:52.958   270  2086 D ConnectivityService: requestNetwork for uid/pid:10099/5045 NetworkRequest [ TRACK_DEFAULT id=42, [ Capabilities: INTERNET&NOT_RESTRICTED&TRUSTED Uid: 10099] ]
07-24 05:57:52.959   270   670 D Ethernet: got request NetworkRequest [ TRACK_DEFAULT id=42, [ Capabilities: INTERNET&NOT_RESTRICTED&TRUSTED Uid: 10099] ] with score 70 and serial -1
07-24 05:57:52.959   985   985 D PhoneSwitcherNetworkRequstListener: got request NetworkRequest [ TRACK_DEFAULT id=42, [ Capabilities: INTERNET&NOT_RESTRICTED&TRUSTED Uid: 10099] ] with score 70 and serial -1
07-24 05:57:52.959   270   641 D UntrustedWifiNetworkFactory: got request NetworkRequest [ TRACK_DEFAULT id=42, [ Capabilities: INTERNET&NOT_RESTRICTED&TRUSTED Uid: 10099] ] with score 70 and serial -1
07-24 05:57:52.959   270   641 D WifiNetworkFactory: got request NetworkRequest [ TRACK_DEFAULT id=42, [ Capabilities: INTERNET&NOT_RESTRICTED&TRUSTED Uid: 10099] ] with score 70 and serial -1
07-24 05:57:52.960   695   695 V KeyguardUpdateMonitor: onSubscriptionInfoChanged()
07-24 05:57:52.960   695   695 V KeyguardUpdateMonitor: SubInfo:{id=1, iccId=890124019[****] simSlotIndex=0 carrierId=1 displayName=T-Mobile carrierName=T-Mobile nameSource=0 iconTint=-16746133 mNumber=[****] dataRoaming=0 iconBitmap=android.graphics.Bitmap@b5c2e37 mcc 310 mnc 260mCountryIso=us isEmbedded false nativeAccessRules null cardString=890124019[****] cardId=-1 isOpportunistic false mGroupUUID=null mIsGroupDisabled=false profileClass=-1 ehplmns = null hplmns = null subscriptionType=0 mGroupOwner=null carrierConfigAccessRules=null}
07-24 05:57:52.961   985  3583 D PhoneInterfaceManager: [PhoneIntfMgr] isDataEnabled: subId=1 phoneId=0
07-24 05:57:52.961   985  3583 D PhoneInterfaceManager: [PhoneIntfMgr] isDataEnabled: subId=1 retVal=true
07-24 05:57:52.989    88    88 D gralloc3: got new private_handle_t instance @0x7426a21280 for buffer 'Unnamed'. share_fd : 7, share_attr_fd : 8, flags : 0x0, width : 720, height : 1280, req_format : 0x1, producer_usage : 0x933, consumer_usage : 0x933, , stride : 720, alloc_format : 0x1, size : 3686400, layer_count : 1, backing_store_size : 3686400, backing_store_id : 377957122112, allocating_pid : 88, ref_count : 1, yuv_info : 0
07-24 05:57:52.989    88    88 D gralloc3: plane_info[0]: offset : 0, byte_stride : 2880, alloc_width : 720, alloc_height : 1280
07-24 05:57:52.989    88    88 D gralloc3: plane_info[1]: offset : 0, byte_stride : 0, alloc_width : 0, alloc_height : 0
07-24 05:57:52.990  5045  5045 E ion     : ioctl c0044901 failed with code -1: Not a typewriter
07-24 05:57:52.996   270   316 I ActivityTaskManager: Displayed com.gof.china/.DDUnityLaunchActivity: +655ms
07-24 05:57:53.002  1073  1073 I GoogleInputMethodService: GoogleInputMethodService.onFinishInput():3126 
07-24 05:57:53.003  1073  1073 I GoogleInputMethodService: GoogleInputMethodService.updateDeviceLockedStatus():2216 repeatCheckTimes = 0, locked = false
07-24 05:57:53.003  1073  1073 I GoogleInputMethodService: GoogleInputMethodService.onStartInput():1954 onStartInput(EditorInfo{EditorInfo{packageName=com.gof.china, inputType=0, inputTypeString=NULL, enableLearning=false, autoCorrection=false, autoComplete=false, imeOptions=0, privateImeOptions=null, actionName=UNSPECIFIED, actionLabel=null, initialSelStart=-1, initialSelEnd=-1, initialCapsMode=0, label=null, fieldId=2131296820, fieldName=null, extras=null, hintText=null, hintLocales=[]}}, false)
07-24 05:57:53.003  1073  1073 I GoogleInputMethodService: GoogleInputMethodService.updateDeviceLockedStatus():2216 repeatCheckTimes = 1, locked = false
07-24 05:57:53.003  1073  1073 I AndroidIME: InputBundleManager.loadActiveInputBundleId():450 loadActiveInputBundleId: und-Latn-x-password, password
07-24 05:57:53.009   911   911 I Launcher3: Launcher onStop.
07-24 05:57:53.021  5045  5632 I Unity   : SystemInfo CPU = ARM64 FP ASIMD AES, Cores = 8, Memory = 15930mb
07-24 05:57:53.021  5045  5632 I Unity   : SystemInfo ARM big.LITTLE configuration: 4 big (mask: 0xf0), 4 little (mask: 0xf)
07-24 05:57:53.022  5045  5632 I Unity   : ApplicationInfo com.gof.china version 1.2.6 build 949f1516-8803-4b74-8ed2-4986cc52ac27
07-24 05:57:53.022  5045  5632 I Unity   : Built from '2018.4/staging' branch, Version '2018.4.36f1 (6cd387d23174)', Build type 'Release', Scripting Backend 'il2cpp', CPU 'arm64-v8a'
07-24 05:57:53.043    89   233 E drm_hwc2_gralloc: hwc_get_handle_name:cann't get value from gralloc
07-24 05:57:53.043    89   233 E drm_hwc2_gralloc: hwc_get_handle_name:cann't get value from gralloc
07-24 05:57:53.081  5045  5652 I [CrashSightReport]: setHandleAnrSigQuit: true
07-24 05:57:53.083  5045  5064 I com.gof.china: Waiting for a blocking GC ProfileSaver
07-24 05:57:53.091  5045  5064 I com.gof.china: WaitForGcToComplete blocked ProfileSaver on ClassLinker for 7.835ms
07-24 05:57:53.092   184  3786 I rc_model_v2: fps chg from 60 -> 26
07-24 05:57:53.265    77  5639 E ResolverController: No valid NAT64 prefix (100, <unspecified>/0)
07-24 05:57:53.410   184  3786 I rc_model_v2: fps chg from 26 -> 12
07-24 05:57:54.106  5045  5632 E libprocessgroup: set_timerslack_ns write failed: Operation not permitted
07-24 05:57:54.106  5045  5632 I chatty  : uid=10099(com.gof.china) UnityMain identical 14 lines
07-24 05:57:54.106  5045  5632 E libprocessgroup: set_timerslack_ns write failed: Operation not permitted
07-24 05:57:54.116  5045  5632 I mali_so : [File] : hardware/arm/maliT760/driver/product/base/src/mali_base_kbase.c; [Line] : 1292; [Func] : base_context_deal_with_version_affairs_rk_ext;
07-24 05:57:54.116  5045  5632 I mali_so : arm_release_ver of this mali_so is 'g12p0-01eac0', rk_so_ver is '9'.
07-24 05:57:54.116  5045  5632 I mali_so : [File] : hardware/arm/maliT760/driver/product/base/src/mali_base_kbase.c; [Line] : 1308; [Func] : base_context_deal_with_version_affairs_rk_ext;
07-24 05:57:54.116  5045  5632 I mali_so : arm_release_vers are match. to set the full mali_ver 'g12p0-01eac0-9' as value of 'sys.gmali.version'.
07-24 05:57:54.118    28    28 I hwservicemanager: getTransport: Cannot find entry android.hardware.configstore@1.0::ISurfaceFlingerConfigs/default in either framework or device manifest.
07-24 05:57:54.132  5045  5632 D Unity   :  GL_EXT_debug_marker GL_ARM_rgba8 GL_ARM_mali_shader_binary GL_OES_depth24 GL_OES_depth_texture GL_OES_depth_texture_cube_map GL_OES_packed_depth_stencil GL_OES_rgb8_rgba8 GL_EXT_read_format_bgra GL_OES_compressed_paletted_texture GL_OES_compressed_ETC1_RGB8_texture GL_OES_standard_derivatives GL_OES_EGL_image GL_OES_EGL_image_external GL_OES_EGL_image_external_essl3 GL_OES_EGL_sync GL_OES_texture_npot GL_OES_vertex_half_float GL_OES_required_internalformat GL_OES_vertex_array_object GL_OES_mapbuffer GL_EXT_texture_format_BGRA8888 GL_EXT_texture_rg GL_EXT_texture_type_2_10_10_10_REV GL_OES_fbo_render_mipmap GL_OES_element_index_uint GL_EXT_shadow_samplers GL_OES_texture_compression_astc GL_KHR_texture_compression_astc_ldr GL_KHR_texture_compression_astc_hdr GL_KHR_texture_compression_astc_sliced_3d GL_EXT_texture_compression_astc_decode_mode GL_EXT_texture_compression_astc_decode_mode_rgb9e5 GL_KHR_debug GL_EXT_occlusion_query_boolean GL_EXT_disjoint_timer_query GL_EXT_blend_minmax GL_EXT_discard_framebuffer
07-24 05:57:54.132  5045  5632 D Unity   :  GL_OES_get_program_binary GL_OES_texture_3D GL_EXT_texture_storage GL_EXT_multisampled_render_to_texture GL_EXT_multisampled_render_to_texture2 GL_OES_surfaceless_context GL_OES_texture_stencil8 GL_EXT_shader_pixel_local_storage GL_ARM_shader_framebuffer_fetch GL_ARM_shader_framebuffer_fetch_depth_stencil GL_ARM_mali_program_binary GL_EXT_sRGB GL_EXT_sRGB_write_control GL_EXT_texture_sRGB_decode GL_EXT_texture_sRGB_R8 GL_EXT_texture_sRGB_RG8 GL_KHR_blend_equation_advanced GL_KHR_blend_equation_advanced_coherent GL_OES_texture_storage_multisample_2d_array GL_OES_shader_image_atomic GL_EXT_robustness GL_EXT_draw_buffers_indexed GL_OES_draw_buffers_indexed GL_EXT_texture_border_clamp GL_OES_texture_border_clamp GL_EXT_texture_cube_map_array GL_OES_texture_cube_map_array GL_OES_sample_variables GL_OES_sample_shading GL_OES_shader_multisample_interpolation GL_EXT_shader_io_blocks GL_OES_shader_io_blocks GL_EXT_tessellation_shader GL_OES_tessellation_shader GL_EXT_primitive_bounding_box GL_OES_primitive_bounding_
07-24 05:57:54.132  5045  5632 D Unity   : box GL_EXT_geometry_shader GL_OES_geometry_shader GL_ANDROID_extension_pack_es31a GL_EXT_gpu_shader5 GL_OES_gpu_shader5 GL_EXT_texture_buffer GL_OES_texture_buffer GL_EXT_copy_image GL_OES_copy_image GL_EXT_shader_non_constant_global_initializers GL_EXT_color_buffer_half_float GL_EXT_unpack_subimage GL_EXT_color_buffer_float GL_EXT_float_blend GL_EXT_YUV_target GL_OVR_multiview GL_OVR_multiview2 GL_OVR_multiview_multisampled_render_to_texture GL_KHR_robustness GL_KHR_robust_buffer_access_behavior GL_EXT_draw_elements_base_vertex GL_OES_draw_elements_base_vertex GL_EXT_protected_textures GL_EXT_buffer_storage GL_EXT_external_buffer GL_EXT_EGL_image_array GL_EXT_texture_filter_anisotropic GL_OES_texture_float_linear GL_ARM_texture_unnormalized_coordinates GL_EXT_shader_framebuffer_fetch GL_EXT_clip_control
07-24 05:57:54.235    94    94 V JWSensorsHal: sending type:0xfff20000 to /data/misc/sensor/sensor_ctrl
07-24 05:57:54.235   270  2086 E SensorService: Error activating sensor 0 (Operation not permitted)
07-24 05:57:54.245  5045  5632 V MediaRouter: Selecting route: RouteInfo{ name=Phone, description=null, status=null, category=RouteCategory{ name=System types=ROUTE_TYPE_LIVE_AUDIO ROUTE_TYPE_LIVE_VIDEO  groupable=false }, supportedTypes=ROUTE_TYPE_LIVE_AUDIO ROUTE_TYPE_LIVE_VIDEO , presentationDisplay=Display id 1: DisplayInfo{"HDMI Screen, displayId 1", uniqueId "local:1", app 1024 x 768, real 1024 x 768, largest app 1024 x 1024, smallest app 768 x 768, mode 2, defaultMode 2, modes [{id=2, width=1024, height=768, fps=60.000004}], colorMode 0, supportedColorModes [0], hdrCapabilities android.view.Display$HdrCapabilities@40f16308, rotation 0, density 227 (227.0 x 227.0) dpi, layerStack 1, appVsyncOff 1000000, presDeadline 16666666, type HDMI, address {port=1}, state ON, FLAG_SECURE, FLAG_SUPPORTS_PROTECTED_BUFFERS, FLAG_PRESENTATION, removeMode 0}, DisplayMetrics{density=1.41875, width=1024, height=768, scaledDensity=1.41875, xdpi=227.0, ydpi=227.0}, isValid=true }
07-24 05:57:54.338  5045  5727 D         : PlayerBase::PlayerBase()
07-24 05:57:54.339  5045  5727 D         : TrackPlayerBase::TrackPlayerBase()
07-24 05:57:54.339  5045  5727 I libOpenSLES: Emulating old channel mask behavior (ignoring positional mask 0x3, using default mask 0x3 based on channel count of 2)
07-24 05:57:54.339   270   644 D ConnectivityService: releasing NetworkRequest [ TRACK_DEFAULT id=40, [ Capabilities: INTERNET&NOT_RESTRICTED&TRUSTED Uid: 10099] ] (release request)
07-24 05:57:54.341    99   143 W AudioFlinger: createTrack_l(): mismatch between requested flags (00000104) and output flags (00000002)
07-24 05:57:54.341   695   695 V KeyguardUpdateMonitor: onSubscriptionInfoChanged()
07-24 05:57:54.341    99   143 D AudioFlinger: Client defaulted notificationFrames to 882 for frameCount 4104
07-24 05:57:54.341   695   695 V KeyguardUpdateMonitor: SubInfo:{id=1, iccId=890124019[****] simSlotIndex=0 carrierId=1 displayName=T-Mobile carrierName=T-Mobile nameSource=0 iconTint=-16746133 mNumber=[****] dataRoaming=0 iconBitmap=android.graphics.Bitmap@1de9fa4 mcc 310 mnc 260mCountryIso=us isEmbedded false nativeAccessRules null cardString=890124019[****] cardId=-1 isOpportunistic false mGroupUUID=null mIsGroupDisabled=false profileClass=-1 ehplmns = null hplmns = null subscriptionType=0 mGroupOwner=null carrierConfigAccessRules=null}
07-24 05:57:54.342    99   143 D AF::TrackHandle: OpPlayAudio: track:58 usage:1 not muted
07-24 05:57:54.342   985  3583 D PhoneInterfaceManager: [PhoneIntfMgr] isDataEnabled: subId=1 phoneId=0
07-24 05:57:54.342   985  3583 D PhoneInterfaceManager: [PhoneIntfMgr] isDataEnabled: subId=1 retVal=true
07-24 05:57:54.343  5045  5727 W AudioTrack: createTrack_l(1): AUDIO_OUTPUT_FLAG_FAST denied by server; frameCount 0 -> 4104
07-24 05:57:54.344  5045  5045 V MediaRouter: Selecting route: RouteInfo{ name=Phone, description=null, status=null, category=RouteCategory{ name=System types=ROUTE_TYPE_LIVE_AUDIO ROUTE_TYPE_LIVE_VIDEO  groupable=false }, supportedTypes=ROUTE_TYPE_LIVE_AUDIO ROUTE_TYPE_LIVE_VIDEO , presentationDisplay=Display id 1: DisplayInfo{"HDMI Screen, displayId 1", uniqueId "local:1", app 1024 x 768, real 1024 x 768, largest app 1024 x 1024, smallest app 768 x 768, mode 2, defaultMode 2, modes [{id=2, width=1024, height=768, fps=60.000004}], colorMode 0, supportedColorModes [0], hdrCapabilities android.view.Display$HdrCapabilities@40f16308, rotation 0, density 227 (227.0 x 227.0) dpi, layerStack 1, appVsyncOff 1000000, presDeadline 16666666, type HDMI, address {port=1}, state ON, FLAG_SECURE, FLAG_SUPPORTS_PROTECTED_BUFFERS, FLAG_PRESENTATION, removeMode 0}, DisplayMetrics{density=1.41875, width=1024, height=768, scaledDensity=1.41875, xdpi=227.0, ydpi=227.0}, isValid=true }
07-24 05:57:54.348  5045  5632 E Unity   : [CRIWARE] Error:E2022062722:Cannot set sampling rate exceeds max value.
07-24 05:57:54.348  5045  5632 E Unity   : CriWare.CriWareErrorHandler:HandleMessage(String)
07-24 05:57:54.348  5045  5632 E Unity   :  
07-24 05:57:54.348  5045  5632 E Unity   : (Filename: ./Runtime/Export/Debug.bindings.h Line: 45)
07-24 05:57:54.348  5045  5632 E Unity   : 
07-24 05:57:54.356  5045  5727 D         : PlayerBase::PlayerBase()
07-24 05:57:54.356  5045  5727 D         : TrackPlayerBase::TrackPlayerBase()
07-24 05:57:54.356  5045  5727 I libOpenSLES: Emulating old channel mask behavior (ignoring positional mask 0x3, using default mask 0x3 based on channel count of 2)
07-24 05:57:54.356    99   143 W AudioFlinger: createTrack_l(): mismatch between requested flags (00000104) and output flags (00000002)
07-24 05:57:54.357    99   143 D AudioFlinger: Client defaulted notificationFrames to 882 for frameCount 4104
07-24 05:57:54.357    99   143 D AF::TrackHandle: OpPlayAudio: track:59 usage:1 not muted
07-24 05:57:54.358  5045  5727 W AudioTrack: createTrack_l(0): AUDIO_OUTPUT_FLAG_FAST denied by server; frameCount 0 -> 4104
07-24 05:57:54.374  5045  5045 V MediaRouter: Selecting route: RouteInfo{ name=Phone, description=null, status=null, category=RouteCategory{ name=System types=ROUTE_TYPE_LIVE_AUDIO ROUTE_TYPE_LIVE_VIDEO  groupable=false }, supportedTypes=ROUTE_TYPE_LIVE_AUDIO ROUTE_TYPE_LIVE_VIDEO , presentationDisplay=Display id 1: DisplayInfo{"HDMI Screen, displayId 1", uniqueId "local:1", app 1024 x 768, real 1024 x 768, largest app 1024 x 1024, smallest app 768 x 768, mode 2, defaultMode 2, modes [{id=2, width=1024, height=768, fps=60.000004}], colorMode 0, supportedColorModes [0], hdrCapabilities android.view.Display$HdrCapabilities@40f16308, rotation 0, density 227 (227.0 x 227.0) dpi, layerStack 1, appVsyncOff 1000000, presDeadline 16666666, type HDMI, address {port=1}, state ON, FLAG_SECURE, FLAG_SUPPORTS_PROTECTED_BUFFERS, FLAG_PRESENTATION, removeMode 0}, DisplayMetrics{density=1.41875, width=1024, height=768, scaledDensity=1.41875, xdpi=227.0, ydpi=227.0}, isValid=true }
07-24 05:57:54.375  5045  5632 I Unity   : ---------------MarkFilePath---------------
07-24 05:57:54.375  5045  5632 I Unity   : CenturyGame.GameFramework.ConfigData:Init()
07-24 05:57:54.375  5045  5632 I Unity   : CenturyGame.GameFramework.ConfigData:get_Instance()
07-24 05:57:54.375  5045  5632 I Unity   : GameConfig:Init(GameData)
07-24 05:57:54.375  5045  5632 I Unity   : CenturyGame.GameFramework.GameMain:Start()
07-24 05:57:54.375  5045  5632 I Unity   :  
07-24 05:57:54.375  5045  5632 I Unity   : (Filename: ./Runtime/Export/Debug.bindings.h Line: 45)
07-24 05:57:54.375  5045  5632 I Unity   : 
07-24 05:57:54.377  5045  5632 I Unity   : jar:file:///data/app/com.gof.china-h8lXm3hE_XcyqMSmSOp8hQ==/base.apk!/assets/e0f9b20c9030892aa874ad78a90c0d45
07-24 05:57:54.377  5045  5632 I Unity   : CenturyGame.GameFramework.ConfigData:Init()
07-24 05:57:54.377  5045  5632 I Unity   : CenturyGame.GameFramework.ConfigData:get_Instance()
07-24 05:57:54.377  5045  5632 I Unity   : GameConfig:Init(GameData)
07-24 05:57:54.377  5045  5632 I Unity   : CenturyGame.GameFramework.GameMain:Start()
07-24 05:57:54.377  5045  5632 I Unity   :  
07-24 05:57:54.377  5045  5632 I Unity   : (Filename: ./Runtime/Export/Debug.bindings.h Line: 45)
07-24 05:57:54.377  5045  5632 I Unity   : 
07-24 05:57:54.379  5045  5632 I Unity   : Whiteout Survival cn
07-24 05:57:54.379  5045  5632 I Unity   : CenturyGame.GameFramework.ConfigData:Init()
07-24 05:57:54.379  5045  5632 I Unity   : CenturyGame.GameFramework.ConfigData:get_Instance()
07-24 05:57:54.379  5045  5632 I Unity   : GameConfig:Init(GameData)
07-24 05:57:54.379  5045  5632 I Unity   : CenturyGame.GameFramework.GameMain:Start()
07-24 05:57:54.379  5045  5632 I Unity   :  
07-24 05:57:54.379  5045  5632 I Unity   : (Filename: ./Runtime/Export/Debug.bindings.h Line: 45)
07-24 05:57:54.379  5045  5632 I Unity   : 
07-24 05:57:54.381  5045  5632 I Unity   : 1.2.6
07-24 05:57:54.381  5045  5632 I Unity   : CenturyGame.GameFramework.ConfigData:Init()
07-24 05:57:54.381  5045  5632 I Unity   : CenturyGame.GameFramework.ConfigData:get_Instance()
07-24 05:57:54.381  5045  5632 I Unity   : GameConfig:Init(GameData)
07-24 05:57:54.381  5045  5632 I Unity   : CenturyGame.GameFramework.GameMain:Start()
07-24 05:57:54.381  5045  5632 I Unity   :  
07-24 05:57:54.381  5045  5632 I Unity   : (Filename: ./Runtime/Export/Debug.bindings.h Line: 45)
07-24 05:57:54.381  5045  5632 I Unity   : 
07-24 05:57:54.383  5045  5632 I Unity   : 17
07-24 05:57:54.383  5045  5632 I Unity   : CenturyGame.GameFramework.ConfigData:Init()
07-24 05:57:54.383  5045  5632 I Unity   : CenturyGame.GameFramework.ConfigData:get_Instance()
07-24 05:57:54.383  5045  5632 I Unity   : GameConfig:Init(GameData)
07-24 05:57:54.383  5045  5632 I Unity   : CenturyGame.GameFramework.GameMain:Start()
07-24 05:57:54.383  5045  5632 I Unity   :  
07-24 05:57:54.383  5045  5632 I Unity   : (Filename: ./Runtime/Export/Debug.bindings.h Line: 45)
07-24 05:57:54.383  5045  5632 I Unity   : 
07-24 05:57:54.385  5045  5632 I Unity   : ---------------MarkFilePath---------------
07-24 05:57:54.385  5045  5632 I Unity   : CenturyGame.GameFramework.ConfigData:Init()
07-24 05:57:54.385  5045  5632 I Unity   : CenturyGame.GameFramework.ConfigData:get_Instance()
07-24 05:57:54.385  5045  5632 I Unity   : GameConfig:Init(GameData)
07-24 05:57:54.385  5045  5632 I Unity   : CenturyGame.GameFramework.GameMain:Start()
07-24 05:57:54.385  5045  5632 I Unity   :  
07-24 05:57:54.385  5045  5632 I Unity   : (Filename: ./Runtime/Export/Debug.bindings.h Line: 45)
07-24 05:57:54.385  5045  5632 I Unity   : 
07-24 05:57:54.780   270   383 V InputDispatcher: Asynchronous input event injection succeeded.
07-24 05:57:54.854    88    88 D gralloc3: got new private_handle_t instance @0x7426a21280 for buffer 'Unnamed'. share_fd : 7, share_attr_fd : 8, flags : 0x0, width : 720, height : 1280, req_format : 0x1, producer_usage : 0x40000000000b00, consumer_usage : 0x40000000000b00, , stride : 0, alloc_format : 0x100000001, size : 3744768, layer_count : 1, backing_store_size : 3744768, backing_store_id : 377957122113, allocating_pid : 88, ref_count : 1, yuv_info : 0
07-24 05:57:54.854    88    88 D gralloc3: plane_info[0]: offset : 0, byte_stride : 2880, alloc_width : 720, alloc_height : 1280
07-24 05:57:54.854    88    88 D gralloc3: plane_info[1]: offset : 0, byte_stride : 0, alloc_width : 0, alloc_height : 0
07-24 05:57:54.861   184  3786 I rc_model_v2: fps chg from 12 -> 2
07-24 05:57:54.861    89   233 E drm_hwc2_gralloc: hwc_get_handle_name:cann't get value from gralloc
07-24 05:57:54.861    89   233 E drm_hwc2_gralloc: hwc_get_handle_name:cann't get value from gralloc
07-24 05:57:54.866  5045  5632 I Unity   : [CG] BuglyAgent install. appid = 1ea45351f9
07-24 05:57:54.866  5045  5632 I Unity   : centurygame.CGBugly:intBugly(String)
07-24 05:57:54.866  5045  5632 I Unity   : System.Reflection.MonoMethod:Invoke(Object, BindingFlags, Binder, Object[], CultureInfo)
07-24 05:57:54.866  5045  5632 I Unity   : centurygame.Internal.ReflectionUtils:InvokeMethod(String, String, String, Object, Object[])
07-24 05:57:54.866  5045  5632 I Unity   : centurygame.CGSdk:SetDelegate(IDelegate)
07-24 05:57:54.866  5045  5632 I Unity   : CenturyGame.GameFramework.SDKModule:Init()
07-24 05:57:54.866  5045  5632 I Unity   : CenturyGame.GameFramework.ModuleManager:Init()
07-24 05:57:54.866  5045  5632 I Unity   : CenturyGame.GameFramework.GameMain:<Start>b__8_0()
07-24 05:57:54.866  5045  5632 I Unity   : CenturyGame.GameFramework.LaunchManager:OnLoadSceneCompleted(Scene, LoadSceneMode)
07-24 05:57:54.866  5045  5632 I Unity   :  
07-24 05:57:54.866  5045  5632 I Unity   : (Filename: ./Runtime/Export/Debug.bindings.h Line: 45)
07-24 05:57:54.866  5045  5632 I Unity   : 
07-24 05:57:54.870  5045  5632 I Unity   : [CG] BuglyAgent install success.
07-24 05:57:54.870  5045  5632 I Unity   : centurygame.CGBugly:intBugly(String)
07-24 05:57:54.870  5045  5632 I Unity   : System.Reflection.MonoMethod:Invoke(Object, BindingFlags, Binder, Object[], CultureInfo)
07-24 05:57:54.870  5045  5632 I Unity   : centurygame.Internal.ReflectionUtils:InvokeMethod(String, String, String, Object, Object[])
07-24 05:57:54.870  5045  5632 I Unity   : centurygame.CGSdk:SetDelegate(IDelegate)
07-24 05:57:54.870  5045  5632 I Unity   : CenturyGame.GameFramework.SDKModule:Init()
07-24 05:57:54.870  5045  5632 I Unity   : CenturyGame.GameFramework.ModuleManager:Init()
07-24 05:57:54.870  5045  5632 I Unity   : CenturyGame.GameFramework.GameMain:<Start>b__8_0()
07-24 05:57:54.870  5045  5632 I Unity   : CenturyGame.GameFramework.LaunchManager:OnLoadSceneCompleted(Scene, LoadSceneMode)
07-24 05:57:54.870  5045  5632 I Unity   :  
07-24 05:57:54.870  5045  5632 I Unity   : (Filename: ./Runtime/Export/Debug.bindings.h Line: 45)
07-24 05:57:54.870  5045  5632 I Unity   : 
07-24 05:57:54.877  5045  5632 I Unity   : [CGWechatAndroid SetDelegate] callback = centurygame.CGWechat+InternalDelegate
07-24 05:57:54.877  5045  5632 I Unity   : centurygame.Android.CGWechatAndroid:SetDelegate(IDelegate)
07-24 05:57:54.877  5045  5632 I Unity   : centurygame.<>c:<.cctor>b__29_0()
07-24 05:57:54.877  5045  5632 I Unity   : System.Lazy`1:CreateValue()
07-24 05:57:54.877  5045  5632 I Unity   : System.Lazy`1:LazyInitValue()
07-24 05:57:54.877  5045  5632 I Unity   : CenturyGame.GameFramework.SDKModule:Init()
07-24 05:57:54.877  5045  5632 I Unity   : CenturyGame.GameFramework.ModuleManager:Init()
07-24 05:57:54.877  5045  5632 I Unity   : CenturyGame.GameFramework.GameMain:<Start>b__8_0()
07-24 05:57:54.877  5045  5632 I Unity   : CenturyGame.GameFramework.LaunchManager:OnLoadSceneCompleted(Scene, LoadSceneMode)
07-24 05:57:54.877  5045  5632 I Unity   :  
07-24 05:57:54.877  5045  5632 I Unity   : (Filename: ./Runtime/Export/Debug.bindings.h Line: 45)
07-24 05:57:54.877  5045  5632 I Unity   : 
07-24 05:57:54.879  5045  5632 D DeviceUtils: ANDROID_ID get from SP:ceb48b4e6dd12b28
07-24 05:57:54.881  5045  5632 E suiyi digest:: PǙK���|�����
07-24 05:57:54.881  5045  5632 E suiyi digest:: PǙK���|�����
07-24 05:57:54.881  5045  5632 E 🍺[centuryGame]🍺-CGSdk: gameType:online
07-24 05:57:54.884  5045  5632 D CGSdk   : netWorkChange isOffLineMode()falseSystemUtil.isNetWorkAvailable in：true
07-24 05:57:54.884  5045  5632 D CGSdk   : netWorkChange out
07-24 05:57:54.885  5045  5632 W System.err: java.lang.ClassNotFoundException: com.centurygame.sdk.advertising.CGAdvertising
07-24 05:57:54.885  5045  5632 W System.err:    at java.lang.Class.classForName(Native Method)
07-24 05:57:54.886  5045  5632 W System.err:    at java.lang.Class.forName(Class.java:454)
07-24 05:57:54.886  5045  5632 W System.err:    at java.lang.Class.forName(Class.java:379)
07-24 05:57:54.886  5045  5632 W System.err:    at com.centurygame.sdk.utils.ReflectionUtils.invokeStaticMethod(ReflectionUtils.java:139)
07-24 05:57:54.886  5045  5632 W System.err:    at com.centurygame.sdk.CGDataControl.getModuleByName(CGDataControl.java:231)
07-24 05:57:54.886  5045  5632 W System.err:    at com.centurygame.sdk.CGSdk.b(Unknown Source:387)
07-24 05:57:54.886  5045  5632 W System.err:    at com.centurygame.sdk.CGSdk.a(Unknown Source:0)
07-24 05:57:54.886  5045  5632 W System.err:    at com.centurygame.sdk.CGSdk$c.onSuccess(Unknown Source:3)
07-24 05:57:54.886  5045  5632 W System.err:    at com.centurygame.sdk.utils.ConfigUtils.loadConfig(Unknown Source:78)
07-24 05:57:54.886  5045  5632 W System.err:    at com.centurygame.sdk.CGSdk.a(Unknown Source:183)
07-24 05:57:54.886  5045  5632 W System.err:    at com.centurygame.sdk.CGSdk.install(Unknown Source:293)
07-24 05:57:54.886  5045  5632 W System.err:    at com.centurygame.sdk.unity3d.core.CGSdkWrapper.install(Unknown Source:42)
07-24 05:57:54.886  5045  5632 W System.err:    at com.unity3d.player.UnityPlayer.nativeRender(Native Method)
07-24 05:57:54.886  5045  5632 W System.err:    at com.unity3d.player.UnityPlayer.c(Unknown Source:0)
07-24 05:57:54.886  5045  5632 W System.err:    at com.unity3d.player.UnityPlayer$e$1.handleMessage(Unknown Source:95)
07-24 05:57:54.886  5045  5632 W System.err:    at android.os.Handler.dispatchMessage(Handler.java:103)
07-24 05:57:54.886  5045  5632 W System.err:    at android.os.Looper.loop(Looper.java:214)
07-24 05:57:54.886  5045  5632 W System.err:    at com.unity3d.player.UnityPlayer$e.run(Unknown Source:20)
07-24 05:57:54.886  5045  5632 W System.err: Caused by: java.lang.ClassNotFoundException: com.centurygame.sdk.advertising.CGAdvertising
07-24 05:57:54.886  5045  5632 W System.err:    ... 18 more
07-24 05:57:54.888  5045  5045 D MicroMsg.PaySdk.WXFactory: createWXAPI, appId = null, checkSignature = true
07-24 05:57:54.888  5045  5045 D MicroMsg.PaySdk.WXFactory: createWXAPI, appId = null, checkSignature = true, launchMode = 2
07-24 05:57:54.888  5045  5045 D MicroMsg.SDK.WXApiImplV10: <init>, appId = null, checkSignature = true, launchMode = 2
07-24 05:57:54.889  5045  5045 E MicroMsg.SDK.WXApiImplV10: register app failed for wechat app signature check failed
07-24 05:57:54.892  5045  5632 D LibStringUtil: isMoreDigitVersion length:3
07-24 05:57:54.892  5045  5632 D LibStringUtil: isMoreDigitVersion:^\d+\.\d+\.\d+$
07-24 05:57:54.892  5045  5632 D LibStringUtil: isMoreDigitVersion test:^\d+\.\d+\.\d+$
07-24 05:57:54.893   270   383 V InputDispatcher: Asynchronous input event injection succeeded.
07-24 05:57:54.894  5045  5045 D MicroMsg.PaySdk.WXFactory: createWXAPI, appId = null, checkSignature = true
07-24 05:57:54.894  5045  5045 D MicroMsg.PaySdk.WXFactory: createWXAPI, appId = null, checkSignature = true, launchMode = 2
07-24 05:57:54.895  5045  5045 D MicroMsg.SDK.WXApiImplV10: <init>, appId = null, checkSignature = true, launchMode = 2
07-24 05:57:54.895  5045  5045 E MicroMsg.SDK.WXApiImplV10: register app failed for wechat app signature check failed
07-24 05:57:54.895  5045  5045 E MicroMsg.SDK.WXApiImplV10: open wx app failed, not installed or signature check failed
07-24 05:57:54.895  5045  5045 E 🍺[centuryGame]🍺-CGRum: Rum DomainConnectivityCheck error:{"errorCode":1226,"extra":"ModuleName：rum Already exists"}
07-24 05:57:54.902  5045  5045 I TPush   : [XGPushManager] CreateNotificationChannel channelId: cg_notification_ch_id success
07-24 05:57:54.903  5045  5045 I TPush   : [XGPushManager] enableService=1
07-24 05:57:54.904  5045  5065 E Parcel  : Reading a NULL string not supported here.
07-24 05:57:54.905    77  5760 E ResolverController: No valid NAT64 prefix (100, <unspecified>/0)
07-24 05:57:54.906  5045  5065 E Parcel  : Reading a NULL string not supported here.
07-24 05:57:54.908  5045  5065 I chatty  : uid=10099(com.gof.china) .baseapi.thread identical 2 lines
07-24 05:57:54.909  5045  5065 E Parcel  : Reading a NULL string not supported here.
07-24 05:57:54.910  5045  5065 I TPush   : [OtherPushManager] deviceType: rockchip
07-24 05:57:54.914  5045  5045 W System.err: java.lang.ClassNotFoundException: com.centurygame.sdk.marketing.tencent.CGTencentHelper
07-24 05:57:54.914  5045  5045 W System.err:    at java.lang.Class.classForName(Native Method)
07-24 05:57:54.914  5045  5045 W System.err:    at java.lang.Class.forName(Class.java:454)
07-24 05:57:54.914  5045  5045 W System.err:    at java.lang.Class.forName(Class.java:379)
07-24 05:57:54.914  5045  5045 W System.err:    at com.centurygame.sdk.utils.ReflectionUtils.invokeStaticMethod(ReflectionUtils.java:139)
07-24 05:57:54.914  5045  5045 W System.err:    at com.centurygame.sdk.marketing.CGMarketing.getHelper(CGMarketing.java:96)
07-24 05:57:54.914  5045  5045 W System.err:    at com.centurygame.sdk.marketing.CGMarketing.initialize(CGMarketing.java:65)
07-24 05:57:54.914  5045  5045 W System.err:    at com.centurygame.sdk.CGSdk$d.run(Unknown Source:4)
07-24 05:57:54.914  5045  5045 W System.err:    at android.os.Handler.handleCallback(Handler.java:883)
07-24 05:57:54.914  5045  5045 W System.err:    at android.os.Handler.dispatchMessage(Handler.java:100)
07-24 05:57:54.914  5045  5045 W System.err:    at android.os.Looper.loop(Looper.java:214)
07-24 05:57:54.914  5045  5045 W System.err:    at android.app.ActivityThread.main(ActivityThread.java:7438)
07-24 05:57:54.914  5045  5045 W System.err:    at java.lang.reflect.Method.invoke(Native Method)
07-24 05:57:54.915  5045  5045 W System.err:    at com.android.internal.os.RuntimeInit$MethodAndArgsCaller.run(RuntimeInit.java:492)
07-24 05:57:54.915  5045  5045 W System.err:    at com.android.internal.os.ZygoteInit.main(ZygoteInit.java:930)
07-24 05:57:54.915  5045  5045 W System.err: Caused by: java.lang.ClassNotFoundException: com.centurygame.sdk.marketing.tencent.CGTencentHelper
07-24 05:57:54.915  5045  5045 W System.err:    ... 14 more
07-24 05:57:54.915  5045  5045 W System.err: java.lang.ClassNotFoundException: com.centurygame.sdk.marketing.bytedance.CGBytedanceHelper
07-24 05:57:54.915  5045  5045 W System.err:    at java.lang.Class.classForName(Native Method)
07-24 05:57:54.915  5045  5045 W System.err:    at java.lang.Class.forName(Class.java:454)
07-24 05:57:54.915  5045  5045 W System.err:    at java.lang.Class.forName(Class.java:379)
07-24 05:57:54.915  5045  5045 W System.err:    at com.centurygame.sdk.utils.ReflectionUtils.invokeStaticMethod(ReflectionUtils.java:139)
07-24 05:57:54.915  5045  5045 W System.err:    at com.centurygame.sdk.marketing.CGMarketing.getHelper(CGMarketing.java:96)
07-24 05:57:54.915  5045  5045 W System.err:    at com.centurygame.sdk.marketing.CGMarketing.initialize(CGMarketing.java:65)
07-24 05:57:54.915  5045  5045 W System.err:    at com.centurygame.sdk.CGSdk$d.run(Unknown Source:4)
07-24 05:57:54.915  5045  5045 W System.err:    at android.os.Handler.handleCallback(Handler.java:883)
07-24 05:57:54.915  5045  5045 W System.err:    at android.os.Handler.dispatchMessage(Handler.java:100)
07-24 05:57:54.915  5045  5045 W System.err:    at android.os.Looper.loop(Looper.java:214)
07-24 05:57:54.915  5045  5045 W System.err:    at android.app.ActivityThread.main(ActivityThread.java:7438)
07-24 05:57:54.915  5045  5045 W System.err:    at java.lang.reflect.Method.invoke(Native Method)
07-24 05:57:54.915  5045  5045 W System.err:    at com.android.internal.os.RuntimeInit$MethodAndArgsCaller.run(RuntimeInit.java:492)
07-24 05:57:54.915  5045  5045 W System.err:    at com.android.internal.os.ZygoteInit.main(ZygoteInit.java:930)
07-24 05:57:54.915  5045  5045 W System.err: Caused by: java.lang.ClassNotFoundException: com.centurygame.sdk.marketing.bytedance.CGBytedanceHelper
07-24 05:57:54.915  5045  5045 W System.err:    ... 14 more
07-24 05:57:54.916  5045  5065 I TPush   : [XGPushManager] start other push channel register !
07-24 05:57:54.917  5045  5065 I TPush   : [XGPushManager] start other push channel register !
07-24 05:57:54.918  5045  5065 E 🍺[centuryGame]🍺-DDPushManager: get tencent push register success. token：0d2c8367c2f049f74bc696f96419eec5da56
07-24 05:57:54.919  5045  5065 E 🍺[centuryGame]🍺-CGTpushHelper: sendRegistrationToken start
07-24 05:57:54.919  5045  5065 E 🍺[centuryGame]🍺-CGTpushHelper: sendRegistrationToken push token register fail, not login
07-24 05:57:54.921  4410  4410 I TPush   : [XGVipPushService] Service onStartCommand() : com.gof.china
07-24 05:57:54.921  5045  5045 W Adjust  : PRODUCTION: Adjust is running in Production mode. Use this setting only for the build that you want to publish. Set the environment to `sandbox` if you want to test your app!
07-24 05:57:54.922  5045  5045 W Adjust  : PRODUCTION: Adjust is running in Production mode. Use this setting only for the build that you want to publish. Set the environment to `sandbox` if you want to test your app!
07-24 05:57:54.922    77  5764 E ResolverController: No valid NAT64 prefix (100, <unspecified>/0)
07-24 05:57:54.923  4410  4410 I TPush   : [XGVipPushService] Service onBind()
07-24 05:57:54.945  5045  5045 E 🍺[centuryGame]🍺-CGBi [BI_FUN_TAG]:  eventName:self_attribution_event
07-24 05:57:54.960  1237  1237 D BoundBrokerSvc: onBind: Intent { act=com.google.android.gms.appset.service.START dat=chimera-action: cmp=com.google.android.gms/.chimera.GmsApiService }
07-24 05:57:54.960  1237  1237 D BoundBrokerSvc: Loading bound service for intent: Intent { act=com.google.android.gms.appset.service.START dat=chimera-action: cmp=com.google.android.gms/.chimera.GmsApiService }
07-24 05:57:54.983  5045  5785 W ApkUtil : getPackageInfo NameNotFoundException
07-24 05:57:54.983  5045  5785 I chatty  : uid=10099(com.gof.china) identical 1 line
07-24 05:57:54.983  5045  5785 W ApkUtil : getPackageInfo NameNotFoundException
07-24 05:57:54.984  5045  5787 W ApkUtil : getPackageInfo NameNotFoundException
07-24 05:57:54.984  5045  5787 I chatty  : uid=10099(com.gof.china) identical 1 line
07-24 05:57:54.984  5045  5787 W ApkUtil : getPackageInfo NameNotFoundException
07-24 05:57:54.991    77  5761 E ResolverController: No valid NAT64 prefix (100, <unspecified>/0)
07-24 05:57:54.999  5045  5045 D LibStringUtil: isMoreDigitVersion length:3
07-24 05:57:54.999  5045  5045 D LibStringUtil: isMoreDigitVersion:^\d+\.\d+\.\d+$
07-24 05:57:54.999  5045  5045 D LibStringUtil: isMoreDigitVersion test:^\d+\.\d+\.\d+$
07-24 05:57:55.001    77  5791 E ResolverController: No valid NAT64 prefix (100, <unspecified>/0)
07-24 05:57:55.003    77  5792 E ResolverController: No valid NAT64 prefix (100, <unspecified>/0)
07-24 05:57:55.004    77  5790 E ResolverController: No valid NAT64 prefix (100, <unspecified>/0)
07-24 05:57:55.050  5045  5045 D LibStringUtil: isMoreDigitVersion length:3
07-24 05:57:55.050  5045  5045 D LibStringUtil: isMoreDigitVersion:^\d+\.\d+\.\d+$
07-24 05:57:55.050  5045  5045 D LibStringUtil: isMoreDigitVersion test:^\d+\.\d+\.\d+$
07-24 05:57:55.050  5045  5045 D LibStringUtil: isMoreDigitVersion length:3
07-24 05:57:55.050  5045  5045 D LibStringUtil: isMoreDigitVersion:^\d+\.\d+\.\d+$
07-24 05:57:55.050  5045  5045 D LibStringUtil: isMoreDigitVersion test:^\d+\.\d+\.\d+$
07-24 05:57:55.059  5045  5632 I Unity   : 05:57:55.55-2: Init lua state cost: 0.01295006
07-24 05:57:55.059  5045  5632 I Unity   : LuaInterface.Debugger:Log(String)
07-24 05:57:55.059  5045  5632 I Unity   : LuaInterface.LuaState:.ctor()
07-24 05:57:55.059  5045  5632 I Unity   : CenturyGame.GameFramework.LuaModule:Init()
07-24 05:57:55.059  5045  5632 I Unity   : CenturyGame.GameFramework.ModuleManager:Init()
07-24 05:57:55.059  5045  5632 I Unity   : CenturyGame.GameFramework.GameMain:<Start>b__8_0()
07-24 05:57:55.059  5045  5632 I Unity   : CenturyGame.GameFramework.LaunchManager:OnLoadSceneCompleted(Scene, LoadSceneMode)
07-24 05:57:55.059  5045  5632 I Unity   :  
07-24 05:57:55.059  5045  5632 I Unity   : (Filename: ./Runtime/Export/Debug.bindings.h Line: 45)
07-24 05:57:55.059  5045  5632 I Unity   : 
07-24 05:57:55.062   184  3785 I vpu_api_legacy: setup encoder rate control config:
07-24 05:57:55.062   184  3785 I vpu_api_legacy: width  608 height 1080 format 10:1000d
07-24 05:57:55.062   184  3785 I vpu_api_legacy: rc_mode CBR qp 26 bps 4000000
07-24 05:57:55.062   184  3785 I vpu_api_legacy: fps in 60 fps out 60 gop 599
07-24 05:57:55.062   184  3785 I vpu_api_legacy: setup encoder stream feature config:
07-24 05:57:55.062   184  3785 I vpu_api_legacy: profile 66 level 31 cabac 0
07-24 05:57:55.062   184  3786 I mpp_enc : mpp_enc_proc_cfg cmd 0x320001
07-24 05:57:55.062   184  3786 I mpp_enc : mpp_enc_proc_rc_cfg change 170025
07-24 05:57:55.062   184  3786 I mpp_enc : mpp_enc_proc_rc_cfg MPP_ENC_RC_CFG_CHANGE_FPS_IN
07-24 05:57:55.062   184  3786 I mpp_enc : MPP_ENC_SET_RC_CFG bps 4000000 [3750000 : 4250000] fps [60:60] gop 599
07-24 05:57:55.062   184  3786 I mpp_enc : send header for set cfg change rc_mode/fps/gop
07-24 05:57:55.062   184  3786 I mpp_enc : set_rc_cfg rc->stats_time 0
07-24 05:57:55.062   184  3786 I mpp_enc : mode cbr bps [3750000:4000000:4250000] fps flex [60/1] -> flex [60/1] gop i [599] v [0]
07-24 05:57:55.062   184  3785 I vpu_api_legacy: vpu_api_set_enc_cfg out
07-24 05:57:55.062   184  3785 I omx_vmpp: setupEncCfg
07-24 05:57:55.062   184  3785 I omx_vmpp: setupFrameRate: framerate 60.00 
07-24 05:57:55.062   184  3785 I omx_vmpp: setupQp: qpInit 26 i 10-51 p 10-49
07-24 05:57:55.062   184  3785 E mpp_cfg : mpp_enc_cfg_set_s32: cfg rc:qp_max_step is invalid
07-24 05:57:55.062   184  3785 E mpp_cfg : mpp_enc_cfg_set_s32: cfg rc:cb_qp_offset is invalid
07-24 05:57:55.062   184  3785 E mpp_cfg : mpp_enc_cfg_set_s32: cfg rc:cr_qp_offset is invalid
07-24 05:57:55.062   184  3786 I mpp_enc : mpp_enc_proc_cfg cmd 0x320001
07-24 05:57:55.062   184  3786 I mpp_enc : mpp_enc_proc_rc_cfg change 170045
07-24 05:57:55.062   184  3786 I mpp_enc : mpp_enc_proc_rc_cfg MPP_ENC_RC_CFG_CHANGE_FPS_OUT
07-24 05:57:55.062   184  3786 I mpp_enc : MPP_ENC_SET_RC_CFG bps 4000000 [250000 : 4250000] fps [60:60] gop 599
07-24 05:57:55.062   184  3786 I mpp_enc : send header for set cfg change rc_mode/fps/gop
07-24 05:57:55.062   184  3786 I mpp_enc : set_rc_cfg rc->stats_time 0
07-24 05:57:55.062   184  3786 I mpp_enc : mode vbr bps [250000:4000000:4250000] fps flex [60/1] -> flex [60/1] gop i [599] v [0]
07-24 05:57:55.062   184  3786 I mpp_enc : xxxxmpp_packet_append
07-24 05:57:55.085   270   383 W InputDispatcher: Asynchronous input event injection failed.
07-24 05:57:55.091  5045  5632 I Unity   : 05:57:55.88-2: Register lua type cost time: 0.0269289
07-24 05:57:55.091  5045  5632 I Unity   : LuaInterface.Debugger:Log(String)
07-24 05:57:55.091  5045  5632 I Unity   : LuaBinder:Bind(LuaState)
07-24 05:57:55.091  5045  5632 I Unity   : CenturyGame.GameFramework.LuaModule:Bind()
07-24 05:57:55.091  5045  5632 I Unity   : CenturyGame.GameFramework.LuaModule:Init()
07-24 05:57:55.091  5045  5632 I Unity   : CenturyGame.GameFramework.ModuleManager:Init()
07-24 05:57:55.091  5045  5632 I Unity   : CenturyGame.GameFramework.GameMain:<Start>b__8_0()
07-24 05:57:55.091  5045  5632 I Unity   : CenturyGame.GameFramework.LaunchManager:OnLoadSceneCompleted(Scene, LoadSceneMode)
07-24 05:57:55.091  5045  5632 I Unity   :  
07-24 05:57:55.091  5045  5632 I Unity   : (Filename: ./Runtime/Export/Debug.bindings.h Line: 45)
07-24 05:57:55.091  5045  5632 I Unity   : 
07-24 05:57:55.138    77  5776 E ResolverController: No valid NAT64 prefix (100, <unspecified>/0)
07-24 05:57:55.299  5045  5045 E suiyi digest:: �{�<%�����h�
07-24 05:57:55.363   184  3786 I rc_model_v2: fps chg from 60 -> 16
07-24 05:57:55.363   270   383 V InputDispatcher: Asynchronous input event injection succeeded.
07-24 05:57:55.445   270   383 V InputDispatcher: Asynchronous input event injection succeeded.
07-24 05:57:55.584    88    88 D gralloc3: got new private_handle_t instance @0x7426a21280 for buffer 'Unnamed'. share_fd : 7, share_attr_fd : 8, flags : 0x0, width : 720, height : 1280, req_format : 0x1, producer_usage : 0x40000000000b00, consumer_usage : 0x40000000000b00, , stride : 0, alloc_format : 0x100000001, size : 3744768, layer_count : 1, backing_store_size : 3744768, backing_store_id : 377957122114, allocating_pid : 88, ref_count : 1, yuv_info : 0
