07-24 05:58:04.926   184  3785 E mpp_cfg : mpp_enc_cfg_set_s32: cfg rc:qp_max_step is invalid
07-24 05:58:04.926   184  3785 E mpp_cfg : mpp_enc_cfg_set_s32: cfg rc:cb_qp_offset is invalid
07-24 05:58:04.926   184  3785 E mpp_cfg : mpp_enc_cfg_set_s32: cfg rc:cr_qp_offset is invalid
07-24 05:58:04.926   184  3786 I mpp_enc : mpp_enc_proc_cfg cmd 0x320001
07-24 05:58:04.926   184  3786 I mpp_enc : mpp_enc_proc_rc_cfg change 170045
07-24 05:58:04.926   184  3786 I mpp_enc : mpp_enc_proc_rc_cfg MPP_ENC_RC_CFG_CHANGE_FPS_OUT
07-24 05:58:04.926   184  3786 I mpp_enc : MPP_ENC_SET_RC_CFG bps 4000000 [250000 : 4250000] fps [60:60] gop 599
07-24 05:58:04.926   184  3786 I mpp_enc : send header for set cfg change rc_mode/fps/gop
07-24 05:58:04.926   184  3786 I mpp_enc : set_rc_cfg rc->stats_time 0
07-24 05:58:04.926   184  3786 I mpp_enc : mode vbr bps [250000:4000000:4250000] fps flex [60/1] -> flex [60/1] gop i [599] v [0]
07-24 05:58:04.926   184  3786 I mpp_enc : xxxxmpp_packet_append
07-24 05:58:04.929  5045  5632 I System.out: ProxyFinder.FindFor - proxy type : DIRECT
07-24 05:58:04.929  5045  5632 I System.out: ProxyFinder.FindFor - No Proxy
07-24 05:58:04.929  5045  5065 I TPush   : [XGPushManager] Action -> Register to TPNS server
07-24 05:58:04.938  4410  4505 V TPush   : [RegReq] Register(1580019064,0f993f99f2a6d9a586cf17a73896611f,,-1),payload:  channel id-1
07-24 05:58:04.944  5045  5632 I System.out: ProxyFinder.FindFor - proxy type : DIRECT
07-24 05:58:04.944  5045  5632 I System.out: ProxyFinder.FindFor - No Proxy
07-24 05:58:04.954  4410  4505 D TPush   : [PushServiceBroadcastHandler] >> Register onResponse [accId = 1580019064, token:0d2c8367c2f049f74bc696f96419eec5da56, otherPushType:0, otherToken: , packName = com.gof.china]
07-24 05:58:04.964  5045  5045 I TPush   : [XGPushManager] Register call back to com.gof.china
07-24 05:58:04.968  5045  5065 E 🍺[centuryGame]🍺-CGTpushHelper: sendRegistrationToken start
07-24 05:58:04.970    77  5890 E ResolverController: No valid NAT64 prefix (100, <unspecified>/0)
07-24 05:58:04.994  5045  5632 I System.out: ProxyFinder.FindFor - proxy type : DIRECT
07-24 05:58:04.994  5045  5632 I System.out: ProxyFinder.FindFor - No Proxy
07-24 05:58:05.010  5045  5632 I System.out: ProxyFinder.FindFor - proxy type : DIRECT
07-24 05:58:05.010  5045  5632 I System.out: ProxyFinder.FindFor - No Proxy
07-24 05:58:05.081  5045  5632 I System.out: ProxyFinder.FindFor - proxy type : DIRECT
07-24 05:58:05.081  5045  5632 I System.out: ProxyFinder.FindFor - No Proxy
07-24 05:58:05.132   270   383 W InputDispatcher: Asynchronous input event injection failed.
07-24 05:58:05.144  5045  5632 I System.out: ProxyFinder.FindFor - proxy type : DIRECT
07-24 05:58:05.144  5045  5632 I System.out: ProxyFinder.FindFor - No Proxy
07-24 05:58:05.191   184  3786 I rc_model_v2: fps chg from 60 -> 105
07-24 05:58:05.195  5045  5632 I System.out: ProxyFinder.FindFor - proxy type : DIRECT
07-24 05:58:05.195  5045  5632 I System.out: ProxyFinder.FindFor - No Proxy
07-24 05:58:05.210  5045  5632 I System.out: ProxyFinder.FindFor - proxy type : DIRECT
07-24 05:58:05.210  5045  5632 I System.out: ProxyFinder.FindFor - No Proxy
07-24 05:58:05.292  5045  5632 I System.out: ProxyFinder.FindFor - proxy type : DIRECT
07-24 05:58:05.293  5045  5632 I System.out: ProxyFinder.FindFor - No Proxy
07-24 05:58:05.309  5045  5632 I System.out: ProxyFinder.FindFor - proxy type : DIRECT
07-24 05:58:05.309  5045  5632 I System.out: ProxyFinder.FindFor - No Proxy
07-24 05:58:05.395  5045  5632 I System.out: ProxyFinder.FindFor - proxy type : DIRECT
07-24 05:58:05.395  5045  5632 I System.out: ProxyFinder.FindFor - No Proxy
07-24 05:58:05.443  5045  5632 I System.out: ProxyFinder.FindFor - proxy type : DIRECT
07-24 05:58:05.443  5045  5632 I System.out: ProxyFinder.FindFor - No Proxy
07-24 05:58:05.459   184  3786 I rc_model_v2: fps chg from 105 -> 59
07-24 05:58:05.461  5045  5632 I System.out: ProxyFinder.FindFor - proxy type : DIRECT
07-24 05:58:05.461  5045  5632 I System.out: ProxyFinder.FindFor - No Proxy
07-24 05:58:05.510  5045  5632 I System.out: ProxyFinder.FindFor - proxy type : DIRECT
07-24 05:58:05.510  5045  5632 I System.out: ProxyFinder.FindFor - No Proxy
07-24 05:58:05.527   270   383 V InputDispatcher: Asynchronous input event injection succeeded.
07-24 05:58:05.593  5045  5632 I System.out: ProxyFinder.FindFor - proxy type : DIRECT
07-24 05:58:05.593  5045  5632 I System.out: ProxyFinder.FindFor - No Proxy
07-24 05:58:05.602  5045  5632 I System.out: ProxyFinder.FindFor - proxy type : DIRECT
07-24 05:58:05.602  5045  5632 I System.out: ProxyFinder.FindFor - No Proxy
07-24 05:58:05.644  5045  5632 I System.out: ProxyFinder.FindFor - proxy type : DIRECT
07-24 05:58:05.644  5045  5632 I System.out: ProxyFinder.FindFor - No Proxy
07-24 05:58:05.650   270   383 V InputDispatcher: Asynchronous input event injection succeeded.
07-24 05:58:05.661  5045  5632 I System.out: ProxyFinder.FindFor - proxy type : DIRECT
07-24 05:58:05.661  5045  5632 I System.out: ProxyFinder.FindFor - No Proxy
07-24 05:58:05.792  5045  5632 I System.out: ProxyFinder.FindFor - proxy type : DIRECT
07-24 05:58:05.792  5045  5632 I System.out: ProxyFinder.FindFor - No Proxy
07-24 05:58:05.810  5045  5632 I System.out: ProxyFinder.FindFor - proxy type : DIRECT
07-24 05:58:05.810  5045  5632 I System.out: ProxyFinder.FindFor - No Proxy
07-24 05:58:05.860  5045  5632 I System.out: ProxyFinder.FindFor - proxy type : DIRECT
07-24 05:58:05.860  5045  5632 I System.out: ProxyFinder.FindFor - No Proxy
07-24 05:58:05.877  5045  5632 I System.out: ProxyFinder.FindFor - proxy type : DIRECT
07-24 05:58:05.877  5045  5632 I System.out: ProxyFinder.FindFor - No Proxy
07-24 05:58:05.942   184  3785 I vpu_api_legacy: setup encoder rate control config:
07-24 05:58:05.943   184  3785 I vpu_api_legacy: width  608 height 1080 format 10:1000d
07-24 05:58:05.943   184  3785 I vpu_api_legacy: rc_mode CBR qp 26 bps 4000000
07-24 05:58:05.943   184  3785 I vpu_api_legacy: fps in 60 fps out 60 gop 599
07-24 05:58:05.943   184  3785 I vpu_api_legacy: setup encoder stream feature config:
07-24 05:58:05.943   184  3785 I vpu_api_legacy: profile 66 level 31 cabac 0
07-24 05:58:05.943   184  3786 I mpp_enc : mpp_enc_proc_cfg cmd 0x320001
07-24 05:58:05.943   184  3786 I mpp_enc : mpp_enc_proc_rc_cfg change 170025
07-24 05:58:05.943   184  3786 I mpp_enc : mpp_enc_proc_rc_cfg MPP_ENC_RC_CFG_CHANGE_FPS_IN
07-24 05:58:05.943   184  3786 I mpp_enc : MPP_ENC_SET_RC_CFG bps 4000000 [3750000 : 4250000] fps [60:60] gop 599
07-24 05:58:05.943   184  3786 I mpp_enc : send header for set cfg change rc_mode/fps/gop
07-24 05:58:05.943   184  3786 I mpp_enc : set_rc_cfg rc->stats_time 0
07-24 05:58:05.943   184  3786 I mpp_enc : mode cbr bps [3750000:4000000:4250000] fps flex [60/1] -> flex [60/1] gop i [599] v [0]
07-24 05:58:05.943   184  3785 I vpu_api_legacy: vpu_api_set_enc_cfg out
07-24 05:58:05.943   184  3785 I omx_vmpp: setupEncCfg
07-24 05:58:05.943   184  3785 I omx_vmpp: setupFrameRate: framerate 60.00 
07-24 05:58:05.943   184  3785 I omx_vmpp: setupQp: qpInit 26 i 10-51 p 10-49
07-24 05:58:05.943   184  3785 E mpp_cfg : mpp_enc_cfg_set_s32: cfg rc:qp_max_step is invalid
07-24 05:58:05.943   184  3785 E mpp_cfg : mpp_enc_cfg_set_s32: cfg rc:cb_qp_offset is invalid
07-24 05:58:05.943   184  3785 E mpp_cfg : mpp_enc_cfg_set_s32: cfg rc:cr_qp_offset is invalid
07-24 05:58:05.943   184  3786 I mpp_enc : mpp_enc_proc_cfg cmd 0x320001
07-24 05:58:05.943   184  3786 I mpp_enc : mpp_enc_proc_rc_cfg change 170045
07-24 05:58:05.943   184  3786 I mpp_enc : mpp_enc_proc_rc_cfg MPP_ENC_RC_CFG_CHANGE_FPS_OUT
07-24 05:58:05.943   184  3786 I mpp_enc : MPP_ENC_SET_RC_CFG bps 4000000 [250000 : 4250000] fps [60:60] gop 599
07-24 05:58:05.943   184  3786 I mpp_enc : send header for set cfg change rc_mode/fps/gop
07-24 05:58:05.943   184  3786 I mpp_enc : set_rc_cfg rc->stats_time 0
07-24 05:58:05.943   184  3786 I mpp_enc : mode vbr bps [250000:4000000:4250000] fps flex [60/1] -> flex [60/1] gop i [599] v [0]
07-24 05:58:05.943   184  3786 I mpp_enc : xxxxmpp_packet_append
07-24 05:58:05.983   270   383 V InputDispatcher: Asynchronous input event injection succeeded.
07-24 05:58:06.073  5045  5632 I System.out: ProxyFinder.FindFor - proxy type : DIRECT
07-24 05:58:06.073  5045  5632 I System.out: ProxyFinder.FindFor - No Proxy
07-24 05:58:06.075  5045  5632 I System.out: ProxyFinder.FindFor - proxy type : DIRECT
07-24 05:58:06.075  5045  5632 I System.out: ProxyFinder.FindFor - No Proxy
07-24 05:58:06.122   270   383 V InputDispatcher: Asynchronous input event injection succeeded.
07-24 05:58:06.189  5045  5632 I System.out: ProxyFinder.FindFor - proxy type : DIRECT
07-24 05:58:06.189  5045  5632 I System.out: ProxyFinder.FindFor - No Proxy
07-24 05:58:06.197  5045  5632 I System.out: ProxyFinder.FindFor - proxy type : DIRECT
07-24 05:58:06.197  5045  5632 I System.out: ProxyFinder.FindFor - No Proxy
07-24 05:58:06.208   184  3786 I rc_model_v2: fps chg from 60 -> 94
07-24 05:58:06.277  5045  5632 I System.out: ProxyFinder.FindFor - proxy type : DIRECT
07-24 05:58:06.277  5045  5632 I System.out: ProxyFinder.FindFor - No Proxy
07-24 05:58:06.315  5045  5632 I System.out: ProxyFinder.FindFor - proxy type : DIRECT
07-24 05:58:06.315  5045  5632 I System.out: ProxyFinder.FindFor - No Proxy
07-24 05:58:06.345  5045  5632 I System.out: ProxyFinder.FindFor - proxy type : DIRECT
07-24 05:58:06.345  5045  5632 I System.out: ProxyFinder.FindFor - No Proxy
07-24 05:58:06.411  5045  5632 I System.out: ProxyFinder.FindFor - proxy type : DIRECT
07-24 05:58:06.411  5045  5632 I System.out: ProxyFinder.FindFor - No Proxy
07-24 05:58:06.436    94   126 E JWSensorsHal: connect to /data/misc/sensor/sensor_ctrl error:2 No such file or directory
07-24 05:58:06.458   184  3786 I rc_model_v2: fps chg from 94 -> 60
07-24 05:58:06.477    83   144 E JWAudioHAL: connect to /data/misc/audioserver/audio_out error:2 No such file or directory
07-24 05:58:06.501   270   383 V InputDispatcher: Asynchronous input event injection succeeded.
07-24 05:58:06.667   270   383 V InputDispatcher: Asynchronous input event injection succeeded.
07-24 05:58:06.676  5045  5632 I System.out: ProxyFinder.FindFor - proxy type : DIRECT
07-24 05:58:06.676  5045  5632 I System.out: ProxyFinder.FindFor - No Proxy
07-24 05:58:06.753  5045  5632 I System.out: ProxyFinder.FindFor - proxy type : DIRECT
07-24 05:58:06.753  5045  5632 I System.out: ProxyFinder.FindFor - No Proxy
07-24 05:58:06.794  5045  5632 I System.out: ProxyFinder.FindFor - proxy type : DIRECT
07-24 05:58:06.794  5045  5632 I System.out: ProxyFinder.FindFor - No Proxy
07-24 05:58:06.886   270   383 V InputDispatcher: Asynchronous input event injection succeeded.
07-24 05:58:06.894  5045  5632 I System.out: ProxyFinder.FindFor - proxy type : DIRECT
07-24 05:58:06.894  5045  5632 I System.out: ProxyFinder.FindFor - No Proxy
07-24 05:58:06.930    77  5891 E ResolverController: No valid NAT64 prefix (100, <unspecified>/0)
07-24 05:58:07.008   184  3785 I vpu_api_legacy: setup encoder rate control config:
07-24 05:58:07.008   184  3785 I vpu_api_legacy: width  608 height 1080 format 10:1000d
07-24 05:58:07.008   184  3785 I vpu_api_legacy: rc_mode CBR qp 26 bps 4000000
07-24 05:58:07.008   184  3785 I vpu_api_legacy: fps in 60 fps out 60 gop 599
07-24 05:58:07.008   184  3785 I vpu_api_legacy: setup encoder stream feature config:
07-24 05:58:07.008   184  3785 I vpu_api_legacy: profile 66 level 31 cabac 0
07-24 05:58:07.008   184  3786 I mpp_enc : mpp_enc_proc_cfg cmd 0x320001
07-24 05:58:07.008   184  3786 I mpp_enc : mpp_enc_proc_rc_cfg change 170025
07-24 05:58:07.008   184  3786 I mpp_enc : mpp_enc_proc_rc_cfg MPP_ENC_RC_CFG_CHANGE_FPS_IN
07-24 05:58:07.008   184  3786 I mpp_enc : MPP_ENC_SET_RC_CFG bps 4000000 [3750000 : 4250000] fps [60:60] gop 599
07-24 05:58:07.008   184  3786 I mpp_enc : send header for set cfg change rc_mode/fps/gop
07-24 05:58:07.008   184  3786 I mpp_enc : set_rc_cfg rc->stats_time 0
07-24 05:58:07.008   184  3786 I mpp_enc : mode cbr bps [3750000:4000000:4250000] fps flex [60/1] -> flex [60/1] gop i [599] v [0]
07-24 05:58:07.008   184  3785 I vpu_api_legacy: vpu_api_set_enc_cfg out
07-24 05:58:07.008   184  3785 I omx_vmpp: setupEncCfg
07-24 05:58:07.008   184  3785 I omx_vmpp: setupFrameRate: framerate 60.00 
07-24 05:58:07.008   184  3785 I omx_vmpp: setupQp: qpInit 26 i 10-51 p 10-49
07-24 05:58:07.008   184  3785 E mpp_cfg : mpp_enc_cfg_set_s32: cfg rc:qp_max_step is invalid
07-24 05:58:07.009   184  3785 E mpp_cfg : mpp_enc_cfg_set_s32: cfg rc:cb_qp_offset is invalid
07-24 05:58:07.009   184  3785 E mpp_cfg : mpp_enc_cfg_set_s32: cfg rc:cr_qp_offset is invalid
07-24 05:58:07.009   184  3786 I mpp_enc : mpp_enc_proc_cfg cmd 0x320001
07-24 05:58:07.009   184  3786 I mpp_enc : mpp_enc_proc_rc_cfg change 170045
07-24 05:58:07.009   184  3786 I mpp_enc : mpp_enc_proc_rc_cfg MPP_ENC_RC_CFG_CHANGE_FPS_OUT
07-24 05:58:07.009   184  3786 I mpp_enc : MPP_ENC_SET_RC_CFG bps 4000000 [250000 : 4250000] fps [60:60] gop 599
07-24 05:58:07.009   184  3786 I mpp_enc : send header for set cfg change rc_mode/fps/gop
07-24 05:58:07.009   184  3786 I mpp_enc : set_rc_cfg rc->stats_time 0
07-24 05:58:07.009   184  3786 I mpp_enc : mode vbr bps [250000:4000000:4250000] fps flex [60/1] -> flex [60/1] gop i [599] v [0]
07-24 05:58:07.009   184  3786 I mpp_enc : xxxxmpp_packet_append
07-24 05:58:07.018   270   383 V InputDispatcher: Asynchronous input event injection succeeded.
07-24 05:58:07.018   270   383 V InputDispatcher: Asynchronous input event injection succeeded.
07-24 05:58:07.074    87   976 E jw_gps  : connect to /data/misc/gps/gps_ctrl error:2 No such file or directory
07-24 05:58:07.160  5045  5632 I System.out: ProxyFinder.FindFor - proxy type : DIRECT
07-24 05:58:07.160  5045  5632 I System.out: ProxyFinder.FindFor - No Proxy
07-24 05:58:07.242  5045  5632 I System.out: ProxyFinder.FindFor - proxy type : DIRECT
07-24 05:58:07.242  5045  5632 I System.out: ProxyFinder.FindFor - No Proxy
07-24 05:58:07.368   270   383 V InputDispatcher: Asynchronous input event injection succeeded.
07-24 05:58:07.425  5045  5632 I System.out: ProxyFinder.FindFor - proxy type : DIRECT
07-24 05:58:07.425  5045  5632 I System.out: ProxyFinder.FindFor - No Proxy
07-24 05:58:07.518   270   383 V InputDispatcher: Asynchronous input event injection succeeded.
07-24 05:58:07.558  5045  5632 I System.out: ProxyFinder.FindFor - proxy type : DIRECT
07-24 05:58:07.558  5045  5632 I System.out: ProxyFinder.FindFor - No Proxy
07-24 05:58:07.718   270   383 W InputDispatcher: Asynchronous input event injection failed.
07-24 05:58:07.728  5045  5632 I System.out: ProxyFinder.FindFor - proxy type : DIRECT
07-24 05:58:07.728  5045  5632 I System.out: ProxyFinder.FindFor - No Proxy
07-24 05:58:07.991  5045  5632 I System.out: ProxyFinder.FindFor - proxy type : DIRECT
07-24 05:58:07.991  5045  5632 I System.out: ProxyFinder.FindFor - No Proxy
07-24 05:58:08.007   184  3785 I vpu_api_legacy: setup encoder rate control config:
07-24 05:58:08.007   184  3785 I vpu_api_legacy: width  608 height 1080 format 10:1000d
07-24 05:58:08.007   184  3785 I vpu_api_legacy: rc_mode CBR qp 26 bps 4000000
07-24 05:58:08.007   184  3785 I vpu_api_legacy: fps in 60 fps out 60 gop 599
07-24 05:58:08.007   184  3785 I vpu_api_legacy: setup encoder stream feature config:
07-24 05:58:08.007   184  3785 I vpu_api_legacy: profile 66 level 31 cabac 0
07-24 05:58:08.007   184  3786 I mpp_enc : mpp_enc_proc_cfg cmd 0x320001
07-24 05:58:08.007   184  3786 I mpp_enc : mpp_enc_proc_rc_cfg change 170025
07-24 05:58:08.007   184  3786 I mpp_enc : mpp_enc_proc_rc_cfg MPP_ENC_RC_CFG_CHANGE_FPS_IN
07-24 05:58:08.007   184  3786 I mpp_enc : MPP_ENC_SET_RC_CFG bps 4000000 [3750000 : 4250000] fps [60:60] gop 599
07-24 05:58:08.007   184  3786 I mpp_enc : send header for set cfg change rc_mode/fps/gop
07-24 05:58:08.007   184  3786 I mpp_enc : set_rc_cfg rc->stats_time 0
07-24 05:58:08.007   184  3786 I mpp_enc : mode cbr bps [3750000:4000000:4250000] fps flex [60/1] -> flex [60/1] gop i [599] v [0]
07-24 05:58:08.007   184  3785 I vpu_api_legacy: vpu_api_set_enc_cfg out
07-24 05:58:08.007   184  3785 I omx_vmpp: setupEncCfg
07-24 05:58:08.007   184  3785 I omx_vmpp: setupFrameRate: framerate 60.00 
07-24 05:58:08.007   184  3785 I omx_vmpp: setupQp: qpInit 26 i 10-51 p 10-49
07-24 05:58:08.007   184  3785 E mpp_cfg : mpp_enc_cfg_set_s32: cfg rc:qp_max_step is invalid
07-24 05:58:08.007   184  3785 E mpp_cfg : mpp_enc_cfg_set_s32: cfg rc:cb_qp_offset is invalid
07-24 05:58:08.007   184  3785 E mpp_cfg : mpp_enc_cfg_set_s32: cfg rc:cr_qp_offset is invalid
07-24 05:58:08.007   184  3786 I mpp_enc : mpp_enc_proc_cfg cmd 0x320001
07-24 05:58:08.007   184  3786 I mpp_enc : mpp_enc_proc_rc_cfg change 170045
07-24 05:58:08.007   184  3786 I mpp_enc : mpp_enc_proc_rc_cfg MPP_ENC_RC_CFG_CHANGE_FPS_OUT
07-24 05:58:08.007   184  3786 I mpp_enc : MPP_ENC_SET_RC_CFG bps 4000000 [250000 : 4250000] fps [60:60] gop 599
07-24 05:58:08.007   184  3786 I mpp_enc : send header for set cfg change rc_mode/fps/gop
07-24 05:58:08.007   184  3786 I mpp_enc : set_rc_cfg rc->stats_time 0
07-24 05:58:08.007   184  3786 I mpp_enc : mode vbr bps [250000:4000000:4250000] fps flex [60/1] -> flex [60/1] gop i [599] v [0]
07-24 05:58:08.007   184  3786 I mpp_enc : xxxxmpp_packet_append
07-24 05:58:08.071   270   383 V InputDispatcher: Asynchronous input event injection succeeded.
07-24 05:58:08.218   270   383 V InputDispatcher: Asynchronous input event injection succeeded.
07-24 05:58:08.258   184  3786 I rc_model_v2: fps chg from 60 -> 107
07-24 05:58:08.452   270   383 W InputDispatcher: Asynchronous input event injection failed.
07-24 05:58:08.492  5045  5632 I System.out: ProxyFinder.FindFor - proxy type : DIRECT
07-24 05:58:08.492  5045  5632 I System.out: ProxyFinder.FindFor - No Proxy
07-24 05:58:08.525   184  3786 I rc_model_v2: fps chg from 107 -> 60
07-24 05:58:08.558  5045  5632 I System.out: ProxyFinder.FindFor - proxy type : DIRECT
07-24 05:58:08.558  5045  5632 I System.out: ProxyFinder.FindFor - No Proxy
07-24 05:58:08.608  5045  5632 I System.out: ProxyFinder.FindFor - proxy type : DIRECT
07-24 05:58:08.608  5045  5632 I System.out: ProxyFinder.FindFor - No Proxy
07-24 05:58:08.644  5045  5632 I System.out: ProxyFinder.FindFor - proxy type : DIRECT
07-24 05:58:08.644  5045  5632 I System.out: ProxyFinder.FindFor - No Proxy
07-24 05:58:08.727  5045  5632 I System.out: ProxyFinder.FindFor - proxy type : DIRECT
07-24 05:58:08.727  5045  5632 I System.out: ProxyFinder.FindFor - No Proxy
07-24 05:58:08.979  5045  5632 I System.out: ProxyFinder.FindFor - proxy type : DIRECT
07-24 05:58:08.979  5045  5632 I System.out: ProxyFinder.FindFor - No Proxy
07-24 05:58:09.007   184  3785 I vpu_api_legacy: setup encoder rate control config:
07-24 05:58:09.008   184  3785 I vpu_api_legacy: width  608 height 1080 format 10:1000d
07-24 05:58:09.008   184  3785 I vpu_api_legacy: rc_mode CBR qp 26 bps 4000000
07-24 05:58:09.008   184  3785 I vpu_api_legacy: fps in 60 fps out 60 gop 599
07-24 05:58:09.008   184  3785 I vpu_api_legacy: setup encoder stream feature config:
07-24 05:58:09.008   184  3785 I vpu_api_legacy: profile 66 level 31 cabac 0
07-24 05:58:09.008   184  3786 I mpp_enc : mpp_enc_proc_cfg cmd 0x320001
07-24 05:58:09.008   184  3786 I mpp_enc : mpp_enc_proc_rc_cfg change 170025
07-24 05:58:09.008   184  3786 I mpp_enc : mpp_enc_proc_rc_cfg MPP_ENC_RC_CFG_CHANGE_FPS_IN
07-24 05:58:09.008   184  3786 I mpp_enc : MPP_ENC_SET_RC_CFG bps 4000000 [3750000 : 4250000] fps [60:60] gop 599
07-24 05:58:09.008   184  3786 I mpp_enc : send header for set cfg change rc_mode/fps/gop
07-24 05:58:09.008   184  3786 I mpp_enc : set_rc_cfg rc->stats_time 0
07-24 05:58:09.008   184  3786 I mpp_enc : mode cbr bps [3750000:4000000:4250000] fps flex [60/1] -> flex [60/1] gop i [599] v [0]
07-24 05:58:09.008   184  3785 I vpu_api_legacy: vpu_api_set_enc_cfg out
07-24 05:58:09.008   184  3785 I omx_vmpp: setupEncCfg
07-24 05:58:09.008   184  3785 I omx_vmpp: setupFrameRate: framerate 60.00 
07-24 05:58:09.008   184  3785 I omx_vmpp: setupQp: qpInit 26 i 10-51 p 10-49
07-24 05:58:09.008   184  3785 E mpp_cfg : mpp_enc_cfg_set_s32: cfg rc:qp_max_step is invalid
07-24 05:58:09.008   184  3785 E mpp_cfg : mpp_enc_cfg_set_s32: cfg rc:cb_qp_offset is invalid
07-24 05:58:09.008   184  3785 E mpp_cfg : mpp_enc_cfg_set_s32: cfg rc:cr_qp_offset is invalid
07-24 05:58:09.008   184  3786 I mpp_enc : mpp_enc_proc_cfg cmd 0x320001
07-24 05:58:09.008   184  3786 I mpp_enc : mpp_enc_proc_rc_cfg change 170045
07-24 05:58:09.008   184  3786 I mpp_enc : mpp_enc_proc_rc_cfg MPP_ENC_RC_CFG_CHANGE_FPS_OUT
07-24 05:58:09.008   184  3786 I mpp_enc : MPP_ENC_SET_RC_CFG bps 4000000 [250000 : 4250000] fps [60:60] gop 599
07-24 05:58:09.008   184  3786 I mpp_enc : send header for set cfg change rc_mode/fps/gop
07-24 05:58:09.008   184  3786 I mpp_enc : set_rc_cfg rc->stats_time 0
07-24 05:58:09.008   184  3786 I mpp_enc : mode vbr bps [250000:4000000:4250000] fps flex [60/1] -> flex [60/1] gop i [599] v [0]
07-24 05:58:09.009   184  3786 I mpp_enc : xxxxmpp_packet_append
07-24 05:58:09.058  5045  5632 I System.out: ProxyFinder.FindFor - proxy type : DIRECT
07-24 05:58:09.058  5045  5632 I System.out: ProxyFinder.FindFor - No Proxy
07-24 05:58:09.109  5045  5632 I System.out: ProxyFinder.FindFor - proxy type : DIRECT
07-24 05:58:09.109  5045  5632 I System.out: ProxyFinder.FindFor - No Proxy
07-24 05:58:09.152   270   383 V InputDispatcher: Asynchronous input event injection succeeded.
07-24 05:58:09.274   184  3786 I rc_model_v2: fps chg from 60 -> 109
07-24 05:58:09.291  5045  5632 I System.out: ProxyFinder.FindFor - proxy type : DIRECT
07-24 05:58:09.292  5045  5632 I System.out: ProxyFinder.FindFor - No Proxy
07-24 05:58:09.309  5045  5632 I System.out: ProxyFinder.FindFor - proxy type : DIRECT
07-24 05:58:09.309  5045  5632 I System.out: ProxyFinder.FindFor - No Proxy
07-24 05:58:09.319   270   383 V InputDispatcher: Asynchronous input event injection succeeded.
07-24 05:58:09.359  5045  5632 I System.out: ProxyFinder.FindFor - proxy type : DIRECT
07-24 05:58:09.359  5045  5632 I System.out: ProxyFinder.FindFor - No Proxy
07-24 05:58:09.525   184  3786 I rc_model_v2: fps chg from 109 -> 59
07-24 05:58:09.654   270   383 V InputDispatcher: Asynchronous input event injection succeeded.
07-24 05:58:09.659  5045  5632 I System.out: ProxyFinder.FindFor - proxy type : DIRECT
07-24 05:58:09.659  5045  5632 I System.out: ProxyFinder.FindFor - No Proxy
07-24 05:58:09.787   270   383 V InputDispatcher: Asynchronous input event injection succeeded.
07-24 05:58:09.987   270   383 W InputDispatcher: Asynchronous input event injection failed.
07-24 05:58:10.007   184  3785 I vpu_api_legacy: setup encoder rate control config:
07-24 05:58:10.007   184  3785 I vpu_api_legacy: width  608 height 1080 format 10:1000d
07-24 05:58:10.007   184  3785 I vpu_api_legacy: rc_mode CBR qp 26 bps 4000000
07-24 05:58:10.007   184  3785 I vpu_api_legacy: fps in 60 fps out 60 gop 599
07-24 05:58:10.007   184  3785 I vpu_api_legacy: setup encoder stream feature config:
07-24 05:58:10.007   184  3785 I vpu_api_legacy: profile 66 level 31 cabac 0
07-24 05:58:10.007   184  3786 I mpp_enc : mpp_enc_proc_cfg cmd 0x320001
07-24 05:58:10.007   184  3786 I mpp_enc : mpp_enc_proc_rc_cfg change 170025
07-24 05:58:10.007   184  3786 I mpp_enc : mpp_enc_proc_rc_cfg MPP_ENC_RC_CFG_CHANGE_FPS_IN
07-24 05:58:10.007   184  3786 I mpp_enc : MPP_ENC_SET_RC_CFG bps 4000000 [3750000 : 4250000] fps [60:60] gop 599
07-24 05:58:10.007   184  3786 I mpp_enc : send header for set cfg change rc_mode/fps/gop
07-24 05:58:10.007   184  3786 I mpp_enc : set_rc_cfg rc->stats_time 0
07-24 05:58:10.007   184  3786 I mpp_enc : mode cbr bps [3750000:4000000:4250000] fps flex [60/1] -> flex [60/1] gop i [599] v [0]
07-24 05:58:10.007   184  3785 I vpu_api_legacy: vpu_api_set_enc_cfg out
07-24 05:58:10.007   184  3785 I omx_vmpp: setupEncCfg
07-24 05:58:10.007   184  3785 I omx_vmpp: setupFrameRate: framerate 60.00 
07-24 05:58:10.008   184  3785 I omx_vmpp: setupQp: qpInit 26 i 10-51 p 10-49
07-24 05:58:10.008   184  3785 E mpp_cfg : mpp_enc_cfg_set_s32: cfg rc:qp_max_step is invalid
07-24 05:58:10.008   184  3785 E mpp_cfg : mpp_enc_cfg_set_s32: cfg rc:cb_qp_offset is invalid
07-24 05:58:10.008   184  3785 E mpp_cfg : mpp_enc_cfg_set_s32: cfg rc:cr_qp_offset is invalid
07-24 05:58:10.008   184  3786 I mpp_enc : mpp_enc_proc_cfg cmd 0x320001
07-24 05:58:10.008   184  3786 I mpp_enc : mpp_enc_proc_rc_cfg change 170045
07-24 05:58:10.008   184  3786 I mpp_enc : mpp_enc_proc_rc_cfg MPP_ENC_RC_CFG_CHANGE_FPS_OUT
07-24 05:58:10.008   184  3786 I mpp_enc : MPP_ENC_SET_RC_CFG bps 4000000 [250000 : 4250000] fps [60:60] gop 599
07-24 05:58:10.008   184  3786 I mpp_enc : send header for set cfg change rc_mode/fps/gop
07-24 05:58:10.008   184  3786 I mpp_enc : set_rc_cfg rc->stats_time 0
07-24 05:58:10.008   184  3786 I mpp_enc : mode vbr bps [250000:4000000:4250000] fps flex [60/1] -> flex [60/1] gop i [599] v [0]
07-24 05:58:10.008   184  3786 I mpp_enc : xxxxmpp_packet_append
07-24 05:58:10.058  5045  5632 I System.out: ProxyFinder.FindFor - proxy type : DIRECT
07-24 05:58:10.058  5045  5632 I System.out: ProxyFinder.FindFor - No Proxy
07-24 05:58:10.142  5045  5632 I System.out: ProxyFinder.FindFor - proxy type : DIRECT
07-24 05:58:10.142  5045  5632 I System.out: ProxyFinder.FindFor - No Proxy
07-24 05:58:10.258  5045  5632 I System.out: ProxyFinder.FindFor - proxy type : DIRECT
07-24 05:58:10.258  5045  5632 I System.out: ProxyFinder.FindFor - No Proxy
07-24 05:58:10.275   184  3786 I rc_model_v2: fps chg from 60 -> 108
07-24 05:58:10.389   270   383 V InputDispatcher: Asynchronous input event injection succeeded.
07-24 05:58:10.541   184  3786 I rc_model_v2: fps chg from 108 -> 60
07-24 05:58:10.541  5045  5632 I System.out: ProxyFinder.FindFor - proxy type : DIRECT
07-24 05:58:10.541  5045  5632 I System.out: ProxyFinder.FindFor - No Proxy
07-24 05:58:10.554   270   383 V InputDispatcher: Asynchronous input event injection succeeded.
07-24 05:58:10.626  5045  5632 I System.out: ProxyFinder.FindFor - proxy type : DIRECT
07-24 05:58:10.626  5045  5632 I System.out: ProxyFinder.FindFor - No Proxy
07-24 05:58:10.693  5045  5632 I System.out: ProxyFinder.FindFor - proxy type : DIRECT
07-24 05:58:10.693  5045  5632 I System.out: ProxyFinder.FindFor - No Proxy
07-24 05:58:10.727  5045  5632 I System.out: ProxyFinder.FindFor - proxy type : DIRECT
07-24 05:58:10.727  5045  5632 I System.out: ProxyFinder.FindFor - No Proxy
07-24 05:58:10.743  1191  3731 W GLSUser : [AppCertManager] Exception while requesting key: 
07-24 05:58:10.743  1191  3731 W GLSUser : java.util.concurrent.ExecutionException: bkue: Failed to process request
07-24 05:58:10.743  1191  3731 W GLSUser :      at duva.s(:com.google.android.gms@240713022@24.07.13 (100400-607434947):21)
07-24 05:58:10.743  1191  3731 W GLSUser :      at duva.get(:com.google.android.gms@240713022@24.07.13 (100400-607434947):14)
07-24 05:58:10.743  1191  3731 W GLSUser :      at wsj.b(:com.google.android.gms@240713022@24.07.13 (100400-607434947):468)
07-24 05:58:10.743  1191  3731 W GLSUser :      at wsh.b(:com.google.android.gms@240713022@24.07.13 (100400-607434947):31)
07-24 05:58:10.743  1191  3731 W GLSUser :      at wsc.a(:com.google.android.gms@240713022@24.07.13 (100400-607434947):1)
07-24 05:58:10.743  1191  3731 W GLSUser :      at wsf.a(:com.google.android.gms@240713022@24.07.13 (100400-607434947):55)
07-24 05:58:10.743  1191  3731 W GLSUser :      at tli.call(:com.google.android.gms@240713022@24.07.13 (100400-607434947):56)
07-24 05:58:10.743  1191  3731 W GLSUser :      at java.util.concurrent.FutureTask.run(FutureTask.java:266)
07-24 05:58:10.743  1191  3731 W GLSUser :      at amat.c(:com.google.android.gms@240713022@24.07.13 (100400-607434947):50)
07-24 05:58:10.743  1191  3731 W GLSUser :      at amat.run(:com.google.android.gms@240713022@24.07.13 (100400-607434947):76)
07-24 05:58:10.743  1191  3731 W GLSUser :      at java.util.concurrent.ThreadPoolExecutor.runWorker(ThreadPoolExecutor.java:1167)
07-24 05:58:10.743  1191  3731 W GLSUser :      at java.util.concurrent.ThreadPoolExecutor$Worker.run(ThreadPoolExecutor.java:641)
07-24 05:58:10.743  1191  3731 W GLSUser :      at amgi.run(:com.google.android.gms@240713022@24.07.13 (100400-607434947):8)
07-24 05:58:10.743  1191  3731 W GLSUser :      at java.lang.Thread.run(Thread.java:919)
07-24 05:58:10.743  1191  3731 W GLSUser : Caused by: bkue: Failed to process request
07-24 05:58:10.743  1191  3731 W GLSUser :      at bkxg.b(:com.google.android.gms@240713022@24.07.13 (100400-607434947):19)
07-24 05:58:10.743  1191  3731 W GLSUser :      at bkxu.onFailed(:com.google.android.gms@240713022@24.07.13 (100400-607434947):13)
07-24 05:58:10.743  1191  3731 W GLSUser :      at m.nj.onFailed(:com.google.android.gms.dynamite_cronetdynamite@240713022@24.07.13 (100400-0):3)
07-24 05:58:10.743  1191  3731 W GLSUser :      at m.mi.run(:com.google.android.gms.dynamite_cronetdynamite@240713022@24.07.13 (100400-0):9)
07-24 05:58:10.743  1191  3731 W GLSUser :      ... 6 more
07-24 05:58:10.743  1191  3731 W GLSUser : Caused by: m.ms: Exception in CronetUrlRequest: net::ERR_TIMED_OUT, ErrorCode=4, InternalErrorCode=-7, Retryable=true
07-24 05:58:10.743  1191  3731 W GLSUser :      at org.chromium.net.impl.CronetUrlRequest.onError(:com.google.android.gms.dynamite_cronetdynamite@240713022@24.07.13 (100400-0):7)
07-24 05:58:10.749  2274  2314 W DG      : [flow devicekey] DroidGuardRunner.newVmProcessForFastSignalCollection(): Fast program not found [CONTEXT service_id=25 ]
07-24 05:58:10.974  2274  2313 E chromium: [0724/055810.974484:ERROR:ssl_client_socket_impl.cc(974)] handshake failed; returned -1, SSL error code 1, net_error -101
07-24 05:58:10.993  5045  5632 I System.out: ProxyFinder.FindFor - proxy type : DIRECT
07-24 05:58:10.993  5045  5632 I System.out: ProxyFinder.FindFor - No Proxy
07-24 05:58:11.007   184  3785 I vpu_api_legacy: setup encoder rate control config:
07-24 05:58:11.007   184  3785 I vpu_api_legacy: width  608 height 1080 format 10:1000d
07-24 05:58:11.007   184  3785 I vpu_api_legacy: rc_mode CBR qp 26 bps 4000000
07-24 05:58:11.007   184  3785 I vpu_api_legacy: fps in 60 fps out 60 gop 599
07-24 05:58:11.007   184  3785 I vpu_api_legacy: setup encoder stream feature config:
07-24 05:58:11.007   184  3785 I vpu_api_legacy: profile 66 level 31 cabac 0
07-24 05:58:11.007   184  3786 I mpp_enc : mpp_enc_proc_cfg cmd 0x320001
07-24 05:58:11.007   184  3786 I mpp_enc : mpp_enc_proc_rc_cfg change 170025
07-24 05:58:11.007   184  3786 I mpp_enc : mpp_enc_proc_rc_cfg MPP_ENC_RC_CFG_CHANGE_FPS_IN
07-24 05:58:11.007   184  3786 I mpp_enc : MPP_ENC_SET_RC_CFG bps 4000000 [3750000 : 4250000] fps [60:60] gop 599
07-24 05:58:11.007   184  3786 I mpp_enc : send header for set cfg change rc_mode/fps/gop
07-24 05:58:11.007   184  3786 I mpp_enc : set_rc_cfg rc->stats_time 0
07-24 05:58:11.007   184  3786 I mpp_enc : mode cbr bps [3750000:4000000:4250000] fps flex [60/1] -> flex [60/1] gop i [599] v [0]
07-24 05:58:11.007   184  3785 I vpu_api_legacy: vpu_api_set_enc_cfg out
07-24 05:58:11.007   184  3785 I omx_vmpp: setupEncCfg
07-24 05:58:11.007   184  3785 I omx_vmpp: setupFrameRate: framerate 60.00 
07-24 05:58:11.007   184  3785 I omx_vmpp: setupQp: qpInit 26 i 10-51 p 10-49
07-24 05:58:11.007   184  3785 E mpp_cfg : mpp_enc_cfg_set_s32: cfg rc:qp_max_step is invalid
07-24 05:58:11.007   184  3785 E mpp_cfg : mpp_enc_cfg_set_s32: cfg rc:cb_qp_offset is invalid
07-24 05:58:11.007   184  3785 E mpp_cfg : mpp_enc_cfg_set_s32: cfg rc:cr_qp_offset is invalid
07-24 05:58:11.007   184  3786 I mpp_enc : mpp_enc_proc_cfg cmd 0x320001
07-24 05:58:11.007   184  3786 I mpp_enc : mpp_enc_proc_rc_cfg change 170045
07-24 05:58:11.007   184  3786 I mpp_enc : mpp_enc_proc_rc_cfg MPP_ENC_RC_CFG_CHANGE_FPS_OUT
07-24 05:58:11.007   184  3786 I mpp_enc : MPP_ENC_SET_RC_CFG bps 4000000 [250000 : 4250000] fps [60:60] gop 599
07-24 05:58:11.007   184  3786 I mpp_enc : send header for set cfg change rc_mode/fps/gop
07-24 05:58:11.007   184  3786 I mpp_enc : set_rc_cfg rc->stats_time 0
07-24 05:58:11.007   184  3786 I mpp_enc : mode vbr bps [250000:4000000:4250000] fps flex [60/1] -> flex [60/1] gop i [599] v [0]
07-24 05:58:11.007   184  3786 I mpp_enc : xxxxmpp_packet_append
07-24 05:58:11.110  5045  5632 I System.out: ProxyFinder.FindFor - proxy type : DIRECT
07-24 05:58:11.110  5045  5632 I System.out: ProxyFinder.FindFor - No Proxy
07-24 05:58:11.142  5045  5632 I System.out: ProxyFinder.FindFor - proxy type : DIRECT
07-24 05:58:11.142  5045  5632 I System.out: ProxyFinder.FindFor - No Proxy
07-24 05:58:11.193   270   383 V InputDispatcher: Asynchronous input event injection succeeded.
07-24 05:58:11.243  5045  5632 I System.out: ProxyFinder.FindFor - proxy type : DIRECT
07-24 05:58:11.243  5045  5632 I System.out: ProxyFinder.FindFor - No Proxy
07-24 05:58:11.260  5045  5632 I System.out: ProxyFinder.FindFor - proxy type : DIRECT
07-24 05:58:11.260  5045  5632 I System.out: ProxyFinder.FindFor - No Proxy
07-24 05:58:11.274   184  3786 I rc_model_v2: fps chg from 60 -> 104
07-24 05:58:11.405   270   383 V InputDispatcher: Asynchronous input event injection succeeded.
07-24 05:58:11.413  5045  5632 I System.out: ProxyFinder.FindFor - proxy type : DIRECT
07-24 05:58:11.413  5045  5632 I System.out: ProxyFinder.FindFor - No Proxy
07-24 05:58:11.413  5045  5632 I System.out: ProxyFinder.FindFor - proxy type : DIRECT
07-24 05:58:11.413  5045  5632 I System.out: ProxyFinder.FindFor - No Proxy
07-24 05:58:11.436    94   126 E JWSensorsHal: connect to /data/misc/sensor/sensor_ctrl error:2 No such file or directory
07-24 05:58:11.477    83   144 E JWAudioHAL: connect to /data/misc/audioserver/audio_out error:2 No such file or directory
07-24 05:58:11.541   184  3786 I rc_model_v2: fps chg from 104 -> 59
07-24 05:58:11.609  5045  5632 I System.out: ProxyFinder.FindFor - proxy type : DIRECT
07-24 05:58:11.609  5045  5632 I System.out: ProxyFinder.FindFor - No Proxy
07-24 05:58:11.692  5045  5632 I System.out: ProxyFinder.FindFor - proxy type : DIRECT
07-24 05:58:11.692  5045  5632 I System.out: ProxyFinder.FindFor - No Proxy
07-24 05:58:11.757   270   383 V InputDispatcher: Asynchronous input event injection succeeded.
07-24 05:58:11.811  5045  5632 I System.out: ProxyFinder.FindFor - proxy type : DIRECT
07-24 05:58:11.811  5045  5632 I System.out: ProxyFinder.FindFor - No Proxy
07-24 05:58:11.811  5045  5632 I System.out: ProxyFinder.FindFor - proxy type : DIRECT
07-24 05:58:11.811  5045  5632 I System.out: ProxyFinder.FindFor - No Proxy
07-24 05:58:11.906   270   383 V InputDispatcher: Asynchronous input event injection succeeded.
07-24 05:58:11.977  5045  5632 I System.out: ProxyFinder.FindFor - proxy type : DIRECT
07-24 05:58:11.977  5045  5632 I System.out: ProxyFinder.FindFor - No Proxy
07-24 05:58:12.007   184  3785 I vpu_api_legacy: setup encoder rate control config:
07-24 05:58:12.007   184  3785 I vpu_api_legacy: width  608 height 1080 format 10:1000d
07-24 05:58:12.007   184  3785 I vpu_api_legacy: rc_mode CBR qp 26 bps 4000000
07-24 05:58:12.007   184  3785 I vpu_api_legacy: fps in 60 fps out 60 gop 599
07-24 05:58:12.007   184  3785 I vpu_api_legacy: setup encoder stream feature config:
07-24 05:58:12.007   184  3785 I vpu_api_legacy: profile 66 level 31 cabac 0
07-24 05:58:12.008   184  3786 I mpp_enc : mpp_enc_proc_cfg cmd 0x320001
07-24 05:58:12.008   184  3786 I mpp_enc : mpp_enc_proc_rc_cfg change 170025
07-24 05:58:12.008   184  3786 I mpp_enc : mpp_enc_proc_rc_cfg MPP_ENC_RC_CFG_CHANGE_FPS_IN
07-24 05:58:12.008   184  3786 I mpp_enc : MPP_ENC_SET_RC_CFG bps 4000000 [3750000 : 4250000] fps [60:60] gop 599
07-24 05:58:12.008   184  3786 I mpp_enc : send header for set cfg change rc_mode/fps/gop
07-24 05:58:12.008   184  3786 I mpp_enc : set_rc_cfg rc->stats_time 0
07-24 05:58:12.008   184  3786 I mpp_enc : mode cbr bps [3750000:4000000:4250000] fps flex [60/1] -> flex [60/1] gop i [599] v [0]
07-24 05:58:12.008   184  3785 I vpu_api_legacy: vpu_api_set_enc_cfg out
07-24 05:58:12.008   184  3785 I omx_vmpp: setupEncCfg
07-24 05:58:12.008   184  3785 I omx_vmpp: setupFrameRate: framerate 60.00 
07-24 05:58:12.008   184  3785 I omx_vmpp: setupQp: qpInit 26 i 10-51 p 10-49
07-24 05:58:12.008   184  3785 E mpp_cfg : mpp_enc_cfg_set_s32: cfg rc:qp_max_step is invalid
07-24 05:58:12.008   184  3785 E mpp_cfg : mpp_enc_cfg_set_s32: cfg rc:cb_qp_offset is invalid
07-24 05:58:12.008   184  3785 E mpp_cfg : mpp_enc_cfg_set_s32: cfg rc:cr_qp_offset is invalid
07-24 05:58:12.008   184  3786 I mpp_enc : mpp_enc_proc_cfg cmd 0x320001
07-24 05:58:12.008   184  3786 I mpp_enc : mpp_enc_proc_rc_cfg change 170045
07-24 05:58:12.008   184  3786 I mpp_enc : mpp_enc_proc_rc_cfg MPP_ENC_RC_CFG_CHANGE_FPS_OUT
07-24 05:58:12.008   184  3786 I mpp_enc : MPP_ENC_SET_RC_CFG bps 4000000 [250000 : 4250000] fps [60:60] gop 599
07-24 05:58:12.008   184  3786 I mpp_enc : send header for set cfg change rc_mode/fps/gop
07-24 05:58:12.008   184  3786 I mpp_enc : set_rc_cfg rc->stats_time 0
07-24 05:58:12.008   184  3786 I mpp_enc : mode vbr bps [250000:4000000:4250000] fps flex [60/1] -> flex [60/1] gop i [599] v [0]
07-24 05:58:12.008   184  3786 I mpp_enc : xxxxmpp_packet_append
07-24 05:58:12.074    87   976 E jw_gps  : connect to /data/misc/gps/gps_ctrl error:2 No such file or directory
07-24 05:58:12.156  1191  5498 E cdyg    : Phenotype registration failed [CONTEXT service_id=51 ]
07-24 05:58:12.156  1191  5498 E cdyg    : java.util.concurrent.TimeoutException: Timed out waiting for Task
07-24 05:58:12.156  1191  5498 E cdyg    :      at codu.o(:com.google.android.gms@240713022@24.07.13 (100400-607434947):53)
07-24 05:58:12.156  1191  5498 E cdyg    :      at cdyg.a(:com.google.android.gms@240713022@24.07.13 (100400-607434947):56)
07-24 05:58:12.156  1191  5498 E cdyg    :      at com.google.android.gms.phenotype.sync.HeterodyneSyncTaskChimeraService.d(:com.google.android.gms@240713022@24.07.13 (100400-607434947):47)
07-24 05:58:12.156  1191  5498 E cdyg    :      at com.google.android.gms.phenotype.sync.HeterodyneSyncTaskChimeraService.hI(:com.google.android.gms@240713022@24.07.13 (100400-607434947):98)
07-24 05:58:12.156  1191  5498 E cdyg    :      at blac.call(:com.google.android.gms@240713022@24.07.13 (100400-607434947):32)
07-24 05:58:12.156  1191  5498 E cdyg    :      at java.util.concurrent.FutureTask.run(FutureTask.java:266)
07-24 05:58:12.156  1191  5498 E cdyg    :      at amat.c(:com.google.android.gms@240713022@24.07.13 (100400-607434947):50)
07-24 05:58:12.156  1191  5498 E cdyg    :      at amat.run(:com.google.android.gms@240713022@24.07.13 (100400-607434947):76)
07-24 05:58:12.156  1191  5498 E cdyg    :      at java.util.concurrent.ThreadPoolExecutor.runWorker(ThreadPoolExecutor.java:1167)
07-24 05:58:12.156  1191  5498 E cdyg    :      at java.util.concurrent.ThreadPoolExecutor$Worker.run(ThreadPoolExecutor.java:641)
07-24 05:58:12.156  1191  5498 E cdyg    :      at amgi.run(:com.google.android.gms@240713022@24.07.13 (100400-607434947):8)
07-24 05:58:12.156  1191  5498 E cdyg    :      at java.lang.Thread.run(Thread.java:919)
07-24 05:58:12.162  1191  5498 E Parcel  : Reading a NULL string not supported here.
07-24 05:58:12.164  1191  5498 I chatty  : uid=10043(com.google.android.gms) lowpool[80] identical 1 line
07-24 05:58:12.165  1191  5498 E Parcel  : Reading a NULL string not supported here.
07-24 05:58:12.240  1191  1996 E chromium: [0724/055812.240644:ERROR:ssl_client_socket_impl.cc(974)] handshake failed; returned -1, SSL error code 1, net_error -101
07-24 05:58:12.242  1191  1503 W HeterodyneSyncer: Sync failed [CONTEXT service_id=51 ]
07-24 05:58:12.242  1191  1503 W HeterodyneSyncer: cdxj: 29504: Network error
07-24 05:58:12.242  1191  1503 W HeterodyneSyncer:      at cecd.K(:com.google.android.gms@240713022@24.07.13 (100400-607434947):383)
07-24 05:58:12.242  1191  1503 W HeterodyneSyncer:      at cecd.q(:com.google.android.gms@240713022@24.07.13 (100400-607434947):124)
07-24 05:58:12.242  1191  1503 W HeterodyneSyncer:      at cecd.y(:com.google.android.gms@240713022@24.07.13 (100400-607434947):10)
07-24 05:58:12.242  1191  1503 W HeterodyneSyncer:      at cecd.r(:com.google.android.gms@240713022@24.07.13 (100400-607434947):21)
07-24 05:58:12.242  1191  1503 W HeterodyneSyncer:      at ceao.h(:com.google.android.gms@240713022@24.07.13 (100400-607434947):187)
07-24 05:58:12.242  1191  1503 W HeterodyneSyncer:      at cdzc.g(:com.google.android.gms@240713022@24.07.13 (100400-607434947):18)
07-24 05:58:12.242  1191  1503 W HeterodyneSyncer:      at cdzc.f(:com.google.android.gms@240713022@24.07.13 (100400-607434947):11)
07-24 05:58:12.242  1191  1503 W HeterodyneSyncer:      at bkhv.fO(:com.google.android.gms@240713022@24.07.13 (100400-607434947):1)
07-24 05:58:12.242  1191  1503 W HeterodyneSyncer:      at bkie.run(:com.google.android.gms@240713022@24.07.13 (100400-607434947):100)
07-24 05:58:12.242  1191  1503 W HeterodyneSyncer:      at dnzs.run(:com.google.android.gms@240713022@24.07.13 (100400-607434947):21)
07-24 05:58:12.242  1191  1503 W HeterodyneSyncer:      at amat.c(:com.google.android.gms@240713022@24.07.13 (100400-607434947):50)
07-24 05:58:12.242  1191  1503 W HeterodyneSyncer:      at amat.run(:com.google.android.gms@240713022@24.07.13 (100400-607434947):97)
07-24 05:58:12.242  1191  1503 W HeterodyneSyncer:      at java.util.concurrent.ThreadPoolExecutor.runWorker(ThreadPoolExecutor.java:1167)
07-24 05:58:12.242  1191  1503 W HeterodyneSyncer:      at java.util.concurrent.ThreadPoolExecutor$Worker.run(ThreadPoolExecutor.java:641)
07-24 05:58:12.242  1191  1503 W HeterodyneSyncer:      at amgi.run(:com.google.android.gms@240713022@24.07.13 (100400-607434947):8)
07-24 05:58:12.242  1191  1503 W HeterodyneSyncer:      at java.lang.Thread.run(Thread.java:919)
07-24 05:58:12.242  1191  1503 W HeterodyneSyncer: Caused by: java.io.IOException: request causes GmsNetworkException without UrlResponseInfo at execution
07-24 05:58:12.242  1191  1503 W HeterodyneSyncer:      at cecj.a(:com.google.android.gms@240713022@24.07.13 (100400-607434947):430)
07-24 05:58:12.242  1191  1503 W HeterodyneSyncer:      at cecd.K(:com.google.android.gms@240713022@24.07.13 (100400-607434947):19)
07-24 05:58:12.242  1191  1503 W HeterodyneSyncer:      ... 15 more
07-24 05:58:12.242  1191  1503 W HeterodyneSyncer: Caused by: bkue: Failed to process request
07-24 05:58:12.242  1191  1503 W HeterodyneSyncer:      at bkxg.b(:com.google.android.gms@240713022@24.07.13 (100400-607434947):19)
07-24 05:58:12.242  1191  1503 W HeterodyneSyncer:      at bkxu.onFailed(:com.google.android.gms@240713022@24.07.13 (100400-607434947):13)
07-24 05:58:12.242  1191  1503 W HeterodyneSyncer:      at m.nj.onFailed(:com.google.android.gms.dynamite_cronetdynamite@240713022@24.07.13 (100400-0):3)
07-24 05:58:12.242  1191  1503 W HeterodyneSyncer:      at m.mi.run(:com.google.android.gms.dynamite_cronetdynamite@240713022@24.07.13 (100400-0):9)
07-24 05:58:12.242  1191  1503 W HeterodyneSyncer:      at amat.c(:com.google.android.gms@240713022@24.07.13 (100400-607434947):50)
07-24 05:58:12.242  1191  1503 W HeterodyneSyncer:      at amat.run(:com.google.android.gms@240713022@24.07.13 (100400-607434947):76)
07-24 05:58:12.242  1191  1503 W HeterodyneSyncer:      ... 4 more
07-24 05:58:12.242  1191  1503 W HeterodyneSyncer: Caused by: m.ms: Exception in CronetUrlRequest: net::ERR_CONNECTION_RESET, ErrorCode=8, InternalErrorCode=-101, Retryable=true
07-24 05:58:12.242  1191  1503 W HeterodyneSyncer:      at org.chromium.net.impl.CronetUrlRequest.onError(:com.google.android.gms.dynamite_cronetdynamite@240713022@24.07.13 (100400-0):7)
07-24 05:58:12.243  1191  5498 I PhenotypeResourceReader: unable to find any Phenotype resource metadata for com.google.android.gsf
07-24 05:58:12.262   184  3786 I rc_model_v2: fps chg from 60 -> 106
07-24 05:58:12.312  5045  5632 I System.out: ProxyFinder.FindFor - proxy type : DIRECT
07-24 05:58:12.312  5045  5632 I System.out: ProxyFinder.FindFor - No Proxy
07-24 05:58:12.375   270   383 V InputDispatcher: Asynchronous input event injection succeeded.
07-24 05:58:12.524   184  3786 I rc_model_v2: fps chg from 106 -> 61
07-24 05:58:12.543  5045  5632 I System.out: ProxyFinder.FindFor - proxy type : DIRECT
07-24 05:58:12.543  5045  5632 I System.out: ProxyFinder.FindFor - No Proxy
07-24 05:58:12.556   270   383 V InputDispatcher: Asynchronous input event injection succeeded.
07-24 05:58:12.570  1191  1503 E cdzc    : Phenotype API error. Event: # emxm@69c04c69, EventCode: REGISTER_SYNC [CONTEXT service_id=51 ]
07-24 05:58:12.570  1191  1503 E cdzc    : cdxj: 29504: Network error
07-24 05:58:12.570  1191  1503 E cdzc    :      at cecd.K(:com.google.android.gms@240713022@24.07.13 (100400-607434947):383)
07-24 05:58:12.570  1191  1503 E cdzc    :      at cecd.q(:com.google.android.gms@240713022@24.07.13 (100400-607434947):124)
07-24 05:58:12.570  1191  1503 E cdzc    :      at cecd.y(:com.google.android.gms@240713022@24.07.13 (100400-607434947):10)
07-24 05:58:12.570  1191  1503 E cdzc    :      at cecd.r(:com.google.android.gms@240713022@24.07.13 (100400-607434947):21)
07-24 05:58:12.570  1191  1503 E cdzc    :      at ceao.h(:com.google.android.gms@240713022@24.07.13 (100400-607434947):187)
07-24 05:58:12.570  1191  1503 E cdzc    :      at cdzc.g(:com.google.android.gms@240713022@24.07.13 (100400-607434947):18)
07-24 05:58:12.570  1191  1503 E cdzc    :      at cdzc.f(:com.google.android.gms@240713022@24.07.13 (100400-607434947):11)
07-24 05:58:12.570  1191  1503 E cdzc    :      at bkhv.fO(:com.google.android.gms@240713022@24.07.13 (100400-607434947):1)
07-24 05:58:12.570  1191  1503 E cdzc    :      at bkie.run(:com.google.android.gms@240713022@24.07.13 (100400-607434947):100)
07-24 05:58:12.570  1191  1503 E cdzc    :      at dnzs.run(:com.google.android.gms@240713022@24.07.13 (100400-607434947):21)
07-24 05:58:12.570  1191  1503 E cdzc    :      at amat.c(:com.google.android.gms@240713022@24.07.13 (100400-607434947):50)
07-24 05:58:12.570  1191  1503 E cdzc    :      at amat.run(:com.google.android.gms@240713022@24.07.13 (100400-607434947):97)
07-24 05:58:12.570  1191  1503 E cdzc    :      at java.util.concurrent.ThreadPoolExecutor.runWorker(ThreadPoolExecutor.java:1167)
07-24 05:58:12.570  1191  1503 E cdzc    :      at java.util.concurrent.ThreadPoolExecutor$Worker.run(ThreadPoolExecutor.java:641)
07-24 05:58:12.570  1191  1503 E cdzc    :      at amgi.run(:com.google.android.gms@240713022@24.07.13 (100400-607434947):8)
07-24 05:58:12.570  1191  1503 E cdzc    :      at java.lang.Thread.run(Thread.java:919)
07-24 05:58:12.570  1191  1503 E cdzc    : Caused by: java.io.IOException: request causes GmsNetworkException without UrlResponseInfo at execution
07-24 05:58:12.570  1191  1503 E cdzc    :      at cecj.a(:com.google.android.gms@240713022@24.07.13 (100400-607434947):430)
07-24 05:58:12.570  1191  1503 E cdzc    :      at cecd.K(:com.google.android.gms@240713022@24.07.13 (100400-607434947):19)
07-24 05:58:12.570  1191  1503 E cdzc    :      ... 15 more
07-24 05:58:12.570  1191  1503 E cdzc    : Caused by: bkue: Failed to process request
07-24 05:58:12.570  1191  1503 E cdzc    :      at bkxg.b(:com.google.android.gms@240713022@24.07.13 (100400-607434947):19)
07-24 05:58:12.570  1191  1503 E cdzc    :      at bkxu.onFailed(:com.google.android.gms@240713022@24.07.13 (100400-607434947):13)
07-24 05:58:12.570  1191  1503 E cdzc    :      at m.nj.onFailed(:com.google.android.gms.dynamite_cronetdynamite@240713022@24.07.13 (100400-0):3)
07-24 05:58:12.570  1191  1503 E cdzc    :      at m.mi.run(:com.google.android.gms.dynamite_cronetdynamite@240713022@24.07.13 (100400-0):9)
07-24 05:58:12.570  1191  1503 E cdzc    :      at amat.c(:com.google.android.gms@240713022@24.07.13 (100400-607434947):50)
07-24 05:58:12.570  1191  1503 E cdzc    :      at amat.run(:com.google.android.gms@240713022@24.07.13 (100400-607434947):76)
07-24 05:58:12.570  1191  1503 E cdzc    :      ... 4 more
07-24 05:58:12.570  1191  1503 E cdzc    : Caused by: m.ms: Exception in CronetUrlRequest: net::ERR_CONNECTION_RESET, ErrorCode=8, InternalErrorCode=-101, Retryable=true
07-24 05:58:12.570  1191  1503 E cdzc    :      at org.chromium.net.impl.CronetUrlRequest.onError(:com.google.android.gms.dynamite_cronetdynamite@240713022@24.07.13 (100400-0):7)
07-24 05:58:12.571  1191  1503 W AsyncOperation: operation=RegisterSyncOperationCall, opStatusCode=29504 [CONTEXT service_id=51 ]
07-24 05:58:12.571  1191  1503 W AsyncOperation: OperationException[Status{statusCode=Network error, resolution=null}]
07-24 05:58:12.571  1191  1503 W AsyncOperation:        at cdzc.g(:com.google.android.gms@240713022@24.07.13 (100400-607434947):48)
07-24 05:58:12.571  1191  1503 W AsyncOperation:        at cdzc.f(:com.google.android.gms@240713022@24.07.13 (100400-607434947):11)
07-24 05:58:12.571  1191  1503 W AsyncOperation:        at bkhv.fO(:com.google.android.gms@240713022@24.07.13 (100400-607434947):1)
07-24 05:58:12.571  1191  1503 W AsyncOperation:        at bkie.run(:com.google.android.gms@240713022@24.07.13 (100400-607434947):100)
07-24 05:58:12.571  1191  1503 W AsyncOperation:        at dnzs.run(:com.google.android.gms@240713022@24.07.13 (100400-607434947):21)
07-24 05:58:12.571  1191  1503 W AsyncOperation:        at amat.c(:com.google.android.gms@240713022@24.07.13 (100400-607434947):50)
07-24 05:58:12.571  1191  1503 W AsyncOperation:        at amat.run(:com.google.android.gms@240713022@24.07.13 (100400-607434947):97)
