07-24 05:58:12.571  1191  1503 W AsyncOperation:        at java.util.concurrent.ThreadPoolExecutor.runWorker(ThreadPoolExecutor.java:1167)
07-24 05:58:12.571  1191  1503 W AsyncOperation:        at java.util.concurrent.ThreadPoolExecutor$Worker.run(ThreadPoolExecutor.java:641)
07-24 05:58:12.571  1191  1503 W AsyncOperation:        at amgi.run(:com.google.android.gms@240713022@24.07.13 (100400-607434947):8)
07-24 05:58:12.571  1191  1503 W AsyncOperation:        at java.lang.Thread.run(Thread.java:919)
07-24 05:58:12.572  1237  1237 E EsimPhSyncer: Failed to sync esim transfer p/h flags. [CONTEXT service_id=333 ]
07-24 05:58:12.572  1237  1237 E EsimPhSyncer: akmu: 29504: Network error
07-24 05:58:12.572  1237  1237 E EsimPhSyncer:  at aljg.a(:com.google.android.gms@240713022@24.07.13 (100400-607434947):15)
07-24 05:58:12.572  1237  1237 E EsimPhSyncer:  at aksq.b(:com.google.android.gms@240713022@24.07.13 (100400-607434947):11)
07-24 05:58:12.572  1237  1237 E EsimPhSyncer:  at cdyo.j(:com.google.android.gms@240713022@24.07.13 (100400-607434947):3)
07-24 05:58:12.572  1237  1237 E EsimPhSyncer:  at cdyo.fL(:com.google.android.gms@240713022@24.07.13 (100400-607434947):263)
07-24 05:58:12.572  1237  1237 E EsimPhSyncer:  at nwl.onTransact(:com.google.android.gms@240713022@24.07.13 (100400-607434947):74)
07-24 05:58:12.572  1237  1237 E EsimPhSyncer:  at android.os.Binder.execTransactInternal(Binder.java:1021)
07-24 05:58:12.572  1237  1237 E EsimPhSyncer:  at android.os.Binder.execTransact(Binder.java:994)
07-24 05:58:12.704  1191  1503 I HeterodyneSyncScheduler: (REDACTED) Scheduling Phenotype for a %s(%d, %s) one off with window [%d, %d] in seconds
07-24 05:58:12.704  1191  5498 I HeterodyneSyncer: (REDACTED) Removed %d invalid users
07-24 05:58:12.714  1191  1503 I HeterodyneSyncScheduler: (REDACTED) Scheduling Phenotype for a %s(%d, %s) one off with window [%d, %d] in seconds
07-24 05:58:12.728  1191  1503 I HeterodyneSyncScheduler: (REDACTED) Scheduling Phenotype for a %s(%d, %s) one off with window [%d, %d] in seconds
07-24 05:58:12.730  1237  1237 I LT_PhenotypeApiImplV12: Phenotype registration succeeded
07-24 05:58:12.738  1191  1503 I HeterodyneSyncScheduler: (REDACTED) Scheduling Phenotype for a %s(%d, %s) one off with window [%d, %d] in seconds
07-24 05:58:12.782  1191  1503 I HeterodyneSyncScheduler: (REDACTED) Scheduling Phenotype for a %s(%d, %s) one off with window [%d, %d] in seconds
07-24 05:58:12.797  1191  1503 I RegisterSyncOperation: (REDACTED) Register sync called by %s, syncing since something changed
07-24 05:58:12.797  1191  1503 I HeterodyneSyncer: (REDACTED) Removed %d invalid users
07-24 05:58:13.047   270   383 W InputDispatcher: channel '6b007 com.gof.china/com.gof.china.DDUnityLaunchActivity (server)' ~ Consumer closed input channel or an error occurred.  events=0x9
07-24 05:58:13.047   270   383 E InputDispatcher: channel '6b007 com.gof.china/com.gof.china.DDUnityLaunchActivity (server)' ~ Channel is unrecoverably broken and will be disposed!
07-24 05:58:13.048   270  1440 I WindowManager: WIN DEATH: Window{6b007 u0 com.gof.china/com.gof.china.DDUnityLaunchActivity}
07-24 05:58:13.048   270  1440 W InputDispatcher: Attempted to unregister already unregistered input channel '6b007 com.gof.china/com.gof.china.DDUnityLaunchActivity (server)'
07-24 05:58:13.048   270   364 D ConnectivityService: ConnectivityService NetworkRequestInfo binderDied(NetworkRequest [ TRACK_DEFAULT id=42, [ Capabilities: INTERNET&NOT_RESTRICTED&TRUSTED Uid: 10099] ], android.os.BinderProxy@8989aab)
07-24 05:58:13.049   270   364 I ActivityManager: Process com.gof.china (pid 5045) has died: fore TOP 
07-24 05:58:13.049   270   907 D ConnectivityService: ConnectivityService NetworkRequestInfo binderDied(NetworkRequest [ TRACK_DEFAULT id=39, [ Capabilities: INTERNET&NOT_RESTRICTED&TRUSTED Uid: 10099] ], android.os.BinderProxy@35c2508)
07-24 05:58:13.049   270   644 D ConnectivityService: releasing NetworkRequest [ TRACK_DEFAULT id=42, [ Capabilities: INTERNET&NOT_RESTRICTED&TRUSTED Uid: 10099] ] (release request)
07-24 05:58:13.049   270  2817 D ConnectivityService: ConnectivityService NetworkRequestInfo binderDied(NetworkRequest [ LISTEN id=43, [ Capabilities: INTERNET&NOT_RESTRICTED&TRUSTED Uid: 10099] ], android.os.BinderProxy@db464a1)
07-24 05:58:13.050   270   270 W MediaRouterService: Failed to call onRestoreRoute. Client probably died.
07-24 05:58:13.051   270   319 I libprocessgroup: Successfully killed process cgroup uid 10099 pid 5045 in 0ms
07-24 05:58:13.051   270   644 D ConnectivityService: releasing NetworkRequest [ TRACK_DEFAULT id=39, [ Capabilities: INTERNET&NOT_RESTRICTED&TRUSTED Uid: 10099] ] (release request)
07-24 05:58:13.051    78    78 I Zygote  : Process 5045 exited cleanly (0)
07-24 05:58:13.052   695   695 V KeyguardUpdateMonitor: onSubscriptionInfoChanged()
07-24 05:58:13.054   695   695 V KeyguardUpdateMonitor: SubInfo:{id=1, iccId=890124019[****] simSlotIndex=0 carrierId=1 displayName=T-Mobile carrierName=T-Mobile nameSource=0 iconTint=-16746133 mNumber=[****] dataRoaming=0 iconBitmap=android.graphics.Bitmap@d46210d mcc 310 mnc 260mCountryIso=us isEmbedded false nativeAccessRules null cardString=890124019[****] cardId=-1 isOpportunistic false mGroupUUID=null mIsGroupDisabled=false profileClass=-1 ehplmns = null hplmns = null subscriptionType=0 mGroupOwner=null carrierConfigAccessRules=null}
07-24 05:58:13.059   695   695 V KeyguardUpdateMonitor: onSubscriptionInfoChanged()
07-24 05:58:13.059   985  1001 D PhoneInterfaceManager: [PhoneIntfMgr] isDataEnabled: subId=1 phoneId=0
07-24 05:58:13.059   985  1001 D PhoneInterfaceManager: [PhoneIntfMgr] isDataEnabled: subId=1 retVal=true
07-24 05:58:13.059   184  3786 I rc_model_v2: fps chg from 61 -> 28
07-24 05:58:13.061   695   695 V KeyguardUpdateMonitor: SubInfo:{id=1, iccId=890124019[****] simSlotIndex=0 carrierId=1 displayName=T-Mobile carrierName=T-Mobile nameSource=0 iconTint=-16746133 mNumber=[****] dataRoaming=0 iconBitmap=android.graphics.Bitmap@1fc38c2 mcc 310 mnc 260mCountryIso=us isEmbedded false nativeAccessRules null cardString=890124019[****] cardId=-1 isOpportunistic false mGroupUUID=null mIsGroupDisabled=false profileClass=-1 ehplmns = null hplmns = null subscriptionType=0 mGroupOwner=null carrierConfigAccessRules=null}
07-24 05:58:13.062  1237  1237 D BoundBrokerSvc: onUnbind: Intent { act=com.google.android.gms.appset.service.START dat=chimera-action: cmp=com.google.android.gms/.chimera.GmsApiService }
07-24 05:58:13.062  5646  5646 I cr_ChildProcessService: Destroying ChildProcessService pid=5646
07-24 05:58:13.062   270   364 W ActivityTaskManager: Force removing ActivityRecord{3e51227 u0 com.gof.china/.DDUnityLaunchActivity t6}: app died, no saved state
07-24 05:58:13.063   985  1541 D PhoneInterfaceManager: [PhoneIntfMgr] isDataEnabled: subId=1 phoneId=0
07-24 05:58:13.063   985  1541 D PhoneInterfaceManager: [PhoneIntfMgr] isDataEnabled: subId=1 retVal=true
07-24 05:58:13.063  5646  5646 I ProcessService: System.exit called, status: 0
07-24 05:58:13.063  5646  5646 I AndroidRuntime: VM exiting with result code 0, cleanup skipped.
07-24 05:58:13.064   270   364 I ActivityTaskManager: getPackageFerformanceMode--ComponentInfo{com.android.launcher3/com.android.launcher3.Launcher}----com.android.launcher3
07-24 05:58:13.064  1316  1552 V Space   : sendTracking: resume_activity ({"opType":"resume_activity","resultCode":0,"component":"com.android.launcher3\/.Launcher","package":"com.android.launcher3"})
07-24 05:58:13.068   270   364 I ActivityManager: Killing 5646:com.android.webview:sandboxed_process0:org.chromium.content.app.SandboxedProcessService0/u0a99i1 (adj 0): isolated not needed
07-24 05:58:13.068   270   319 I libprocessgroup: Successfully killed process cgroup uid 99001 pid 5646 in 0ms
07-24 05:58:13.069   270   311 W ActivityManager: setHasOverlayUi called on unknown pid: 5045
07-24 05:58:13.073   926   926 I Zygote  : Process 5646 exited cleanly (0)
07-24 05:58:13.075   911   911 I Launcher3: Launcher onStart.
07-24 05:58:13.076   911   911 I Launcher3: Launcher onResume.
07-24 05:58:13.083   270   322 W KernelCpuProcStringReader: File not found. It's normal if not implemented: /proc/uid_time_in_state
07-24 05:58:13.084   270   322 W KernelCpuProcStringReader: File not found. It's normal if not implemented: /proc/uid_concurrent_active_time
07-24 05:58:13.084   270   322 W KernelCpuProcStringReader: File not found. It's normal if not implemented: /proc/uid_concurrent_policy_time
07-24 05:58:13.097    88    88 D gralloc3: got new private_handle_t instance @0x7426a21280 for buffer 'Unnamed'. share_fd : 7, share_attr_fd : 8, flags : 0x0, width : 720, height : 1280, req_format : 0x1, producer_usage : 0x40000000000b00, consumer_usage : 0x40000000000b00, , stride : 0, alloc_format : 0x100000001, size : 3744768, layer_count : 1, backing_store_size : 3744768, backing_store_id : 377957122120, allocating_pid : 88, ref_count : 1, yuv_info : 0
07-24 05:58:13.097    88    88 D gralloc3: plane_info[0]: offset : 0, byte_stride : 2880, alloc_width : 720, alloc_height : 1280
07-24 05:58:13.097    88    88 D gralloc3: plane_info[1]: offset : 0, byte_stride : 0, alloc_width : 0, alloc_height : 0
07-24 05:58:13.097    88   245 D gralloc3: got new private_handle_t instance @0x7426a21c80 for buffer 'Unnamed'. share_fd : 7, share_attr_fd : 8, flags : 0x0, width : 720, height : 1280, req_format : 0x1, producer_usage : 0x40000000000b00, consumer_usage : 0x40000000000b00, , stride : 0, alloc_format : 0x100000001, size : 3744768, layer_count : 1, backing_store_size : 3744768, backing_store_id : 377957122121, allocating_pid : 88, ref_count : 1, yuv_info : 0
07-24 05:58:13.097    88   245 D gralloc3: plane_info[0]: offset : 0, byte_stride : 2880, alloc_width : 720, alloc_height : 1280
07-24 05:58:13.097    88   245 D gralloc3: plane_info[1]: offset : 0, byte_stride : 0, alloc_width : 0, alloc_height : 0
07-24 05:58:13.098    88   245 D gralloc3: got new private_handle_t instance @0x7426a21c80 for buffer 'Unnamed'. share_fd : 7, share_attr_fd : 8, flags : 0x0, width : 720, height : 1280, req_format : 0x1, producer_usage : 0x40000000000b00, consumer_usage : 0x40000000000b00, , stride : 0, alloc_format : 0x100000001, size : 3744768, layer_count : 1, backing_store_size : 3744768, backing_store_id : 377957122122, allocating_pid : 88, ref_count : 1, yuv_info : 0
07-24 05:58:13.098    88   245 D gralloc3: plane_info[0]: offset : 0, byte_stride : 2880, alloc_width : 720, alloc_height : 1280
07-24 05:58:13.098    88   245 D gralloc3: plane_info[1]: offset : 0, byte_stride : 0, alloc_width : 0, alloc_height : 0
07-24 05:58:13.102   695   695 D ImageWallpaper: wallpaper visibility changes to: true
07-24 05:58:13.109    89   233 E drm_hwc2_gralloc: hwc_get_handle_name:cann't get value from gralloc
07-24 05:58:13.110    89   233 E drm_hwc2_gralloc: hwc_get_handle_name:cann't get value from gralloc
07-24 05:58:13.112  1073  1073 I GoogleInputMethodService: GoogleInputMethodService.onFinishInput():3126 
07-24 05:58:13.114  1073  1073 I GoogleInputMethodService: GoogleInputMethodService.updateDeviceLockedStatus():2216 repeatCheckTimes = 0, locked = false
07-24 05:58:13.114  1073  1073 I GoogleInputMethodService: GoogleInputMethodService.onStartInput():1954 onStartInput(EditorInfo{EditorInfo{packageName=com.android.launcher3, inputType=0, inputTypeString=NULL, enableLearning=false, autoCorrection=false, autoComplete=false, imeOptions=0, privateImeOptions=null, actionName=UNSPECIFIED, actionLabel=null, initialSelStart=-1, initialSelEnd=-1, initialCapsMode=0, label=null, fieldId=-1, fieldName=null, extras=null, hintText=null, hintLocales=[]}}, false)
07-24 05:58:13.115  1073  1073 I GoogleInputMethodService: GoogleInputMethodService.updateDeviceLockedStatus():2216 repeatCheckTimes = 1, locked = false
07-24 05:58:13.116  1073  1073 I AndroidIME: InputBundleManager.loadActiveInputBundleId():450 loadActiveInputBundleId: und-Latn-x-password, password
07-24 05:58:13.133    89   233 E drm_hwc2_gralloc: hwc_get_handle_name:cann't get value from gralloc
07-24 05:58:13.162    89   233 I chatty  : uid=1000(system) HwBinder:89_2 identical 4 lines
07-24 05:58:13.162    89   233 E drm_hwc2_gralloc: hwc_get_handle_name:cann't get value from gralloc
07-24 05:58:13.178   184  3785 I vpu_api_legacy: setup encoder rate control config:
07-24 05:58:13.178   184  3785 I vpu_api_legacy: width  608 height 1080 format 10:1000d
07-24 05:58:13.178   184  3785 I vpu_api_legacy: rc_mode CBR qp 26 bps 4000000
07-24 05:58:13.178   184  3785 I vpu_api_legacy: fps in 60 fps out 60 gop 599
07-24 05:58:13.178   184  3785 I vpu_api_legacy: setup encoder stream feature config:
07-24 05:58:13.178   184  3785 I vpu_api_legacy: profile 66 level 31 cabac 0
07-24 05:58:13.178   184  3786 I mpp_enc : mpp_enc_proc_cfg cmd 0x320001
07-24 05:58:13.178   184  3786 I mpp_enc : mpp_enc_proc_rc_cfg change 170025
07-24 05:58:13.178   184  3786 I mpp_enc : mpp_enc_proc_rc_cfg MPP_ENC_RC_CFG_CHANGE_FPS_IN
07-24 05:58:13.178   184  3786 I mpp_enc : MPP_ENC_SET_RC_CFG bps 4000000 [3750000 : 4250000] fps [60:60] gop 599
07-24 05:58:13.178   184  3786 I mpp_enc : send header for set cfg change rc_mode/fps/gop
07-24 05:58:13.178   184  3786 I mpp_enc : set_rc_cfg rc->stats_time 0
07-24 05:58:13.178   184  3786 I mpp_enc : mode cbr bps [3750000:4000000:4250000] fps flex [60/1] -> flex [60/1] gop i [599] v [0]
07-24 05:58:13.178   184  3785 I vpu_api_legacy: vpu_api_set_enc_cfg out
07-24 05:58:13.178   184  3785 I omx_vmpp: setupEncCfg
07-24 05:58:13.178   184  3785 I omx_vmpp: setupFrameRate: framerate 60.00 
07-24 05:58:13.178   184  3785 I omx_vmpp: setupQp: qpInit 26 i 10-51 p 10-49
07-24 05:58:13.178   184  3785 E mpp_cfg : mpp_enc_cfg_set_s32: cfg rc:qp_max_step is invalid
07-24 05:58:13.178   184  3785 E mpp_cfg : mpp_enc_cfg_set_s32: cfg rc:cb_qp_offset is invalid
07-24 05:58:13.178   184  3785 E mpp_cfg : mpp_enc_cfg_set_s32: cfg rc:cr_qp_offset is invalid
07-24 05:58:13.178   184  3786 I mpp_enc : mpp_enc_proc_cfg cmd 0x320001
07-24 05:58:13.178   184  3786 I mpp_enc : mpp_enc_proc_rc_cfg change 170045
07-24 05:58:13.178   184  3786 I mpp_enc : mpp_enc_proc_rc_cfg MPP_ENC_RC_CFG_CHANGE_FPS_OUT
07-24 05:58:13.178   184  3786 I mpp_enc : MPP_ENC_SET_RC_CFG bps 4000000 [250000 : 4250000] fps [60:60] gop 599
07-24 05:58:13.178   184  3786 I mpp_enc : send header for set cfg change rc_mode/fps/gop
07-24 05:58:13.178   184  3786 I mpp_enc : set_rc_cfg rc->stats_time 0
07-24 05:58:13.178   184  3786 I mpp_enc : mode vbr bps [250000:4000000:4250000] fps flex [60/1] -> flex [60/1] gop i [599] v [0]
07-24 05:58:13.178   184  3786 I mpp_enc : xxxxmpp_packet_append
07-24 05:58:13.795   184  3786 I rc_model_v2: fps chg from 60 -> 9
^C
130|de72dfcb07da:/ # 