07-24 05:57:55.584    88    88 D gralloc3: plane_info[0]: offset : 0, byte_stride : 2880, alloc_width : 720, alloc_height : 1280
07-24 05:57:55.584    88    88 D gralloc3: plane_info[1]: offset : 0, byte_stride : 0, alloc_width : 0, alloc_height : 0
07-24 05:57:55.587    88    88 D gralloc3: got new private_handle_t instance @0x7426a21280 for buffer 'Unnamed'. share_fd : 7, share_attr_fd : 8, flags : 0x0, width : 720, height : 1280, req_format : 0x1, producer_usage : 0x40000000000b00, consumer_usage : 0x40000000000b00, , stride : 0, alloc_format : 0x100000001, size : 3744768, layer_count : 1, backing_store_size : 3744768, backing_store_id : 377957122115, allocating_pid : 88, ref_count : 1, yuv_info : 0
07-24 05:57:55.587    88    88 D gralloc3: plane_info[0]: offset : 0, byte_stride : 2880, alloc_width : 720, alloc_height : 1280
07-24 05:57:55.587    88    88 D gralloc3: plane_info[1]: offset : 0, byte_stride : 0, alloc_width : 0, alloc_height : 0
07-24 05:57:55.593    88    88 D gralloc3: got new private_handle_t instance @0x7426a21280 for buffer 'Unnamed'. share_fd : 7, share_attr_fd : 8, flags : 0x0, width : 720, height : 1280, req_format : 0x1, producer_usage : 0x933, consumer_usage : 0x933, , stride : 720, alloc_format : 0x1, size : 3686400, layer_count : 1, backing_store_size : 3686400, backing_store_id : 377957122116, allocating_pid : 88, ref_count : 1, yuv_info : 0
07-24 05:57:55.593    88    88 D gralloc3: plane_info[0]: offset : 0, byte_stride : 2880, alloc_width : 720, alloc_height : 1280
07-24 05:57:55.593    88    88 D gralloc3: plane_info[1]: offset : 0, byte_stride : 0, alloc_width : 0, alloc_height : 0
07-24 05:57:55.597    77  5798 E ResolverController: No valid NAT64 prefix (100, <unspecified>/0)
07-24 05:57:55.610    89   233 E drm_hwc2_gralloc: hwc_get_handle_name:cann't get value from gralloc
07-24 05:57:55.626    89   233 I chatty  : uid=1000(system) HwBinder:89_2 identical 2 lines
07-24 05:57:55.626    89   233 E drm_hwc2_gralloc: hwc_get_handle_name:cann't get value from gralloc
07-24 05:57:55.721  5045  5045 W System.err: SLF4J: Failed to load class "org.slf4j.impl.StaticLoggerBinder".
07-24 05:57:55.721  5045  5045 W System.err: SLF4J: Defaulting to no-operation (NOP) logger implementation
07-24 05:57:55.721  5045  5045 W System.err: SLF4J: See http://www.slf4j.org/codes.html#StaticLoggerBinder for further details.
07-24 05:57:55.818  5045  5632 I Unity   : 05:57:55.807-17: HTTP GET状态码：200
07-24 05:57:55.818  5045  5632 I Unity   : LuaInterface.Debugger:Log(String)
07-24 05:57:55.818  5045  5632 I Unity   : CenturyGame.GameFramework.HttpGetAppVersion:CheckReq(UnityWebRequest, String)
07-24 05:57:55.818  5045  5632 I Unity   : CenturyGame.GameFramework.<Working>d__19:MoveNext()
07-24 05:57:55.818  5045  5632 I Unity   : <CallWrapper>d__18:MoveNext()
07-24 05:57:55.818  5045  5632 I Unity   : UnityEngine.SetupCoroutine:InvokeMoveNext(IEnumerator, IntPtr)
07-24 05:57:55.818  5045  5632 I Unity   :  
07-24 05:57:55.818  5045  5632 I Unity   : (Filename: ./Runtime/Export/Debug.bindings.h Line: 45)
07-24 05:57:55.818  5045  5632 I Unity   : 
07-24 05:57:55.824   270   383 W InputDispatcher: Asynchronous input event injection failed.
07-24 05:57:55.854  5045  5632 I System.out: ProxyFinder.FindFor - proxy type : DIRECT
07-24 05:57:55.854  5045  5632 I System.out: ProxyFinder.FindFor - No Proxy
07-24 05:57:55.874    77  5805 E ResolverController: No valid NAT64 prefix (100, <unspecified>/0)
07-24 05:57:55.893   184  3786 I rc_model_v2: fps chg from 16 -> 60
07-24 05:57:56.096   270   383 V InputDispatcher: Asynchronous input event injection succeeded.
07-24 05:57:56.176   184  3786 I rc_model_v2: fps chg from 60 -> 42
07-24 05:57:56.213   270   383 V InputDispatcher: Asynchronous input event injection succeeded.
07-24 05:57:56.215    88    88 D gralloc3: got new private_handle_t instance @0x7426a21280 for buffer 'Unnamed'. share_fd : 7, share_attr_fd : 8, flags : 0x0, width : 640, height : 1138, req_format : 0x1, producer_usage : 0x40000000000b00, consumer_usage : 0x40000000000b00, , stride : 0, alloc_format : 0x100000001, size : 2995200, layer_count : 1, backing_store_size : 2995200, backing_store_id : 377957122117, allocating_pid : 88, ref_count : 1, yuv_info : 0
07-24 05:57:56.215    88    88 D gralloc3: plane_info[0]: offset : 0, byte_stride : 2560, alloc_width : 640, alloc_height : 1152
07-24 05:57:56.215    88    88 D gralloc3: plane_info[1]: offset : 0, byte_stride : 0, alloc_width : 0, alloc_height : 0
07-24 05:57:56.243    89   233 E drm_hwc2_gralloc: hwc_get_handle_name:cann't get value from gralloc
07-24 05:57:56.243    89   233 E drm_hwc2_gralloc: hwc_get_handle_name:cann't get value from gralloc
07-24 05:57:56.249    88    88 D gralloc3: got new private_handle_t instance @0x7426a21280 for buffer 'Unnamed'. share_fd : 7, share_attr_fd : 8, flags : 0x0, width : 640, height : 1138, req_format : 0x1, producer_usage : 0x40000000000b00, consumer_usage : 0x40000000000b00, , stride : 0, alloc_format : 0x100000001, size : 2995200, layer_count : 1, backing_store_size : 2995200, backing_store_id : 377957122118, allocating_pid : 88, ref_count : 1, yuv_info : 0
07-24 05:57:56.249    88    88 D gralloc3: plane_info[0]: offset : 0, byte_stride : 2560, alloc_width : 640, alloc_height : 1152
07-24 05:57:56.249    88    88 D gralloc3: plane_info[1]: offset : 0, byte_stride : 0, alloc_width : 0, alloc_height : 0
07-24 05:57:56.253  5045  5632 I Unity   : 05:57:56.250-35: LuaState start
07-24 05:57:56.253  5045  5632 I Unity   : LuaInterface.Debugger:Log(String)
07-24 05:57:56.253  5045  5632 I Unity   : LuaInterface.LuaState:Start()
07-24 05:57:56.253  5045  5632 I Unity   : CenturyGame.GameFramework.LuaModule:StartLua()
07-24 05:57:56.253  5045  5632 I Unity   : CenturyGame.GameFramework.LoaderGroup:CheckFinish()
07-24 05:57:56.253  5045  5632 I Unity   : CenturyGame.GameFramework.LoaderGroup:AssetBundleFirstLoadCompleted(Loader, Object, Object)
07-24 05:57:56.253  5045  5632 I Unity   : CenturyGame.GameFramework.Loader:OnLoadCompleted(Object)
07-24 05:57:56.253  5045  5632 I Unity   : UnityEngine.AsyncOperation:InvokeCompletionEvent()
07-24 05:57:56.253  5045  5632 I Unity   :  
07-24 05:57:56.253  5045  5632 I Unity   : (Filename: ./Runtime/Export/Debug.bindings.h Line: 45)
07-24 05:57:56.253  5045  5632 I Unity   : 
07-24 05:57:56.258    89   233 E drm_hwc2_gralloc: hwc_get_handle_name:cann't get value from gralloc
07-24 05:57:56.258    89   233 E drm_hwc2_gralloc: hwc_get_handle_name:cann't get value from gralloc
07-24 05:57:56.260  5045  5632 I Unity   : 05:57:56.254-35: ver20100 jit:     false    fold    cse    dce    fwd    dse    narrow    loop    abc    sink    fuse
07-24 05:57:56.260  5045  5632 I Unity   : LuaInterface.Debugger:Log(String)
07-24 05:57:56.260  5045  5632 I Unity   : LuaInterface.ToLua:Print(IntPtr)
07-24 05:57:56.260  5045  5632 I Unity   :  
07-24 05:57:56.260  5045  5632 I Unity   : (Filename: ./Runtime/Export/Debug.bindings.h Line: 45)
07-24 05:57:56.260  5045  5632 I Unity   : 
07-24 05:57:56.261  5045  5632 I Unity   : 05:57:56.260-35: os: Linux, arch: arm64
07-24 05:57:56.261  5045  5632 I Unity   : LuaInterface.Debugger:Log(String)
07-24 05:57:56.261  5045  5632 I Unity   : LuaInterface.ToLua:Print(IntPtr)
07-24 05:57:56.261  5045  5632 I Unity   :  
07-24 05:57:56.261  5045  5632 I Unity   : (Filename: ./Runtime/Export/Debug.bindings.h Line: 45)
07-24 05:57:56.261  5045  5632 I Unity   : 
07-24 05:57:56.436    94   126 E JWSensorsHal: connect to /data/misc/sensor/sensor_ctrl error:2 No such file or directory
07-24 05:57:56.453   270   383 W InputDispatcher: Asynchronous input event injection failed.
07-24 05:57:56.458   184  3786 I rc_model_v2: fps chg from 42 -> 14
07-24 05:57:56.468   270  1244 E TaskPersister: File error accessing recents directory (directory doesn't exist?).
07-24 05:57:56.477    83   144 E JWAudioHAL: connect to /data/misc/audioserver/audio_out error:2 No such file or directory
07-24 05:57:56.507    77  5814 E ResolverController: No valid NAT64 prefix (100, <unspecified>/0)
07-24 05:57:56.633  5045  5615 W PackageParser: Unknown element under <manifest>: queries at /data/app/com.gof.china-h8lXm3hE_XcyqMSmSOp8hQ==/base.apk Binary XML file line #20
07-24 05:57:56.633  5045  5615 W PackageParser: Unknown element under <manifest>: meta-data at /data/app/com.gof.china-h8lXm3hE_XcyqMSmSOp8hQ==/base.apk Binary XML file line #43
07-24 05:57:56.633  5045  5615 W PackageParser: Unknown element under <manifest>: queries at /data/app/com.gof.china-h8lXm3hE_XcyqMSmSOp8hQ==/base.apk Binary XML file line #49
07-24 05:57:56.633  5045  5615 W PackageParser: Unknown element under <manifest>: supports-gl-texture at /data/app/com.gof.china-h8lXm3hE_XcyqMSmSOp8hQ==/base.apk Binary XML file line #69
07-24 05:57:56.759   184  3786 I rc_model_v2: fps chg from 14 -> 10
07-24 05:57:56.768    88    88 D gralloc3: got new private_handle_t instance @0x7426a21280 for buffer 'Unnamed'. share_fd : 7, share_attr_fd : 8, flags : 0x0, width : 640, height : 1138, req_format : 0x1, producer_usage : 0x40000000000b00, consumer_usage : 0x40000000000b00, , stride : 0, alloc_format : 0x100000001, size : 2995200, layer_count : 1, backing_store_size : 2995200, backing_store_id : 377957122119, allocating_pid : 88, ref_count : 1, yuv_info : 0
07-24 05:57:56.768    88    88 D gralloc3: plane_info[0]: offset : 0, byte_stride : 2560, alloc_width : 640, alloc_height : 1152
07-24 05:57:56.768    88    88 D gralloc3: plane_info[1]: offset : 0, byte_stride : 0, alloc_width : 0, alloc_height : 0
07-24 05:57:56.791    89   233 E drm_hwc2_gralloc: hwc_get_handle_name:cann't get value from gralloc
07-24 05:57:56.809    89   233 I chatty  : uid=1000(system) HwBinder:89_2 identical 2 lines
07-24 05:57:56.809    89   233 E drm_hwc2_gralloc: hwc_get_handle_name:cann't get value from gralloc
07-24 05:57:56.825   270   383 V InputDispatcher: Asynchronous input event injection succeeded.
07-24 05:57:56.877    77  5816 E ResolverController: No valid NAT64 prefix (100, <unspecified>/0)
07-24 05:57:56.936  5045  5045 E 🍺[centuryGame]🍺-CGSessionCNContainer: account open
07-24 05:57:56.937  5045  5045 E 🍺[centuryGame]🍺-CGSessionCNContainer: account check session
07-24 05:57:56.938  5045  5045 E 🍺[centuryGame]🍺-CGDataControl: start reportUserId: 89952022
07-24 05:57:56.938  5045  5045 E CGBuglyHelper: bugly reportUserId success89952022
07-24 05:57:56.949  5045  5045 E 🍺[centuryGame]🍺-CGTpushHelper: sendRegistrationToken start
07-24 05:57:56.952  5045  5045 E 🍺[centuryGame]🍺-CGBi [BI_FUN_TAG]:  eventName:self_attribution_event
07-24 05:57:56.957   270   383 V InputDispatcher: Asynchronous input event injection succeeded.
07-24 05:57:56.975   270   300 W DevicePolicyManager: Package com.gof.china (uid=10099, pid=5045) cannot access Device IDs
07-24 05:57:56.975   985  3583 W TelephonyPermissions: reportAccessDeniedToReadIdentifiers:com.gof.china:getDeviceId:isPreinstalled=false:isPrivApp=false
07-24 05:57:56.976  5045  5045 D DeviceUtils: java.lang.SecurityException: getDeviceId: current process has android.permission.READ_PHONE_STATE.
07-24 05:57:56.976  5045  5045 D DeviceUtils: macAddr :02:00:00:00:00:00
07-24 05:57:56.977  5045  5045 D LibStringUtil: isMoreDigitVersion length:3
07-24 05:57:56.977  5045  5045 D LibStringUtil: isMoreDigitVersion:^\d+\.\d+\.\d+$
07-24 05:57:56.977  5045  5045 D LibStringUtil: isMoreDigitVersion test:^\d+\.\d+\.\d+$
07-24 05:57:56.977  5045  5045 E 🍺[centuryGame]🍺-UserOnlineReportHelper: heartBeatHandler 66
07-24 05:57:56.977  5045  5045 E 🍺[centuryGame]🍺-UserOnlineReportHelper: heartBeatHandler USER_ONLINE_REPORT_RUN
07-24 05:57:56.978  5045  5045 D LibStringUtil: isMoreDigitVersion length:3
07-24 05:57:56.978  5045  5045 D LibStringUtil: isMoreDigitVersion:^\d+\.\d+\.\d+$
07-24 05:57:56.978  5045  5045 D LibStringUtil: isMoreDigitVersion test:^\d+\.\d+\.\d+$
07-24 05:57:56.992    77  5823 E ResolverController: No valid NAT64 prefix (100, <unspecified>/0)
07-24 05:57:57.009   184  3786 I rc_model_v2: fps chg from 10 -> 20
07-24 05:57:57.019   985  3583 D PhoneInterfaceManager: [PhoneIntfMgr] isUserDataEnabled: subId=1 phoneId=0
07-24 05:57:57.020   985  3583 D PhoneInterfaceManager: [PhoneIntfMgr] isUserDataEnabled: subId=1 retVal=true
07-24 05:57:57.073    87   976 E jw_gps  : connect to /data/misc/gps/gps_ctrl error:2 No such file or directory
07-24 05:57:57.092    89   233 E drm_hwc2_gralloc: hwc_get_handle_name:cann't get value from gralloc
07-24 05:57:57.092    89   233 E drm_hwc2_gralloc: hwc_get_handle_name:cann't get value from gralloc
07-24 05:57:57.184   985  3583 D PhoneInterfaceManager: [PhoneIntfMgr] isUserDataEnabled: subId=1 phoneId=0
07-24 05:57:57.185   985  3583 D PhoneInterfaceManager: [PhoneIntfMgr] isUserDataEnabled: subId=1 retVal=true
07-24 05:57:57.191   270   383 W InputDispatcher: Asynchronous input event injection failed.
07-24 05:57:57.241  5045  5617 E Parcel  : Reading a NULL string not supported here.
07-24 05:57:57.246  5045  5617 I chatty  : uid=10099(com.gof.china) Thread-116 identical 1 line
07-24 05:57:57.249  5045  5617 E Parcel  : Reading a NULL string not supported here.
07-24 05:57:57.275   184  3786 I rc_model_v2: fps chg from 20 -> 45
07-24 05:57:57.292   184  3785 I vpu_api_legacy: setup encoder rate control config:
07-24 05:57:57.292   184  3785 I vpu_api_legacy: width  608 height 1080 format 10:1000d
07-24 05:57:57.292   184  3785 I vpu_api_legacy: rc_mode CBR qp 26 bps 4000000
07-24 05:57:57.292   184  3785 I vpu_api_legacy: fps in 60 fps out 60 gop 599
07-24 05:57:57.292   184  3785 I vpu_api_legacy: setup encoder stream feature config:
07-24 05:57:57.292   184  3785 I vpu_api_legacy: profile 66 level 31 cabac 0
07-24 05:57:57.292   184  3786 I mpp_enc : mpp_enc_proc_cfg cmd 0x320001
07-24 05:57:57.292   184  3786 I mpp_enc : mpp_enc_proc_rc_cfg change 170025
07-24 05:57:57.292   184  3786 I mpp_enc : mpp_enc_proc_rc_cfg MPP_ENC_RC_CFG_CHANGE_FPS_IN
07-24 05:57:57.292   184  3786 I mpp_enc : MPP_ENC_SET_RC_CFG bps 4000000 [3750000 : 4250000] fps [60:60] gop 599
07-24 05:57:57.292   184  3786 I mpp_enc : send header for set cfg change rc_mode/fps/gop
07-24 05:57:57.292   184  3786 I mpp_enc : set_rc_cfg rc->stats_time 0
07-24 05:57:57.292   184  3786 I mpp_enc : mode cbr bps [3750000:4000000:4250000] fps flex [60/1] -> flex [60/1] gop i [599] v [0]
07-24 05:57:57.292   184  3785 I vpu_api_legacy: vpu_api_set_enc_cfg out
07-24 05:57:57.292   184  3785 I omx_vmpp: setupEncCfg
07-24 05:57:57.292   184  3785 I omx_vmpp: setupFrameRate: framerate 60.00 
07-24 05:57:57.292   184  3785 I omx_vmpp: setupQp: qpInit 26 i 10-51 p 10-49
07-24 05:57:57.292   184  3785 E mpp_cfg : mpp_enc_cfg_set_s32: cfg rc:qp_max_step is invalid
07-24 05:57:57.292   184  3785 E mpp_cfg : mpp_enc_cfg_set_s32: cfg rc:cb_qp_offset is invalid
07-24 05:57:57.292   184  3785 E mpp_cfg : mpp_enc_cfg_set_s32: cfg rc:cr_qp_offset is invalid
07-24 05:57:57.293   184  3786 I mpp_enc : mpp_enc_proc_cfg cmd 0x320001
07-24 05:57:57.293   184  3786 I mpp_enc : mpp_enc_proc_rc_cfg change 170045
07-24 05:57:57.293   184  3786 I mpp_enc : mpp_enc_proc_rc_cfg MPP_ENC_RC_CFG_CHANGE_FPS_OUT
07-24 05:57:57.293   184  3786 I mpp_enc : MPP_ENC_SET_RC_CFG bps 4000000 [250000 : 4250000] fps [60:60] gop 599
07-24 05:57:57.293   184  3786 I mpp_enc : send header for set cfg change rc_mode/fps/gop
07-24 05:57:57.293   184  3786 I mpp_enc : set_rc_cfg rc->stats_time 0
07-24 05:57:57.294   184  3786 I mpp_enc : mode vbr bps [250000:4000000:4250000] fps flex [60/1] -> flex [60/1] gop i [599] v [0]
07-24 05:57:57.294   184  3786 I mpp_enc : xxxxmpp_packet_append
07-24 05:57:57.307  1637  1723 E PlayCommon: [147] adgc.k(175): Failed to connect to server for log upload.
07-24 05:57:57.414   270   383 V InputDispatcher: Asynchronous input event injection succeeded.
07-24 05:57:57.548    77  5830 E ResolverController: No valid NAT64 prefix (100, <unspecified>/0)
07-24 05:57:57.550  5045  5632 E 🍺[centuryGame]🍺-CGThinkinggameHelper: [century game] thinking game onSessionStart
07-24 05:57:57.558   270   383 V InputDispatcher: Asynchronous input event injection succeeded.
07-24 05:57:57.594   184  3786 I rc_model_v2: fps chg from 60 -> 20
07-24 05:57:57.787   270   383 W InputDispatcher: Asynchronous input event injection failed.
07-24 05:57:57.858   184  3786 I rc_model_v2: fps chg from 20 -> 60
07-24 05:57:57.865   270   383 V InputDispatcher: Asynchronous input event injection succeeded.
07-24 05:57:57.991   270   383 V InputDispatcher: Asynchronous input event injection succeeded.
07-24 05:57:58.125   184  3786 I rc_model_v2: fps chg from 60 -> 41
07-24 05:57:58.229   270   383 W InputDispatcher: Asynchronous input event injection failed.
07-24 05:57:58.294   270   383 V InputDispatcher: Asynchronous input event injection succeeded.
07-24 05:57:58.385   270   300 W DevicePolicyManager: Package com.gof.china (uid=10099, pid=5045) cannot access Device IDs
07-24 05:57:58.386   985  3583 W TelephonyPermissions: reportAccessDeniedToReadIdentifiers:com.gof.china:getDeviceId:isPreinstalled=false:isPrivApp=false
07-24 05:57:58.386  5045  5632 D DeviceUtils: java.lang.SecurityException: getDeviceId: current process has android.permission.READ_PHONE_STATE.
07-24 05:57:58.387  5045  5632 D DeviceUtils: macAddr :02:00:00:00:00:00
07-24 05:57:58.387  5045  5632 D LibStringUtil: isMoreDigitVersion length:3
07-24 05:57:58.387  5045  5632 D LibStringUtil: isMoreDigitVersion:^\d+\.\d+\.\d+$
07-24 05:57:58.387  5045  5632 D LibStringUtil: isMoreDigitVersion test:^\d+\.\d+\.\d+$
07-24 05:57:58.413   270   383 V InputDispatcher: Asynchronous input event injection succeeded.
07-24 05:57:58.542    77  5853 E ResolverController: No valid NAT64 prefix (100, <unspecified>/0)
07-24 05:57:58.609   270   383 W InputDispatcher: Asynchronous input event injection failed.
07-24 05:57:58.702   270   383 V InputDispatcher: Asynchronous input event injection succeeded.
07-24 05:57:58.793   184  3786 I rc_model_v2: fps chg from 41 -> 28
07-24 05:57:58.813   270   383 V InputDispatcher: Asynchronous input event injection succeeded.
07-24 05:57:59.013   270   383 W InputDispatcher: Asynchronous input event injection failed.
07-24 05:57:59.093   184  3786 I rc_model_v2: fps chg from 28 -> 10
07-24 05:57:59.118   270   383 V InputDispatcher: Asynchronous input event injection succeeded.
07-24 05:57:59.230   270   383 V InputDispatcher: Asynchronous input event injection succeeded.
07-24 05:57:59.477   270   383 W InputDispatcher: Asynchronous input event injection failed.
07-24 05:57:59.494   184  3785 I vpu_api_legacy: setup encoder rate control config:
07-24 05:57:59.494   184  3785 I vpu_api_legacy: width  608 height 1080 format 10:1000d
07-24 05:57:59.494   184  3785 I vpu_api_legacy: rc_mode CBR qp 26 bps 4000000
07-24 05:57:59.494   184  3785 I vpu_api_legacy: fps in 60 fps out 60 gop 599
07-24 05:57:59.494   184  3785 I vpu_api_legacy: setup encoder stream feature config:
07-24 05:57:59.494   184  3785 I vpu_api_legacy: profile 66 level 31 cabac 0
07-24 05:57:59.494   184  3786 I mpp_enc : mpp_enc_proc_cfg cmd 0x320001
07-24 05:57:59.494   184  3786 I mpp_enc : mpp_enc_proc_rc_cfg change 170025
07-24 05:57:59.494   184  3786 I mpp_enc : mpp_enc_proc_rc_cfg MPP_ENC_RC_CFG_CHANGE_FPS_IN
07-24 05:57:59.494   184  3786 I mpp_enc : MPP_ENC_SET_RC_CFG bps 4000000 [3750000 : 4250000] fps [60:60] gop 599
07-24 05:57:59.494   184  3786 I mpp_enc : send header for set cfg change rc_mode/fps/gop
07-24 05:57:59.494   184  3786 I mpp_enc : set_rc_cfg rc->stats_time 0
07-24 05:57:59.494   184  3785 I vpu_api_legacy: vpu_api_set_enc_cfg out
07-24 05:57:59.494   184  3785 I omx_vmpp: setupEncCfg
07-24 05:57:59.494   184  3785 I omx_vmpp: setupFrameRate: framerate 60.00 
07-24 05:57:59.494   184  3785 I omx_vmpp: setupQp: qpInit 26 i 10-51 p 10-49
07-24 05:57:59.494   184  3786 I mpp_enc : mode cbr bps [3750000:4000000:4250000] fps flex [60/1] -> flex [60/1] gop i [599] v [0]
07-24 05:57:59.494   184  3785 E mpp_cfg : mpp_enc_cfg_set_s32: cfg rc:qp_max_step is invalid
07-24 05:57:59.494   184  3785 E mpp_cfg : mpp_enc_cfg_set_s32: cfg rc:cb_qp_offset is invalid
07-24 05:57:59.494   184  3785 E mpp_cfg : mpp_enc_cfg_set_s32: cfg rc:cr_qp_offset is invalid
07-24 05:57:59.494   184  3786 I mpp_enc : mpp_enc_proc_cfg cmd 0x320001
07-24 05:57:59.494   184  3786 I mpp_enc : mpp_enc_proc_rc_cfg change 170045
07-24 05:57:59.494   184  3786 I mpp_enc : mpp_enc_proc_rc_cfg MPP_ENC_RC_CFG_CHANGE_FPS_OUT
07-24 05:57:59.494   184  3786 I mpp_enc : MPP_ENC_SET_RC_CFG bps 4000000 [250000 : 4250000] fps [60:60] gop 599
07-24 05:57:59.494   184  3786 I mpp_enc : send header for set cfg change rc_mode/fps/gop
07-24 05:57:59.494   184  3786 I mpp_enc : set_rc_cfg rc->stats_time 0
07-24 05:57:59.494   184  3786 I mpp_enc : mode vbr bps [250000:4000000:4250000] fps flex [60/1] -> flex [60/1] gop i [599] v [0]
07-24 05:57:59.494   184  3786 I mpp_enc : xxxxmpp_packet_append
07-24 05:57:59.508   985  3583 D PhoneInterfaceManager: [PhoneIntfMgr] isUserDataEnabled: subId=1 phoneId=0
07-24 05:57:59.508   985  3583 D PhoneInterfaceManager: [PhoneIntfMgr] isUserDataEnabled: subId=1 retVal=true
07-24 05:57:59.542    77  5859 E ResolverController: No valid NAT64 prefix (100, <unspecified>/0)
07-24 05:57:59.585   270   383 V InputDispatcher: Asynchronous input event injection succeeded.
07-24 05:57:59.709   270   383 V InputDispatcher: Asynchronous input event injection succeeded.
07-24 05:57:59.918   270   383 W InputDispatcher: Asynchronous input event injection failed.
07-24 05:58:00.026   184  3786 I rc_model_v2: fps chg from 60 -> 7
07-24 05:58:00.038   270   383 V InputDispatcher: Asynchronous input event injection succeeded.
07-24 05:58:00.173   270   383 V InputDispatcher: Asynchronous input event injection succeeded.
07-24 05:58:00.342   184  3786 I rc_model_v2: fps chg from 7 -> 12
07-24 05:58:00.437   270   383 W InputDispatcher: Asynchronous input event injection failed.
07-24 05:58:00.518   270   383 V InputDispatcher: Asynchronous input event injection succeeded.
07-24 05:58:00.661   270   383 V InputDispatcher: Asynchronous input event injection succeeded.
07-24 05:58:00.878   270   383 W InputDispatcher: Asynchronous input event injection failed.
07-24 05:58:01.012   270   383 V InputDispatcher: Asynchronous input event injection succeeded.
07-24 05:58:01.116  5045  5632 I System.out: ProxyFinder.FindFor - proxy type : DIRECT
07-24 05:58:01.116  5045  5632 I System.out: ProxyFinder.FindFor - No Proxy
07-24 05:58:01.117  5045  5632 I System.out: ProxyFinder.FindFor - proxy type : DIRECT
07-24 05:58:01.117  5045  5632 I System.out: ProxyFinder.FindFor - No Proxy
07-24 05:58:01.133   270   383 V InputDispatcher: Asynchronous input event injection succeeded.
07-24 05:58:01.170    77  5864 E ResolverController: No valid NAT64 prefix (100, <unspecified>/0)
07-24 05:58:01.208   184  3786 I rc_model_v2: fps chg from 12 -> 18
07-24 05:58:01.247  5045  5632 I System.out: ProxyFinder.FindFor - proxy type : DIRECT
07-24 05:58:01.247  5045  5632 I System.out: ProxyFinder.FindFor - No Proxy
07-24 05:58:01.271  5045  5632 I System.out: ProxyFinder.FindFor - proxy type : DIRECT
07-24 05:58:01.271  5045  5632 I System.out: ProxyFinder.FindFor - No Proxy
07-24 05:58:01.345  5045  5632 I System.out: ProxyFinder.FindFor - proxy type : DIRECT
07-24 05:58:01.345  5045  5632 I System.out: ProxyFinder.FindFor - No Proxy
07-24 05:58:01.382  5045  5632 I System.out: ProxyFinder.FindFor - proxy type : DIRECT
07-24 05:58:01.382  5045  5632 I System.out: ProxyFinder.FindFor - No Proxy
07-24 05:58:01.395   270   383 W InputDispatcher: Asynchronous input event injection failed.
07-24 05:58:01.436    94   126 E JWSensorsHal: connect to /data/misc/sensor/sensor_ctrl error:2 No such file or directory
07-24 05:58:01.442  5045  5632 I System.out: ProxyFinder.FindFor - proxy type : DIRECT
07-24 05:58:01.442  5045  5632 I System.out: ProxyFinder.FindFor - No Proxy
07-24 05:58:01.475  5045  5632 I System.out: ProxyFinder.FindFor - proxy type : DIRECT
07-24 05:58:01.475   184  3786 I rc_model_v2: fps chg from 18 -> 56
07-24 05:58:01.475  5045  5632 I System.out: ProxyFinder.FindFor - No Proxy
07-24 05:58:01.477    83   144 E JWAudioHAL: connect to /data/misc/audioserver/audio_out error:2 No such file or directory
07-24 05:58:01.542  5045  5632 I System.out: ProxyFinder.FindFor - proxy type : DIRECT
07-24 05:58:01.542  5045  5632 I System.out: ProxyFinder.FindFor - No Proxy
07-24 05:58:01.577  5045  5632 I System.out: ProxyFinder.FindFor - proxy type : DIRECT
07-24 05:58:01.577  5045  5632 I System.out: ProxyFinder.FindFor - No Proxy
07-24 05:58:01.582   270   383 V InputDispatcher: Asynchronous input event injection succeeded.
07-24 05:58:01.626  5045  5632 I System.out: ProxyFinder.FindFor - proxy type : DIRECT
07-24 05:58:01.626  5045  5632 I System.out: ProxyFinder.FindFor - No Proxy
07-24 05:58:01.659  5045  5632 I System.out: ProxyFinder.FindFor - proxy type : DIRECT
07-24 05:58:01.659  5045  5632 I System.out: ProxyFinder.FindFor - No Proxy
07-24 05:58:01.730   270   383 V InputDispatcher: Asynchronous input event injection succeeded.
07-24 05:58:01.732  5045  5632 I System.out: ProxyFinder.FindFor - proxy type : DIRECT
07-24 05:58:01.732  5045  5632 I System.out: ProxyFinder.FindFor - No Proxy
07-24 05:58:01.746  5045  5632 I System.out: ProxyFinder.FindFor - proxy type : DIRECT
07-24 05:58:01.746  5045  5632 I System.out: ProxyFinder.FindFor - No Proxy
07-24 05:58:01.808  5045  5632 I System.out: ProxyFinder.FindFor - proxy type : DIRECT
07-24 05:58:01.808  5045  5632 I System.out: ProxyFinder.FindFor - No Proxy
07-24 05:58:01.826  5045  5632 I System.out: ProxyFinder.FindFor - proxy type : DIRECT
07-24 05:58:01.826  5045  5632 I System.out: ProxyFinder.FindFor - No Proxy
07-24 05:58:01.876  5045  5632 I System.out: ProxyFinder.FindFor - proxy type : DIRECT
07-24 05:58:01.876  5045  5632 I System.out: ProxyFinder.FindFor - No Proxy
07-24 05:58:01.893  5045  5632 I System.out: ProxyFinder.FindFor - proxy type : DIRECT
07-24 05:58:01.893  5045  5632 I System.out: ProxyFinder.FindFor - No Proxy
07-24 05:58:01.924   184  3785 I vpu_api_legacy: setup encoder rate control config:
07-24 05:58:01.924   184  3785 I vpu_api_legacy: width  608 height 1080 format 10:1000d
07-24 05:58:01.924   184  3785 I vpu_api_legacy: rc_mode CBR qp 26 bps 4000000
07-24 05:58:01.924   184  3785 I vpu_api_legacy: fps in 60 fps out 60 gop 599
07-24 05:58:01.924   184  3785 I vpu_api_legacy: setup encoder stream feature config:
07-24 05:58:01.924   184  3785 I vpu_api_legacy: profile 66 level 31 cabac 0
07-24 05:58:01.924   184  3786 I mpp_enc : mpp_enc_proc_cfg cmd 0x320001
07-24 05:58:01.924   184  3786 I mpp_enc : mpp_enc_proc_rc_cfg change 170025
07-24 05:58:01.924   184  3786 I mpp_enc : mpp_enc_proc_rc_cfg MPP_ENC_RC_CFG_CHANGE_FPS_IN
07-24 05:58:01.924   184  3786 I mpp_enc : MPP_ENC_SET_RC_CFG bps 4000000 [3750000 : 4250000] fps [60:60] gop 599
07-24 05:58:01.924   184  3786 I mpp_enc : send header for set cfg change rc_mode/fps/gop
07-24 05:58:01.924   184  3786 I mpp_enc : set_rc_cfg rc->stats_time 0
07-24 05:58:01.924   184  3786 I mpp_enc : mode cbr bps [3750000:4000000:4250000] fps flex [60/1] -> flex [60/1] gop i [599] v [0]
07-24 05:58:01.924   184  3785 I vpu_api_legacy: vpu_api_set_enc_cfg out
07-24 05:58:01.924   184  3785 I omx_vmpp: setupEncCfg
07-24 05:58:01.924   184  3785 I omx_vmpp: setupFrameRate: framerate 60.00 
07-24 05:58:01.924   184  3785 I omx_vmpp: setupQp: qpInit 26 i 10-51 p 10-49
07-24 05:58:01.924   184  3785 E mpp_cfg : mpp_enc_cfg_set_s32: cfg rc:qp_max_step is invalid
07-24 05:58:01.924   184  3785 E mpp_cfg : mpp_enc_cfg_set_s32: cfg rc:cb_qp_offset is invalid
07-24 05:58:01.924   184  3785 E mpp_cfg : mpp_enc_cfg_set_s32: cfg rc:cr_qp_offset is invalid
07-24 05:58:01.924   184  3786 I mpp_enc : mpp_enc_proc_cfg cmd 0x320001
07-24 05:58:01.924   184  3786 I mpp_enc : mpp_enc_proc_rc_cfg change 170045
07-24 05:58:01.924   184  3786 I mpp_enc : mpp_enc_proc_rc_cfg MPP_ENC_RC_CFG_CHANGE_FPS_OUT
07-24 05:58:01.924   184  3786 I mpp_enc : MPP_ENC_SET_RC_CFG bps 4000000 [250000 : 4250000] fps [60:60] gop 599
07-24 05:58:01.924   184  3786 I mpp_enc : send header for set cfg change rc_mode/fps/gop
07-24 05:58:01.924   184  3786 I mpp_enc : set_rc_cfg rc->stats_time 0
07-24 05:58:01.925   184  3786 I mpp_enc : mode vbr bps [250000:4000000:4250000] fps flex [60/1] -> flex [60/1] gop i [599] v [0]
07-24 05:58:01.925   184  3786 I mpp_enc : xxxxmpp_packet_append
07-24 05:58:01.942  5045  5632 I System.out: ProxyFinder.FindFor - proxy type : DIRECT
07-24 05:58:01.942  5045  5632 I System.out: ProxyFinder.FindFor - No Proxy
07-24 05:58:01.959  5045  5632 I System.out: ProxyFinder.FindFor - proxy type : DIRECT
07-24 05:58:01.959  5045  5632 I System.out: ProxyFinder.FindFor - No Proxy
07-24 05:58:01.996   270   383 W InputDispatcher: Asynchronous input event injection failed.
07-24 05:58:02.011  5045  5632 I System.out: ProxyFinder.FindFor - proxy type : DIRECT
07-24 05:58:02.011  5045  5632 I System.out: ProxyFinder.FindFor - No Proxy
07-24 05:58:02.028  5045  5632 I System.out: ProxyFinder.FindFor - proxy type : DIRECT
07-24 05:58:02.028  5045  5632 I System.out: ProxyFinder.FindFor - No Proxy
07-24 05:58:02.074    87   976 E jw_gps  : connect to /data/misc/gps/gps_ctrl error:2 No such file or directory
07-24 05:58:02.077  5045  5632 I System.out: ProxyFinder.FindFor - proxy type : DIRECT
07-24 05:58:02.077  5045  5632 I System.out: ProxyFinder.FindFor - No Proxy
07-24 05:58:02.113   270   383 V InputDispatcher: Asynchronous input event injection succeeded.
07-24 05:58:02.175   184  3786 I rc_model_v2: fps chg from 60 -> 104
07-24 05:58:02.193  5045  5632 I System.out: ProxyFinder.FindFor - proxy type : DIRECT
07-24 05:58:02.193  5045  5632 I System.out: ProxyFinder.FindFor - No Proxy
07-24 05:58:02.242  5045  5632 I System.out: ProxyFinder.FindFor - proxy type : DIRECT
07-24 05:58:02.242  5045  5632 I System.out: ProxyFinder.FindFor - No Proxy
07-24 05:58:02.259  5045  5632 I System.out: ProxyFinder.FindFor - proxy type : DIRECT
07-24 05:58:02.259  5045  5632 I System.out: ProxyFinder.FindFor - No Proxy
07-24 05:58:02.262   270   383 V InputDispatcher: Asynchronous input event injection succeeded.
07-24 05:58:02.310  5045  5632 I System.out: ProxyFinder.FindFor - proxy type : DIRECT
07-24 05:58:02.310  5045  5632 I System.out: ProxyFinder.FindFor - No Proxy
07-24 05:58:02.395  5045  5632 I System.out: ProxyFinder.FindFor - proxy type : DIRECT
07-24 05:58:02.395  5045  5632 I System.out: ProxyFinder.FindFor - No Proxy
07-24 05:58:02.425   184  3786 I rc_model_v2: fps chg from 104 -> 60
07-24 05:58:02.427  5045  5632 I System.out: ProxyFinder.FindFor - proxy type : DIRECT
07-24 05:58:02.427  5045  5632 I System.out: ProxyFinder.FindFor - No Proxy
07-24 05:58:02.477  5045  5632 I System.out: ProxyFinder.FindFor - proxy type : DIRECT
07-24 05:58:02.477  5045  5632 I System.out: ProxyFinder.FindFor - No Proxy
07-24 05:58:02.494  5045  5632 I System.out: ProxyFinder.FindFor - proxy type : DIRECT
07-24 05:58:02.495  5045  5632 I System.out: ProxyFinder.FindFor - No Proxy
07-24 05:58:02.642  5045  5632 I System.out: ProxyFinder.FindFor - proxy type : DIRECT
07-24 05:58:02.642  5045  5632 I System.out: ProxyFinder.FindFor - No Proxy
07-24 05:58:02.646   270   383 W InputDispatcher: Asynchronous input event injection failed.
07-24 05:58:02.693  5045  5632 I System.out: ProxyFinder.FindFor - proxy type : DIRECT
07-24 05:58:02.693  5045  5632 I System.out: ProxyFinder.FindFor - No Proxy
07-24 05:58:02.700    77  5865 E ResolverController: No valid NAT64 prefix (100, <unspecified>/0)
07-24 05:58:02.709  5045  5632 I System.out: ProxyFinder.FindFor - proxy type : DIRECT
07-24 05:58:02.709  5045  5632 I System.out: ProxyFinder.FindFor - No Proxy
07-24 05:58:02.759  5045  5632 I System.out: ProxyFinder.FindFor - proxy type : DIRECT
07-24 05:58:02.759  5045  5632 I System.out: ProxyFinder.FindFor - No Proxy
07-24 05:58:02.777  5045  5632 I System.out: ProxyFinder.FindFor - proxy type : DIRECT
07-24 05:58:02.777  5045  5632 I System.out: ProxyFinder.FindFor - No Proxy
07-24 05:58:02.781   270   383 V InputDispatcher: Asynchronous input event injection succeeded.
07-24 05:58:02.844  5045  5632 I System.out: ProxyFinder.FindFor - proxy type : DIRECT
07-24 05:58:02.844  5045  5632 I System.out: ProxyFinder.FindFor - No Proxy
07-24 05:58:02.845  5045  5632 I System.out: ProxyFinder.FindFor - proxy type : DIRECT
07-24 05:58:02.845  5045  5632 I System.out: ProxyFinder.FindFor - No Proxy
07-24 05:58:02.897   270   383 V InputDispatcher: Asynchronous input event injection succeeded.
07-24 05:58:02.912  5045  5632 I System.out: ProxyFinder.FindFor - proxy type : DIRECT
07-24 05:58:02.912  5045  5632 I System.out: ProxyFinder.FindFor - No Proxy
07-24 05:58:02.912  5045  5632 I System.out: ProxyFinder.FindFor - proxy type : DIRECT
07-24 05:58:02.912  5045  5632 I System.out: ProxyFinder.FindFor - No Proxy
07-24 05:58:02.925   184  3785 I vpu_api_legacy: setup encoder rate control config:
07-24 05:58:02.926   184  3785 I vpu_api_legacy: width  608 height 1080 format 10:1000d
07-24 05:58:02.926   184  3785 I vpu_api_legacy: rc_mode CBR qp 26 bps 4000000
07-24 05:58:02.926   184  3785 I vpu_api_legacy: fps in 60 fps out 60 gop 599
07-24 05:58:02.926   184  3785 I vpu_api_legacy: setup encoder stream feature config:
07-24 05:58:02.926   184  3785 I vpu_api_legacy: profile 66 level 31 cabac 0
07-24 05:58:02.926   184  3786 I mpp_enc : mpp_enc_proc_cfg cmd 0x320001
07-24 05:58:02.926   184  3786 I mpp_enc : mpp_enc_proc_rc_cfg change 170025
07-24 05:58:02.926   184  3786 I mpp_enc : mpp_enc_proc_rc_cfg MPP_ENC_RC_CFG_CHANGE_FPS_IN
07-24 05:58:02.926   184  3786 I mpp_enc : MPP_ENC_SET_RC_CFG bps 4000000 [3750000 : 4250000] fps [60:60] gop 599
07-24 05:58:02.926   184  3786 I mpp_enc : send header for set cfg change rc_mode/fps/gop
07-24 05:58:02.926   184  3786 I mpp_enc : set_rc_cfg rc->stats_time 0
07-24 05:58:02.926   184  3786 I mpp_enc : mode cbr bps [3750000:4000000:4250000] fps flex [60/1] -> flex [60/1] gop i [599] v [0]
07-24 05:58:02.927   184  3785 I vpu_api_legacy: vpu_api_set_enc_cfg out
07-24 05:58:02.927   184  3785 I omx_vmpp: setupEncCfg
07-24 05:58:02.927   184  3785 I omx_vmpp: setupFrameRate: framerate 60.00 
07-24 05:58:02.927   184  3785 I omx_vmpp: setupQp: qpInit 26 i 10-51 p 10-49
07-24 05:58:02.927   184  3785 E mpp_cfg : mpp_enc_cfg_set_s32: cfg rc:qp_max_step is invalid
07-24 05:58:02.927   184  3785 E mpp_cfg : mpp_enc_cfg_set_s32: cfg rc:cb_qp_offset is invalid
07-24 05:58:02.927   184  3785 E mpp_cfg : mpp_enc_cfg_set_s32: cfg rc:cr_qp_offset is invalid
07-24 05:58:02.927   184  3786 I mpp_enc : mpp_enc_proc_cfg cmd 0x320001
07-24 05:58:02.927   184  3786 I mpp_enc : mpp_enc_proc_rc_cfg change 170045
07-24 05:58:02.927   184  3786 I mpp_enc : mpp_enc_proc_rc_cfg MPP_ENC_RC_CFG_CHANGE_FPS_OUT
07-24 05:58:02.927   184  3786 I mpp_enc : MPP_ENC_SET_RC_CFG bps 4000000 [250000 : 4250000] fps [60:60] gop 599
07-24 05:58:02.927   184  3786 I mpp_enc : send header for set cfg change rc_mode/fps/gop
07-24 05:58:02.927   184  3786 I mpp_enc : set_rc_cfg rc->stats_time 0
07-24 05:58:02.927   184  3786 I mpp_enc : mode vbr bps [250000:4000000:4250000] fps flex [60/1] -> flex [60/1] gop i [599] v [0]
07-24 05:58:02.927   184  3786 I mpp_enc : xxxxmpp_packet_append
07-24 05:58:02.978  5045  5632 I System.out: ProxyFinder.FindFor - proxy type : DIRECT
07-24 05:58:02.978  5045  5632 I System.out: ProxyFinder.FindFor - No Proxy
07-24 05:58:03.043  5045  5632 I System.out: ProxyFinder.FindFor - proxy type : DIRECT
07-24 05:58:03.043  5045  5632 I System.out: ProxyFinder.FindFor - No Proxy
07-24 05:58:03.093  5045  5632 I System.out: ProxyFinder.FindFor - proxy type : DIRECT
07-24 05:58:03.093  5045  5632 I System.out: ProxyFinder.FindFor - No Proxy
07-24 05:58:03.113   270   383 W InputDispatcher: Asynchronous input event injection failed.
07-24 05:58:03.159  5045  5632 I System.out: ProxyFinder.FindFor - proxy type : DIRECT
07-24 05:58:03.159  5045  5632 I System.out: ProxyFinder.FindFor - No Proxy
07-24 05:58:03.192   184  3786 I rc_model_v2: fps chg from 60 -> 113
07-24 05:58:03.199   270   383 V InputDispatcher: Asynchronous input event injection succeeded.
07-24 05:58:03.211  5045  5632 I System.out: ProxyFinder.FindFor - proxy type : DIRECT
07-24 05:58:03.211  5045  5632 I System.out: ProxyFinder.FindFor - No Proxy
07-24 05:58:03.226  5045  5632 I System.out: ProxyFinder.FindFor - proxy type : DIRECT
07-24 05:58:03.226  5045  5632 I System.out: ProxyFinder.FindFor - No Proxy
07-24 05:58:03.295  5045  5632 I System.out: ProxyFinder.FindFor - proxy type : DIRECT
07-24 05:58:03.295  5045  5632 I System.out: ProxyFinder.FindFor - No Proxy
07-24 05:58:03.314   270   383 V InputDispatcher: Asynchronous input event injection succeeded.
07-24 05:58:03.343  5045  5632 I System.out: ProxyFinder.FindFor - proxy type : DIRECT
07-24 05:58:03.343  5045  5632 I System.out: ProxyFinder.FindFor - No Proxy
07-24 05:58:03.376  5045  5632 I System.out: ProxyFinder.FindFor - proxy type : DIRECT
07-24 05:58:03.376  5045  5632 I System.out: ProxyFinder.FindFor - No Proxy
07-24 05:58:03.459   184  3786 I rc_model_v2: fps chg from 113 -> 59
07-24 05:58:03.463  5045  5632 I System.out: ProxyFinder.FindFor - proxy type : DIRECT
07-24 05:58:03.463  5045  5632 I System.out: ProxyFinder.FindFor - No Proxy
07-24 05:58:03.476  5045  5632 I System.out: ProxyFinder.FindFor - proxy type : DIRECT
07-24 05:58:03.476  5045  5632 I System.out: ProxyFinder.FindFor - No Proxy
07-24 05:58:03.501   270   383 W InputDispatcher: Asynchronous input event injection failed.
07-24 05:58:03.545  5045  5632 I System.out: ProxyFinder.FindFor - proxy type : DIRECT
07-24 05:58:03.545  5045  5632 I System.out: ProxyFinder.FindFor - No Proxy
07-24 05:58:03.546  5045  5632 I System.out: ProxyFinder.FindFor - proxy type : DIRECT
07-24 05:58:03.546  5045  5632 I System.out: ProxyFinder.FindFor - No Proxy
07-24 05:58:03.627  5045  5632 I System.out: ProxyFinder.FindFor - proxy type : DIRECT
07-24 05:58:03.627  5045  5632 I System.out: ProxyFinder.FindFor - No Proxy
07-24 05:58:03.642  5045  5632 I System.out: ProxyFinder.FindFor - proxy type : DIRECT
07-24 05:58:03.643  5045  5632 I System.out: ProxyFinder.FindFor - No Proxy
07-24 05:58:03.649   270   383 V InputDispatcher: Asynchronous input event injection succeeded.
07-24 05:58:03.757   270   383 V InputDispatcher: Asynchronous input event injection succeeded.
07-24 05:58:03.831  5045  5632 I System.out: ProxyFinder.FindFor - proxy type : DIRECT
07-24 05:58:03.831  5045  5632 I System.out: ProxyFinder.FindFor - No Proxy
07-24 05:58:03.831  5045  5632 I System.out: ProxyFinder.FindFor - proxy type : DIRECT
07-24 05:58:03.831  5045  5632 I System.out: ProxyFinder.FindFor - No Proxy
07-24 05:58:03.911  5045  5632 I System.out: ProxyFinder.FindFor - proxy type : DIRECT
07-24 05:58:03.911  5045  5632 I System.out: ProxyFinder.FindFor - No Proxy
07-24 05:58:03.911  5045  5632 I System.out: ProxyFinder.FindFor - proxy type : DIRECT
07-24 05:58:03.911  5045  5632 I System.out: ProxyFinder.FindFor - No Proxy
07-24 05:58:03.925   184  3785 I vpu_api_legacy: setup encoder rate control config:
07-24 05:58:03.926   184  3785 I vpu_api_legacy: width  608 height 1080 format 10:1000d
07-24 05:58:03.926   184  3785 I vpu_api_legacy: rc_mode CBR qp 26 bps 4000000
07-24 05:58:03.926   184  3785 I vpu_api_legacy: fps in 60 fps out 60 gop 599
07-24 05:58:03.926   184  3785 I vpu_api_legacy: setup encoder stream feature config:
07-24 05:58:03.926   184  3785 I vpu_api_legacy: profile 66 level 31 cabac 0
07-24 05:58:03.926   184  3786 I mpp_enc : mpp_enc_proc_cfg cmd 0x320001
07-24 05:58:03.926   184  3786 I mpp_enc : mpp_enc_proc_rc_cfg change 170025
07-24 05:58:03.926   184  3786 I mpp_enc : mpp_enc_proc_rc_cfg MPP_ENC_RC_CFG_CHANGE_FPS_IN
07-24 05:58:03.926   184  3786 I mpp_enc : MPP_ENC_SET_RC_CFG bps 4000000 [3750000 : 4250000] fps [60:60] gop 599
07-24 05:58:03.926   184  3786 I mpp_enc : send header for set cfg change rc_mode/fps/gop
07-24 05:58:03.926   184  3786 I mpp_enc : set_rc_cfg rc->stats_time 0
07-24 05:58:03.926   184  3786 I mpp_enc : mode cbr bps [3750000:4000000:4250000] fps flex [60/1] -> flex [60/1] gop i [599] v [0]
07-24 05:58:03.926   184  3785 I vpu_api_legacy: vpu_api_set_enc_cfg out
07-24 05:58:03.926   184  3785 I omx_vmpp: setupEncCfg
07-24 05:58:03.926   184  3785 I omx_vmpp: setupFrameRate: framerate 60.00 
07-24 05:58:03.926   184  3785 I omx_vmpp: setupQp: qpInit 26 i 10-51 p 10-49
07-24 05:58:03.926   184  3785 E mpp_cfg : mpp_enc_cfg_set_s32: cfg rc:qp_max_step is invalid
07-24 05:58:03.926   184  3785 E mpp_cfg : mpp_enc_cfg_set_s32: cfg rc:cb_qp_offset is invalid
07-24 05:58:03.926   184  3785 E mpp_cfg : mpp_enc_cfg_set_s32: cfg rc:cr_qp_offset is invalid
07-24 05:58:03.926   184  3786 I mpp_enc : mpp_enc_proc_cfg cmd 0x320001
07-24 05:58:03.926   184  3786 I mpp_enc : mpp_enc_proc_rc_cfg change 170045
07-24 05:58:03.926   184  3786 I mpp_enc : mpp_enc_proc_rc_cfg MPP_ENC_RC_CFG_CHANGE_FPS_OUT
07-24 05:58:03.926   184  3786 I mpp_enc : MPP_ENC_SET_RC_CFG bps 4000000 [250000 : 4250000] fps [60:60] gop 599
07-24 05:58:03.926   184  3786 I mpp_enc : send header for set cfg change rc_mode/fps/gop
07-24 05:58:03.926   184  3786 I mpp_enc : set_rc_cfg rc->stats_time 0
07-24 05:58:03.926   184  3786 I mpp_enc : mode vbr bps [250000:4000000:4250000] fps flex [60/1] -> flex [60/1] gop i [599] v [0]
07-24 05:58:03.927   184  3786 I mpp_enc : xxxxmpp_packet_append
07-24 05:58:03.980  5045  5632 I System.out: ProxyFinder.FindFor - proxy type : DIRECT
07-24 05:58:03.980  5045  5632 I System.out: ProxyFinder.FindFor - No Proxy
07-24 05:58:03.980  5045  5632 I System.out: ProxyFinder.FindFor - proxy type : DIRECT
07-24 05:58:03.980  5045  5632 I System.out: ProxyFinder.FindFor - No Proxy
07-24 05:58:03.982   270   383 W InputDispatcher: Asynchronous input event injection failed.
07-24 05:58:04.044  5045  5632 I System.out: ProxyFinder.FindFor - proxy type : DIRECT
07-24 05:58:04.044  5045  5632 I System.out: ProxyFinder.FindFor - No Proxy
07-24 05:58:04.045  5045  5632 I System.out: ProxyFinder.FindFor - proxy type : DIRECT
07-24 05:58:04.045  5045  5632 I System.out: ProxyFinder.FindFor - No Proxy
07-24 05:58:04.111  5045  5632 I System.out: ProxyFinder.FindFor - proxy type : DIRECT
07-24 05:58:04.111  5045  5632 I System.out: ProxyFinder.FindFor - No Proxy
07-24 05:58:04.111  5045  5632 I System.out: ProxyFinder.FindFor - proxy type : DIRECT
07-24 05:58:04.111  5045  5632 I System.out: ProxyFinder.FindFor - No Proxy
07-24 05:58:04.150   270   383 V InputDispatcher: Asynchronous input event injection succeeded.
07-24 05:58:04.193   184  3786 I rc_model_v2: fps chg from 60 -> 105
07-24 05:58:04.194  5045  5632 I System.out: ProxyFinder.FindFor - proxy type : DIRECT
07-24 05:58:04.194  5045  5632 I System.out: ProxyFinder.FindFor - No Proxy
07-24 05:58:04.211  5045  5632 I System.out: ProxyFinder.FindFor - proxy type : DIRECT
07-24 05:58:04.211  5045  5632 I System.out: ProxyFinder.FindFor - No Proxy
07-24 05:58:04.219   270   316 E memtrack: Couldn't load memtrack module
07-24 05:58:04.219   270   316 W android.os.Debug: failed to get memory consumption info: -1
07-24 05:58:04.228  1191  1978 E Parcel  : Reading a NULL string not supported here.
07-24 05:58:04.255  1191  1978 I chatty  : uid=10043(com.google.android.gms) netscheduler-qu identical 6 lines
07-24 05:58:04.261  1191  1978 E Parcel  : Reading a NULL string not supported here.
07-24 05:58:04.270  1237  4681 I GCM-GMS : Registering GMS 745476177629
07-24 05:58:04.271  1191  5875 I NetworkScheduler.Stats: (REDACTED) Task %s/%s started execution. cause:%s exec_start_elapsed_seconds: %s
07-24 05:58:04.276  5045  5632 I System.out: ProxyFinder.FindFor - proxy type : DIRECT
07-24 05:58:04.276  5045  5632 I System.out: ProxyFinder.FindFor - No Proxy
07-24 05:58:04.280  1191  5875 E GCM     : Missing checkin config file
07-24 05:58:04.280  1191  5875 W GCM     : GCM FAILED TO INITIALIZE - missing checkin
07-24 05:58:04.281   270   383 V InputDispatcher: Asynchronous input event injection succeeded.
07-24 05:58:04.282  1237  4681 W GCM-GMS : Failed to get registration: java.io.IOException: AUTHENTICATION_FAILED
07-24 05:58:04.284  1191  5405 I NetworkScheduler.Stats: (REDACTED) Task %s/%s finished executing. cause:%s result: %s elapsed_millis: %s uptime_millis: %s exec_start_elapsed_seconds: %s
07-24 05:58:04.294  5045  5632 I System.out: ProxyFinder.FindFor - proxy type : DIRECT
07-24 05:58:04.294  5045  5632 I System.out: ProxyFinder.FindFor - No Proxy
07-24 05:58:04.302  1191  1978 E Parcel  : Reading a NULL string not supported here.
07-24 05:58:04.320  1191  1978 I chatty  : uid=10043(com.google.android.gms) netscheduler-qu identical 6 lines
07-24 05:58:04.322  1191  1978 E Parcel  : Reading a NULL string not supported here.
07-24 05:58:04.325   270   316 E memtrack: Couldn't load memtrack module
07-24 05:58:04.325   270   316 W android.os.Debug: failed to get memory consumption info: -1
07-24 05:58:04.329  1191  5875 I NetworkScheduler.Stats: (REDACTED) Task %s/%s started execution. cause:%s exec_start_elapsed_seconds: %s
07-24 05:58:04.335  1237  5184 I GCM-GMS : Registering GMS for direct boot.
07-24 05:58:04.339   270   316 E memtrack: Couldn't load memtrack module
07-24 05:58:04.339   270   316 W android.os.Debug: failed to get memory consumption info: -1
07-24 05:58:04.349  1191  5875 E GCM     : Missing checkin config file
07-24 05:58:04.349   270   316 E memtrack: Couldn't load memtrack module
07-24 05:58:04.349   270   316 W android.os.Debug: failed to get memory consumption info: -1
07-24 05:58:04.349  1191  5875 W GCM     : GCM FAILED TO INITIALIZE - missing checkin
07-24 05:58:04.350  5045  5632 I System.out: ProxyFinder.FindFor - proxy type : DIRECT
07-24 05:58:04.350  5045  5632 I System.out: ProxyFinder.FindFor - No Proxy
07-24 05:58:04.352  1237  5184 W GCM-GMS : Failed to get direct boot token: java.io.IOException: AUTHENTICATION_FAILED
07-24 05:58:04.359  1191  5405 I NetworkScheduler.Stats: (REDACTED) Task %s/%s finished executing. cause:%s result: %s elapsed_millis: %s uptime_millis: %s exec_start_elapsed_seconds: %s
07-24 05:58:04.393  5045  5632 I System.out: ProxyFinder.FindFor - proxy type : DIRECT
07-24 05:58:04.393  5045  5632 I System.out: ProxyFinder.FindFor - No Proxy
07-24 05:58:04.458   184  3786 I rc_model_v2: fps chg from 105 -> 60
07-24 05:58:04.480  5045  5632 I System.out: ProxyFinder.FindFor - proxy type : DIRECT
07-24 05:58:04.480  5045  5632 I System.out: ProxyFinder.FindFor - No Proxy
07-24 05:58:04.480  5045  5632 I System.out: ProxyFinder.FindFor - proxy type : DIRECT
07-24 05:58:04.480  5045  5632 I System.out: ProxyFinder.FindFor - No Proxy
07-24 05:58:04.546  5045  5632 I System.out: ProxyFinder.FindFor - proxy type : DIRECT
07-24 05:58:04.546  5045  5632 I System.out: ProxyFinder.FindFor - No Proxy
07-24 05:58:04.546  5045  5632 I System.out: ProxyFinder.FindFor - proxy type : DIRECT
07-24 05:58:04.546  5045  5632 I System.out: ProxyFinder.FindFor - No Proxy
07-24 05:58:04.566   270   383 W InputDispatcher: Asynchronous input event injection failed.
07-24 05:58:04.612  5045  5632 I System.out: ProxyFinder.FindFor - proxy type : DIRECT
07-24 05:58:04.612  5045  5632 I System.out: ProxyFinder.FindFor - No Proxy
07-24 05:58:04.612  5045  5632 I System.out: ProxyFinder.FindFor - proxy type : DIRECT
07-24 05:58:04.612  5045  5632 I System.out: ProxyFinder.FindFor - No Proxy
07-24 05:58:04.693  5045  5632 I System.out: ProxyFinder.FindFor - proxy type : DIRECT
07-24 05:58:04.693  5045  5632 I System.out: ProxyFinder.FindFor - No Proxy
07-24 05:58:04.704   985   999 W System  : A resource failed to call close. 
07-24 05:58:04.783   270   383 V InputDispatcher: Asynchronous input event injection succeeded.
07-24 05:58:04.793  5045  5632 I System.out: ProxyFinder.FindFor - proxy type : DIRECT
07-24 05:58:04.793  5045  5632 I System.out: ProxyFinder.FindFor - No Proxy
07-24 05:58:04.810  5045  5632 I System.out: ProxyFinder.FindFor - proxy type : DIRECT
07-24 05:58:04.810  5045  5632 I System.out: ProxyFinder.FindFor - No Proxy
07-24 05:58:04.916   270   383 V InputDispatcher: Asynchronous input event injection succeeded.
07-24 05:58:04.925   184  3785 I vpu_api_legacy: setup encoder rate control config:
07-24 05:58:04.925   184  3785 I vpu_api_legacy: width  608 height 1080 format 10:1000d
07-24 05:58:04.925   184  3785 I vpu_api_legacy: rc_mode CBR qp 26 bps 4000000
07-24 05:58:04.925   184  3785 I vpu_api_legacy: fps in 60 fps out 60 gop 599
07-24 05:58:04.925   184  3785 I vpu_api_legacy: setup encoder stream feature config:
07-24 05:58:04.925   184  3785 I vpu_api_legacy: profile 66 level 31 cabac 0
07-24 05:58:04.926   184  3786 I mpp_enc : mpp_enc_proc_cfg cmd 0x320001
07-24 05:58:04.926   184  3786 I mpp_enc : mpp_enc_proc_rc_cfg change 170025
07-24 05:58:04.926   184  3786 I mpp_enc : mpp_enc_proc_rc_cfg MPP_ENC_RC_CFG_CHANGE_FPS_IN
07-24 05:58:04.926   184  3786 I mpp_enc : MPP_ENC_SET_RC_CFG bps 4000000 [3750000 : 4250000] fps [60:60] gop 599
07-24 05:58:04.926   184  3786 I mpp_enc : send header for set cfg change rc_mode/fps/gop
07-24 05:58:04.926   184  3786 I mpp_enc : set_rc_cfg rc->stats_time 0
07-24 05:58:04.926   184  3786 I mpp_enc : mode cbr bps [3750000:4000000:4250000] fps flex [60/1] -> flex [60/1] gop i [599] v [0]
07-24 05:58:04.926   184  3785 I vpu_api_legacy: vpu_api_set_enc_cfg out
07-24 05:58:04.926   184  3785 I omx_vmpp: setupEncCfg
07-24 05:58:04.926   184  3785 I omx_vmpp: setupFrameRate: framerate 60.00 
07-24 05:58:04.926   184  3785 I omx_vmpp: setupQp: qpInit 26 i 10-51 p 10-49
